C:\Program Files\dotnet\sdk\9.0.313\MSBuild.dll -nologo -consoleloggerparameters:Summary -distributedlogger:Microsoft.DotNet.Tools.MSBuild.MSBuildLogger,C:\Program Files\dotnet\sdk\9.0.313\dotnet.dll*Microsoft.DotNet.Tools.MSBuild.MSBuildForwardingLogger,C:\Program Files\dotnet\sdk\9.0.313\dotnet.dll -maxcpucount -restore -tlp:default=auto -verbosity:m -verbosity:diag hng-genderizeApp.sln
Build started 4/17/2026 7:19:15 AM.
Environment at start of build:
DOTNET_HOST_PATH = C:\Program Files\dotnet\dotnet.exe
MSBuildLoadMicrosoftTargetsReadOnly = true
MSBUILDUSESERVER = 0
MSBuildSDKsPath = C:\Program Files\dotnet\sdk\9.0.313\Sdks
MSBUILDFAILONDRIVEENUMERATINGWILDCARD = 1
DOTNET_CLI_TELEMETRY_SESSIONID = 907904c5-56e8-46a6-b934-1bfaf57f6010
MSBuildExtensionsPath = C:\Program Files\dotnet\sdk\9.0.313\

07:19:15.423     0>Terminal Logger was not used because the output is being redirected to a file.
                   Process = "C:\Program Files\dotnet\dotnet.exe"
                   MSBuild executable path = "C:\Program Files\dotnet\sdk\9.0.313\MSBuild.dll"
                   Command line arguments = "C:\Program Files\dotnet\sdk\9.0.313\MSBuild.dll -maxcpucount -verbosity:m -tlp:default=auto -nologo -restore -consoleloggerparameters:Summary -verbosity:diag hng-genderizeApp.sln -distributedlogger:Microsoft.DotNet.Tools.MSBuild.MSBuildLogger,C:\Program Files\dotnet\sdk\9.0.313\dotnet.dll*Microsoft.DotNet.Tools.MSBuild.MSBuildForwardingLogger,C:\Program Files\dotnet\sdk\9.0.313\dotnet.dll"
                   Current directory = "C:\Users\frank.io\source\repos\hng-genderizeApp"
                   MSBuild version = "17.14.43+2a0eb78b3"
                   Based on the Windows registry key LongPathsEnabled, the LongPaths feature is enabled.
                   Based on the Windows registry key VerifiedAndReputablePolicyState, SAC state = 0: turned off.
                   C:\Users\frank.io\source\repos\hng-genderizeApp\hng-genderizeApp.sln.metaproj : message : Property 'MSBuildExtensionsPath' with value 'C:\Program Files\dotnet\sdk\9.0.313\' expanded from the environment.
                   Assembly loaded during Evaluation: System.Threading.Tasks.Parallel, Version=9.0.0.0, Culture=neutral, PublicKeyToken=b03f5f7f11d50a3a (location: C:\Program Files\dotnet\shared\Microsoft.NETCore.App\9.0.15\System.Threading.Tasks.Parallel.dll, MVID: ab32cf92-a357-475c-bca2-050ef14d9c0f, AssemblyLoadContext: Default)
                   C:\Program Files\dotnet\sdk\9.0.313\NuGet.targets(104,5): message : Property reassignment: $(_GenerateRestoreGraphProjectEntryInputProperties)="
                   C:\Program Files\dotnet\sdk\9.0.313\NuGet.targets(104,5): message :       ExcludeRestorePackageImports=true;
                   C:\Program Files\dotnet\sdk\9.0.313\NuGet.targets(104,5): message :       _RestoreSolutionFileUsed=true;
                   C:\Program Files\dotnet\sdk\9.0.313\NuGet.targets(104,5): message :       SolutionDir=C:\Users\frank.io\source\repos\hng-genderizeApp\;
                   C:\Program Files\dotnet\sdk\9.0.313\NuGet.targets(104,5): message :       SolutionName=hng-genderizeApp;
                   C:\Program Files\dotnet\sdk\9.0.313\NuGet.targets(104,5): message :       SolutionFileName=hng-genderizeApp.sln;
                   C:\Program Files\dotnet\sdk\9.0.313\NuGet.targets(104,5): message :       SolutionPath=C:\Users\frank.io\source\repos\hng-genderizeApp\hng-genderizeApp.sln;
                   C:\Program Files\dotnet\sdk\9.0.313\NuGet.targets(104,5): message :       SolutionExt=.sln;
                   C:\Program Files\dotnet\sdk\9.0.313\NuGet.targets(104,5): message :     " (previous value: "ExcludeRestorePackageImports=true") at C:\Program Files\dotnet\sdk\9.0.313\NuGet.targets (104,5)
                   Assembly loaded during Evaluation: System.Numerics.Vectors, Version=9.0.0.0, Culture=neutral, PublicKeyToken=b03f5f7f11d50a3a (location: C:\Program Files\dotnet\shared\Microsoft.NETCore.App\9.0.15\System.Numerics.Vectors.dll, MVID: 47e4710e-5a46-4eb1-8ae7-ddb53919e3d6, AssemblyLoadContext: Default)
                   Overriding target "Restore" in project "C:\Users\frank.io\source\repos\hng-genderizeApp\hng-genderizeApp.sln.metaproj" with target "Restore" from project "C:\Program Files\dotnet\sdk\9.0.313\NuGet.targets".
                   The target "Store" listed in a BeforeTargets attribute at "C:\Program Files\dotnet\sdk\9.0.313\Current\SolutionFile\ImportAfter\Microsoft.NET.Sdk.Solution.targets (33,11)" does not exist in the project, and will be ignored.
                   The target "VSTest" listed in a BeforeTargets attribute at "C:\Program Files\dotnet\sdk\9.0.313\Current\SolutionFile\ImportAfter\Microsoft.NET.Sdk.Solution.targets (33,11)" does not exist in the project, and will be ignored.
                   The target "_CheckForInvalidConfigurationAndPlatform" listed in a BeforeTargets attribute at "C:\Program Files\dotnet\sdk\9.0.313\NuGet.targets (703,11)" does not exist in the project, and will be ignored.
07:19:15.575     0>Initial Properties:
                   _DirectorySolutionPropsBasePath = 
                   _DirectorySolutionPropsFile = Directory.Solution.props
                   _DirectorySolutionTargetsBasePath = 
                   _DirectorySolutionTargetsFile = Directory.Solution.targets
                   _GenerateRestoreGraphProjectEntryInputProperties = 
                         ExcludeRestorePackageImports=true;
                         _RestoreSolutionFileUsed=true;
                         SolutionDir=C:\Users\frank.io\source\repos\hng-genderizeApp\;
                         SolutionName=hng-genderizeApp;
                         SolutionFileName=hng-genderizeApp.sln;
                         SolutionPath=C:\Users\frank.io\source\repos\hng-genderizeApp\hng-genderizeApp.sln;
                         SolutionExt=.sln;
                       
                   _RestoreSolutionFileUsed = true
                   AspNetConfiguration = Debug
                   Configuration = Debug
                   CurrentSolutionConfigurationContents = <SolutionConfiguration>
                     <ProjectConfiguration Project="{FE09038D-F3DF-4089-BD49-7727437E5C4E}" AbsolutePath="C:\Users\frank.io\source\repos\hng-genderizeApp\hng-genderizeApp\hng-genderizeApp.csproj" BuildProjectInSolution="True">Debug|AnyCPU</ProjectConfiguration>
                     <ProjectConfiguration Project="{813D5BA8-57A5-45ED-99F5-61D50481F7E8}" AbsolutePath="C:\Users\frank.io\source\repos\hng-genderizeApp\Domain\Domain.csproj" BuildProjectInSolution="True">Debug|AnyCPU</ProjectConfiguration>
                     <ProjectConfiguration Project="{5634BE18-FA58-4154-A036-8FDEE18D2DB5}" AbsolutePath="C:\Users\frank.io\source\repos\hng-genderizeApp\Application\Application.csproj" BuildProjectInSolution="True">Debug|AnyCPU</ProjectConfiguration>
                     <ProjectConfiguration Project="{EA5FFCC0-2E15-4A5B-9B16-731E612B360A}" AbsolutePath="C:\Users\frank.io\source\repos\hng-genderizeApp\Infrastructure\Infrastructure.csproj" BuildProjectInSolution="True">Debug|AnyCPU</ProjectConfiguration>
                   </SolutionConfiguration>
                   DefaultImplicitPackages = Microsoft.NETCore.App;NETStandard.Library
                   DOTNET_CLI_TELEMETRY_SESSIONID = 907904c5-56e8-46a6-b934-1bfaf57f6010
                   DOTNET_HOST_PATH = C:\Program Files\dotnet\dotnet.exe
                   DotnetCliToolTargetFramework = netcoreapp2.2
                   GetReferenceNearestTargetFrameworkTaskSupportsTargetPlatformParameter = true
                   HideWarningsAndErrors = false
                   IsRestoreTargetsFileLoaded = true
                   MicrosoftNETBuildTasksAssembly = C:\Program Files\dotnet\sdk\9.0.313\Sdks\Microsoft.NET.Sdk\targets\..\tools\net9.0\Microsoft.NET.Build.Tasks.dll
                   MicrosoftNETBuildTasksDirectory = C:\Program Files\dotnet\sdk\9.0.313\Sdks\Microsoft.NET.Sdk\targets\..\tools\net9.0\
                   MicrosoftNETBuildTasksDirectoryRoot = C:\Program Files\dotnet\sdk\9.0.313\Sdks\Microsoft.NET.Sdk\targets\..\tools\
                   MicrosoftNETBuildTasksTFM = net9.0
                   MSBuildAllProjects = C:\Program Files\dotnet\sdk\9.0.313\Current\SolutionFile\ImportAfter\Microsoft.NET.Sdk.Solution.targets
                   MSBuildAssemblyVersion = 17.0
                   MSBuildBinPath = C:\Program Files\dotnet\sdk\9.0.313
                   MSBuildDisableFeaturesFromVersion = 999.999
                   MSBuildExtensionsPath = C:\Program Files\dotnet\sdk\9.0.313\
                   MSBuildExtensionsPath32 = C:\Program Files\dotnet\sdk\9.0.313
                   MSBuildExtensionsPath64 = C:\Program Files\dotnet\sdk\9.0.313
                   MSBUILDFAILONDRIVEENUMERATINGWILDCARD = 1
                   MSBuildFileVersion = 17.14.43.7001
                   MSBuildIsRestoring = True
                   MSBuildLoadMicrosoftTargetsReadOnly = true
                   MSBuildNodeCount = 1
                   MSBuildProgramFiles32 = C:\Program Files (x86)
                   MSBuildProjectDefaultTargets = Build
                   MSBuildProjectDirectory = C:\Users\frank.io\source\repos\hng-genderizeApp
                   MSBuildProjectDirectoryNoRoot = Users\frank.io\source\repos\hng-genderizeApp
                   MSBuildProjectExtension = .metaproj
                   MSBuildProjectFile = hng-genderizeApp.sln.metaproj
                   MSBuildProjectFullPath = C:\Users\frank.io\source\repos\hng-genderizeApp\hng-genderizeApp.sln.metaproj
                   MSBuildProjectName = hng-genderizeApp.sln
                   MSBuildRestoreSessionId = 275e5113-f804-4a73-b2d9-a802e1f7394e
                   MSBuildRuntimeType = Core
                   MSBuildSDKsPath = C:\Program Files\dotnet\sdk\9.0.313\Sdks
                   MSBuildSemanticVersion = 17.14.43+2a0eb78b3
                   MSBuildStartupDirectory = C:\Users\frank.io\source\repos\hng-genderizeApp
                   MSBuildToolsPath = C:\Program Files\dotnet\sdk\9.0.313
                   MSBuildToolsVersion = Current
                   MSBuildUserExtensionsPath = C:\Users\frank.io\AppData\Local\Microsoft\MSBuild
                   MSBUILDUSESERVER = 0
                   MSBuildVersion = 17.14.43
                   NuGetAudit = true
                   NuGetAuditLevel = low
                   NuGetAuditMode = direct
                   NuGetInteractive = 
                   NuGetRestoreTargets = C:\Program Files\dotnet\sdk\9.0.313\\NuGet.targets
                   PackageDownloadSupported = true
                   Platform = Any CPU
                   RestoreBuildInParallel = true
                   RestoreContinueOnError = WarnAndContinue
                   RestoreEnablePackagePruning = false
                   RestoreRecursive = true
                   RestoreTaskAssemblyFile = NuGet.Build.Tasks.dll
                   RestoreUseSkipNonexistentTargets = true
                   RoslynTargetsPath = C:\Program Files\dotnet\sdk\9.0.313\Roslyn
                   SolutionDir = C:\Users\frank.io\source\repos\hng-genderizeApp\
                   SolutionExt = .sln
                   SolutionFileName = hng-genderizeApp.sln
                   SolutionName = hng-genderizeApp
                   SolutionPath = C:\Users\frank.io\source\repos\hng-genderizeApp\hng-genderizeApp.sln
                   TargetFrameworkVersion = v4.0
                   ValidateRuntimeIdentifierCompatibility = false
                   VisualStudioVersion = 17.0

07:19:15.575     0>Initial Items:
                   ProjectReference
                       C:\Users\frank.io\source\repos\hng-genderizeApp\Application\Application.csproj
                           AdditionalProperties = Configuration=Debug; Platform=AnyCPU
                           Platform = AnyCPU
                           Configuration = Debug
                           ToolsVersion = 
                           SkipNonexistentProjects = False
                       C:\Users\frank.io\source\repos\hng-genderizeApp\Domain\Domain.csproj
                           AdditionalProperties = Configuration=Debug; Platform=AnyCPU
                           Platform = AnyCPU
                           Configuration = Debug
                           ToolsVersion = 
                           SkipNonexistentProjects = False
                       C:\Users\frank.io\source\repos\hng-genderizeApp\hng-genderizeApp\hng-genderizeApp.csproj
                           AdditionalProperties = Configuration=Debug; Platform=AnyCPU
                           Platform = AnyCPU
                           Configuration = Debug
                           ToolsVersion = 
                           SkipNonexistentProjects = False
                       C:\Users\frank.io\source\repos\hng-genderizeApp\Infrastructure\Infrastructure.csproj
                           AdditionalProperties = Configuration=Debug; Platform=AnyCPU
                           Platform = AnyCPU
                           Configuration = Debug
                           ToolsVersion = 
                           SkipNonexistentProjects = False
                   SolutionConfiguration
                       Debug|Any CPU
                           Content = <SolutionConfiguration>
                     <ProjectConfiguration Project="{FE09038D-F3DF-4089-BD49-7727437E5C4E}" AbsolutePath="C:\Users\frank.io\source\repos\hng-genderizeApp\hng-genderizeApp\hng-genderizeApp.csproj" BuildProjectInSolution="True">Debug|AnyCPU</ProjectConfiguration>
                     <ProjectConfiguration Project="{813D5BA8-57A5-45ED-99F5-61D50481F7E8}" AbsolutePath="C:\Users\frank.io\source\repos\hng-genderizeApp\Domain\Domain.csproj" BuildProjectInSolution="True">Debug|AnyCPU</ProjectConfiguration>
                     <ProjectConfiguration Project="{5634BE18-FA58-4154-A036-8FDEE18D2DB5}" AbsolutePath="C:\Users\frank.io\source\repos\hng-genderizeApp\Application\Application.csproj" BuildProjectInSolution="True">Debug|AnyCPU</ProjectConfiguration>
                     <ProjectConfiguration Project="{EA5FFCC0-2E15-4A5B-9B16-731E612B360A}" AbsolutePath="C:\Users\frank.io\source\repos\hng-genderizeApp\Infrastructure\Infrastructure.csproj" BuildProjectInSolution="True">Debug|AnyCPU</ProjectConfiguration>
                   </SolutionConfiguration>
                           Platform = Any CPU
                           Configuration = Debug
                       Debug|x64
                           Content = <SolutionConfiguration>
                     <ProjectConfiguration Project="{FE09038D-F3DF-4089-BD49-7727437E5C4E}" AbsolutePath="C:\Users\frank.io\source\repos\hng-genderizeApp\hng-genderizeApp\hng-genderizeApp.csproj" BuildProjectInSolution="True">Debug|AnyCPU</ProjectConfiguration>
                     <ProjectConfiguration Project="{813D5BA8-57A5-45ED-99F5-61D50481F7E8}" AbsolutePath="C:\Users\frank.io\source\repos\hng-genderizeApp\Domain\Domain.csproj" BuildProjectInSolution="True">Debug|AnyCPU</ProjectConfiguration>
                     <ProjectConfiguration Project="{5634BE18-FA58-4154-A036-8FDEE18D2DB5}" AbsolutePath="C:\Users\frank.io\source\repos\hng-genderizeApp\Application\Application.csproj" BuildProjectInSolution="True">Debug|AnyCPU</ProjectConfiguration>
                     <ProjectConfiguration Project="{EA5FFCC0-2E15-4A5B-9B16-731E612B360A}" AbsolutePath="C:\Users\frank.io\source\repos\hng-genderizeApp\Infrastructure\Infrastructure.csproj" BuildProjectInSolution="True">Debug|AnyCPU</ProjectConfiguration>
                   </SolutionConfiguration>
                           Platform = x64
                           Configuration = Debug
                       Debug|x86
                           Content = <SolutionConfiguration>
                     <ProjectConfiguration Project="{FE09038D-F3DF-4089-BD49-7727437E5C4E}" AbsolutePath="C:\Users\frank.io\source\repos\hng-genderizeApp\hng-genderizeApp\hng-genderizeApp.csproj" BuildProjectInSolution="True">Debug|AnyCPU</ProjectConfiguration>
                     <ProjectConfiguration Project="{813D5BA8-57A5-45ED-99F5-61D50481F7E8}" AbsolutePath="C:\Users\frank.io\source\repos\hng-genderizeApp\Domain\Domain.csproj" BuildProjectInSolution="True">Debug|AnyCPU</ProjectConfiguration>
                     <ProjectConfiguration Project="{5634BE18-FA58-4154-A036-8FDEE18D2DB5}" AbsolutePath="C:\Users\frank.io\source\repos\hng-genderizeApp\Application\Application.csproj" BuildProjectInSolution="True">Debug|AnyCPU</ProjectConfiguration>
                     <ProjectConfiguration Project="{EA5FFCC0-2E15-4A5B-9B16-731E612B360A}" AbsolutePath="C:\Users\frank.io\source\repos\hng-genderizeApp\Infrastructure\Infrastructure.csproj" BuildProjectInSolution="True">Debug|AnyCPU</ProjectConfiguration>
                   </SolutionConfiguration>
                           Platform = x86
                           Configuration = Debug
                       Release|Any CPU
                           Content = <SolutionConfiguration>
                     <ProjectConfiguration Project="{FE09038D-F3DF-4089-BD49-7727437E5C4E}" AbsolutePath="C:\Users\frank.io\source\repos\hng-genderizeApp\hng-genderizeApp\hng-genderizeApp.csproj" BuildProjectInSolution="True">Release|AnyCPU</ProjectConfiguration>
                     <ProjectConfiguration Project="{813D5BA8-57A5-45ED-99F5-61D50481F7E8}" AbsolutePath="C:\Users\frank.io\source\repos\hng-genderizeApp\Domain\Domain.csproj" BuildProjectInSolution="True">Release|AnyCPU</ProjectConfiguration>
                     <ProjectConfiguration Project="{5634BE18-FA58-4154-A036-8FDEE18D2DB5}" AbsolutePath="C:\Users\frank.io\source\repos\hng-genderizeApp\Application\Application.csproj" BuildProjectInSolution="True">Release|AnyCPU</ProjectConfiguration>
                     <ProjectConfiguration Project="{EA5FFCC0-2E15-4A5B-9B16-731E612B360A}" AbsolutePath="C:\Users\frank.io\source\repos\hng-genderizeApp\Infrastructure\Infrastructure.csproj" BuildProjectInSolution="True">Release|AnyCPU</ProjectConfiguration>
                   </SolutionConfiguration>
                           Platform = Any CPU
                           Configuration = Release
                       Release|x64
                           Content = <SolutionConfiguration>
                     <ProjectConfiguration Project="{FE09038D-F3DF-4089-BD49-7727437E5C4E}" AbsolutePath="C:\Users\frank.io\source\repos\hng-genderizeApp\hng-genderizeApp\hng-genderizeApp.csproj" BuildProjectInSolution="True">Release|AnyCPU</ProjectConfiguration>
                     <ProjectConfiguration Project="{813D5BA8-57A5-45ED-99F5-61D50481F7E8}" AbsolutePath="C:\Users\frank.io\source\repos\hng-genderizeApp\Domain\Domain.csproj" BuildProjectInSolution="True">Release|AnyCPU</ProjectConfiguration>
                     <ProjectConfiguration Project="{5634BE18-FA58-4154-A036-8FDEE18D2DB5}" AbsolutePath="C:\Users\frank.io\source\repos\hng-genderizeApp\Application\Application.csproj" BuildProjectInSolution="True">Release|AnyCPU</ProjectConfiguration>
                     <ProjectConfiguration Project="{EA5FFCC0-2E15-4A5B-9B16-731E612B360A}" AbsolutePath="C:\Users\frank.io\source\repos\hng-genderizeApp\Infrastructure\Infrastructure.csproj" BuildProjectInSolution="True">Release|AnyCPU</ProjectConfiguration>
                   </SolutionConfiguration>
                           Platform = x64
                           Configuration = Release
                       Release|x86
                           Content = <SolutionConfiguration>
                     <ProjectConfiguration Project="{FE09038D-F3DF-4089-BD49-7727437E5C4E}" AbsolutePath="C:\Users\frank.io\source\repos\hng-genderizeApp\hng-genderizeApp\hng-genderizeApp.csproj" BuildProjectInSolution="True">Release|AnyCPU</ProjectConfiguration>
                     <ProjectConfiguration Project="{813D5BA8-57A5-45ED-99F5-61D50481F7E8}" AbsolutePath="C:\Users\frank.io\source\repos\hng-genderizeApp\Domain\Domain.csproj" BuildProjectInSolution="True">Release|AnyCPU</ProjectConfiguration>
                     <ProjectConfiguration Project="{5634BE18-FA58-4154-A036-8FDEE18D2DB5}" AbsolutePath="C:\Users\frank.io\source\repos\hng-genderizeApp\Application\Application.csproj" BuildProjectInSolution="True">Release|AnyCPU</ProjectConfiguration>
                     <ProjectConfiguration Project="{EA5FFCC0-2E15-4A5B-9B16-731E612B360A}" AbsolutePath="C:\Users\frank.io\source\repos\hng-genderizeApp\Infrastructure\Infrastructure.csproj" BuildProjectInSolution="True">Release|AnyCPU</ProjectConfiguration>
                   </SolutionConfiguration>
                           Platform = x86
                           Configuration = Release

07:19:15.603     1>Project "C:\Users\frank.io\source\repos\hng-genderizeApp\hng-genderizeApp.sln" on node 1 (Restore target(s)).
07:19:15.603     1>Initial Properties:
                   _DirectorySolutionPropsBasePath = 
                   _DirectorySolutionPropsFile = Directory.Solution.props
                   _DirectorySolutionTargetsBasePath = 
                   _DirectorySolutionTargetsFile = Directory.Solution.targets
                   _GenerateRestoreGraphProjectEntryInputProperties = 
                         ExcludeRestorePackageImports=true;
                         _RestoreSolutionFileUsed=true;
                         SolutionDir=C:\Users\frank.io\source\repos\hng-genderizeApp\;
                         SolutionName=hng-genderizeApp;
                         SolutionFileName=hng-genderizeApp.sln;
                         SolutionPath=C:\Users\frank.io\source\repos\hng-genderizeApp\hng-genderizeApp.sln;
                         SolutionExt=.sln;
                       
                   _RestoreSolutionFileUsed = true
                   AspNetConfiguration = Debug
                   Configuration = Debug
                   CurrentSolutionConfigurationContents = <SolutionConfiguration>
                     <ProjectConfiguration Project="{FE09038D-F3DF-4089-BD49-7727437E5C4E}" AbsolutePath="C:\Users\frank.io\source\repos\hng-genderizeApp\hng-genderizeApp\hng-genderizeApp.csproj" BuildProjectInSolution="True">Debug|AnyCPU</ProjectConfiguration>
                     <ProjectConfiguration Project="{813D5BA8-57A5-45ED-99F5-61D50481F7E8}" AbsolutePath="C:\Users\frank.io\source\repos\hng-genderizeApp\Domain\Domain.csproj" BuildProjectInSolution="True">Debug|AnyCPU</ProjectConfiguration>
                     <ProjectConfiguration Project="{5634BE18-FA58-4154-A036-8FDEE18D2DB5}" AbsolutePath="C:\Users\frank.io\source\repos\hng-genderizeApp\Application\Application.csproj" BuildProjectInSolution="True">Debug|AnyCPU</ProjectConfiguration>
                     <ProjectConfiguration Project="{EA5FFCC0-2E15-4A5B-9B16-731E612B360A}" AbsolutePath="C:\Users\frank.io\source\repos\hng-genderizeApp\Infrastructure\Infrastructure.csproj" BuildProjectInSolution="True">Debug|AnyCPU</ProjectConfiguration>
                   </SolutionConfiguration>
                   DefaultImplicitPackages = Microsoft.NETCore.App;NETStandard.Library
                   DOTNET_CLI_TELEMETRY_SESSIONID = 907904c5-56e8-46a6-b934-1bfaf57f6010
                   DOTNET_HOST_PATH = C:\Program Files\dotnet\dotnet.exe
                   DotnetCliToolTargetFramework = netcoreapp2.2
                   GetReferenceNearestTargetFrameworkTaskSupportsTargetPlatformParameter = true
                   HideWarningsAndErrors = false
                   IsRestoreTargetsFileLoaded = true
                   MicrosoftNETBuildTasksAssembly = C:\Program Files\dotnet\sdk\9.0.313\Sdks\Microsoft.NET.Sdk\targets\..\tools\net9.0\Microsoft.NET.Build.Tasks.dll
                   MicrosoftNETBuildTasksDirectory = C:\Program Files\dotnet\sdk\9.0.313\Sdks\Microsoft.NET.Sdk\targets\..\tools\net9.0\
                   MicrosoftNETBuildTasksDirectoryRoot = C:\Program Files\dotnet\sdk\9.0.313\Sdks\Microsoft.NET.Sdk\targets\..\tools\
                   MicrosoftNETBuildTasksTFM = net9.0
                   MSBuildAllProjects = C:\Program Files\dotnet\sdk\9.0.313\Current\SolutionFile\ImportAfter\Microsoft.NET.Sdk.Solution.targets
                   MSBuildAssemblyVersion = 17.0
                   MSBuildBinPath = C:\Program Files\dotnet\sdk\9.0.313
                   MSBuildDisableFeaturesFromVersion = 999.999
                   MSBuildExtensionsPath = C:\Program Files\dotnet\sdk\9.0.313\
                   MSBuildExtensionsPath32 = C:\Program Files\dotnet\sdk\9.0.313
                   MSBuildExtensionsPath64 = C:\Program Files\dotnet\sdk\9.0.313
                   MSBUILDFAILONDRIVEENUMERATINGWILDCARD = 1
                   MSBuildFileVersion = 17.14.43.7001
                   MSBuildIsRestoring = True
                   MSBuildLoadMicrosoftTargetsReadOnly = true
                   MSBuildNodeCount = 1
                   MSBuildProgramFiles32 = C:\Program Files (x86)
                   MSBuildProjectDefaultTargets = Build
                   MSBuildProjectDirectory = C:\Users\frank.io\source\repos\hng-genderizeApp
                   MSBuildProjectDirectoryNoRoot = Users\frank.io\source\repos\hng-genderizeApp
                   MSBuildProjectExtension = .metaproj
                   MSBuildProjectFile = hng-genderizeApp.sln.metaproj
                   MSBuildProjectFullPath = C:\Users\frank.io\source\repos\hng-genderizeApp\hng-genderizeApp.sln.metaproj
                   MSBuildProjectName = hng-genderizeApp.sln
                   MSBuildRestoreSessionId = 275e5113-f804-4a73-b2d9-a802e1f7394e
                   MSBuildRuntimeType = Core
                   MSBuildSDKsPath = C:\Program Files\dotnet\sdk\9.0.313\Sdks
                   MSBuildSemanticVersion = 17.14.43+2a0eb78b3
                   MSBuildStartupDirectory = C:\Users\frank.io\source\repos\hng-genderizeApp
                   MSBuildToolsPath = C:\Program Files\dotnet\sdk\9.0.313
                   MSBuildToolsVersion = Current
                   MSBuildUserExtensionsPath = C:\Users\frank.io\AppData\Local\Microsoft\MSBuild
                   MSBUILDUSESERVER = 0
                   MSBuildVersion = 17.14.43
                   NuGetAudit = true
                   NuGetAuditLevel = low
                   NuGetAuditMode = direct
                   NuGetInteractive = 
                   NuGetRestoreTargets = C:\Program Files\dotnet\sdk\9.0.313\\NuGet.targets
                   PackageDownloadSupported = true
                   Platform = Any CPU
                   RestoreBuildInParallel = true
                   RestoreContinueOnError = WarnAndContinue
                   RestoreEnablePackagePruning = false
                   RestoreRecursive = true
                   RestoreTaskAssemblyFile = NuGet.Build.Tasks.dll
                   RestoreUseSkipNonexistentTargets = true
                   RoslynTargetsPath = C:\Program Files\dotnet\sdk\9.0.313\Roslyn
                   SolutionDir = C:\Users\frank.io\source\repos\hng-genderizeApp\
                   SolutionExt = .sln
                   SolutionFileName = hng-genderizeApp.sln
                   SolutionName = hng-genderizeApp
                   SolutionPath = C:\Users\frank.io\source\repos\hng-genderizeApp\hng-genderizeApp.sln
                   TargetFrameworkVersion = v4.0
                   ValidateRuntimeIdentifierCompatibility = false
                   VisualStudioVersion = 17.0

07:19:15.603     1>Initial Items:
                   ProjectReference
                       C:\Users\frank.io\source\repos\hng-genderizeApp\Application\Application.csproj
                           AdditionalProperties = Configuration=Debug; Platform=AnyCPU
                           Platform = AnyCPU
                           Configuration = Debug
                           ToolsVersion = 
                           SkipNonexistentProjects = False
                       C:\Users\frank.io\source\repos\hng-genderizeApp\Domain\Domain.csproj
                           AdditionalProperties = Configuration=Debug; Platform=AnyCPU
                           Platform = AnyCPU
                           Configuration = Debug
                           ToolsVersion = 
                           SkipNonexistentProjects = False
                       C:\Users\frank.io\source\repos\hng-genderizeApp\hng-genderizeApp\hng-genderizeApp.csproj
                           AdditionalProperties = Configuration=Debug; Platform=AnyCPU
                           Platform = AnyCPU
                           Configuration = Debug
                           ToolsVersion = 
                           SkipNonexistentProjects = False
                       C:\Users\frank.io\source\repos\hng-genderizeApp\Infrastructure\Infrastructure.csproj
                           AdditionalProperties = Configuration=Debug; Platform=AnyCPU
                           Platform = AnyCPU
                           Configuration = Debug
                           ToolsVersion = 
                           SkipNonexistentProjects = False
                   SolutionConfiguration
                       Debug|Any CPU
                           Content = <SolutionConfiguration>
                     <ProjectConfiguration Project="{FE09038D-F3DF-4089-BD49-7727437E5C4E}" AbsolutePath="C:\Users\frank.io\source\repos\hng-genderizeApp\hng-genderizeApp\hng-genderizeApp.csproj" BuildProjectInSolution="True">Debug|AnyCPU</ProjectConfiguration>
                     <ProjectConfiguration Project="{813D5BA8-57A5-45ED-99F5-61D50481F7E8}" AbsolutePath="C:\Users\frank.io\source\repos\hng-genderizeApp\Domain\Domain.csproj" BuildProjectInSolution="True">Debug|AnyCPU</ProjectConfiguration>
                     <ProjectConfiguration Project="{5634BE18-FA58-4154-A036-8FDEE18D2DB5}" AbsolutePath="C:\Users\frank.io\source\repos\hng-genderizeApp\Application\Application.csproj" BuildProjectInSolution="True">Debug|AnyCPU</ProjectConfiguration>
                     <ProjectConfiguration Project="{EA5FFCC0-2E15-4A5B-9B16-731E612B360A}" AbsolutePath="C:\Users\frank.io\source\repos\hng-genderizeApp\Infrastructure\Infrastructure.csproj" BuildProjectInSolution="True">Debug|AnyCPU</ProjectConfiguration>
                   </SolutionConfiguration>
                           Platform = Any CPU
                           Configuration = Debug
                       Debug|x64
                           Content = <SolutionConfiguration>
                     <ProjectConfiguration Project="{FE09038D-F3DF-4089-BD49-7727437E5C4E}" AbsolutePath="C:\Users\frank.io\source\repos\hng-genderizeApp\hng-genderizeApp\hng-genderizeApp.csproj" BuildProjectInSolution="True">Debug|AnyCPU</ProjectConfiguration>
                     <ProjectConfiguration Project="{813D5BA8-57A5-45ED-99F5-61D50481F7E8}" AbsolutePath="C:\Users\frank.io\source\repos\hng-genderizeApp\Domain\Domain.csproj" BuildProjectInSolution="True">Debug|AnyCPU</ProjectConfiguration>
                     <ProjectConfiguration Project="{5634BE18-FA58-4154-A036-8FDEE18D2DB5}" AbsolutePath="C:\Users\frank.io\source\repos\hng-genderizeApp\Application\Application.csproj" BuildProjectInSolution="True">Debug|AnyCPU</ProjectConfiguration>
                     <ProjectConfiguration Project="{EA5FFCC0-2E15-4A5B-9B16-731E612B360A}" AbsolutePath="C:\Users\frank.io\source\repos\hng-genderizeApp\Infrastructure\Infrastructure.csproj" BuildProjectInSolution="True">Debug|AnyCPU</ProjectConfiguration>
                   </SolutionConfiguration>
                           Platform = x64
                           Configuration = Debug
                       Debug|x86
                           Content = <SolutionConfiguration>
                     <ProjectConfiguration Project="{FE09038D-F3DF-4089-BD49-7727437E5C4E}" AbsolutePath="C:\Users\frank.io\source\repos\hng-genderizeApp\hng-genderizeApp\hng-genderizeApp.csproj" BuildProjectInSolution="True">Debug|AnyCPU</ProjectConfiguration>
                     <ProjectConfiguration Project="{813D5BA8-57A5-45ED-99F5-61D50481F7E8}" AbsolutePath="C:\Users\frank.io\source\repos\hng-genderizeApp\Domain\Domain.csproj" BuildProjectInSolution="True">Debug|AnyCPU</ProjectConfiguration>
                     <ProjectConfiguration Project="{5634BE18-FA58-4154-A036-8FDEE18D2DB5}" AbsolutePath="C:\Users\frank.io\source\repos\hng-genderizeApp\Application\Application.csproj" BuildProjectInSolution="True">Debug|AnyCPU</ProjectConfiguration>
                     <ProjectConfiguration Project="{EA5FFCC0-2E15-4A5B-9B16-731E612B360A}" AbsolutePath="C:\Users\frank.io\source\repos\hng-genderizeApp\Infrastructure\Infrastructure.csproj" BuildProjectInSolution="True">Debug|AnyCPU</ProjectConfiguration>
                   </SolutionConfiguration>
                           Platform = x86
                           Configuration = Debug
                       Release|Any CPU
                           Content = <SolutionConfiguration>
                     <ProjectConfiguration Project="{FE09038D-F3DF-4089-BD49-7727437E5C4E}" AbsolutePath="C:\Users\frank.io\source\repos\hng-genderizeApp\hng-genderizeApp\hng-genderizeApp.csproj" BuildProjectInSolution="True">Release|AnyCPU</ProjectConfiguration>
                     <ProjectConfiguration Project="{813D5BA8-57A5-45ED-99F5-61D50481F7E8}" AbsolutePath="C:\Users\frank.io\source\repos\hng-genderizeApp\Domain\Domain.csproj" BuildProjectInSolution="True">Release|AnyCPU</ProjectConfiguration>
                     <ProjectConfiguration Project="{5634BE18-FA58-4154-A036-8FDEE18D2DB5}" AbsolutePath="C:\Users\frank.io\source\repos\hng-genderizeApp\Application\Application.csproj" BuildProjectInSolution="True">Release|AnyCPU</ProjectConfiguration>
                     <ProjectConfiguration Project="{EA5FFCC0-2E15-4A5B-9B16-731E612B360A}" AbsolutePath="C:\Users\frank.io\source\repos\hng-genderizeApp\Infrastructure\Infrastructure.csproj" BuildProjectInSolution="True">Release|AnyCPU</ProjectConfiguration>
                   </SolutionConfiguration>
                           Platform = Any CPU
                           Configuration = Release
                       Release|x64
                           Content = <SolutionConfiguration>
                     <ProjectConfiguration Project="{FE09038D-F3DF-4089-BD49-7727437E5C4E}" AbsolutePath="C:\Users\frank.io\source\repos\hng-genderizeApp\hng-genderizeApp\hng-genderizeApp.csproj" BuildProjectInSolution="True">Release|AnyCPU</ProjectConfiguration>
                     <ProjectConfiguration Project="{813D5BA8-57A5-45ED-99F5-61D50481F7E8}" AbsolutePath="C:\Users\frank.io\source\repos\hng-genderizeApp\Domain\Domain.csproj" BuildProjectInSolution="True">Release|AnyCPU</ProjectConfiguration>
                     <ProjectConfiguration Project="{5634BE18-FA58-4154-A036-8FDEE18D2DB5}" AbsolutePath="C:\Users\frank.io\source\repos\hng-genderizeApp\Application\Application.csproj" BuildProjectInSolution="True">Release|AnyCPU</ProjectConfiguration>
                     <ProjectConfiguration Project="{EA5FFCC0-2E15-4A5B-9B16-731E612B360A}" AbsolutePath="C:\Users\frank.io\source\repos\hng-genderizeApp\Infrastructure\Infrastructure.csproj" BuildProjectInSolution="True">Release|AnyCPU</ProjectConfiguration>
                   </SolutionConfiguration>
                           Platform = x64
                           Configuration = Release
                       Release|x86
                           Content = <SolutionConfiguration>
                     <ProjectConfiguration Project="{FE09038D-F3DF-4089-BD49-7727437E5C4E}" AbsolutePath="C:\Users\frank.io\source\repos\hng-genderizeApp\hng-genderizeApp\hng-genderizeApp.csproj" BuildProjectInSolution="True">Release|AnyCPU</ProjectConfiguration>
                     <ProjectConfiguration Project="{813D5BA8-57A5-45ED-99F5-61D50481F7E8}" AbsolutePath="C:\Users\frank.io\source\repos\hng-genderizeApp\Domain\Domain.csproj" BuildProjectInSolution="True">Release|AnyCPU</ProjectConfiguration>
                     <ProjectConfiguration Project="{5634BE18-FA58-4154-A036-8FDEE18D2DB5}" AbsolutePath="C:\Users\frank.io\source\repos\hng-genderizeApp\Application\Application.csproj" BuildProjectInSolution="True">Release|AnyCPU</ProjectConfiguration>
                     <ProjectConfiguration Project="{EA5FFCC0-2E15-4A5B-9B16-731E612B360A}" AbsolutePath="C:\Users\frank.io\source\repos\hng-genderizeApp\Infrastructure\Infrastructure.csproj" BuildProjectInSolution="True">Release|AnyCPU</ProjectConfiguration>
                   </SolutionConfiguration>
                           Platform = x86
                           Configuration = Release

07:19:15.613     1>Target "ValidateSolutionConfiguration: (TargetId:2)" in file "C:\Users\frank.io\source\repos\hng-genderizeApp\hng-genderizeApp.sln.metaproj" from project "C:\Users\frank.io\source\repos\hng-genderizeApp\hng-genderizeApp.sln" (entry point):
07:19:15.615     1>Task "Error" skipped, due to false condition; (('$(CurrentSolutionConfigurationContents)' == '') and ('$(SkipInvalidConfigurations)' != 'true')) was evaluated as (('<SolutionConfiguration>
  <ProjectConfiguration Project="{FE09038D-F3DF-4089-BD49-7727437E5C4E}" AbsolutePath="C:\Users\frank.io\source\repos\hng-genderizeApp\hng-genderizeApp\hng-genderizeApp.csproj" BuildProjectInSolution="True">Debug|AnyCPU</ProjectConfiguration>
  <ProjectConfiguration Project="{813D5BA8-57A5-45ED-99F5-61D50481F7E8}" AbsolutePath="C:\Users\frank.io\source\repos\hng-genderizeApp\Domain\Domain.csproj" BuildProjectInSolution="True">Debug|AnyCPU</ProjectConfiguration>
  <ProjectConfiguration Project="{5634BE18-FA58-4154-A036-8FDEE18D2DB5}" AbsolutePath="C:\Users\frank.io\source\repos\hng-genderizeApp\Application\Application.csproj" BuildProjectInSolution="True">Debug|AnyCPU</ProjectConfiguration>
  <ProjectConfiguration Project="{EA5FFCC0-2E15-4A5B-9B16-731E612B360A}" AbsolutePath="C:\Users\frank.io\source\repos\hng-genderizeApp\Infrastructure\Infrastructure.csproj" BuildProjectInSolution="True">Debug|AnyCPU</ProjectConfiguration>
</SolutionConfiguration>' == '') and ('' != 'true')).
                   Task "Warning" skipped, due to false condition; (('$(CurrentSolutionConfigurationContents)' == '') and ('$(SkipInvalidConfigurations)' == 'true')) was evaluated as (('<SolutionConfiguration>
                     <ProjectConfiguration Project="{FE09038D-F3DF-4089-BD49-7727437E5C4E}" AbsolutePath="C:\Users\frank.io\source\repos\hng-genderizeApp\hng-genderizeApp\hng-genderizeApp.csproj" BuildProjectInSolution="True">Debug|AnyCPU</ProjectConfiguration>
                     <ProjectConfiguration Project="{813D5BA8-57A5-45ED-99F5-61D50481F7E8}" AbsolutePath="C:\Users\frank.io\source\repos\hng-genderizeApp\Domain\Domain.csproj" BuildProjectInSolution="True">Debug|AnyCPU</ProjectConfiguration>
                     <ProjectConfiguration Project="{5634BE18-FA58-4154-A036-8FDEE18D2DB5}" AbsolutePath="C:\Users\frank.io\source\repos\hng-genderizeApp\Application\Application.csproj" BuildProjectInSolution="True">Debug|AnyCPU</ProjectConfiguration>
                     <ProjectConfiguration Project="{EA5FFCC0-2E15-4A5B-9B16-731E612B360A}" AbsolutePath="C:\Users\frank.io\source\repos\hng-genderizeApp\Infrastructure\Infrastructure.csproj" BuildProjectInSolution="True">Debug|AnyCPU</ProjectConfiguration>
                   </SolutionConfiguration>' == '') and ('' == 'true')).
                   Using "Message" task from assembly "Microsoft.Build.Tasks.Core, Version=15.1.0.0, Culture=neutral, PublicKeyToken=b03f5f7f11d50a3a".
                   Task "Message" (TaskId:2)
                     Task Parameter:Text=Building solution configuration "Debug|Any CPU". (TaskId:2)
                     Building solution configuration "Debug|Any CPU". (TaskId:2)
                   Done executing task "Message". (TaskId:2)
07:19:15.631     1>Done building target "ValidateSolutionConfiguration" in project "hng-genderizeApp.sln".: (TargetId:2)
07:19:15.631     1>Target "ValidateToolsVersions: (TargetId:3)" in file "C:\Users\frank.io\source\repos\hng-genderizeApp\hng-genderizeApp.sln.metaproj" from project "C:\Users\frank.io\source\repos\hng-genderizeApp\hng-genderizeApp.sln" (entry point):
                   Task "Error" skipped, due to false condition; ('$(MSBuildToolsVersion)' == '2.0' and ('$(ProjectToolsVersion)' != '2.0' and '$(ProjectToolsVersion)' != '')) was evaluated as ('Current' == '2.0' and ('' != '2.0' and '' != '')).
07:19:15.632     1>Done building target "ValidateToolsVersions" in project "hng-genderizeApp.sln".: (TargetId:3)
07:19:15.632     1>Target "ValidateProjects: (TargetId:4)" in file "C:\Users\frank.io\source\repos\hng-genderizeApp\hng-genderizeApp.sln.metaproj" from project "C:\Users\frank.io\source\repos\hng-genderizeApp\hng-genderizeApp.sln" (entry point):
07:19:15.632     1>Done building target "ValidateProjects" in project "hng-genderizeApp.sln".: (TargetId:4)
07:19:15.632     1>Target "_LoadRestoreGraphEntryPoints: (TargetId:5)" in file "C:\Program Files\dotnet\sdk\9.0.313\NuGet.targets" from project "C:\Users\frank.io\source\repos\hng-genderizeApp\hng-genderizeApp.sln" (target "_FilterRestoreGraphProjectInputItems" depends on it):
                   Assembly loaded during TaskRun: NuGet.Build.Tasks, Version=6.14.3.1, Culture=neutral, PublicKeyToken=31bf3856ad364e35 (location: C:\Program Files\dotnet\sdk\9.0.313\NuGet.Build.Tasks.dll, MVID: b414d086-6861-40fb-9fc1-5890f735d320, AssemblyLoadContext: MSBuild plugin C:\Program Files\dotnet\sdk\9.0.313\NuGet.Build.Tasks.dll)
                   Assembly loaded during TaskRun: NuGet.Common, Version=6.14.3.1, Culture=neutral, PublicKeyToken=31bf3856ad364e35 (location: C:\Program Files\dotnet\sdk\9.0.313\NuGet.Common.dll, MVID: ff64b24f-b7b2-4c96-a015-882f97592df0, AssemblyLoadContext: MSBuild plugin C:\Program Files\dotnet\sdk\9.0.313\NuGet.Build.Tasks.dll)
                   Assembly loaded during TaskRun: NuGet.Commands, Version=6.14.3.1, Culture=neutral, PublicKeyToken=31bf3856ad364e35 (location: C:\Program Files\dotnet\sdk\9.0.313\NuGet.Commands.dll, MVID: 46ee517a-e3f9-41a7-b938-a1923c966608, AssemblyLoadContext: MSBuild plugin C:\Program Files\dotnet\sdk\9.0.313\NuGet.Build.Tasks.dll)
                   Assembly loaded during TaskRun: NuGet.ProjectModel, Version=6.14.3.1, Culture=neutral, PublicKeyToken=31bf3856ad364e35 (location: C:\Program Files\dotnet\sdk\9.0.313\NuGet.ProjectModel.dll, MVID: 8d9899ca-0e58-475a-9e3e-1a4f7ba7eff5, AssemblyLoadContext: MSBuild plugin C:\Program Files\dotnet\sdk\9.0.313\NuGet.Build.Tasks.dll)
                   Using "GetRestoreSolutionProjectsTask" task from assembly "C:\Program Files\dotnet\sdk\9.0.313\NuGet.Build.Tasks.dll".
                   Task "GetRestoreSolutionProjectsTask" (TaskId:3)
                     Task Parameter:SolutionFilePath=C:\Users\frank.io\source\repos\hng-genderizeApp\hng-genderizeApp.sln.metaproj (TaskId:3)
                     Task Parameter:
                         ProjectReferences=
                             C:\Users\frank.io\source\repos\hng-genderizeApp\hng-genderizeApp\hng-genderizeApp.csproj
                                     AdditionalProperties=Configuration=Debug; Platform=AnyCPU
                                     Configuration=Debug
                                     Platform=AnyCPU
                                     SkipNonexistentProjects=False
                                     ToolsVersion=
                             C:\Users\frank.io\source\repos\hng-genderizeApp\Domain\Domain.csproj
                                     AdditionalProperties=Configuration=Debug; Platform=AnyCPU
                                     Configuration=Debug
                                     Platform=AnyCPU
                                     SkipNonexistentProjects=False
                                     ToolsVersion=
                             C:\Users\frank.io\source\repos\hng-genderizeApp\Application\Application.csproj
                                     AdditionalProperties=Configuration=Debug; Platform=AnyCPU
                                     Configuration=Debug
                                     Platform=AnyCPU
                                     SkipNonexistentProjects=False
                                     ToolsVersion=
                             C:\Users\frank.io\source\repos\hng-genderizeApp\Infrastructure\Infrastructure.csproj
                                     AdditionalProperties=Configuration=Debug; Platform=AnyCPU
                                     Configuration=Debug
                                     Platform=AnyCPU
                                     SkipNonexistentProjects=False
                                     ToolsVersion= (TaskId:3)
                     Output Item(s): 
                         RestoreGraphProjectInputItems=
                             C:\Users\frank.io\source\repos\hng-genderizeApp\hng-genderizeApp\hng-genderizeApp.csproj
                                     AdditionalProperties=Configuration=Debug; Platform=AnyCPU
                                     Configuration=Debug
                                     Platform=AnyCPU
                                     SkipNonexistentProjects=False
                                     ToolsVersion=
                             C:\Users\frank.io\source\repos\hng-genderizeApp\Domain\Domain.csproj
                                     AdditionalProperties=Configuration=Debug; Platform=AnyCPU
                                     Configuration=Debug
                                     Platform=AnyCPU
                                     SkipNonexistentProjects=False
                                     ToolsVersion=
                             C:\Users\frank.io\source\repos\hng-genderizeApp\Application\Application.csproj
                                     AdditionalProperties=Configuration=Debug; Platform=AnyCPU
                                     Configuration=Debug
                                     Platform=AnyCPU
                                     SkipNonexistentProjects=False
                                     ToolsVersion=
                             C:\Users\frank.io\source\repos\hng-genderizeApp\Infrastructure\Infrastructure.csproj
                                     AdditionalProperties=Configuration=Debug; Platform=AnyCPU
                                     Configuration=Debug
                                     Platform=AnyCPU
                                     SkipNonexistentProjects=False
                                     ToolsVersion= (TaskId:3)
                   Done executing task "GetRestoreSolutionProjectsTask". (TaskId:3)
07:19:15.650     1>Done building target "_LoadRestoreGraphEntryPoints" in project "hng-genderizeApp.sln".: (TargetId:5)
07:19:15.650     1>Target "_FilterRestoreGraphProjectInputItems: (TargetId:6)" in file "C:\Program Files\dotnet\sdk\9.0.313\NuGet.targets" from project "C:\Users\frank.io\source\repos\hng-genderizeApp\hng-genderizeApp.sln" (target "_GenerateRestoreGraph" depends on it):
                   Set Property: RestoreProjectFilterMode=exclusionlist
                   Added Item(s): 
                       _FilteredRestoreGraphProjectInputItemsTmp=
                           C:\Users\frank.io\source\repos\hng-genderizeApp\hng-genderizeApp\hng-genderizeApp.csproj
                                   AdditionalProperties=Configuration=Debug; Platform=AnyCPU
                                   Configuration=Debug
                                   Platform=AnyCPU
                                   SkipNonexistentProjects=False
                                   ToolsVersion=
                           C:\Users\frank.io\source\repos\hng-genderizeApp\Domain\Domain.csproj
                                   AdditionalProperties=Configuration=Debug; Platform=AnyCPU
                                   Configuration=Debug
                                   Platform=AnyCPU
                                   SkipNonexistentProjects=False
                                   ToolsVersion=
                           C:\Users\frank.io\source\repos\hng-genderizeApp\Application\Application.csproj
                                   AdditionalProperties=Configuration=Debug; Platform=AnyCPU
                                   Configuration=Debug
                                   Platform=AnyCPU
                                   SkipNonexistentProjects=False
                                   ToolsVersion=
                           C:\Users\frank.io\source\repos\hng-genderizeApp\Infrastructure\Infrastructure.csproj
                                   AdditionalProperties=Configuration=Debug; Platform=AnyCPU
                                   Configuration=Debug
                                   Platform=AnyCPU
                                   SkipNonexistentProjects=False
                                   ToolsVersion=
                   Using "RemoveDuplicates" task from assembly "Microsoft.Build.Tasks.Core, Version=15.1.0.0, Culture=neutral, PublicKeyToken=b03f5f7f11d50a3a".
                   Task "RemoveDuplicates" (TaskId:4)
                     Task Parameter:
                         Inputs=
                             C:\Users\frank.io\source\repos\hng-genderizeApp\hng-genderizeApp\hng-genderizeApp.csproj
                                     AdditionalProperties=Configuration=Debug; Platform=AnyCPU
                                     Configuration=Debug
                                     Platform=AnyCPU
                                     SkipNonexistentProjects=False
                                     ToolsVersion=
                             C:\Users\frank.io\source\repos\hng-genderizeApp\Domain\Domain.csproj
                                     AdditionalProperties=Configuration=Debug; Platform=AnyCPU
                                     Configuration=Debug
                                     Platform=AnyCPU
                                     SkipNonexistentProjects=False
                                     ToolsVersion=
                             C:\Users\frank.io\source\repos\hng-genderizeApp\Application\Application.csproj
                                     AdditionalProperties=Configuration=Debug; Platform=AnyCPU
                                     Configuration=Debug
                                     Platform=AnyCPU
                                     SkipNonexistentProjects=False
                                     ToolsVersion=
                             C:\Users\frank.io\source\repos\hng-genderizeApp\Infrastructure\Infrastructure.csproj
                                     AdditionalProperties=Configuration=Debug; Platform=AnyCPU
                                     Configuration=Debug
                                     Platform=AnyCPU
                                     SkipNonexistentProjects=False
                                     ToolsVersion= (TaskId:4)
                     Output Item(s): 
                         FilteredRestoreGraphProjectInputItemsWithoutDuplicates=
                             C:\Users\frank.io\source\repos\hng-genderizeApp\hng-genderizeApp\hng-genderizeApp.csproj
                                     AdditionalProperties=Configuration=Debug; Platform=AnyCPU
                                     Configuration=Debug
                                     Platform=AnyCPU
                                     SkipNonexistentProjects=False
                                     ToolsVersion=
                             C:\Users\frank.io\source\repos\hng-genderizeApp\Domain\Domain.csproj
                                     AdditionalProperties=Configuration=Debug; Platform=AnyCPU
                                     Configuration=Debug
                                     Platform=AnyCPU
                                     SkipNonexistentProjects=False
                                     ToolsVersion=
                             C:\Users\frank.io\source\repos\hng-genderizeApp\Application\Application.csproj
                                     AdditionalProperties=Configuration=Debug; Platform=AnyCPU
                                     Configuration=Debug
                                     Platform=AnyCPU
                                     SkipNonexistentProjects=False
                                     ToolsVersion=
                             C:\Users\frank.io\source\repos\hng-genderizeApp\Infrastructure\Infrastructure.csproj
                                     AdditionalProperties=Configuration=Debug; Platform=AnyCPU
                                     Configuration=Debug
                                     Platform=AnyCPU
                                     SkipNonexistentProjects=False
                                     ToolsVersion= (TaskId:4)
                   Done executing task "RemoveDuplicates". (TaskId:4)
                   Using "MSBuild" task from assembly "Microsoft.Build.Tasks.Core, Version=15.1.0.0, Culture=neutral, PublicKeyToken=b03f5f7f11d50a3a".
                   Task "MSBuild" (TaskId:5)
                     Task Parameter:BuildInParallel=True (TaskId:5)
                     Task Parameter:SkipNonexistentTargets=True (TaskId:5)
                     Task Parameter:
                         Projects=
                             C:\Users\frank.io\source\repos\hng-genderizeApp\hng-genderizeApp\hng-genderizeApp.csproj
                                     AdditionalProperties=Configuration=Debug; Platform=AnyCPU
                                     Configuration=Debug
                                     Platform=AnyCPU
                                     SkipNonexistentProjects=False
                                     ToolsVersion=
                             C:\Users\frank.io\source\repos\hng-genderizeApp\Domain\Domain.csproj
                                     AdditionalProperties=Configuration=Debug; Platform=AnyCPU
                                     Configuration=Debug
                                     Platform=AnyCPU
                                     SkipNonexistentProjects=False
                                     ToolsVersion=
                             C:\Users\frank.io\source\repos\hng-genderizeApp\Application\Application.csproj
                                     AdditionalProperties=Configuration=Debug; Platform=AnyCPU
                                     Configuration=Debug
                                     Platform=AnyCPU
                                     SkipNonexistentProjects=False
                                     ToolsVersion=
                             C:\Users\frank.io\source\repos\hng-genderizeApp\Infrastructure\Infrastructure.csproj
                                     AdditionalProperties=Configuration=Debug; Platform=AnyCPU
                                     Configuration=Debug
                                     Platform=AnyCPU
                                     SkipNonexistentProjects=False
                                     ToolsVersion= (TaskId:5)
                     Task Parameter:Targets=_IsProjectRestoreSupported (TaskId:5)
                     Task Parameter:
                         Properties=
                             ExcludeRestorePackageImports=true
                             _RestoreSolutionFileUsed=true
                             SolutionDir=C:\Users\frank.io\source\repos\hng-genderizeApp\
                             SolutionName=hng-genderizeApp
                             SolutionFileName=hng-genderizeApp.sln
                             SolutionPath=C:\Users\frank.io\source\repos\hng-genderizeApp\hng-genderizeApp.sln
                             SolutionExt=.sln (TaskId:5)
                     Global Properties: (TaskId:5)
                       ExcludeRestorePackageImports=true (TaskId:5)
                       _RestoreSolutionFileUsed=true (TaskId:5)
                       SolutionDir=C:\Users\frank.io\source\repos\hng-genderizeApp\ (TaskId:5)
                       SolutionName=hng-genderizeApp (TaskId:5)
                       SolutionFileName=hng-genderizeApp.sln (TaskId:5)
                       SolutionPath=C:\Users\frank.io\source\repos\hng-genderizeApp\hng-genderizeApp.sln (TaskId:5)
                       SolutionExt=.sln (TaskId:5)
                     Additional Properties for project "C:\Users\frank.io\source\repos\hng-genderizeApp\hng-genderizeApp\hng-genderizeApp.csproj": (TaskId:5)
                       Configuration=Debug (TaskId:5)
                       Platform=AnyCPU (TaskId:5)
                     Additional Properties for project "C:\Users\frank.io\source\repos\hng-genderizeApp\Domain\Domain.csproj": (TaskId:5)
                       Configuration=Debug (TaskId:5)
                       Platform=AnyCPU (TaskId:5)
                     Additional Properties for project "C:\Users\frank.io\source\repos\hng-genderizeApp\Application\Application.csproj": (TaskId:5)
                       Configuration=Debug (TaskId:5)
                       Platform=AnyCPU (TaskId:5)
                     Additional Properties for project "C:\Users\frank.io\source\repos\hng-genderizeApp\Infrastructure\Infrastructure.csproj": (TaskId:5)
                       Configuration=Debug (TaskId:5)
                       Platform=AnyCPU (TaskId:5)
07:19:15.679     0>The SDK "Microsoft.NET.Sdk.Web" was successfully resolved by the "DefaultSdkResolver" resolver to location "C:\Program Files\dotnet\sdk\9.0.313\Sdks\Microsoft.NET.Sdk.Web\Sdk" and version "".
                   Assembly loaded during Evaluation: NuGet.Frameworks, Version=6.14.3.1, Culture=neutral, PublicKeyToken=31bf3856ad364e35 (location: C:\Program Files\dotnet\sdk\9.0.313\NuGet.Frameworks.dll, MVID: 15e2249a-d3f3-4564-8ce4-5816fc473ee1, AssemblyLoadContext: Assembly.LoadFile(C:\Program Files\dotnet\sdk\9.0.313\NuGet.Frameworks.dll))
                   The SDK "Microsoft.NET.Sdk" was successfully resolved by the "DefaultSdkResolver" resolver to location "C:\Program Files\dotnet\sdk\9.0.313\Sdks\Microsoft.NET.Sdk\Sdk" and version "".
                   C:\Program Files\dotnet\sdk\9.0.313\Sdks\Microsoft.NET.Sdk\Sdk\Sdk.props(49,11): message : Property 'MSBuildExtensionsPath' with value 'C:\Program Files\dotnet\sdk\9.0.313\' expanded from the environment.
                   C:\Program Files\dotnet\sdk\9.0.313\Current\Microsoft.Common.props(60,5): message : Property reassignment: $(MSBuildProjectExtensionsPath)="C:\Users\frank.io\source\repos\hng-genderizeApp\hng-genderizeApp\obj\" (previous value: "obj\") at C:\Program Files\dotnet\sdk\9.0.313\Current\Microsoft.Common.props (60,5)
                   C:\Program Files\dotnet\sdk\9.0.313\Current\Microsoft.Common.props(84,119): message : Property 'MSBuildUserExtensionsPath' with value 'C:\Users\frank.io\AppData\Local\Microsoft\MSBuild' expanded from the environment.
                   Assembly loaded during Evaluation: System.IO.Pipes, Version=9.0.0.0, Culture=neutral, PublicKeyToken=b03f5f7f11d50a3a (location: C:\Program Files\dotnet\shared\Microsoft.NETCore.App\9.0.15\System.IO.Pipes.dll, MVID: 8689954e-d53d-4cb6-a199-d8034afa8916, AssemblyLoadContext: Default)
                   The "Configuration" property is a global property, and cannot be modified.
                   The "Platform" property is a global property, and cannot be modified.
                   The "Configuration" property is a global property, and cannot be modified.
                   The "Platform" property is a global property, and cannot be modified.
                   C:\Program Files\dotnet\sdk\9.0.313\Sdks\Microsoft.NET.Sdk\targets\Microsoft.NET.Sdk.props(90,5): message : Property reassignment: $(AssemblySearchPaths)="{CandidateAssemblyFiles};{HintPathFromItem}" (previous value: "{CandidateAssemblyFiles}") at C:\Program Files\dotnet\sdk\9.0.313\Sdks\Microsoft.NET.Sdk\targets\Microsoft.NET.Sdk.props (90,5)
                   C:\Program Files\dotnet\sdk\9.0.313\Sdks\Microsoft.NET.Sdk\targets\Microsoft.NET.Sdk.props(91,5): message : Property reassignment: $(AssemblySearchPaths)="{CandidateAssemblyFiles};{HintPathFromItem};{TargetFrameworkDirectory}" (previous value: "{CandidateAssemblyFiles};{HintPathFromItem}") at C:\Program Files\dotnet\sdk\9.0.313\Sdks\Microsoft.NET.Sdk\targets\Microsoft.NET.Sdk.props (91,5)
                   C:\Program Files\dotnet\sdk\9.0.313\Sdks\Microsoft.NET.Sdk\targets\Microsoft.NET.Sdk.props(92,5): message : Property reassignment: $(AssemblySearchPaths)="{CandidateAssemblyFiles};{HintPathFromItem};{TargetFrameworkDirectory};{RawFileName}" (previous value: "{CandidateAssemblyFiles};{HintPathFromItem};{TargetFrameworkDirectory}") at C:\Program Files\dotnet\sdk\9.0.313\Sdks\Microsoft.NET.Sdk\targets\Microsoft.NET.Sdk.props (92,5)
                   The "DefaultSdkResolver" resolver attempted to resolve the SDK "Microsoft.NET.SDK.WorkloadAutoImportPropsLocator".
                   Warnings: null
                   Errors: MSB4276: The default SDK resolver failed to resolve SDK "Microsoft.NET.SDK.WorkloadAutoImportPropsLocator" because directory "C:\Program Files\dotnet\sdk\9.0.313\Sdks\Microsoft.NET.SDK.WorkloadAutoImportPropsLocator\Sdk" did not exist.
                   Assembly loaded during Evaluation: Microsoft.Build.NuGetSdkResolver, Version=6.14.3.1, Culture=neutral, PublicKeyToken=31bf3856ad364e35 (location: C:\Program Files\dotnet\sdk\9.0.313\Microsoft.Build.NuGetSdkResolver.dll, MVID: 85942746-241e-463f-86f9-04a701c95db0, AssemblyLoadContext: MSBuild plugin C:\Program Files\dotnet\sdk\9.0.313\Microsoft.Build.NuGetSdkResolver.dll)
                   Assembly loaded during Evaluation: NuGet.Common, Version=6.14.3.1, Culture=neutral, PublicKeyToken=31bf3856ad364e35 (location: C:\Program Files\dotnet\sdk\9.0.313\NuGet.Common.dll, MVID: ff64b24f-b7b2-4c96-a015-882f97592df0, AssemblyLoadContext: MSBuild plugin C:\Program Files\dotnet\sdk\9.0.313\Microsoft.Build.NuGetSdkResolver.dll)
                   Assembly loaded during Evaluation: Microsoft.NET.Sdk.WorkloadMSBuildSdkResolver, Version=9.0.313.0, Culture=neutral, PublicKeyToken=31bf3856ad364e35 (location: C:\Program Files\dotnet\sdk\9.0.313\Microsoft.NET.Sdk.WorkloadMSBuildSdkResolver.dll, MVID: 0788e264-6a70-4060-ab8f-3b1c4b1b6a41, AssemblyLoadContext: MSBuild plugin C:\Program Files\dotnet\sdk\9.0.313\Microsoft.NET.Sdk.WorkloadMSBuildSdkResolver.dll)
                   Assembly loaded during Evaluation: Microsoft.DotNet.Cli.Utils, Version=9.0.313.0, Culture=neutral, PublicKeyToken=adb9793829ddae60 (location: C:\Program Files\dotnet\sdk\9.0.313\Microsoft.DotNet.Cli.Utils.dll, MVID: 1e4eb519-1053-4bf5-b89f-79796d8ec82f, AssemblyLoadContext: MSBuild plugin C:\Program Files\dotnet\sdk\9.0.313\Microsoft.NET.Sdk.WorkloadMSBuildSdkResolver.dll)
                   Assembly loaded during Evaluation: Microsoft.NET.Sdk.WorkloadManifestReader, Version=9.0.313.0, Culture=neutral, PublicKeyToken=adb9793829ddae60 (location: C:\Program Files\dotnet\sdk\9.0.313\Microsoft.NET.Sdk.WorkloadManifestReader.dll, MVID: 161e75c0-2f1b-427a-ad69-7180a1ad5b3b, AssemblyLoadContext: MSBuild plugin C:\Program Files\dotnet\sdk\9.0.313\Microsoft.NET.Sdk.WorkloadMSBuildSdkResolver.dll)
                   Assembly loaded during Evaluation: Microsoft.Deployment.DotNet.Releases, Version=2.0.0.0, Culture=neutral, PublicKeyToken=31bf3856ad364e35 (location: C:\Program Files\dotnet\sdk\9.0.313\Microsoft.Deployment.DotNet.Releases.dll, MVID: 400d16c0-099c-46d2-bc0e-802a0637399b, AssemblyLoadContext: MSBuild plugin C:\Program Files\dotnet\sdk\9.0.313\Microsoft.NET.Sdk.WorkloadMSBuildSdkResolver.dll)
                   The SDK "Microsoft.NET.SDK.WorkloadAutoImportPropsLocator" was successfully resolved by the "Microsoft.DotNet.MSBuildWorkloadSdkResolver" resolver to location "null" and version "null".
                   C:\Program Files\dotnet\sdk\9.0.313\Sdks\Microsoft.NET.Sdk\targets\Microsoft.NET.PackProjectTool.props(15,5): message : Property reassignment: $(TargetsForTfmSpecificContentInPackage)=";PackTool;_PackProjectToolValidation" (previous value: ";PackTool") at C:\Program Files\dotnet\sdk\9.0.313\Sdks\Microsoft.NET.Sdk\targets\Microsoft.NET.PackProjectTool.props (15,5)
                   The SDK "Microsoft.NET.Sdk.Razor" was successfully resolved by the "DefaultSdkResolver" resolver to location "C:\Program Files\dotnet\sdk\9.0.313\Sdks\Microsoft.NET.Sdk.Razor\Sdk" and version "".
                   The SDK "Microsoft.NET.Sdk.StaticWebAssets" was successfully resolved by the "DefaultSdkResolver" resolver to location "C:\Program Files\dotnet\sdk\9.0.313\Sdks\Microsoft.NET.Sdk.StaticWebAssets\Sdk" and version "".
                   C:\Program Files\dotnet\sdk\9.0.313\Sdks\Microsoft.NET.Sdk.StaticWebAssets\Sdk\Sdk.StaticWebAssets.StaticAssets.ProjectSystem.props(23,5): message : Property reassignment: $(DefaultItemExcludes)=";**\node_modules\**;node_modules\**;**\jspm_packages\**;jspm_packages\**" (previous value: ";**\node_modules\**;node_modules\**") at C:\Program Files\dotnet\sdk\9.0.313\Sdks\Microsoft.NET.Sdk.StaticWebAssets\Sdk\Sdk.StaticWebAssets.StaticAssets.ProjectSystem.props (23,5)
                   C:\Program Files\dotnet\sdk\9.0.313\Sdks\Microsoft.NET.Sdk.StaticWebAssets\Sdk\Sdk.StaticWebAssets.StaticAssets.ProjectSystem.props(24,5): message : Property reassignment: $(DefaultItemExcludes)=";**\node_modules\**;node_modules\**;**\jspm_packages\**;jspm_packages\**;**\bower_components\**;bower_components\**" (previous value: ";**\node_modules\**;node_modules\**;**\jspm_packages\**;jspm_packages\**") at C:\Program Files\dotnet\sdk\9.0.313\Sdks\Microsoft.NET.Sdk.StaticWebAssets\Sdk\Sdk.StaticWebAssets.StaticAssets.ProjectSystem.props (24,5)
                   C:\Program Files\dotnet\sdk\9.0.313\Sdks\Microsoft.NET.Sdk.StaticWebAssets\Sdk\Sdk.StaticWebAssets.StaticAssets.ProjectSystem.props(25,5): message : Property reassignment: $(DefaultItemExcludes)=";**\node_modules\**;node_modules\**;**\jspm_packages\**;jspm_packages\**;**\bower_components\**;bower_components\**;**\packages.lock.json" (previous value: ";**\node_modules\**;node_modules\**;**\jspm_packages\**;jspm_packages\**;**\bower_components\**;bower_components\**") at C:\Program Files\dotnet\sdk\9.0.313\Sdks\Microsoft.NET.Sdk.StaticWebAssets\Sdk\Sdk.StaticWebAssets.StaticAssets.ProjectSystem.props (25,5)
                   The SDK "Microsoft.NET.Sdk.Web.ProjectSystem" was successfully resolved by the "DefaultSdkResolver" resolver to location "C:\Program Files\dotnet\sdk\9.0.313\Sdks\Microsoft.NET.Sdk.Web.ProjectSystem\Sdk" and version "".
                   C:\Program Files\dotnet\sdk\9.0.313\Sdks\Microsoft.NET.Sdk.Web.ProjectSystem\targets\Microsoft.NET.Sdk.Web.ProjectSystem.props(16,5): message : Property reassignment: $(OutputType)="Exe" (previous value: "Library") at C:\Program Files\dotnet\sdk\9.0.313\Sdks\Microsoft.NET.Sdk.Web.ProjectSystem\targets\Microsoft.NET.Sdk.Web.ProjectSystem.props (16,5)
                   The SDK "Microsoft.NET.Sdk.Publish" was successfully resolved by the "DefaultSdkResolver" resolver to location "C:\Program Files\dotnet\sdk\9.0.313\Sdks\Microsoft.NET.Sdk.Publish\Sdk" and version "".
                   C:\Users\frank.io\source\repos\hng-genderizeApp\hng-genderizeApp\hng-genderizeApp.csproj(7,5): message : Property reassignment: $(RootNamespace)="hng_genderizeApp" (previous value: "hng-genderizeApp") at C:\Users\frank.io\source\repos\hng-genderizeApp\hng-genderizeApp\hng-genderizeApp.csproj (7,5)
                   The "Configuration" property is a global property, and cannot be modified.
                   The "Platform" property is a global property, and cannot be modified.
                   C:\Program Files\dotnet\sdk\9.0.313\Sdks\Microsoft.NET.Sdk\targets\Microsoft.NET.Sdk.ImportPublishProfile.targets(28,5): message : Property reassignment: $(PublishProfileImported)="false" (previous value: "true") at C:\Program Files\dotnet\sdk\9.0.313\Sdks\Microsoft.NET.Sdk\targets\Microsoft.NET.Sdk.ImportPublishProfile.targets (28,5)
                   C:\Program Files\dotnet\sdk\9.0.313\Sdks\Microsoft.NET.Sdk\targets\Microsoft.NET.TargetFrameworkInference.targets(69,5): message : Property reassignment: $(TargetPlatformVersion)="" (previous value: "0.0") at C:\Program Files\dotnet\sdk\9.0.313\Sdks\Microsoft.NET.Sdk\targets\Microsoft.NET.TargetFrameworkInference.targets (69,5)
                   C:\Program Files\dotnet\sdk\9.0.313\Sdks\Microsoft.NET.Sdk\targets\Microsoft.NET.DefaultOutputPaths.targets(121,5): message : Property reassignment: $(DefaultItemExcludes)=";**\node_modules\**;node_modules\**;**\jspm_packages\**;jspm_packages\**;**\bower_components\**;bower_components\**;**\packages.lock.json;bin\Debug\/**" (previous value: ";**\node_modules\**;node_modules\**;**\jspm_packages\**;jspm_packages\**;**\bower_components\**;bower_components\**;**\packages.lock.json") at C:\Program Files\dotnet\sdk\9.0.313\Sdks\Microsoft.NET.Sdk\targets\Microsoft.NET.DefaultOutputPaths.targets (121,5)
                   C:\Program Files\dotnet\sdk\9.0.313\Sdks\Microsoft.NET.Sdk\targets\Microsoft.NET.DefaultOutputPaths.targets(122,5): message : Property reassignment: $(DefaultItemExcludes)=";**\node_modules\**;node_modules\**;**\jspm_packages\**;jspm_packages\**;**\bower_components\**;bower_components\**;**\packages.lock.json;bin\Debug\/**;obj\Debug\/**" (previous value: ";**\node_modules\**;node_modules\**;**\jspm_packages\**;jspm_packages\**;**\bower_components\**;bower_components\**;**\packages.lock.json;bin\Debug\/**") at C:\Program Files\dotnet\sdk\9.0.313\Sdks\Microsoft.NET.Sdk\targets\Microsoft.NET.DefaultOutputPaths.targets (122,5)
                   C:\Program Files\dotnet\sdk\9.0.313\Sdks\Microsoft.NET.Sdk\targets\Microsoft.NET.DefaultOutputPaths.targets(137,5): message : Property reassignment: $(OutputPath)="bin\Debug\net9.0\" (previous value: "bin\Debug\") at C:\Program Files\dotnet\sdk\9.0.313\Sdks\Microsoft.NET.Sdk\targets\Microsoft.NET.DefaultOutputPaths.targets (137,5)
                   C:\Program Files\dotnet\sdk\9.0.313\Sdks\Microsoft.NET.Sdk\targets\Microsoft.NET.DefaultOutputPaths.targets(142,5): message : Property reassignment: $(IntermediateOutputPath)="obj\Debug\net9.0\" (previous value: "obj\Debug\") at C:\Program Files\dotnet\sdk\9.0.313\Sdks\Microsoft.NET.Sdk\targets\Microsoft.NET.DefaultOutputPaths.targets (142,5)
                   The "DefaultSdkResolver" resolver attempted to resolve the SDK "Microsoft.NET.SDK.WorkloadManifestTargetsLocator".
                   Warnings: null
                   Errors: MSB4276: The default SDK resolver failed to resolve SDK "Microsoft.NET.SDK.WorkloadManifestTargetsLocator" because directory "C:\Program Files\dotnet\sdk\9.0.313\Sdks\Microsoft.NET.SDK.WorkloadManifestTargetsLocator\Sdk" did not exist.
                   The SDK "Microsoft.NET.SDK.WorkloadManifestTargetsLocator" was successfully resolved by the "Microsoft.DotNet.MSBuildWorkloadSdkResolver" resolver to location "C:\Program Files\dotnet\sdk-manifests\9.0.100\microsoft.net.sdk.android\35.0.78" and version "null".
                   C:\Program Files\dotnet\sdk\9.0.313\Sdks\Microsoft.NET.Sdk\targets\Microsoft.NET.Sdk.BeforeCommon.targets(187,5): message : Property reassignment: $(_FrameworkIdentifierForImplicitDefine)="NET" (previous value: "NETCOREAPP") at C:\Program Files\dotnet\sdk\9.0.313\Sdks\Microsoft.NET.Sdk\targets\Microsoft.NET.Sdk.BeforeCommon.targets (187,5)
                   C:\Program Files\dotnet\sdk\9.0.313\Sdks\Microsoft.NET.Sdk\targets\Microsoft.NET.Sdk.BeforeCommon.targets(192,5): message : Property reassignment: $(_FrameworkVersionForImplicitDefine)="9_0" (previous value: "9.0") at C:\Program Files\dotnet\sdk\9.0.313\Sdks\Microsoft.NET.Sdk\targets\Microsoft.NET.Sdk.BeforeCommon.targets (192,5)
                   C:\Program Files\dotnet\sdk\9.0.313\Roslyn\Microsoft.CSharp.Core.targets(200,5): message : Property reassignment: $(CommandLineArgsForDesignTimeEvaluation)="-langversion:13.0 -define:TRACE" (previous value: "-langversion:13.0") at C:\Program Files\dotnet\sdk\9.0.313\Roslyn\Microsoft.CSharp.Core.targets (200,5)
                   The "Platform" property is a global property, and cannot be modified.
                   The "Configuration" property is a global property, and cannot be modified.
                   C:\Program Files\dotnet\sdk\9.0.313\Microsoft.Common.CurrentVersion.targets(175,5): message : Property reassignment: $(_DebugSymbolsProduced)="true" (previous value: "false") at C:\Program Files\dotnet\sdk\9.0.313\Microsoft.Common.CurrentVersion.targets (175,5)
                   C:\Program Files\dotnet\sdk\9.0.313\Microsoft.Common.CurrentVersion.targets(185,5): message : Property reassignment: $(_DocumentationFileProduced)="false" (previous value: "true") at C:\Program Files\dotnet\sdk\9.0.313\Microsoft.Common.CurrentVersion.targets (185,5)
                   The "SolutionName" property is a global property, and cannot be modified.
                   The "SolutionFileName" property is a global property, and cannot be modified.
                   The "SolutionPath" property is a global property, and cannot be modified.
                   The "SolutionDir" property is a global property, and cannot be modified.
                   The "SolutionExt" property is a global property, and cannot be modified.
                   C:\Program Files\dotnet\sdk\9.0.313\Microsoft.Common.CurrentVersion.targets(392,5): message : Property reassignment: $(MSBuildCopyMarkerName)="hng-gend.CAC696EB" (previous value: "hng-genderizeApp.csproj") at C:\Program Files\dotnet\sdk\9.0.313\Microsoft.Common.CurrentVersion.targets (392,5)
                   C:\Program Files\dotnet\sdk\9.0.313\Microsoft.Common.CurrentVersion.targets(393,5): message : Property reassignment: $(MSBuildCopyMarkerName)="hng-gend.CAC696EB.Up2Date" (previous value: "hng-gend.CAC696EB") at C:\Program Files\dotnet\sdk\9.0.313\Microsoft.Common.CurrentVersion.targets (393,5)
                   C:\Program Files\dotnet\sdk\9.0.313\Microsoft.Common.CurrentVersion.targets(541,5): message : Property reassignment: $(ProcessorArchitecture)="msil" (previous value: "") at C:\Program Files\dotnet\sdk\9.0.313\Microsoft.Common.CurrentVersion.targets (541,5)
                   C:\Program Files\dotnet\sdk\9.0.313\Microsoft.Common.CurrentVersion.targets(580,5): message : Property reassignment: $(DelaySign)="" (previous value: "false") at C:\Program Files\dotnet\sdk\9.0.313\Microsoft.Common.CurrentVersion.targets (580,5)
                   C:\Program Files\dotnet\sdk\9.0.313\Microsoft.Common.CurrentVersion.targets(2619,5): message : Property 'LOCALAPPDATA' with value 'C:\Users\frank.io\AppData\Local' expanded from the environment.
                   C:\Program Files\dotnet\sdk\9.0.313\Microsoft.Common.CurrentVersion.targets(3947,5): message : Property reassignment: $(_SGenGenerateSerializationAssembliesConfig)="Auto" (previous value: "") at C:\Program Files\dotnet\sdk\9.0.313\Microsoft.Common.CurrentVersion.targets (3947,5)
                   C:\Program Files\dotnet\sdk\9.0.313\Microsoft.Common.CurrentVersion.targets(3948,5): message : Property reassignment: $(_SGenGenerateSerializationAssembliesConfig)="Off" (previous value: "Auto") at C:\Program Files\dotnet\sdk\9.0.313\Microsoft.Common.CurrentVersion.targets (3948,5)
                   C:\Program Files\dotnet\sdk\9.0.313\Microsoft.Common.CurrentVersion.targets(5159,5): message : Property reassignment: $(_TargetsThatPrepareProjectReferences)="
                   C:\Program Files\dotnet\sdk\9.0.313\Microsoft.Common.CurrentVersion.targets(5159,5): message :       AssignProjectConfiguration;
                   C:\Program Files\dotnet\sdk\9.0.313\Microsoft.Common.CurrentVersion.targets(5159,5): message :       _SplitProjectReferencesByFileExistence
                   C:\Program Files\dotnet\sdk\9.0.313\Microsoft.Common.CurrentVersion.targets(5159,5): message :     " (previous value: "_SplitProjectReferencesByFileExistence") at C:\Program Files\dotnet\sdk\9.0.313\Microsoft.Common.CurrentVersion.targets (5159,5)
                   C:\Program Files\dotnet\sdk\9.0.313\Microsoft.Common.CurrentVersion.targets(6954,5): message : Property 'MSBuildExtensionsPath32' with value 'C:\Program Files\dotnet\sdk\9.0.313' expanded from the environment.
                   The "_RestoreSolutionFileUsed" property is a global property, and cannot be modified.
                   C:\Program Files\dotnet\sdk\9.0.313\NuGet.targets(104,5): message : Property reassignment: $(_GenerateRestoreGraphProjectEntryInputProperties)="
                   C:\Program Files\dotnet\sdk\9.0.313\NuGet.targets(104,5): message :       ExcludeRestorePackageImports=true;
                   C:\Program Files\dotnet\sdk\9.0.313\NuGet.targets(104,5): message :       _RestoreSolutionFileUsed=true;
                   C:\Program Files\dotnet\sdk\9.0.313\NuGet.targets(104,5): message :       SolutionDir=C:\Users\frank.io\source\repos\hng-genderizeApp\;
                   C:\Program Files\dotnet\sdk\9.0.313\NuGet.targets(104,5): message :       SolutionName=hng-genderizeApp;
                   C:\Program Files\dotnet\sdk\9.0.313\NuGet.targets(104,5): message :       SolutionFileName=hng-genderizeApp.sln;
                   C:\Program Files\dotnet\sdk\9.0.313\NuGet.targets(104,5): message :       SolutionPath=C:\Users\frank.io\source\repos\hng-genderizeApp\hng-genderizeApp.sln;
                   C:\Program Files\dotnet\sdk\9.0.313\NuGet.targets(104,5): message :       SolutionExt=.sln;
                   C:\Program Files\dotnet\sdk\9.0.313\NuGet.targets(104,5): message :     " (previous value: "ExcludeRestorePackageImports=true") at C:\Program Files\dotnet\sdk\9.0.313\NuGet.targets (104,5)
                   C:\Program Files\dotnet\sdk\9.0.313\Sdks\Microsoft.NET.Sdk\targets\Microsoft.PackageDependencyResolution.targets(24,5): message : Property reassignment: $(ProjectAssetsFile)="C:\Users\frank.io\source\repos\hng-genderizeApp\hng-genderizeApp\obj\project.assets.json" (previous value: "C:\Users\frank.io\source\repos\hng-genderizeApp\hng-genderizeApp\obj\/project.assets.json") at C:\Program Files\dotnet\sdk\9.0.313\Sdks\Microsoft.NET.Sdk\targets\Microsoft.PackageDependencyResolution.targets (24,5)
                   C:\Program Files\dotnet\sdk\9.0.313\Sdks\Microsoft.NET.Sdk\targets\Microsoft.PackageDependencyResolution.targets(29,5): message : Property reassignment: $(ProjectAssetsCacheFile)="C:\Users\frank.io\source\repos\hng-genderizeApp\hng-genderizeApp\obj\Debug\net9.0\hng-genderizeApp.assets.cache" (previous value: "obj\Debug\net9.0\hng-genderizeApp.assets.cache") at C:\Program Files\dotnet\sdk\9.0.313\Sdks\Microsoft.NET.Sdk\targets\Microsoft.PackageDependencyResolution.targets (29,5)
                   C:\Program Files\dotnet\sdk\9.0.313\Sdks\Microsoft.NET.Sdk\targets\Microsoft.PackageDependencyResolution.targets(80,5): message : Property reassignment: $(ResolveAssemblyReferencesDependsOn)="
                   C:\Program Files\dotnet\sdk\9.0.313\Sdks\Microsoft.NET.Sdk\targets\Microsoft.PackageDependencyResolution.targets(80,5): message :       
                   C:\Program Files\dotnet\sdk\9.0.313\Sdks\Microsoft.NET.Sdk\targets\Microsoft.PackageDependencyResolution.targets(80,5): message :       ResolveProjectReferences;
                   C:\Program Files\dotnet\sdk\9.0.313\Sdks\Microsoft.NET.Sdk\targets\Microsoft.PackageDependencyResolution.targets(80,5): message :       FindInvalidProjectReferences;
                   C:\Program Files\dotnet\sdk\9.0.313\Sdks\Microsoft.NET.Sdk\targets\Microsoft.PackageDependencyResolution.targets(80,5): message :       GetFrameworkPaths;
                   C:\Program Files\dotnet\sdk\9.0.313\Sdks\Microsoft.NET.Sdk\targets\Microsoft.PackageDependencyResolution.targets(80,5): message :       GetReferenceAssemblyPaths;
                   C:\Program Files\dotnet\sdk\9.0.313\Sdks\Microsoft.NET.Sdk\targets\Microsoft.PackageDependencyResolution.targets(80,5): message :       PrepareForBuild;
                   C:\Program Files\dotnet\sdk\9.0.313\Sdks\Microsoft.NET.Sdk\targets\Microsoft.PackageDependencyResolution.targets(80,5): message :       ResolveSDKReferences;
                   C:\Program Files\dotnet\sdk\9.0.313\Sdks\Microsoft.NET.Sdk\targets\Microsoft.PackageDependencyResolution.targets(80,5): message :       ExpandSDKReferences;
                   C:\Program Files\dotnet\sdk\9.0.313\Sdks\Microsoft.NET.Sdk\targets\Microsoft.PackageDependencyResolution.targets(80,5): message :     ;
                   C:\Program Files\dotnet\sdk\9.0.313\Sdks\Microsoft.NET.Sdk\targets\Microsoft.PackageDependencyResolution.targets(80,5): message :       ResolvePackageDependenciesForBuild;
                   C:\Program Files\dotnet\sdk\9.0.313\Sdks\Microsoft.NET.Sdk\targets\Microsoft.PackageDependencyResolution.targets(80,5): message :       _HandlePackageFileConflicts;
                   C:\Program Files\dotnet\sdk\9.0.313\Sdks\Microsoft.NET.Sdk\targets\Microsoft.PackageDependencyResolution.targets(80,5): message :     " (previous value: "
                   C:\Program Files\dotnet\sdk\9.0.313\Sdks\Microsoft.NET.Sdk\targets\Microsoft.PackageDependencyResolution.targets(80,5): message :       ResolveProjectReferences;
                   C:\Program Files\dotnet\sdk\9.0.313\Sdks\Microsoft.NET.Sdk\targets\Microsoft.PackageDependencyResolution.targets(80,5): message :       FindInvalidProjectReferences;
                   C:\Program Files\dotnet\sdk\9.0.313\Sdks\Microsoft.NET.Sdk\targets\Microsoft.PackageDependencyResolution.targets(80,5): message :       GetFrameworkPaths;
                   C:\Program Files\dotnet\sdk\9.0.313\Sdks\Microsoft.NET.Sdk\targets\Microsoft.PackageDependencyResolution.targets(80,5): message :       GetReferenceAssemblyPaths;
                   C:\Program Files\dotnet\sdk\9.0.313\Sdks\Microsoft.NET.Sdk\targets\Microsoft.PackageDependencyResolution.targets(80,5): message :       PrepareForBuild;
                   C:\Program Files\dotnet\sdk\9.0.313\Sdks\Microsoft.NET.Sdk\targets\Microsoft.PackageDependencyResolution.targets(80,5): message :       ResolveSDKReferences;
                   C:\Program Files\dotnet\sdk\9.0.313\Sdks\Microsoft.NET.Sdk\targets\Microsoft.PackageDependencyResolution.targets(80,5): message :       ExpandSDKReferences;
                   C:\Program Files\dotnet\sdk\9.0.313\Sdks\Microsoft.NET.Sdk\targets\Microsoft.PackageDependencyResolution.targets(80,5): message :     ") at C:\Program Files\dotnet\sdk\9.0.313\Sdks\Microsoft.NET.Sdk\targets\Microsoft.PackageDependencyResolution.targets (80,5)
                   C:\Program Files\dotnet\sdk\9.0.313\Sdks\Microsoft.NET.Sdk\targets\Microsoft.PackageDependencyResolution.targets(86,5): message : Property reassignment: $(PrepareResourcesDependsOn)="
                   C:\Program Files\dotnet\sdk\9.0.313\Sdks\Microsoft.NET.Sdk\targets\Microsoft.PackageDependencyResolution.targets(86,5): message :       ResolvePackageDependenciesForBuild;
                   C:\Program Files\dotnet\sdk\9.0.313\Sdks\Microsoft.NET.Sdk\targets\Microsoft.PackageDependencyResolution.targets(86,5): message :       _HandlePackageFileConflicts;
                   C:\Program Files\dotnet\sdk\9.0.313\Sdks\Microsoft.NET.Sdk\targets\Microsoft.PackageDependencyResolution.targets(86,5): message :       
                   C:\Program Files\dotnet\sdk\9.0.313\Sdks\Microsoft.NET.Sdk\targets\Microsoft.PackageDependencyResolution.targets(86,5): message :       ;
                   C:\Program Files\dotnet\sdk\9.0.313\Sdks\Microsoft.NET.Sdk\targets\Microsoft.PackageDependencyResolution.targets(86,5): message :       PrepareResourceNames;
                   C:\Program Files\dotnet\sdk\9.0.313\Sdks\Microsoft.NET.Sdk\targets\Microsoft.PackageDependencyResolution.targets(86,5): message :       ResGen;
                   C:\Program Files\dotnet\sdk\9.0.313\Sdks\Microsoft.NET.Sdk\targets\Microsoft.PackageDependencyResolution.targets(86,5): message :       CompileLicxFiles
                   C:\Program Files\dotnet\sdk\9.0.313\Sdks\Microsoft.NET.Sdk\targets\Microsoft.PackageDependencyResolution.targets(86,5): message :     
                   C:\Program Files\dotnet\sdk\9.0.313\Sdks\Microsoft.NET.Sdk\targets\Microsoft.PackageDependencyResolution.targets(86,5): message :     " (previous value: "
                   C:\Program Files\dotnet\sdk\9.0.313\Sdks\Microsoft.NET.Sdk\targets\Microsoft.PackageDependencyResolution.targets(86,5): message :       ;
                   C:\Program Files\dotnet\sdk\9.0.313\Sdks\Microsoft.NET.Sdk\targets\Microsoft.PackageDependencyResolution.targets(86,5): message :       PrepareResourceNames;
                   C:\Program Files\dotnet\sdk\9.0.313\Sdks\Microsoft.NET.Sdk\targets\Microsoft.PackageDependencyResolution.targets(86,5): message :       ResGen;
                   C:\Program Files\dotnet\sdk\9.0.313\Sdks\Microsoft.NET.Sdk\targets\Microsoft.PackageDependencyResolution.targets(86,5): message :       CompileLicxFiles
                   C:\Program Files\dotnet\sdk\9.0.313\Sdks\Microsoft.NET.Sdk\targets\Microsoft.PackageDependencyResolution.targets(86,5): message :     ") at C:\Program Files\dotnet\sdk\9.0.313\Sdks\Microsoft.NET.Sdk\targets\Microsoft.PackageDependencyResolution.targets (86,5)
                   C:\Program Files\dotnet\sdk\9.0.313\Sdks\Microsoft.NET.Sdk\targets\Microsoft.NET.Sdk.DefaultItems.targets(27,5): message : Property reassignment: $(DefaultItemExcludes)=";**\node_modules\**;node_modules\**;**\jspm_packages\**;jspm_packages\**;**\bower_components\**;bower_components\**;**\packages.lock.json;bin\Debug\/**;obj\Debug\/**;bin\/**" (previous value: ";**\node_modules\**;node_modules\**;**\jspm_packages\**;jspm_packages\**;**\bower_components\**;bower_components\**;**\packages.lock.json;bin\Debug\/**;obj\Debug\/**") at C:\Program Files\dotnet\sdk\9.0.313\Sdks\Microsoft.NET.Sdk\targets\Microsoft.NET.Sdk.DefaultItems.targets (27,5)
                   C:\Program Files\dotnet\sdk\9.0.313\Sdks\Microsoft.NET.Sdk\targets\Microsoft.NET.Sdk.DefaultItems.targets(29,5): message : Property reassignment: $(DefaultItemExcludes)=";**\node_modules\**;node_modules\**;**\jspm_packages\**;jspm_packages\**;**\bower_components\**;bower_components\**;**\packages.lock.json;bin\Debug\/**;obj\Debug\/**;bin\/**;obj\/**" (previous value: ";**\node_modules\**;node_modules\**;**\jspm_packages\**;jspm_packages\**;**\bower_components\**;bower_components\**;**\packages.lock.json;bin\Debug\/**;obj\Debug\/**;bin\/**") at C:\Program Files\dotnet\sdk\9.0.313\Sdks\Microsoft.NET.Sdk\targets\Microsoft.NET.Sdk.DefaultItems.targets (29,5)
                   C:\Program Files\dotnet\sdk\9.0.313\Sdks\Microsoft.NET.Sdk\targets\Microsoft.NET.Sdk.DefaultItems.targets(32,5): message : Property reassignment: $(DefaultItemExcludes)=";**\node_modules\**;node_modules\**;**\jspm_packages\**;jspm_packages\**;**\bower_components\**;bower_components\**;**\packages.lock.json;bin\Debug\/**;obj\Debug\/**;bin\/**;obj\/**;**/*.user" (previous value: ";**\node_modules\**;node_modules\**;**\jspm_packages\**;jspm_packages\**;**\bower_components\**;bower_components\**;**\packages.lock.json;bin\Debug\/**;obj\Debug\/**;bin\/**;obj\/**") at C:\Program Files\dotnet\sdk\9.0.313\Sdks\Microsoft.NET.Sdk\targets\Microsoft.NET.Sdk.DefaultItems.targets (32,5)
                   C:\Program Files\dotnet\sdk\9.0.313\Sdks\Microsoft.NET.Sdk\targets\Microsoft.NET.Sdk.DefaultItems.targets(33,5): message : Property reassignment: $(DefaultItemExcludes)=";**\node_modules\**;node_modules\**;**\jspm_packages\**;jspm_packages\**;**\bower_components\**;bower_components\**;**\packages.lock.json;bin\Debug\/**;obj\Debug\/**;bin\/**;obj\/**;**/*.user;**/*.*proj" (previous value: ";**\node_modules\**;node_modules\**;**\jspm_packages\**;jspm_packages\**;**\bower_components\**;bower_components\**;**\packages.lock.json;bin\Debug\/**;obj\Debug\/**;bin\/**;obj\/**;**/*.user") at C:\Program Files\dotnet\sdk\9.0.313\Sdks\Microsoft.NET.Sdk\targets\Microsoft.NET.Sdk.DefaultItems.targets (33,5)
                   C:\Program Files\dotnet\sdk\9.0.313\Sdks\Microsoft.NET.Sdk\targets\Microsoft.NET.Sdk.DefaultItems.targets(34,5): message : Property reassignment: $(DefaultItemExcludes)=";**\node_modules\**;node_modules\**;**\jspm_packages\**;jspm_packages\**;**\bower_components\**;bower_components\**;**\packages.lock.json;bin\Debug\/**;obj\Debug\/**;bin\/**;obj\/**;**/*.user;**/*.*proj;**/*.sln" (previous value: ";**\node_modules\**;node_modules\**;**\jspm_packages\**;jspm_packages\**;**\bower_components\**;bower_components\**;**\packages.lock.json;bin\Debug\/**;obj\Debug\/**;bin\/**;obj\/**;**/*.user;**/*.*proj") at C:\Program Files\dotnet\sdk\9.0.313\Sdks\Microsoft.NET.Sdk\targets\Microsoft.NET.Sdk.DefaultItems.targets (34,5)
                   C:\Program Files\dotnet\sdk\9.0.313\Sdks\Microsoft.NET.Sdk\targets\Microsoft.NET.Sdk.DefaultItems.targets(35,5): message : Property reassignment: $(DefaultItemExcludes)=";**\node_modules\**;node_modules\**;**\jspm_packages\**;jspm_packages\**;**\bower_components\**;bower_components\**;**\packages.lock.json;bin\Debug\/**;obj\Debug\/**;bin\/**;obj\/**;**/*.user;**/*.*proj;**/*.sln;**/*.slnx" (previous value: ";**\node_modules\**;node_modules\**;**\jspm_packages\**;jspm_packages\**;**\bower_components\**;bower_components\**;**\packages.lock.json;bin\Debug\/**;obj\Debug\/**;bin\/**;obj\/**;**/*.user;**/*.*proj;**/*.sln") at C:\Program Files\dotnet\sdk\9.0.313\Sdks\Microsoft.NET.Sdk\targets\Microsoft.NET.Sdk.DefaultItems.targets (35,5)
                   C:\Program Files\dotnet\sdk\9.0.313\Sdks\Microsoft.NET.Sdk\targets\Microsoft.NET.Sdk.DefaultItems.targets(36,5): message : Property reassignment: $(DefaultItemExcludes)=";**\node_modules\**;node_modules\**;**\jspm_packages\**;jspm_packages\**;**\bower_components\**;bower_components\**;**\packages.lock.json;bin\Debug\/**;obj\Debug\/**;bin\/**;obj\/**;**/*.user;**/*.*proj;**/*.sln;**/*.slnx;**/*.vssscc" (previous value: ";**\node_modules\**;node_modules\**;**\jspm_packages\**;jspm_packages\**;**\bower_components\**;bower_components\**;**\packages.lock.json;bin\Debug\/**;obj\Debug\/**;bin\/**;obj\/**;**/*.user;**/*.*proj;**/*.sln;**/*.slnx") at C:\Program Files\dotnet\sdk\9.0.313\Sdks\Microsoft.NET.Sdk\targets\Microsoft.NET.Sdk.DefaultItems.targets (36,5)
                   C:\Program Files\dotnet\sdk\9.0.313\Sdks\Microsoft.NET.Sdk\targets\Microsoft.NET.Sdk.DefaultItems.targets(37,5): message : Property reassignment: $(DefaultItemExcludes)=";**\node_modules\**;node_modules\**;**\jspm_packages\**;jspm_packages\**;**\bower_components\**;bower_components\**;**\packages.lock.json;bin\Debug\/**;obj\Debug\/**;bin\/**;obj\/**;**/*.user;**/*.*proj;**/*.sln;**/*.slnx;**/*.vssscc;**/.DS_Store" (previous value: ";**\node_modules\**;node_modules\**;**\jspm_packages\**;jspm_packages\**;**\bower_components\**;bower_components\**;**\packages.lock.json;bin\Debug\/**;obj\Debug\/**;bin\/**;obj\/**;**/*.user;**/*.*proj;**/*.sln;**/*.slnx;**/*.vssscc") at C:\Program Files\dotnet\sdk\9.0.313\Sdks\Microsoft.NET.Sdk\targets\Microsoft.NET.Sdk.DefaultItems.targets (37,5)
                   C:\Program Files\dotnet\sdk\9.0.313\Sdks\Microsoft.NET.Sdk\targets\Microsoft.NET.Sdk.FrameworkReferenceResolution.targets(14,5): message : Property reassignment: $(ResolveAssemblyReferencesDependsOn)="
                   C:\Program Files\dotnet\sdk\9.0.313\Sdks\Microsoft.NET.Sdk\targets\Microsoft.NET.Sdk.FrameworkReferenceResolution.targets(14,5): message :       
                   C:\Program Files\dotnet\sdk\9.0.313\Sdks\Microsoft.NET.Sdk\targets\Microsoft.NET.Sdk.FrameworkReferenceResolution.targets(14,5): message :       
                   C:\Program Files\dotnet\sdk\9.0.313\Sdks\Microsoft.NET.Sdk\targets\Microsoft.NET.Sdk.FrameworkReferenceResolution.targets(14,5): message :       ResolveProjectReferences;
                   C:\Program Files\dotnet\sdk\9.0.313\Sdks\Microsoft.NET.Sdk\targets\Microsoft.NET.Sdk.FrameworkReferenceResolution.targets(14,5): message :       FindInvalidProjectReferences;
                   C:\Program Files\dotnet\sdk\9.0.313\Sdks\Microsoft.NET.Sdk\targets\Microsoft.NET.Sdk.FrameworkReferenceResolution.targets(14,5): message :       GetFrameworkPaths;
                   C:\Program Files\dotnet\sdk\9.0.313\Sdks\Microsoft.NET.Sdk\targets\Microsoft.NET.Sdk.FrameworkReferenceResolution.targets(14,5): message :       GetReferenceAssemblyPaths;
                   C:\Program Files\dotnet\sdk\9.0.313\Sdks\Microsoft.NET.Sdk\targets\Microsoft.NET.Sdk.FrameworkReferenceResolution.targets(14,5): message :       PrepareForBuild;
                   C:\Program Files\dotnet\sdk\9.0.313\Sdks\Microsoft.NET.Sdk\targets\Microsoft.NET.Sdk.FrameworkReferenceResolution.targets(14,5): message :       ResolveSDKReferences;
                   C:\Program Files\dotnet\sdk\9.0.313\Sdks\Microsoft.NET.Sdk\targets\Microsoft.NET.Sdk.FrameworkReferenceResolution.targets(14,5): message :       ExpandSDKReferences;
                   C:\Program Files\dotnet\sdk\9.0.313\Sdks\Microsoft.NET.Sdk\targets\Microsoft.NET.Sdk.FrameworkReferenceResolution.targets(14,5): message :     ;
                   C:\Program Files\dotnet\sdk\9.0.313\Sdks\Microsoft.NET.Sdk\targets\Microsoft.NET.Sdk.FrameworkReferenceResolution.targets(14,5): message :       ResolvePackageDependenciesForBuild;
                   C:\Program Files\dotnet\sdk\9.0.313\Sdks\Microsoft.NET.Sdk\targets\Microsoft.NET.Sdk.FrameworkReferenceResolution.targets(14,5): message :       _HandlePackageFileConflicts;
                   C:\Program Files\dotnet\sdk\9.0.313\Sdks\Microsoft.NET.Sdk\targets\Microsoft.NET.Sdk.FrameworkReferenceResolution.targets(14,5): message :     ;
                   C:\Program Files\dotnet\sdk\9.0.313\Sdks\Microsoft.NET.Sdk\targets\Microsoft.NET.Sdk.FrameworkReferenceResolution.targets(14,5): message :       ResolveTargetingPackAssets;
                   C:\Program Files\dotnet\sdk\9.0.313\Sdks\Microsoft.NET.Sdk\targets\Microsoft.NET.Sdk.FrameworkReferenceResolution.targets(14,5): message :     " (previous value: "
                   C:\Program Files\dotnet\sdk\9.0.313\Sdks\Microsoft.NET.Sdk\targets\Microsoft.NET.Sdk.FrameworkReferenceResolution.targets(14,5): message :       
                   C:\Program Files\dotnet\sdk\9.0.313\Sdks\Microsoft.NET.Sdk\targets\Microsoft.NET.Sdk.FrameworkReferenceResolution.targets(14,5): message :       ResolveProjectReferences;
                   C:\Program Files\dotnet\sdk\9.0.313\Sdks\Microsoft.NET.Sdk\targets\Microsoft.NET.Sdk.FrameworkReferenceResolution.targets(14,5): message :       FindInvalidProjectReferences;
                   C:\Program Files\dotnet\sdk\9.0.313\Sdks\Microsoft.NET.Sdk\targets\Microsoft.NET.Sdk.FrameworkReferenceResolution.targets(14,5): message :       GetFrameworkPaths;
                   C:\Program Files\dotnet\sdk\9.0.313\Sdks\Microsoft.NET.Sdk\targets\Microsoft.NET.Sdk.FrameworkReferenceResolution.targets(14,5): message :       GetReferenceAssemblyPaths;
                   C:\Program Files\dotnet\sdk\9.0.313\Sdks\Microsoft.NET.Sdk\targets\Microsoft.NET.Sdk.FrameworkReferenceResolution.targets(14,5): message :       PrepareForBuild;
                   C:\Program Files\dotnet\sdk\9.0.313\Sdks\Microsoft.NET.Sdk\targets\Microsoft.NET.Sdk.FrameworkReferenceResolution.targets(14,5): message :       ResolveSDKReferences;
                   C:\Program Files\dotnet\sdk\9.0.313\Sdks\Microsoft.NET.Sdk\targets\Microsoft.NET.Sdk.FrameworkReferenceResolution.targets(14,5): message :       ExpandSDKReferences;
                   C:\Program Files\dotnet\sdk\9.0.313\Sdks\Microsoft.NET.Sdk\targets\Microsoft.NET.Sdk.FrameworkReferenceResolution.targets(14,5): message :     ;
                   C:\Program Files\dotnet\sdk\9.0.313\Sdks\Microsoft.NET.Sdk\targets\Microsoft.NET.Sdk.FrameworkReferenceResolution.targets(14,5): message :       ResolvePackageDependenciesForBuild;
                   C:\Program Files\dotnet\sdk\9.0.313\Sdks\Microsoft.NET.Sdk\targets\Microsoft.NET.Sdk.FrameworkReferenceResolution.targets(14,5): message :       _HandlePackageFileConflicts;
                   C:\Program Files\dotnet\sdk\9.0.313\Sdks\Microsoft.NET.Sdk\targets\Microsoft.NET.Sdk.FrameworkReferenceResolution.targets(14,5): message :     ") at C:\Program Files\dotnet\sdk\9.0.313\Sdks\Microsoft.NET.Sdk\targets\Microsoft.NET.Sdk.FrameworkReferenceResolution.targets (14,5)
                   C:\Program Files\dotnet\sdk\9.0.313\Sdks\Microsoft.NET.Sdk\targets\Microsoft.NET.Sdk.targets(44,5): message : Property reassignment: $(_GenerateRuntimeConfigurationPropertyInputsCache)="C:\Users\frank.io\source\repos\hng-genderizeApp\hng-genderizeApp\obj\Debug\net9.0\hng-genderizeApp.genruntimeconfig.cache" (previous value: "obj\Debug\net9.0\hng-genderizeApp.genruntimeconfig.cache") at C:\Program Files\dotnet\sdk\9.0.313\Sdks\Microsoft.NET.Sdk\targets\Microsoft.NET.Sdk.targets (44,5)
                   C:\Program Files\dotnet\sdk\9.0.313\Sdks\Microsoft.NET.Sdk\targets\Microsoft.NET.Sdk.targets(46,5): message : Property reassignment: $(_GeneratePublishDependencyFilePropertyInputsCache)="C:\Users\frank.io\source\repos\hng-genderizeApp\hng-genderizeApp\obj\Debug\net9.0\hng-genderizeApp.genpublishdeps.cache" (previous value: "obj\Debug\net9.0\hng-genderizeApp.genpublishdeps.cache") at C:\Program Files\dotnet\sdk\9.0.313\Sdks\Microsoft.NET.Sdk\targets\Microsoft.NET.Sdk.targets (46,5)
                   C:\Program Files\dotnet\sdk\9.0.313\Sdks\Microsoft.NET.Sdk\targets\Microsoft.NET.Sdk.targets(48,5): message : Property reassignment: $(_GenerateSingleFileBundlePropertyInputsCache)="C:\Users\frank.io\source\repos\hng-genderizeApp\hng-genderizeApp\obj\Debug\net9.0\hng-genderizeApp.genbundle.cache" (previous value: "obj\Debug\net9.0\hng-genderizeApp.genbundle.cache") at C:\Program Files\dotnet\sdk\9.0.313\Sdks\Microsoft.NET.Sdk\targets\Microsoft.NET.Sdk.targets (48,5)
                   C:\Program Files\dotnet\sdk\9.0.313\Sdks\Microsoft.NET.Sdk\targets\Microsoft.NET.Sdk.targets(81,5): message : Property reassignment: $(GenerateRuntimeConfigDevFile)="false" (previous value: "true") at C:\Program Files\dotnet\sdk\9.0.313\Sdks\Microsoft.NET.Sdk\targets\Microsoft.NET.Sdk.targets (81,5)
                   C:\Program Files\dotnet\sdk\9.0.313\Sdks\Microsoft.NET.Sdk\targets\Microsoft.NET.Sdk.targets(97,5): message : Property 'USERPROFILE' with value 'C:\Users\frank.io' expanded from the environment.
                   C:\Program Files\dotnet\sdk\9.0.313\Sdks\Microsoft.NET.Sdk\targets\Microsoft.NET.Sdk.targets(97,5): message : Property reassignment: $(_DefaultUserProfileRuntimeStorePath)="C:\Users\frank.io" (previous value: "") at C:\Program Files\dotnet\sdk\9.0.313\Sdks\Microsoft.NET.Sdk\targets\Microsoft.NET.Sdk.targets (97,5)
                   C:\Program Files\dotnet\sdk\9.0.313\Sdks\Microsoft.NET.Sdk\targets\Microsoft.NET.Sdk.targets(98,5): message : Property reassignment: $(_DefaultUserProfileRuntimeStorePath)="C:\Users\frank.io\.dotnet\store" (previous value: "C:\Users\frank.io") at C:\Program Files\dotnet\sdk\9.0.313\Sdks\Microsoft.NET.Sdk\targets\Microsoft.NET.Sdk.targets (98,5)
                   C:\Program Files\dotnet\sdk\9.0.313\Sdks\Microsoft.NET.Sdk\targets\Microsoft.NET.Sdk.targets(140,5): message : Property reassignment: $(AvailablePlatforms)="Any CPU,x86,x64,ARM32" (previous value: "Any CPU,x86,x64") at C:\Program Files\dotnet\sdk\9.0.313\Sdks\Microsoft.NET.Sdk\targets\Microsoft.NET.Sdk.targets (140,5)
                   C:\Program Files\dotnet\sdk\9.0.313\Sdks\Microsoft.NET.Sdk\targets\Microsoft.NET.Sdk.targets(144,5): message : Property reassignment: $(AvailablePlatforms)="Any CPU,x86,x64,ARM32,ARM64" (previous value: "Any CPU,x86,x64,ARM32") at C:\Program Files\dotnet\sdk\9.0.313\Sdks\Microsoft.NET.Sdk\targets\Microsoft.NET.Sdk.targets (144,5)
                   C:\Program Files\dotnet\sdk\9.0.313\Sdks\Microsoft.NET.Sdk\targets\Microsoft.NET.Sdk.targets(201,5): message : Property reassignment: $(CoreBuildDependsOn)="
                   C:\Program Files\dotnet\sdk\9.0.313\Sdks\Microsoft.NET.Sdk\targets\Microsoft.NET.Sdk.targets(201,5): message :       _CheckForBuildWithNoBuild;
                   C:\Program Files\dotnet\sdk\9.0.313\Sdks\Microsoft.NET.Sdk\targets\Microsoft.NET.Sdk.targets(201,5): message :       
                   C:\Program Files\dotnet\sdk\9.0.313\Sdks\Microsoft.NET.Sdk\targets\Microsoft.NET.Sdk.targets(201,5): message :       BuildOnlySettings;
                   C:\Program Files\dotnet\sdk\9.0.313\Sdks\Microsoft.NET.Sdk\targets\Microsoft.NET.Sdk.targets(201,5): message :       PrepareForBuild;
                   C:\Program Files\dotnet\sdk\9.0.313\Sdks\Microsoft.NET.Sdk\targets\Microsoft.NET.Sdk.targets(201,5): message :       PreBuildEvent;
                   C:\Program Files\dotnet\sdk\9.0.313\Sdks\Microsoft.NET.Sdk\targets\Microsoft.NET.Sdk.targets(201,5): message :       ResolveReferences;
                   C:\Program Files\dotnet\sdk\9.0.313\Sdks\Microsoft.NET.Sdk\targets\Microsoft.NET.Sdk.targets(201,5): message :       PrepareResources;
                   C:\Program Files\dotnet\sdk\9.0.313\Sdks\Microsoft.NET.Sdk\targets\Microsoft.NET.Sdk.targets(201,5): message :       ResolveKeySource;
                   C:\Program Files\dotnet\sdk\9.0.313\Sdks\Microsoft.NET.Sdk\targets\Microsoft.NET.Sdk.targets(201,5): message :       Compile;
                   C:\Program Files\dotnet\sdk\9.0.313\Sdks\Microsoft.NET.Sdk\targets\Microsoft.NET.Sdk.targets(201,5): message :       ExportWindowsMDFile;
                   C:\Program Files\dotnet\sdk\9.0.313\Sdks\Microsoft.NET.Sdk\targets\Microsoft.NET.Sdk.targets(201,5): message :       UnmanagedUnregistration;
                   C:\Program Files\dotnet\sdk\9.0.313\Sdks\Microsoft.NET.Sdk\targets\Microsoft.NET.Sdk.targets(201,5): message :       GenerateSerializationAssemblies;
                   C:\Program Files\dotnet\sdk\9.0.313\Sdks\Microsoft.NET.Sdk\targets\Microsoft.NET.Sdk.targets(201,5): message :       CreateSatelliteAssemblies;
                   C:\Program Files\dotnet\sdk\9.0.313\Sdks\Microsoft.NET.Sdk\targets\Microsoft.NET.Sdk.targets(201,5): message :       GenerateManifests;
                   C:\Program Files\dotnet\sdk\9.0.313\Sdks\Microsoft.NET.Sdk\targets\Microsoft.NET.Sdk.targets(201,5): message :       GetTargetPath;
                   C:\Program Files\dotnet\sdk\9.0.313\Sdks\Microsoft.NET.Sdk\targets\Microsoft.NET.Sdk.targets(201,5): message :       PrepareForRun;
                   C:\Program Files\dotnet\sdk\9.0.313\Sdks\Microsoft.NET.Sdk\targets\Microsoft.NET.Sdk.targets(201,5): message :       UnmanagedRegistration;
                   C:\Program Files\dotnet\sdk\9.0.313\Sdks\Microsoft.NET.Sdk\targets\Microsoft.NET.Sdk.targets(201,5): message :       IncrementalClean;
                   C:\Program Files\dotnet\sdk\9.0.313\Sdks\Microsoft.NET.Sdk\targets\Microsoft.NET.Sdk.targets(201,5): message :       PostBuildEvent
                   C:\Program Files\dotnet\sdk\9.0.313\Sdks\Microsoft.NET.Sdk\targets\Microsoft.NET.Sdk.targets(201,5): message :     ;
                   C:\Program Files\dotnet\sdk\9.0.313\Sdks\Microsoft.NET.Sdk\targets\Microsoft.NET.Sdk.targets(201,5): message :       GenerateBuildDependencyFile;
                   C:\Program Files\dotnet\sdk\9.0.313\Sdks\Microsoft.NET.Sdk\targets\Microsoft.NET.Sdk.targets(201,5): message :       GenerateBuildRuntimeConfigurationFiles
                   C:\Program Files\dotnet\sdk\9.0.313\Sdks\Microsoft.NET.Sdk\targets\Microsoft.NET.Sdk.targets(201,5): message :     " (previous value: "
                   C:\Program Files\dotnet\sdk\9.0.313\Sdks\Microsoft.NET.Sdk\targets\Microsoft.NET.Sdk.targets(201,5): message :       BuildOnlySettings;
                   C:\Program Files\dotnet\sdk\9.0.313\Sdks\Microsoft.NET.Sdk\targets\Microsoft.NET.Sdk.targets(201,5): message :       PrepareForBuild;
                   C:\Program Files\dotnet\sdk\9.0.313\Sdks\Microsoft.NET.Sdk\targets\Microsoft.NET.Sdk.targets(201,5): message :       PreBuildEvent;
                   C:\Program Files\dotnet\sdk\9.0.313\Sdks\Microsoft.NET.Sdk\targets\Microsoft.NET.Sdk.targets(201,5): message :       ResolveReferences;
                   C:\Program Files\dotnet\sdk\9.0.313\Sdks\Microsoft.NET.Sdk\targets\Microsoft.NET.Sdk.targets(201,5): message :       PrepareResources;
                   C:\Program Files\dotnet\sdk\9.0.313\Sdks\Microsoft.NET.Sdk\targets\Microsoft.NET.Sdk.targets(201,5): message :       ResolveKeySource;
                   C:\Program Files\dotnet\sdk\9.0.313\Sdks\Microsoft.NET.Sdk\targets\Microsoft.NET.Sdk.targets(201,5): message :       Compile;
                   C:\Program Files\dotnet\sdk\9.0.313\Sdks\Microsoft.NET.Sdk\targets\Microsoft.NET.Sdk.targets(201,5): message :       ExportWindowsMDFile;
                   C:\Program Files\dotnet\sdk\9.0.313\Sdks\Microsoft.NET.Sdk\targets\Microsoft.NET.Sdk.targets(201,5): message :       UnmanagedUnregistration;
                   C:\Program Files\dotnet\sdk\9.0.313\Sdks\Microsoft.NET.Sdk\targets\Microsoft.NET.Sdk.targets(201,5): message :       GenerateSerializationAssemblies;
                   C:\Program Files\dotnet\sdk\9.0.313\Sdks\Microsoft.NET.Sdk\targets\Microsoft.NET.Sdk.targets(201,5): message :       CreateSatelliteAssemblies;
                   C:\Program Files\dotnet\sdk\9.0.313\Sdks\Microsoft.NET.Sdk\targets\Microsoft.NET.Sdk.targets(201,5): message :       GenerateManifests;
                   C:\Program Files\dotnet\sdk\9.0.313\Sdks\Microsoft.NET.Sdk\targets\Microsoft.NET.Sdk.targets(201,5): message :       GetTargetPath;
                   C:\Program Files\dotnet\sdk\9.0.313\Sdks\Microsoft.NET.Sdk\targets\Microsoft.NET.Sdk.targets(201,5): message :       PrepareForRun;
                   C:\Program Files\dotnet\sdk\9.0.313\Sdks\Microsoft.NET.Sdk\targets\Microsoft.NET.Sdk.targets(201,5): message :       UnmanagedRegistration;
                   C:\Program Files\dotnet\sdk\9.0.313\Sdks\Microsoft.NET.Sdk\targets\Microsoft.NET.Sdk.targets(201,5): message :       IncrementalClean;
                   C:\Program Files\dotnet\sdk\9.0.313\Sdks\Microsoft.NET.Sdk\targets\Microsoft.NET.Sdk.targets(201,5): message :       PostBuildEvent
                   C:\Program Files\dotnet\sdk\9.0.313\Sdks\Microsoft.NET.Sdk\targets\Microsoft.NET.Sdk.targets(201,5): message :     ") at C:\Program Files\dotnet\sdk\9.0.313\Sdks\Microsoft.NET.Sdk\targets\Microsoft.NET.Sdk.targets (201,5)
                   C:\Program Files\dotnet\sdk\9.0.313\Sdks\Microsoft.NET.Sdk\targets\Microsoft.NET.Sdk.targets(210,5): message : Property reassignment: $(CoreCleanDependsOn)="
                   C:\Program Files\dotnet\sdk\9.0.313\Sdks\Microsoft.NET.Sdk\targets\Microsoft.NET.Sdk.targets(210,5): message :       _SdkBeforeClean;
                   C:\Program Files\dotnet\sdk\9.0.313\Sdks\Microsoft.NET.Sdk\targets\Microsoft.NET.Sdk.targets(210,5): message :       
                   C:\Program Files\dotnet\sdk\9.0.313\Sdks\Microsoft.NET.Sdk\targets\Microsoft.NET.Sdk.targets(210,5): message :     " (previous value: "") at C:\Program Files\dotnet\sdk\9.0.313\Sdks\Microsoft.NET.Sdk\targets\Microsoft.NET.Sdk.targets (210,5)
                   C:\Program Files\dotnet\sdk\9.0.313\Sdks\Microsoft.NET.Sdk\targets\Microsoft.NET.Sdk.targets(217,5): message : Property reassignment: $(RebuildDependsOn)="
                   C:\Program Files\dotnet\sdk\9.0.313\Sdks\Microsoft.NET.Sdk\targets\Microsoft.NET.Sdk.targets(217,5): message :       _SdkBeforeRebuild;
                   C:\Program Files\dotnet\sdk\9.0.313\Sdks\Microsoft.NET.Sdk\targets\Microsoft.NET.Sdk.targets(217,5): message :       
                   C:\Program Files\dotnet\sdk\9.0.313\Sdks\Microsoft.NET.Sdk\targets\Microsoft.NET.Sdk.targets(217,5): message :       BeforeRebuild;
                   C:\Program Files\dotnet\sdk\9.0.313\Sdks\Microsoft.NET.Sdk\targets\Microsoft.NET.Sdk.targets(217,5): message :       Clean;
                   C:\Program Files\dotnet\sdk\9.0.313\Sdks\Microsoft.NET.Sdk\targets\Microsoft.NET.Sdk.targets(217,5): message :       Build;
                   C:\Program Files\dotnet\sdk\9.0.313\Sdks\Microsoft.NET.Sdk\targets\Microsoft.NET.Sdk.targets(217,5): message :       AfterRebuild;
                   C:\Program Files\dotnet\sdk\9.0.313\Sdks\Microsoft.NET.Sdk\targets\Microsoft.NET.Sdk.targets(217,5): message :     
                   C:\Program Files\dotnet\sdk\9.0.313\Sdks\Microsoft.NET.Sdk\targets\Microsoft.NET.Sdk.targets(217,5): message :     " (previous value: "
                   C:\Program Files\dotnet\sdk\9.0.313\Sdks\Microsoft.NET.Sdk\targets\Microsoft.NET.Sdk.targets(217,5): message :       BeforeRebuild;
                   C:\Program Files\dotnet\sdk\9.0.313\Sdks\Microsoft.NET.Sdk\targets\Microsoft.NET.Sdk.targets(217,5): message :       Clean;
                   C:\Program Files\dotnet\sdk\9.0.313\Sdks\Microsoft.NET.Sdk\targets\Microsoft.NET.Sdk.targets(217,5): message :       Build;
                   C:\Program Files\dotnet\sdk\9.0.313\Sdks\Microsoft.NET.Sdk\targets\Microsoft.NET.Sdk.targets(217,5): message :       AfterRebuild;
                   C:\Program Files\dotnet\sdk\9.0.313\Sdks\Microsoft.NET.Sdk\targets\Microsoft.NET.Sdk.targets(217,5): message :     ") at C:\Program Files\dotnet\sdk\9.0.313\Sdks\Microsoft.NET.Sdk\targets\Microsoft.NET.Sdk.targets (217,5)
                   C:\Program Files\dotnet\sdk\9.0.313\Sdks\Microsoft.NET.Sdk\targets\Microsoft.NET.Sdk.targets(784,5): message : Property reassignment: $(CompileDependsOn)="
                   C:\Program Files\dotnet\sdk\9.0.313\Sdks\Microsoft.NET.Sdk\targets\Microsoft.NET.Sdk.targets(784,5): message :       
                   C:\Program Files\dotnet\sdk\9.0.313\Sdks\Microsoft.NET.Sdk\targets\Microsoft.NET.Sdk.targets(784,5): message :       ResolveReferences;
                   C:\Program Files\dotnet\sdk\9.0.313\Sdks\Microsoft.NET.Sdk\targets\Microsoft.NET.Sdk.targets(784,5): message :       ResolveKeySource;
                   C:\Program Files\dotnet\sdk\9.0.313\Sdks\Microsoft.NET.Sdk\targets\Microsoft.NET.Sdk.targets(784,5): message :       SetWin32ManifestProperties;
                   C:\Program Files\dotnet\sdk\9.0.313\Sdks\Microsoft.NET.Sdk\targets\Microsoft.NET.Sdk.targets(784,5): message :       _SetPreferNativeArm64Win32ManifestProperties;
                   C:\Program Files\dotnet\sdk\9.0.313\Sdks\Microsoft.NET.Sdk\targets\Microsoft.NET.Sdk.targets(784,5): message :       FindReferenceAssembliesForReferences;
                   C:\Program Files\dotnet\sdk\9.0.313\Sdks\Microsoft.NET.Sdk\targets\Microsoft.NET.Sdk.targets(784,5): message :       _GenerateCompileInputs;
                   C:\Program Files\dotnet\sdk\9.0.313\Sdks\Microsoft.NET.Sdk\targets\Microsoft.NET.Sdk.targets(784,5): message :       BeforeCompile;
                   C:\Program Files\dotnet\sdk\9.0.313\Sdks\Microsoft.NET.Sdk\targets\Microsoft.NET.Sdk.targets(784,5): message :       _TimeStampBeforeCompile;
                   C:\Program Files\dotnet\sdk\9.0.313\Sdks\Microsoft.NET.Sdk\targets\Microsoft.NET.Sdk.targets(784,5): message :       _GenerateCompileDependencyCache;
                   C:\Program Files\dotnet\sdk\9.0.313\Sdks\Microsoft.NET.Sdk\targets\Microsoft.NET.Sdk.targets(784,5): message :       CoreCompile;
                   C:\Program Files\dotnet\sdk\9.0.313\Sdks\Microsoft.NET.Sdk\targets\Microsoft.NET.Sdk.targets(784,5): message :       _TimeStampAfterCompile;
                   C:\Program Files\dotnet\sdk\9.0.313\Sdks\Microsoft.NET.Sdk\targets\Microsoft.NET.Sdk.targets(784,5): message :       AfterCompile;
                   C:\Program Files\dotnet\sdk\9.0.313\Sdks\Microsoft.NET.Sdk\targets\Microsoft.NET.Sdk.targets(784,5): message :     ;
                   C:\Program Files\dotnet\sdk\9.0.313\Sdks\Microsoft.NET.Sdk\targets\Microsoft.NET.Sdk.targets(784,5): message :       _CreateAppHost;
                   C:\Program Files\dotnet\sdk\9.0.313\Sdks\Microsoft.NET.Sdk\targets\Microsoft.NET.Sdk.targets(784,5): message :       _CreateComHost;
                   C:\Program Files\dotnet\sdk\9.0.313\Sdks\Microsoft.NET.Sdk\targets\Microsoft.NET.Sdk.targets(784,5): message :       _GetIjwHostPaths;
                   C:\Program Files\dotnet\sdk\9.0.313\Sdks\Microsoft.NET.Sdk\targets\Microsoft.NET.Sdk.targets(784,5): message :     " (previous value: "
                   C:\Program Files\dotnet\sdk\9.0.313\Sdks\Microsoft.NET.Sdk\targets\Microsoft.NET.Sdk.targets(784,5): message :       ResolveReferences;
                   C:\Program Files\dotnet\sdk\9.0.313\Sdks\Microsoft.NET.Sdk\targets\Microsoft.NET.Sdk.targets(784,5): message :       ResolveKeySource;
                   C:\Program Files\dotnet\sdk\9.0.313\Sdks\Microsoft.NET.Sdk\targets\Microsoft.NET.Sdk.targets(784,5): message :       SetWin32ManifestProperties;
                   C:\Program Files\dotnet\sdk\9.0.313\Sdks\Microsoft.NET.Sdk\targets\Microsoft.NET.Sdk.targets(784,5): message :       _SetPreferNativeArm64Win32ManifestProperties;
                   C:\Program Files\dotnet\sdk\9.0.313\Sdks\Microsoft.NET.Sdk\targets\Microsoft.NET.Sdk.targets(784,5): message :       FindReferenceAssembliesForReferences;
                   C:\Program Files\dotnet\sdk\9.0.313\Sdks\Microsoft.NET.Sdk\targets\Microsoft.NET.Sdk.targets(784,5): message :       _GenerateCompileInputs;
                   C:\Program Files\dotnet\sdk\9.0.313\Sdks\Microsoft.NET.Sdk\targets\Microsoft.NET.Sdk.targets(784,5): message :       BeforeCompile;
                   C:\Program Files\dotnet\sdk\9.0.313\Sdks\Microsoft.NET.Sdk\targets\Microsoft.NET.Sdk.targets(784,5): message :       _TimeStampBeforeCompile;
                   C:\Program Files\dotnet\sdk\9.0.313\Sdks\Microsoft.NET.Sdk\targets\Microsoft.NET.Sdk.targets(784,5): message :       _GenerateCompileDependencyCache;
                   C:\Program Files\dotnet\sdk\9.0.313\Sdks\Microsoft.NET.Sdk\targets\Microsoft.NET.Sdk.targets(784,5): message :       CoreCompile;
                   C:\Program Files\dotnet\sdk\9.0.313\Sdks\Microsoft.NET.Sdk\targets\Microsoft.NET.Sdk.targets(784,5): message :       _TimeStampAfterCompile;
                   C:\Program Files\dotnet\sdk\9.0.313\Sdks\Microsoft.NET.Sdk\targets\Microsoft.NET.Sdk.targets(784,5): message :       AfterCompile;
                   C:\Program Files\dotnet\sdk\9.0.313\Sdks\Microsoft.NET.Sdk\targets\Microsoft.NET.Sdk.targets(784,5): message :     ") at C:\Program Files\dotnet\sdk\9.0.313\Sdks\Microsoft.NET.Sdk\targets\Microsoft.NET.Sdk.targets (784,5)
                   C:\Program Files\dotnet\sdk\9.0.313\Sdks\Microsoft.NET.Sdk\targets\Microsoft.NET.Sdk.targets(1184,5): message : Property reassignment: $(CreateSatelliteAssembliesDependsOn)="
                   C:\Program Files\dotnet\sdk\9.0.313\Sdks\Microsoft.NET.Sdk\targets\Microsoft.NET.Sdk.targets(1184,5): message :       
                   C:\Program Files\dotnet\sdk\9.0.313\Sdks\Microsoft.NET.Sdk\targets\Microsoft.NET.Sdk.targets(1184,5): message :       ;
                   C:\Program Files\dotnet\sdk\9.0.313\Sdks\Microsoft.NET.Sdk\targets\Microsoft.NET.Sdk.targets(1184,5): message :       _GenerateSatelliteAssemblyInputs;
                   C:\Program Files\dotnet\sdk\9.0.313\Sdks\Microsoft.NET.Sdk\targets\Microsoft.NET.Sdk.targets(1184,5): message :       ComputeIntermediateSatelliteAssemblies;
                   C:\Program Files\dotnet\sdk\9.0.313\Sdks\Microsoft.NET.Sdk\targets\Microsoft.NET.Sdk.targets(1184,5): message :       GenerateSatelliteAssemblies
                   C:\Program Files\dotnet\sdk\9.0.313\Sdks\Microsoft.NET.Sdk\targets\Microsoft.NET.Sdk.targets(1184,5): message :     ;
                   C:\Program Files\dotnet\sdk\9.0.313\Sdks\Microsoft.NET.Sdk\targets\Microsoft.NET.Sdk.targets(1184,5): message :       CoreGenerateSatelliteAssemblies
                   C:\Program Files\dotnet\sdk\9.0.313\Sdks\Microsoft.NET.Sdk\targets\Microsoft.NET.Sdk.targets(1184,5): message :     " (previous value: "
                   C:\Program Files\dotnet\sdk\9.0.313\Sdks\Microsoft.NET.Sdk\targets\Microsoft.NET.Sdk.targets(1184,5): message :       ;
                   C:\Program Files\dotnet\sdk\9.0.313\Sdks\Microsoft.NET.Sdk\targets\Microsoft.NET.Sdk.targets(1184,5): message :       _GenerateSatelliteAssemblyInputs;
                   C:\Program Files\dotnet\sdk\9.0.313\Sdks\Microsoft.NET.Sdk\targets\Microsoft.NET.Sdk.targets(1184,5): message :       ComputeIntermediateSatelliteAssemblies;
                   C:\Program Files\dotnet\sdk\9.0.313\Sdks\Microsoft.NET.Sdk\targets\Microsoft.NET.Sdk.targets(1184,5): message :       GenerateSatelliteAssemblies
                   C:\Program Files\dotnet\sdk\9.0.313\Sdks\Microsoft.NET.Sdk\targets\Microsoft.NET.Sdk.targets(1184,5): message :     ") at C:\Program Files\dotnet\sdk\9.0.313\Sdks\Microsoft.NET.Sdk\targets\Microsoft.NET.Sdk.targets (1184,5)
                   C:\Program Files\dotnet\sdk\9.0.313\Sdks\Microsoft.SourceLink.GitLab\build\Microsoft.SourceLink.GitLab.targets(12,5): message : Property reassignment: $(SourceLinkUrlInitializerTargets)=";_InitializeGitHubSourceLinkUrl;_InitializeGitLabSourceLinkUrl" (previous value: ";_InitializeGitHubSourceLinkUrl") at C:\Program Files\dotnet\sdk\9.0.313\Sdks\Microsoft.SourceLink.GitLab\build\Microsoft.SourceLink.GitLab.targets (12,5)
                   C:\Program Files\dotnet\sdk\9.0.313\Sdks\Microsoft.SourceLink.GitLab\build\Microsoft.SourceLink.GitLab.targets(13,5): message : Property reassignment: $(SourceControlManagerUrlTranslationTargets)=";TranslateGitHubUrlsInSourceControlInformation;TranslateGitLabUrlsInSourceControlInformation" (previous value: ";TranslateGitHubUrlsInSourceControlInformation") at C:\Program Files\dotnet\sdk\9.0.313\Sdks\Microsoft.SourceLink.GitLab\build\Microsoft.SourceLink.GitLab.targets (13,5)
                   C:\Program Files\dotnet\sdk\9.0.313\Sdks\Microsoft.SourceLink.AzureRepos.Git\build\Microsoft.SourceLink.AzureRepos.Git.targets(12,5): message : Property reassignment: $(SourceLinkUrlInitializerTargets)=";_InitializeGitHubSourceLinkUrl;_InitializeGitLabSourceLinkUrl;_InitializeAzureReposGitSourceLinkUrl" (previous value: ";_InitializeGitHubSourceLinkUrl;_InitializeGitLabSourceLinkUrl") at C:\Program Files\dotnet\sdk\9.0.313\Sdks\Microsoft.SourceLink.AzureRepos.Git\build\Microsoft.SourceLink.AzureRepos.Git.targets (12,5)
                   C:\Program Files\dotnet\sdk\9.0.313\Sdks\Microsoft.SourceLink.AzureRepos.Git\build\Microsoft.SourceLink.AzureRepos.Git.targets(13,5): message : Property reassignment: $(SourceControlManagerUrlTranslationTargets)=";TranslateGitHubUrlsInSourceControlInformation;TranslateGitLabUrlsInSourceControlInformation;TranslateAzureReposGitUrlsInSourceControlInformation" (previous value: ";TranslateGitHubUrlsInSourceControlInformation;TranslateGitLabUrlsInSourceControlInformation") at C:\Program Files\dotnet\sdk\9.0.313\Sdks\Microsoft.SourceLink.AzureRepos.Git\build\Microsoft.SourceLink.AzureRepos.Git.targets (13,5)
                   C:\Program Files\dotnet\sdk\9.0.313\Sdks\Microsoft.SourceLink.Bitbucket.Git\build\Microsoft.SourceLink.Bitbucket.Git.targets(12,5): message : Property reassignment: $(SourceLinkUrlInitializerTargets)=";_InitializeGitHubSourceLinkUrl;_InitializeGitLabSourceLinkUrl;_InitializeAzureReposGitSourceLinkUrl;_InitializeBitbucketGitSourceLinkUrl" (previous value: ";_InitializeGitHubSourceLinkUrl;_InitializeGitLabSourceLinkUrl;_InitializeAzureReposGitSourceLinkUrl") at C:\Program Files\dotnet\sdk\9.0.313\Sdks\Microsoft.SourceLink.Bitbucket.Git\build\Microsoft.SourceLink.Bitbucket.Git.targets (12,5)
                   C:\Program Files\dotnet\sdk\9.0.313\Sdks\Microsoft.SourceLink.Bitbucket.Git\build\Microsoft.SourceLink.Bitbucket.Git.targets(13,5): message : Property reassignment: $(SourceControlManagerUrlTranslationTargets)=";TranslateGitHubUrlsInSourceControlInformation;TranslateGitLabUrlsInSourceControlInformation;TranslateAzureReposGitUrlsInSourceControlInformation;TranslateBitbucketGitUrlsInSourceControlInformation" (previous value: ";TranslateGitHubUrlsInSourceControlInformation;TranslateGitLabUrlsInSourceControlInformation;TranslateAzureReposGitUrlsInSourceControlInformation") at C:\Program Files\dotnet\sdk\9.0.313\Sdks\Microsoft.SourceLink.Bitbucket.Git\build\Microsoft.SourceLink.Bitbucket.Git.targets (13,5)
                   C:\Program Files\dotnet\sdk\9.0.313\Sdks\Microsoft.NET.Sdk\targets\Microsoft.NET.DesignerSupport.targets(21,5): message : Property reassignment: $(DesignerRuntimeImplementationProjectOutputGroupDependsOn)="
                   C:\Program Files\dotnet\sdk\9.0.313\Sdks\Microsoft.NET.Sdk\targets\Microsoft.NET.DesignerSupport.targets(21,5): message :       
                   C:\Program Files\dotnet\sdk\9.0.313\Sdks\Microsoft.NET.Sdk\targets\Microsoft.NET.DesignerSupport.targets(21,5): message :       ;
                   C:\Program Files\dotnet\sdk\9.0.313\Sdks\Microsoft.NET.Sdk\targets\Microsoft.NET.DesignerSupport.targets(21,5): message :       
                   C:\Program Files\dotnet\sdk\9.0.313\Sdks\Microsoft.NET.Sdk\targets\Microsoft.NET.DesignerSupport.targets(21,5): message :       ;
                   C:\Program Files\dotnet\sdk\9.0.313\Sdks\Microsoft.NET.Sdk\targets\Microsoft.NET.DesignerSupport.targets(21,5): message :       BuildOnlySettings;
                   C:\Program Files\dotnet\sdk\9.0.313\Sdks\Microsoft.NET.Sdk\targets\Microsoft.NET.DesignerSupport.targets(21,5): message :       PrepareForBuild;
                   C:\Program Files\dotnet\sdk\9.0.313\Sdks\Microsoft.NET.Sdk\targets\Microsoft.NET.DesignerSupport.targets(21,5): message :       AssignTargetPaths;
                   C:\Program Files\dotnet\sdk\9.0.313\Sdks\Microsoft.NET.Sdk\targets\Microsoft.NET.DesignerSupport.targets(21,5): message :       ResolveReferences
                   C:\Program Files\dotnet\sdk\9.0.313\Sdks\Microsoft.NET.Sdk\targets\Microsoft.NET.DesignerSupport.targets(21,5): message :     
                   C:\Program Files\dotnet\sdk\9.0.313\Sdks\Microsoft.NET.Sdk\targets\Microsoft.NET.DesignerSupport.targets(21,5): message :     ;
                   C:\Program Files\dotnet\sdk\9.0.313\Sdks\Microsoft.NET.Sdk\targets\Microsoft.NET.DesignerSupport.targets(21,5): message :       _GenerateDesignerDepsFile;
                   C:\Program Files\dotnet\sdk\9.0.313\Sdks\Microsoft.NET.Sdk\targets\Microsoft.NET.DesignerSupport.targets(21,5): message :       _GenerateDesignerRuntimeConfigFile;
                   C:\Program Files\dotnet\sdk\9.0.313\Sdks\Microsoft.NET.Sdk\targets\Microsoft.NET.DesignerSupport.targets(21,5): message :       GetCopyToOutputDirectoryItems;
                   C:\Program Files\dotnet\sdk\9.0.313\Sdks\Microsoft.NET.Sdk\targets\Microsoft.NET.DesignerSupport.targets(21,5): message :       _GatherDesignerShadowCopyFiles;
                   C:\Program Files\dotnet\sdk\9.0.313\Sdks\Microsoft.NET.Sdk\targets\Microsoft.NET.DesignerSupport.targets(21,5): message :     " (previous value: "
                   C:\Program Files\dotnet\sdk\9.0.313\Sdks\Microsoft.NET.Sdk\targets\Microsoft.NET.DesignerSupport.targets(21,5): message :       ;
                   C:\Program Files\dotnet\sdk\9.0.313\Sdks\Microsoft.NET.Sdk\targets\Microsoft.NET.DesignerSupport.targets(21,5): message :       
                   C:\Program Files\dotnet\sdk\9.0.313\Sdks\Microsoft.NET.Sdk\targets\Microsoft.NET.DesignerSupport.targets(21,5): message :       ;
                   C:\Program Files\dotnet\sdk\9.0.313\Sdks\Microsoft.NET.Sdk\targets\Microsoft.NET.DesignerSupport.targets(21,5): message :       BuildOnlySettings;
                   C:\Program Files\dotnet\sdk\9.0.313\Sdks\Microsoft.NET.Sdk\targets\Microsoft.NET.DesignerSupport.targets(21,5): message :       PrepareForBuild;
                   C:\Program Files\dotnet\sdk\9.0.313\Sdks\Microsoft.NET.Sdk\targets\Microsoft.NET.DesignerSupport.targets(21,5): message :       AssignTargetPaths;
                   C:\Program Files\dotnet\sdk\9.0.313\Sdks\Microsoft.NET.Sdk\targets\Microsoft.NET.DesignerSupport.targets(21,5): message :       ResolveReferences
                   C:\Program Files\dotnet\sdk\9.0.313\Sdks\Microsoft.NET.Sdk\targets\Microsoft.NET.DesignerSupport.targets(21,5): message :     
                   C:\Program Files\dotnet\sdk\9.0.313\Sdks\Microsoft.NET.Sdk\targets\Microsoft.NET.DesignerSupport.targets(21,5): message :     ") at C:\Program Files\dotnet\sdk\9.0.313\Sdks\Microsoft.NET.Sdk\targets\Microsoft.NET.DesignerSupport.targets (21,5)
                   C:\Program Files\dotnet\sdk\9.0.313\Sdks\Microsoft.NET.Sdk\targets\Microsoft.NET.PackTool.targets(68,5): message : Property reassignment: $(_GenerateToolsSettingsFileCacheFile)="C:\Users\frank.io\source\repos\hng-genderizeApp\hng-genderizeApp\obj\Debug\net9.0\hng-genderizeApp.toolssettingsinput.cache" (previous value: "obj\Debug\net9.0\hng-genderizeApp.toolssettingsinput.cache") at C:\Program Files\dotnet\sdk\9.0.313\Sdks\Microsoft.NET.Sdk\targets\Microsoft.NET.PackTool.targets (68,5)
                   C:\Program Files\dotnet\sdk\9.0.313\Sdks\Microsoft.NET.Sdk\targets\Microsoft.NET.PackTool.targets(137,5): message : Property reassignment: $(_ShimInputCacheFile)="C:\Users\frank.io\source\repos\hng-genderizeApp\hng-genderizeApp\obj\Debug\net9.0\hng-genderizeApp.shiminput.cache" (previous value: "obj\Debug\net9.0\hng-genderizeApp.shiminput.cache") at C:\Program Files\dotnet\sdk\9.0.313\Sdks\Microsoft.NET.Sdk\targets\Microsoft.NET.PackTool.targets (137,5)
                   C:\Program Files\dotnet\sdk\9.0.313\Sdks\Microsoft.NET.Sdk\targets\Microsoft.NET.PackTool.targets(139,5): message : Property reassignment: $(_ShimCreatedSentinelFile)="C:\Users\frank.io\source\repos\hng-genderizeApp\hng-genderizeApp\obj\Debug\net9.0\hng-genderizeApp.shimcreated.sentinel" (previous value: "obj\Debug\net9.0\hng-genderizeApp.shimcreated.sentinel") at C:\Program Files\dotnet\sdk\9.0.313\Sdks\Microsoft.NET.Sdk\targets\Microsoft.NET.PackTool.targets (139,5)
                   C:\Program Files\dotnet\sdk\9.0.313\Sdks\Microsoft.NET.Sdk\targets\Microsoft.NET.Sdk.CSharp.targets(31,5): message : Property reassignment: $(DefineConstants)="TRACE;DEBUG" (previous value: "TRACE") at C:\Program Files\dotnet\sdk\9.0.313\Sdks\Microsoft.NET.Sdk\targets\Microsoft.NET.Sdk.CSharp.targets (31,5)
                   C:\Program Files\dotnet\sdk\9.0.313\Sdks\Microsoft.NET.Sdk\targets\Microsoft.NET.Sdk.CSharp.targets(34,5): message : Property reassignment: $(DefineConstants)="TRACE;DEBUG;NET;NET9_0;NETCOREAPP" (previous value: "TRACE;DEBUG") at C:\Program Files\dotnet\sdk\9.0.313\Sdks\Microsoft.NET.Sdk\targets\Microsoft.NET.Sdk.CSharp.targets (34,5)
                   C:\Program Files\dotnet\sdk\9.0.313\Sdks\Microsoft.NET.Sdk\targets\Microsoft.NET.Sdk.CSharp.targets(48,5): message : Property reassignment: $(WarningsAsErrors)=";NU1605;SYSLIB0011" (previous value: ";NU1605") at C:\Program Files\dotnet\sdk\9.0.313\Sdks\Microsoft.NET.Sdk\targets\Microsoft.NET.Sdk.CSharp.targets (48,5)
                   C:\Program Files\dotnet\sdk\9.0.313\Sdks\NuGet.Build.Tasks.Pack\build\NuGet.Build.Tasks.Pack.targets(34,5): message : Property reassignment: $(PackageDescription)="Package Description" (previous value: "") at C:\Program Files\dotnet\sdk\9.0.313\Sdks\NuGet.Build.Tasks.Pack\build\NuGet.Build.Tasks.Pack.targets (34,5)
                   C:\Program Files\dotnet\sdk\9.0.313\Sdks\NuGet.Build.Tasks.Pack\build\NuGet.Build.Tasks.Pack.targets(59,5): message : Property reassignment: $(GenerateNuspecDependsOn)="Build;_LoadPackInputItems; _GetTargetFrameworksOutput; _WalkEachTargetPerFramework; _GetPackageFiles; " (previous value: "_LoadPackInputItems; _GetTargetFrameworksOutput; _WalkEachTargetPerFramework; _GetPackageFiles; ") at C:\Program Files\dotnet\sdk\9.0.313\Sdks\NuGet.Build.Tasks.Pack\build\NuGet.Build.Tasks.Pack.targets (59,5)
                   C:\Program Files\dotnet\sdk\9.0.313\Sdks\Microsoft.NET.Sdk\Sdk\Sdk.targets(60,5): message : Property reassignment: $(_IsNotSetContainersTargetsDir)="true" (previous value: "false") at C:\Program Files\dotnet\sdk\9.0.313\Sdks\Microsoft.NET.Sdk\Sdk\Sdk.targets (60,5)
                   C:\Program Files\dotnet\sdk\9.0.313\Containers\build\Microsoft.NET.Build.Containers.targets(5,5): message : Property reassignment: $(_IsSDKContainerAllowedVersion)="true" (previous value: "false") at C:\Program Files\dotnet\sdk\9.0.313\Containers\build\Microsoft.NET.Build.Containers.targets (5,5)
                   C:\Program Files\dotnet\sdk\9.0.313\Containers\build\Microsoft.NET.Build.Containers.targets(15,5): message : Property reassignment: $(_ContainerIsTargetingNet8TFM)="true" (previous value: "false") at C:\Program Files\dotnet\sdk\9.0.313\Containers\build\Microsoft.NET.Build.Containers.targets (15,5)
                   C:\Program Files\dotnet\sdk\9.0.313\Sdks\Microsoft.NET.Sdk.StaticWebAssets\targets\Sdk.StaticWebAssets.CurrentVersion.targets(37,18): message : Property 'DOTNET_HOST_PATH' with value 'C:\Program Files\dotnet\dotnet.exe' expanded from the environment.
                   C:\Program Files\dotnet\sdk\9.0.313\Sdks\Microsoft.NET.Sdk.StaticWebAssets\targets\Microsoft.NET.Sdk.StaticWebAssets.targets(286,5): message : Property reassignment: $(PrepareForRunDependsOn)="StaticWebAssetsPrepareForRun;
                   C:\Program Files\dotnet\sdk\9.0.313\Sdks\Microsoft.NET.Sdk.StaticWebAssets\targets\Microsoft.NET.Sdk.StaticWebAssets.targets(286,5): message :       CopyFilesToOutputDirectory
                   C:\Program Files\dotnet\sdk\9.0.313\Sdks\Microsoft.NET.Sdk.StaticWebAssets\targets\Microsoft.NET.Sdk.StaticWebAssets.targets(286,5): message :     " (previous value: "
                   C:\Program Files\dotnet\sdk\9.0.313\Sdks\Microsoft.NET.Sdk.StaticWebAssets\targets\Microsoft.NET.Sdk.StaticWebAssets.targets(286,5): message :       CopyFilesToOutputDirectory
                   C:\Program Files\dotnet\sdk\9.0.313\Sdks\Microsoft.NET.Sdk.StaticWebAssets\targets\Microsoft.NET.Sdk.StaticWebAssets.targets(286,5): message :     ") at C:\Program Files\dotnet\sdk\9.0.313\Sdks\Microsoft.NET.Sdk.StaticWebAssets\targets\Microsoft.NET.Sdk.StaticWebAssets.targets (286,5)
                   C:\Program Files\dotnet\sdk\9.0.313\Sdks\Microsoft.NET.Sdk.StaticWebAssets\targets\Microsoft.NET.Sdk.StaticWebAssets.targets(323,5): message : Property reassignment: $(GetCopyToOutputDirectoryItemsDependsOn)="
                   C:\Program Files\dotnet\sdk\9.0.313\Sdks\Microsoft.NET.Sdk.StaticWebAssets\targets\Microsoft.NET.Sdk.StaticWebAssets.targets(323,5): message :       AssignTargetPaths;
                   C:\Program Files\dotnet\sdk\9.0.313\Sdks\Microsoft.NET.Sdk.StaticWebAssets\targets\Microsoft.NET.Sdk.StaticWebAssets.targets(323,5): message :       
                   C:\Program Files\dotnet\sdk\9.0.313\Sdks\Microsoft.NET.Sdk.StaticWebAssets\targets\Microsoft.NET.Sdk.StaticWebAssets.targets(323,5): message :       AssignProjectConfiguration;
                   C:\Program Files\dotnet\sdk\9.0.313\Sdks\Microsoft.NET.Sdk.StaticWebAssets\targets\Microsoft.NET.Sdk.StaticWebAssets.targets(323,5): message :       _SplitProjectReferencesByFileExistence
                   C:\Program Files\dotnet\sdk\9.0.313\Sdks\Microsoft.NET.Sdk.StaticWebAssets\targets\Microsoft.NET.Sdk.StaticWebAssets.targets(323,5): message :     ;
                   C:\Program Files\dotnet\sdk\9.0.313\Sdks\Microsoft.NET.Sdk.StaticWebAssets\targets\Microsoft.NET.Sdk.StaticWebAssets.targets(323,5): message :       _GetProjectReferenceTargetFrameworkProperties;
                   C:\Program Files\dotnet\sdk\9.0.313\Sdks\Microsoft.NET.Sdk.StaticWebAssets\targets\Microsoft.NET.Sdk.StaticWebAssets.targets(323,5): message :       _PopulateCommonStateForGetCopyToOutputDirectoryItems
                   C:\Program Files\dotnet\sdk\9.0.313\Sdks\Microsoft.NET.Sdk.StaticWebAssets\targets\Microsoft.NET.Sdk.StaticWebAssets.targets(323,5): message :     ;AddStaticWebAssetsManifest;AddStaticWebAssetEndpointsBuildManifest" (previous value: "
                   C:\Program Files\dotnet\sdk\9.0.313\Sdks\Microsoft.NET.Sdk.StaticWebAssets\targets\Microsoft.NET.Sdk.StaticWebAssets.targets(323,5): message :       AssignTargetPaths;
                   C:\Program Files\dotnet\sdk\9.0.313\Sdks\Microsoft.NET.Sdk.StaticWebAssets\targets\Microsoft.NET.Sdk.StaticWebAssets.targets(323,5): message :       
                   C:\Program Files\dotnet\sdk\9.0.313\Sdks\Microsoft.NET.Sdk.StaticWebAssets\targets\Microsoft.NET.Sdk.StaticWebAssets.targets(323,5): message :       AssignProjectConfiguration;
                   C:\Program Files\dotnet\sdk\9.0.313\Sdks\Microsoft.NET.Sdk.StaticWebAssets\targets\Microsoft.NET.Sdk.StaticWebAssets.targets(323,5): message :       _SplitProjectReferencesByFileExistence
                   C:\Program Files\dotnet\sdk\9.0.313\Sdks\Microsoft.NET.Sdk.StaticWebAssets\targets\Microsoft.NET.Sdk.StaticWebAssets.targets(323,5): message :     ;
                   C:\Program Files\dotnet\sdk\9.0.313\Sdks\Microsoft.NET.Sdk.StaticWebAssets\targets\Microsoft.NET.Sdk.StaticWebAssets.targets(323,5): message :       _GetProjectReferenceTargetFrameworkProperties;
                   C:\Program Files\dotnet\sdk\9.0.313\Sdks\Microsoft.NET.Sdk.StaticWebAssets\targets\Microsoft.NET.Sdk.StaticWebAssets.targets(323,5): message :       _PopulateCommonStateForGetCopyToOutputDirectoryItems
                   C:\Program Files\dotnet\sdk\9.0.313\Sdks\Microsoft.NET.Sdk.StaticWebAssets\targets\Microsoft.NET.Sdk.StaticWebAssets.targets(323,5): message :     ") at C:\Program Files\dotnet\sdk\9.0.313\Sdks\Microsoft.NET.Sdk.StaticWebAssets\targets\Microsoft.NET.Sdk.StaticWebAssets.targets (323,5)
                   C:\Program Files\dotnet\sdk\9.0.313\Sdks\Microsoft.NET.Sdk.StaticWebAssets\targets\Microsoft.NET.Sdk.StaticWebAssets.Pack.targets(46,5): message : Property reassignment: $(GenerateNuspecDependsOn)="
                   C:\Program Files\dotnet\sdk\9.0.313\Sdks\Microsoft.NET.Sdk.StaticWebAssets\targets\Microsoft.NET.Sdk.StaticWebAssets.Pack.targets(46,5): message :       IncludeStaticWebAssetsPackItems;
                   C:\Program Files\dotnet\sdk\9.0.313\Sdks\Microsoft.NET.Sdk.StaticWebAssets\targets\Microsoft.NET.Sdk.StaticWebAssets.Pack.targets(46,5): message :       Build;_LoadPackInputItems; _GetTargetFrameworksOutput; _WalkEachTargetPerFramework; _GetPackageFiles; ;
                   C:\Program Files\dotnet\sdk\9.0.313\Sdks\Microsoft.NET.Sdk.StaticWebAssets\targets\Microsoft.NET.Sdk.StaticWebAssets.Pack.targets(46,5): message :     " (previous value: "Build;_LoadPackInputItems; _GetTargetFrameworksOutput; _WalkEachTargetPerFramework; _GetPackageFiles; ") at C:\Program Files\dotnet\sdk\9.0.313\Sdks\Microsoft.NET.Sdk.StaticWebAssets\targets\Microsoft.NET.Sdk.StaticWebAssets.Pack.targets (46,5)
                   C:\Program Files\dotnet\sdk\9.0.313\Sdks\Microsoft.NET.Sdk.StaticWebAssets\targets\Microsoft.NET.Sdk.StaticWebAssets.Pack.targets(55,5): message : Property reassignment: $(IncludeStaticWebAssetsPackItemsDependsOn)="
                   C:\Program Files\dotnet\sdk\9.0.313\Sdks\Microsoft.NET.Sdk.StaticWebAssets\targets\Microsoft.NET.Sdk.StaticWebAssets.Pack.targets(55,5): message :       Build;
                   C:\Program Files\dotnet\sdk\9.0.313\Sdks\Microsoft.NET.Sdk.StaticWebAssets\targets\Microsoft.NET.Sdk.StaticWebAssets.Pack.targets(55,5): message :       ResolveStaticWebAssetsConfiguration;LoadStaticWebAssetsBuildManifest
                   C:\Program Files\dotnet\sdk\9.0.313\Sdks\Microsoft.NET.Sdk.StaticWebAssets\targets\Microsoft.NET.Sdk.StaticWebAssets.Pack.targets(55,5): message :     ;
                   C:\Program Files\dotnet\sdk\9.0.313\Sdks\Microsoft.NET.Sdk.StaticWebAssets\targets\Microsoft.NET.Sdk.StaticWebAssets.Pack.targets(55,5): message :     " (previous value: "
                   C:\Program Files\dotnet\sdk\9.0.313\Sdks\Microsoft.NET.Sdk.StaticWebAssets\targets\Microsoft.NET.Sdk.StaticWebAssets.Pack.targets(55,5): message :       ResolveStaticWebAssetsConfiguration;LoadStaticWebAssetsBuildManifest
                   C:\Program Files\dotnet\sdk\9.0.313\Sdks\Microsoft.NET.Sdk.StaticWebAssets\targets\Microsoft.NET.Sdk.StaticWebAssets.Pack.targets(55,5): message :     ") at C:\Program Files\dotnet\sdk\9.0.313\Sdks\Microsoft.NET.Sdk.StaticWebAssets\targets\Microsoft.NET.Sdk.StaticWebAssets.Pack.targets (55,5)
                   C:\Program Files\dotnet\sdk\9.0.313\Sdks\Microsoft.NET.Sdk.StaticWebAssets\targets\Microsoft.NET.Sdk.StaticWebAssets.ScopedCss.targets(55,3): message : Property reassignment: $(ResolveStaticWebAssetsInputsDependsOn)="
                   C:\Program Files\dotnet\sdk\9.0.313\Sdks\Microsoft.NET.Sdk.StaticWebAssets\targets\Microsoft.NET.Sdk.StaticWebAssets.ScopedCss.targets(55,3): message :     
                   C:\Program Files\dotnet\sdk\9.0.313\Sdks\Microsoft.NET.Sdk.StaticWebAssets\targets\Microsoft.NET.Sdk.StaticWebAssets.ScopedCss.targets(55,3): message :       ResolveCoreStaticWebAssets;
                   C:\Program Files\dotnet\sdk\9.0.313\Sdks\Microsoft.NET.Sdk.StaticWebAssets\targets\Microsoft.NET.Sdk.StaticWebAssets.ScopedCss.targets(55,3): message :       GenerateComputedBuildStaticWebAssets;
                   C:\Program Files\dotnet\sdk\9.0.313\Sdks\Microsoft.NET.Sdk.StaticWebAssets\targets\Microsoft.NET.Sdk.StaticWebAssets.ScopedCss.targets(55,3): message :       
                   C:\Program Files\dotnet\sdk\9.0.313\Sdks\Microsoft.NET.Sdk.StaticWebAssets\targets\Microsoft.NET.Sdk.StaticWebAssets.ScopedCss.targets(55,3): message :     ;
                   C:\Program Files\dotnet\sdk\9.0.313\Sdks\Microsoft.NET.Sdk.StaticWebAssets\targets\Microsoft.NET.Sdk.StaticWebAssets.ScopedCss.targets(55,3): message :     ResolveScopedCssAssets;
                   C:\Program Files\dotnet\sdk\9.0.313\Sdks\Microsoft.NET.Sdk.StaticWebAssets\targets\Microsoft.NET.Sdk.StaticWebAssets.ScopedCss.targets(55,3): message :   " (previous value: "
                   C:\Program Files\dotnet\sdk\9.0.313\Sdks\Microsoft.NET.Sdk.StaticWebAssets\targets\Microsoft.NET.Sdk.StaticWebAssets.ScopedCss.targets(55,3): message :       ResolveCoreStaticWebAssets;
                   C:\Program Files\dotnet\sdk\9.0.313\Sdks\Microsoft.NET.Sdk.StaticWebAssets\targets\Microsoft.NET.Sdk.StaticWebAssets.ScopedCss.targets(55,3): message :       GenerateComputedBuildStaticWebAssets;
                   C:\Program Files\dotnet\sdk\9.0.313\Sdks\Microsoft.NET.Sdk.StaticWebAssets\targets\Microsoft.NET.Sdk.StaticWebAssets.ScopedCss.targets(55,3): message :       
                   C:\Program Files\dotnet\sdk\9.0.313\Sdks\Microsoft.NET.Sdk.StaticWebAssets\targets\Microsoft.NET.Sdk.StaticWebAssets.ScopedCss.targets(55,3): message :     ") at C:\Program Files\dotnet\sdk\9.0.313\Sdks\Microsoft.NET.Sdk.StaticWebAssets\targets\Microsoft.NET.Sdk.StaticWebAssets.ScopedCss.targets (55,3)
                   C:\Program Files\dotnet\sdk\9.0.313\Sdks\Microsoft.NET.Sdk.StaticWebAssets\targets\Microsoft.NET.Sdk.StaticWebAssets.ScopedCss.targets(88,3): message : Property reassignment: $(GenerateComputedBuildStaticWebAssetsDependsOn)="
                   C:\Program Files\dotnet\sdk\9.0.313\Sdks\Microsoft.NET.Sdk.StaticWebAssets\targets\Microsoft.NET.Sdk.StaticWebAssets.ScopedCss.targets(88,3): message :     ResolveCoreStaticWebAssets;;
                   C:\Program Files\dotnet\sdk\9.0.313\Sdks\Microsoft.NET.Sdk.StaticWebAssets\targets\Microsoft.NET.Sdk.StaticWebAssets.ScopedCss.targets(88,3): message :     BundleScopedCssFiles;
                   C:\Program Files\dotnet\sdk\9.0.313\Sdks\Microsoft.NET.Sdk.StaticWebAssets\targets\Microsoft.NET.Sdk.StaticWebAssets.ScopedCss.targets(88,3): message :   " (previous value: "ResolveCoreStaticWebAssets;") at C:\Program Files\dotnet\sdk\9.0.313\Sdks\Microsoft.NET.Sdk.StaticWebAssets\targets\Microsoft.NET.Sdk.StaticWebAssets.ScopedCss.targets (88,3)
                   C:\Program Files\dotnet\sdk\9.0.313\Sdks\Microsoft.NET.Sdk.StaticWebAssets\targets\Microsoft.NET.Sdk.StaticWebAssets.JSModules.targets(37,5): message : Property reassignment: $(ResolveCoreStaticWebAssetsDependsOn)="
                   C:\Program Files\dotnet\sdk\9.0.313\Sdks\Microsoft.NET.Sdk.StaticWebAssets\targets\Microsoft.NET.Sdk.StaticWebAssets.JSModules.targets(37,5): message :       
                   C:\Program Files\dotnet\sdk\9.0.313\Sdks\Microsoft.NET.Sdk.StaticWebAssets\targets\Microsoft.NET.Sdk.StaticWebAssets.JSModules.targets(37,5): message :       UpdateExistingPackageStaticWebAssets;
                   C:\Program Files\dotnet\sdk\9.0.313\Sdks\Microsoft.NET.Sdk.StaticWebAssets\targets\Microsoft.NET.Sdk.StaticWebAssets.JSModules.targets(37,5): message :       ResolveProjectStaticWebAssets;
                   C:\Program Files\dotnet\sdk\9.0.313\Sdks\Microsoft.NET.Sdk.StaticWebAssets\targets\Microsoft.NET.Sdk.StaticWebAssets.JSModules.targets(37,5): message :       ResolveEmbeddedProjectsStaticWebAssets;
                   C:\Program Files\dotnet\sdk\9.0.313\Sdks\Microsoft.NET.Sdk.StaticWebAssets\targets\Microsoft.NET.Sdk.StaticWebAssets.JSModules.targets(37,5): message :       ResolveReferencedProjectsStaticWebAssets;
                   C:\Program Files\dotnet\sdk\9.0.313\Sdks\Microsoft.NET.Sdk.StaticWebAssets\targets\Microsoft.NET.Sdk.StaticWebAssets.JSModules.targets(37,5): message :       ;
                   C:\Program Files\dotnet\sdk\9.0.313\Sdks\Microsoft.NET.Sdk.StaticWebAssets\targets\Microsoft.NET.Sdk.StaticWebAssets.JSModules.targets(37,5): message :     ;
                   C:\Program Files\dotnet\sdk\9.0.313\Sdks\Microsoft.NET.Sdk.StaticWebAssets\targets\Microsoft.NET.Sdk.StaticWebAssets.JSModules.targets(37,5): message :       ResolveJsInitializerModuleStaticWebAssets;
                   C:\Program Files\dotnet\sdk\9.0.313\Sdks\Microsoft.NET.Sdk.StaticWebAssets\targets\Microsoft.NET.Sdk.StaticWebAssets.JSModules.targets(37,5): message :     " (previous value: "
                   C:\Program Files\dotnet\sdk\9.0.313\Sdks\Microsoft.NET.Sdk.StaticWebAssets\targets\Microsoft.NET.Sdk.StaticWebAssets.JSModules.targets(37,5): message :       UpdateExistingPackageStaticWebAssets;
                   C:\Program Files\dotnet\sdk\9.0.313\Sdks\Microsoft.NET.Sdk.StaticWebAssets\targets\Microsoft.NET.Sdk.StaticWebAssets.JSModules.targets(37,5): message :       ResolveProjectStaticWebAssets;
                   C:\Program Files\dotnet\sdk\9.0.313\Sdks\Microsoft.NET.Sdk.StaticWebAssets\targets\Microsoft.NET.Sdk.StaticWebAssets.JSModules.targets(37,5): message :       ResolveEmbeddedProjectsStaticWebAssets;
                   C:\Program Files\dotnet\sdk\9.0.313\Sdks\Microsoft.NET.Sdk.StaticWebAssets\targets\Microsoft.NET.Sdk.StaticWebAssets.JSModules.targets(37,5): message :       ResolveReferencedProjectsStaticWebAssets;
                   C:\Program Files\dotnet\sdk\9.0.313\Sdks\Microsoft.NET.Sdk.StaticWebAssets\targets\Microsoft.NET.Sdk.StaticWebAssets.JSModules.targets(37,5): message :       ;
                   C:\Program Files\dotnet\sdk\9.0.313\Sdks\Microsoft.NET.Sdk.StaticWebAssets\targets\Microsoft.NET.Sdk.StaticWebAssets.JSModules.targets(37,5): message :     ") at C:\Program Files\dotnet\sdk\9.0.313\Sdks\Microsoft.NET.Sdk.StaticWebAssets\targets\Microsoft.NET.Sdk.StaticWebAssets.JSModules.targets (37,5)
                   C:\Program Files\dotnet\sdk\9.0.313\Sdks\Microsoft.NET.Sdk.StaticWebAssets\targets\Microsoft.NET.Sdk.StaticWebAssets.JSModules.targets(42,5): message : Property reassignment: $(ResolveCoreStaticWebAssetsDependsOn)="
                   C:\Program Files\dotnet\sdk\9.0.313\Sdks\Microsoft.NET.Sdk.StaticWebAssets\targets\Microsoft.NET.Sdk.StaticWebAssets.JSModules.targets(42,5): message :       
                   C:\Program Files\dotnet\sdk\9.0.313\Sdks\Microsoft.NET.Sdk.StaticWebAssets\targets\Microsoft.NET.Sdk.StaticWebAssets.JSModules.targets(42,5): message :       
                   C:\Program Files\dotnet\sdk\9.0.313\Sdks\Microsoft.NET.Sdk.StaticWebAssets\targets\Microsoft.NET.Sdk.StaticWebAssets.JSModules.targets(42,5): message :       UpdateExistingPackageStaticWebAssets;
                   C:\Program Files\dotnet\sdk\9.0.313\Sdks\Microsoft.NET.Sdk.StaticWebAssets\targets\Microsoft.NET.Sdk.StaticWebAssets.JSModules.targets(42,5): message :       ResolveProjectStaticWebAssets;
                   C:\Program Files\dotnet\sdk\9.0.313\Sdks\Microsoft.NET.Sdk.StaticWebAssets\targets\Microsoft.NET.Sdk.StaticWebAssets.JSModules.targets(42,5): message :       ResolveEmbeddedProjectsStaticWebAssets;
                   C:\Program Files\dotnet\sdk\9.0.313\Sdks\Microsoft.NET.Sdk.StaticWebAssets\targets\Microsoft.NET.Sdk.StaticWebAssets.JSModules.targets(42,5): message :       ResolveReferencedProjectsStaticWebAssets;
                   C:\Program Files\dotnet\sdk\9.0.313\Sdks\Microsoft.NET.Sdk.StaticWebAssets\targets\Microsoft.NET.Sdk.StaticWebAssets.JSModules.targets(42,5): message :       ;
                   C:\Program Files\dotnet\sdk\9.0.313\Sdks\Microsoft.NET.Sdk.StaticWebAssets\targets\Microsoft.NET.Sdk.StaticWebAssets.JSModules.targets(42,5): message :     ;
                   C:\Program Files\dotnet\sdk\9.0.313\Sdks\Microsoft.NET.Sdk.StaticWebAssets\targets\Microsoft.NET.Sdk.StaticWebAssets.JSModules.targets(42,5): message :       ResolveJsInitializerModuleStaticWebAssets;
                   C:\Program Files\dotnet\sdk\9.0.313\Sdks\Microsoft.NET.Sdk.StaticWebAssets\targets\Microsoft.NET.Sdk.StaticWebAssets.JSModules.targets(42,5): message :     ;
                   C:\Program Files\dotnet\sdk\9.0.313\Sdks\Microsoft.NET.Sdk.StaticWebAssets\targets\Microsoft.NET.Sdk.StaticWebAssets.JSModules.targets(42,5): message :       ResolveJSModuleStaticWebAssets;
                   C:\Program Files\dotnet\sdk\9.0.313\Sdks\Microsoft.NET.Sdk.StaticWebAssets\targets\Microsoft.NET.Sdk.StaticWebAssets.JSModules.targets(42,5): message :     " (previous value: "
                   C:\Program Files\dotnet\sdk\9.0.313\Sdks\Microsoft.NET.Sdk.StaticWebAssets\targets\Microsoft.NET.Sdk.StaticWebAssets.JSModules.targets(42,5): message :       
                   C:\Program Files\dotnet\sdk\9.0.313\Sdks\Microsoft.NET.Sdk.StaticWebAssets\targets\Microsoft.NET.Sdk.StaticWebAssets.JSModules.targets(42,5): message :       UpdateExistingPackageStaticWebAssets;
                   C:\Program Files\dotnet\sdk\9.0.313\Sdks\Microsoft.NET.Sdk.StaticWebAssets\targets\Microsoft.NET.Sdk.StaticWebAssets.JSModules.targets(42,5): message :       ResolveProjectStaticWebAssets;
                   C:\Program Files\dotnet\sdk\9.0.313\Sdks\Microsoft.NET.Sdk.StaticWebAssets\targets\Microsoft.NET.Sdk.StaticWebAssets.JSModules.targets(42,5): message :       ResolveEmbeddedProjectsStaticWebAssets;
                   C:\Program Files\dotnet\sdk\9.0.313\Sdks\Microsoft.NET.Sdk.StaticWebAssets\targets\Microsoft.NET.Sdk.StaticWebAssets.JSModules.targets(42,5): message :       ResolveReferencedProjectsStaticWebAssets;
                   C:\Program Files\dotnet\sdk\9.0.313\Sdks\Microsoft.NET.Sdk.StaticWebAssets\targets\Microsoft.NET.Sdk.StaticWebAssets.JSModules.targets(42,5): message :       ;
                   C:\Program Files\dotnet\sdk\9.0.313\Sdks\Microsoft.NET.Sdk.StaticWebAssets\targets\Microsoft.NET.Sdk.StaticWebAssets.JSModules.targets(42,5): message :     ;
                   C:\Program Files\dotnet\sdk\9.0.313\Sdks\Microsoft.NET.Sdk.StaticWebAssets\targets\Microsoft.NET.Sdk.StaticWebAssets.JSModules.targets(42,5): message :       ResolveJsInitializerModuleStaticWebAssets;
                   C:\Program Files\dotnet\sdk\9.0.313\Sdks\Microsoft.NET.Sdk.StaticWebAssets\targets\Microsoft.NET.Sdk.StaticWebAssets.JSModules.targets(42,5): message :     ") at C:\Program Files\dotnet\sdk\9.0.313\Sdks\Microsoft.NET.Sdk.StaticWebAssets\targets\Microsoft.NET.Sdk.StaticWebAssets.JSModules.targets (42,5)
                   C:\Program Files\dotnet\sdk\9.0.313\Sdks\Microsoft.NET.Sdk.StaticWebAssets\targets\Microsoft.NET.Sdk.StaticWebAssets.JSModules.targets(57,5): message : Property reassignment: $(ResolveStaticWebAssetsInputsDependsOn)="
                   C:\Program Files\dotnet\sdk\9.0.313\Sdks\Microsoft.NET.Sdk.StaticWebAssets\targets\Microsoft.NET.Sdk.StaticWebAssets.JSModules.targets(57,5): message :       ResolveJSModuleManifestBuildStaticWebAssets;
                   C:\Program Files\dotnet\sdk\9.0.313\Sdks\Microsoft.NET.Sdk.StaticWebAssets\targets\Microsoft.NET.Sdk.StaticWebAssets.JSModules.targets(57,5): message :       
                   C:\Program Files\dotnet\sdk\9.0.313\Sdks\Microsoft.NET.Sdk.StaticWebAssets\targets\Microsoft.NET.Sdk.StaticWebAssets.JSModules.targets(57,5): message :     
                   C:\Program Files\dotnet\sdk\9.0.313\Sdks\Microsoft.NET.Sdk.StaticWebAssets\targets\Microsoft.NET.Sdk.StaticWebAssets.JSModules.targets(57,5): message :       ResolveCoreStaticWebAssets;
                   C:\Program Files\dotnet\sdk\9.0.313\Sdks\Microsoft.NET.Sdk.StaticWebAssets\targets\Microsoft.NET.Sdk.StaticWebAssets.JSModules.targets(57,5): message :       GenerateComputedBuildStaticWebAssets;
                   C:\Program Files\dotnet\sdk\9.0.313\Sdks\Microsoft.NET.Sdk.StaticWebAssets\targets\Microsoft.NET.Sdk.StaticWebAssets.JSModules.targets(57,5): message :       
                   C:\Program Files\dotnet\sdk\9.0.313\Sdks\Microsoft.NET.Sdk.StaticWebAssets\targets\Microsoft.NET.Sdk.StaticWebAssets.JSModules.targets(57,5): message :     ;
                   C:\Program Files\dotnet\sdk\9.0.313\Sdks\Microsoft.NET.Sdk.StaticWebAssets\targets\Microsoft.NET.Sdk.StaticWebAssets.JSModules.targets(57,5): message :     ResolveScopedCssAssets;
                   C:\Program Files\dotnet\sdk\9.0.313\Sdks\Microsoft.NET.Sdk.StaticWebAssets\targets\Microsoft.NET.Sdk.StaticWebAssets.JSModules.targets(57,5): message :   
                   C:\Program Files\dotnet\sdk\9.0.313\Sdks\Microsoft.NET.Sdk.StaticWebAssets\targets\Microsoft.NET.Sdk.StaticWebAssets.JSModules.targets(57,5): message :     " (previous value: "
                   C:\Program Files\dotnet\sdk\9.0.313\Sdks\Microsoft.NET.Sdk.StaticWebAssets\targets\Microsoft.NET.Sdk.StaticWebAssets.JSModules.targets(57,5): message :     
                   C:\Program Files\dotnet\sdk\9.0.313\Sdks\Microsoft.NET.Sdk.StaticWebAssets\targets\Microsoft.NET.Sdk.StaticWebAssets.JSModules.targets(57,5): message :       ResolveCoreStaticWebAssets;
                   C:\Program Files\dotnet\sdk\9.0.313\Sdks\Microsoft.NET.Sdk.StaticWebAssets\targets\Microsoft.NET.Sdk.StaticWebAssets.JSModules.targets(57,5): message :       GenerateComputedBuildStaticWebAssets;
                   C:\Program Files\dotnet\sdk\9.0.313\Sdks\Microsoft.NET.Sdk.StaticWebAssets\targets\Microsoft.NET.Sdk.StaticWebAssets.JSModules.targets(57,5): message :       
                   C:\Program Files\dotnet\sdk\9.0.313\Sdks\Microsoft.NET.Sdk.StaticWebAssets\targets\Microsoft.NET.Sdk.StaticWebAssets.JSModules.targets(57,5): message :     ;
                   C:\Program Files\dotnet\sdk\9.0.313\Sdks\Microsoft.NET.Sdk.StaticWebAssets\targets\Microsoft.NET.Sdk.StaticWebAssets.JSModules.targets(57,5): message :     ResolveScopedCssAssets;
                   C:\Program Files\dotnet\sdk\9.0.313\Sdks\Microsoft.NET.Sdk.StaticWebAssets\targets\Microsoft.NET.Sdk.StaticWebAssets.JSModules.targets(57,5): message :   ") at C:\Program Files\dotnet\sdk\9.0.313\Sdks\Microsoft.NET.Sdk.StaticWebAssets\targets\Microsoft.NET.Sdk.StaticWebAssets.JSModules.targets (57,5)
                   C:\Program Files\dotnet\sdk\9.0.313\Sdks\Microsoft.NET.Sdk.StaticWebAssets\targets\Microsoft.NET.Sdk.StaticWebAssets.JSModules.targets(76,5): message : Property reassignment: $(ResolvePublishStaticWebAssetsDependsOn)="
                   C:\Program Files\dotnet\sdk\9.0.313\Sdks\Microsoft.NET.Sdk.StaticWebAssets\targets\Microsoft.NET.Sdk.StaticWebAssets.JSModules.targets(76,5): message :       ResolveJSModuleManifestPublishStaticWebAssets;
                   C:\Program Files\dotnet\sdk\9.0.313\Sdks\Microsoft.NET.Sdk.StaticWebAssets\targets\Microsoft.NET.Sdk.StaticWebAssets.JSModules.targets(76,5): message :       
                   C:\Program Files\dotnet\sdk\9.0.313\Sdks\Microsoft.NET.Sdk.StaticWebAssets\targets\Microsoft.NET.Sdk.StaticWebAssets.JSModules.targets(76,5): message :       ResolveCorePublishStaticWebAssets;
                   C:\Program Files\dotnet\sdk\9.0.313\Sdks\Microsoft.NET.Sdk.StaticWebAssets\targets\Microsoft.NET.Sdk.StaticWebAssets.JSModules.targets(76,5): message :       GenerateComputedPublishStaticWebAssets;
                   C:\Program Files\dotnet\sdk\9.0.313\Sdks\Microsoft.NET.Sdk.StaticWebAssets\targets\Microsoft.NET.Sdk.StaticWebAssets.JSModules.targets(76,5): message :       ;
                   C:\Program Files\dotnet\sdk\9.0.313\Sdks\Microsoft.NET.Sdk.StaticWebAssets\targets\Microsoft.NET.Sdk.StaticWebAssets.JSModules.targets(76,5): message :     
                   C:\Program Files\dotnet\sdk\9.0.313\Sdks\Microsoft.NET.Sdk.StaticWebAssets\targets\Microsoft.NET.Sdk.StaticWebAssets.JSModules.targets(76,5): message :     " (previous value: "
                   C:\Program Files\dotnet\sdk\9.0.313\Sdks\Microsoft.NET.Sdk.StaticWebAssets\targets\Microsoft.NET.Sdk.StaticWebAssets.JSModules.targets(76,5): message :       ResolveCorePublishStaticWebAssets;
                   C:\Program Files\dotnet\sdk\9.0.313\Sdks\Microsoft.NET.Sdk.StaticWebAssets\targets\Microsoft.NET.Sdk.StaticWebAssets.JSModules.targets(76,5): message :       GenerateComputedPublishStaticWebAssets;
                   C:\Program Files\dotnet\sdk\9.0.313\Sdks\Microsoft.NET.Sdk.StaticWebAssets\targets\Microsoft.NET.Sdk.StaticWebAssets.JSModules.targets(76,5): message :       ;
                   C:\Program Files\dotnet\sdk\9.0.313\Sdks\Microsoft.NET.Sdk.StaticWebAssets\targets\Microsoft.NET.Sdk.StaticWebAssets.JSModules.targets(76,5): message :     ") at C:\Program Files\dotnet\sdk\9.0.313\Sdks\Microsoft.NET.Sdk.StaticWebAssets\targets\Microsoft.NET.Sdk.StaticWebAssets.JSModules.targets (76,5)
                   C:\Program Files\dotnet\sdk\9.0.313\Sdks\Microsoft.NET.Sdk.StaticWebAssets\targets\Microsoft.NET.Sdk.StaticWebAssets.Compression.targets(179,5): message : Property reassignment: $(ResolveBuildRelatedStaticWebAssetsDependsOn)="
                   C:\Program Files\dotnet\sdk\9.0.313\Sdks\Microsoft.NET.Sdk.StaticWebAssets\targets\Microsoft.NET.Sdk.StaticWebAssets.Compression.targets(179,5): message :       ResolveBuildCompressedStaticWebAssets;
                   C:\Program Files\dotnet\sdk\9.0.313\Sdks\Microsoft.NET.Sdk.StaticWebAssets\targets\Microsoft.NET.Sdk.StaticWebAssets.Compression.targets(179,5): message :       
                   C:\Program Files\dotnet\sdk\9.0.313\Sdks\Microsoft.NET.Sdk.StaticWebAssets\targets\Microsoft.NET.Sdk.StaticWebAssets.Compression.targets(179,5): message :       ResolveStaticWebAssetsInputs;
                   C:\Program Files\dotnet\sdk\9.0.313\Sdks\Microsoft.NET.Sdk.StaticWebAssets\targets\Microsoft.NET.Sdk.StaticWebAssets.Compression.targets(179,5): message :       
                   C:\Program Files\dotnet\sdk\9.0.313\Sdks\Microsoft.NET.Sdk.StaticWebAssets\targets\Microsoft.NET.Sdk.StaticWebAssets.Compression.targets(179,5): message :     
                   C:\Program Files\dotnet\sdk\9.0.313\Sdks\Microsoft.NET.Sdk.StaticWebAssets\targets\Microsoft.NET.Sdk.StaticWebAssets.Compression.targets(179,5): message :     " (previous value: "
                   C:\Program Files\dotnet\sdk\9.0.313\Sdks\Microsoft.NET.Sdk.StaticWebAssets\targets\Microsoft.NET.Sdk.StaticWebAssets.Compression.targets(179,5): message :       ResolveStaticWebAssetsInputs;
                   C:\Program Files\dotnet\sdk\9.0.313\Sdks\Microsoft.NET.Sdk.StaticWebAssets\targets\Microsoft.NET.Sdk.StaticWebAssets.Compression.targets(179,5): message :       
                   C:\Program Files\dotnet\sdk\9.0.313\Sdks\Microsoft.NET.Sdk.StaticWebAssets\targets\Microsoft.NET.Sdk.StaticWebAssets.Compression.targets(179,5): message :     ") at C:\Program Files\dotnet\sdk\9.0.313\Sdks\Microsoft.NET.Sdk.StaticWebAssets\targets\Microsoft.NET.Sdk.StaticWebAssets.Compression.targets (179,5)
                   C:\Program Files\dotnet\sdk\9.0.313\Sdks\Microsoft.NET.Sdk.StaticWebAssets\targets\Microsoft.NET.Sdk.StaticWebAssets.Compression.targets(198,5): message : Property reassignment: $(ResolvePublishRelatedStaticWebAssetsDependsOn)="
                   C:\Program Files\dotnet\sdk\9.0.313\Sdks\Microsoft.NET.Sdk.StaticWebAssets\targets\Microsoft.NET.Sdk.StaticWebAssets.Compression.targets(198,5): message :       ResolvePublishCompressedStaticWebAssets;
                   C:\Program Files\dotnet\sdk\9.0.313\Sdks\Microsoft.NET.Sdk.StaticWebAssets\targets\Microsoft.NET.Sdk.StaticWebAssets.Compression.targets(198,5): message :       
                   C:\Program Files\dotnet\sdk\9.0.313\Sdks\Microsoft.NET.Sdk.StaticWebAssets\targets\Microsoft.NET.Sdk.StaticWebAssets.Compression.targets(198,5): message :     " (previous value: "") at C:\Program Files\dotnet\sdk\9.0.313\Sdks\Microsoft.NET.Sdk.StaticWebAssets\targets\Microsoft.NET.Sdk.StaticWebAssets.Compression.targets (198,5)
                   C:\Program Files\dotnet\sdk\9.0.313\Sdks\Microsoft.NET.Sdk.Razor\targets\Sdk.Razor.CurrentVersion.targets(205,5): message : Property reassignment: $(DebugSymbolsProjectOutputGroupDependsOn)="
                   C:\Program Files\dotnet\sdk\9.0.313\Sdks\Microsoft.NET.Sdk.Razor\targets\Sdk.Razor.CurrentVersion.targets(205,5): message :       ;
                   C:\Program Files\dotnet\sdk\9.0.313\Sdks\Microsoft.NET.Sdk.Razor\targets\Sdk.Razor.CurrentVersion.targets(205,5): message :       _RazorAddDebugSymbolsProjectOutputGroupOutput
                   C:\Program Files\dotnet\sdk\9.0.313\Sdks\Microsoft.NET.Sdk.Razor\targets\Sdk.Razor.CurrentVersion.targets(205,5): message :     " (previous value: "") at C:\Program Files\dotnet\sdk\9.0.313\Sdks\Microsoft.NET.Sdk.Razor\targets\Sdk.Razor.CurrentVersion.targets (205,5)
                   C:\Program Files\dotnet\sdk\9.0.313\Sdks\Microsoft.NET.Sdk.Razor\targets\Sdk.Razor.CurrentVersion.targets(210,5): message : Property reassignment: $(PrepareForBuildDependsOn)="
                   C:\Program Files\dotnet\sdk\9.0.313\Sdks\Microsoft.NET.Sdk.Razor\targets\Sdk.Razor.CurrentVersion.targets(210,5): message :       ;GetFrameworkPaths;GetReferenceAssemblyPaths;AssignLinkMetadata;
                   C:\Program Files\dotnet\sdk\9.0.313\Sdks\Microsoft.NET.Sdk.Razor\targets\Sdk.Razor.CurrentVersion.targets(210,5): message :       ResolveRazorGenerateInputs
                   C:\Program Files\dotnet\sdk\9.0.313\Sdks\Microsoft.NET.Sdk.Razor\targets\Sdk.Razor.CurrentVersion.targets(210,5): message :     " (previous value: ";GetFrameworkPaths;GetReferenceAssemblyPaths;AssignLinkMetadata") at C:\Program Files\dotnet\sdk\9.0.313\Sdks\Microsoft.NET.Sdk.Razor\targets\Sdk.Razor.CurrentVersion.targets (210,5)
                   C:\Program Files\dotnet\sdk\9.0.313\Sdks\Microsoft.NET.Sdk.Razor\targets\Sdk.Razor.CurrentVersion.targets(215,5): message : Property reassignment: $(GenerateNuspecDependsOn)="
                   C:\Program Files\dotnet\sdk\9.0.313\Sdks\Microsoft.NET.Sdk.Razor\targets\Sdk.Razor.CurrentVersion.targets(215,5): message :       ResolveRazorGenerateInputs;
                   C:\Program Files\dotnet\sdk\9.0.313\Sdks\Microsoft.NET.Sdk.Razor\targets\Sdk.Razor.CurrentVersion.targets(215,5): message :       
                   C:\Program Files\dotnet\sdk\9.0.313\Sdks\Microsoft.NET.Sdk.Razor\targets\Sdk.Razor.CurrentVersion.targets(215,5): message :       IncludeStaticWebAssetsPackItems;
                   C:\Program Files\dotnet\sdk\9.0.313\Sdks\Microsoft.NET.Sdk.Razor\targets\Sdk.Razor.CurrentVersion.targets(215,5): message :       Build;_LoadPackInputItems; _GetTargetFrameworksOutput; _WalkEachTargetPerFramework; _GetPackageFiles; ;
                   C:\Program Files\dotnet\sdk\9.0.313\Sdks\Microsoft.NET.Sdk.Razor\targets\Sdk.Razor.CurrentVersion.targets(215,5): message :     
                   C:\Program Files\dotnet\sdk\9.0.313\Sdks\Microsoft.NET.Sdk.Razor\targets\Sdk.Razor.CurrentVersion.targets(215,5): message :     " (previous value: "
                   C:\Program Files\dotnet\sdk\9.0.313\Sdks\Microsoft.NET.Sdk.Razor\targets\Sdk.Razor.CurrentVersion.targets(215,5): message :       IncludeStaticWebAssetsPackItems;
                   C:\Program Files\dotnet\sdk\9.0.313\Sdks\Microsoft.NET.Sdk.Razor\targets\Sdk.Razor.CurrentVersion.targets(215,5): message :       Build;_LoadPackInputItems; _GetTargetFrameworksOutput; _WalkEachTargetPerFramework; _GetPackageFiles; ;
                   C:\Program Files\dotnet\sdk\9.0.313\Sdks\Microsoft.NET.Sdk.Razor\targets\Sdk.Razor.CurrentVersion.targets(215,5): message :     ") at C:\Program Files\dotnet\sdk\9.0.313\Sdks\Microsoft.NET.Sdk.Razor\targets\Sdk.Razor.CurrentVersion.targets (215,5)
                   C:\Program Files\dotnet\sdk\9.0.313\Sdks\Microsoft.NET.Sdk.Razor\targets\Sdk.Razor.CurrentVersion.targets(220,5): message : Property reassignment: $(PrepareForRunDependsOn)="
                   C:\Program Files\dotnet\sdk\9.0.313\Sdks\Microsoft.NET.Sdk.Razor\targets\Sdk.Razor.CurrentVersion.targets(220,5): message :       _RazorPrepareForRun;
                   C:\Program Files\dotnet\sdk\9.0.313\Sdks\Microsoft.NET.Sdk.Razor\targets\Sdk.Razor.CurrentVersion.targets(220,5): message :       StaticWebAssetsPrepareForRun;
                   C:\Program Files\dotnet\sdk\9.0.313\Sdks\Microsoft.NET.Sdk.Razor\targets\Sdk.Razor.CurrentVersion.targets(220,5): message :       CopyFilesToOutputDirectory
                   C:\Program Files\dotnet\sdk\9.0.313\Sdks\Microsoft.NET.Sdk.Razor\targets\Sdk.Razor.CurrentVersion.targets(220,5): message :     
                   C:\Program Files\dotnet\sdk\9.0.313\Sdks\Microsoft.NET.Sdk.Razor\targets\Sdk.Razor.CurrentVersion.targets(220,5): message :     " (previous value: "StaticWebAssetsPrepareForRun;
                   C:\Program Files\dotnet\sdk\9.0.313\Sdks\Microsoft.NET.Sdk.Razor\targets\Sdk.Razor.CurrentVersion.targets(220,5): message :       CopyFilesToOutputDirectory
                   C:\Program Files\dotnet\sdk\9.0.313\Sdks\Microsoft.NET.Sdk.Razor\targets\Sdk.Razor.CurrentVersion.targets(220,5): message :     ") at C:\Program Files\dotnet\sdk\9.0.313\Sdks\Microsoft.NET.Sdk.Razor\targets\Sdk.Razor.CurrentVersion.targets (220,5)
                   C:\Program Files\dotnet\sdk\9.0.313\Sdks\Microsoft.NET.Sdk.Razor\targets\Sdk.Razor.CurrentVersion.targets(311,5): message : Property reassignment: $(UseRazorBuildServer)="true" (previous value: "") at C:\Program Files\dotnet\sdk\9.0.313\Sdks\Microsoft.NET.Sdk.Razor\targets\Sdk.Razor.CurrentVersion.targets (311,5)
                   C:\Program Files\dotnet\sdk\9.0.313\Sdks\Microsoft.NET.Sdk.Razor\targets\Sdk.Razor.CurrentVersion.targets(317,5): message : Property reassignment: $(_RazorDebugSymbolsProduced)="true" (previous value: "false") at C:\Program Files\dotnet\sdk\9.0.313\Sdks\Microsoft.NET.Sdk.Razor\targets\Sdk.Razor.CurrentVersion.targets (317,5)
                   C:\Program Files\dotnet\sdk\9.0.313\Sdks\Microsoft.NET.Sdk.Razor\targets\Microsoft.NET.Sdk.Razor.GenerateAssemblyInfo.targets(36,5): message : Property reassignment: $(GenerateRazorTargetAssemblyInfoDependsOn)="
                   C:\Program Files\dotnet\sdk\9.0.313\Sdks\Microsoft.NET.Sdk.Razor\targets\Microsoft.NET.Sdk.Razor.GenerateAssemblyInfo.targets(36,5): message :       _ResolveMvcAssemblyAttributes;
                   C:\Program Files\dotnet\sdk\9.0.313\Sdks\Microsoft.NET.Sdk.Razor\targets\Microsoft.NET.Sdk.Razor.GenerateAssemblyInfo.targets(36,5): message :       
                   C:\Program Files\dotnet\sdk\9.0.313\Sdks\Microsoft.NET.Sdk.Razor\targets\Microsoft.NET.Sdk.Razor.GenerateAssemblyInfo.targets(36,5): message :       GetRazorTargetAssemblyAttributes;
                   C:\Program Files\dotnet\sdk\9.0.313\Sdks\Microsoft.NET.Sdk.Razor\targets\Microsoft.NET.Sdk.Razor.GenerateAssemblyInfo.targets(36,5): message :       _CreateRazorTargetAssemblyInfoInputsCacheFile;
                   C:\Program Files\dotnet\sdk\9.0.313\Sdks\Microsoft.NET.Sdk.Razor\targets\Microsoft.NET.Sdk.Razor.GenerateAssemblyInfo.targets(36,5): message :       CoreGenerateRazorTargetAssemblyInfo
                   C:\Program Files\dotnet\sdk\9.0.313\Sdks\Microsoft.NET.Sdk.Razor\targets\Microsoft.NET.Sdk.Razor.GenerateAssemblyInfo.targets(36,5): message :     
                   C:\Program Files\dotnet\sdk\9.0.313\Sdks\Microsoft.NET.Sdk.Razor\targets\Microsoft.NET.Sdk.Razor.GenerateAssemblyInfo.targets(36,5): message :     " (previous value: "
                   C:\Program Files\dotnet\sdk\9.0.313\Sdks\Microsoft.NET.Sdk.Razor\targets\Microsoft.NET.Sdk.Razor.GenerateAssemblyInfo.targets(36,5): message :       GetRazorTargetAssemblyAttributes;
                   C:\Program Files\dotnet\sdk\9.0.313\Sdks\Microsoft.NET.Sdk.Razor\targets\Microsoft.NET.Sdk.Razor.GenerateAssemblyInfo.targets(36,5): message :       _CreateRazorTargetAssemblyInfoInputsCacheFile;
                   C:\Program Files\dotnet\sdk\9.0.313\Sdks\Microsoft.NET.Sdk.Razor\targets\Microsoft.NET.Sdk.Razor.GenerateAssemblyInfo.targets(36,5): message :       CoreGenerateRazorTargetAssemblyInfo
                   C:\Program Files\dotnet\sdk\9.0.313\Sdks\Microsoft.NET.Sdk.Razor\targets\Microsoft.NET.Sdk.Razor.GenerateAssemblyInfo.targets(36,5): message :     ") at C:\Program Files\dotnet\sdk\9.0.313\Sdks\Microsoft.NET.Sdk.Razor\targets\Microsoft.NET.Sdk.Razor.GenerateAssemblyInfo.targets (36,5)
                   C:\Program Files\dotnet\sdk\9.0.313\Sdks\Microsoft.NET.Sdk.Razor\targets\Microsoft.NET.Sdk.Razor.GenerateAssemblyInfo.targets(181,5): message : Property reassignment: $(CoreCompileDependsOn)="
                   C:\Program Files\dotnet\sdk\9.0.313\Sdks\Microsoft.NET.Sdk.Razor\targets\Microsoft.NET.Sdk.Razor.GenerateAssemblyInfo.targets(181,5): message :       ;_ComputeNonExistentFileProperty;ResolveCodeAnalysisRuleSet;
                   C:\Program Files\dotnet\sdk\9.0.313\Sdks\Microsoft.NET.Sdk.Razor\targets\Microsoft.NET.Sdk.Razor.GenerateAssemblyInfo.targets(181,5): message :       _GenerateRazorAssemblyInfo
                   C:\Program Files\dotnet\sdk\9.0.313\Sdks\Microsoft.NET.Sdk.Razor\targets\Microsoft.NET.Sdk.Razor.GenerateAssemblyInfo.targets(181,5): message :     " (previous value: ";_ComputeNonExistentFileProperty;ResolveCodeAnalysisRuleSet") at C:\Program Files\dotnet\sdk\9.0.313\Sdks\Microsoft.NET.Sdk.Razor\targets\Microsoft.NET.Sdk.Razor.GenerateAssemblyInfo.targets (181,5)
                   C:\Program Files\dotnet\sdk\9.0.313\Sdks\Microsoft.NET.Sdk.Razor\targets\Microsoft.NET.Sdk.Razor.GenerateAssemblyInfo.targets(189,5): message : Property reassignment: $(_GenerateRazorAssemblyInfoDependsOn)="
                   C:\Program Files\dotnet\sdk\9.0.313\Sdks\Microsoft.NET.Sdk.Razor\targets\Microsoft.NET.Sdk.Razor.GenerateAssemblyInfo.targets(189,5): message :       _ResolveMvcAssemblyAttributes;
                   C:\Program Files\dotnet\sdk\9.0.313\Sdks\Microsoft.NET.Sdk.Razor\targets\Microsoft.NET.Sdk.Razor.GenerateAssemblyInfo.targets(189,5): message :       RazorGetAssemblyAttributes;PrepareForBuild;_CoreGenerateRazorAssemblyInfo;
                   C:\Program Files\dotnet\sdk\9.0.313\Sdks\Microsoft.NET.Sdk.Razor\targets\Microsoft.NET.Sdk.Razor.GenerateAssemblyInfo.targets(189,5): message :     " (previous value: "RazorGetAssemblyAttributes;PrepareForBuild;_CoreGenerateRazorAssemblyInfo") at C:\Program Files\dotnet\sdk\9.0.313\Sdks\Microsoft.NET.Sdk.Razor\targets\Microsoft.NET.Sdk.Razor.GenerateAssemblyInfo.targets (189,5)
                   C:\Program Files\dotnet\sdk\9.0.313\Sdks\Microsoft.NET.Sdk.Razor\targets\Microsoft.NET.Sdk.Razor.MvcApplicationPartsDiscovery.targets(22,5): message : Property reassignment: $(CoreCompileDependsOn)="
                   C:\Program Files\dotnet\sdk\9.0.313\Sdks\Microsoft.NET.Sdk.Razor\targets\Microsoft.NET.Sdk.Razor.MvcApplicationPartsDiscovery.targets(22,5): message :       _DiscoverMvcApplicationParts;
                   C:\Program Files\dotnet\sdk\9.0.313\Sdks\Microsoft.NET.Sdk.Razor\targets\Microsoft.NET.Sdk.Razor.MvcApplicationPartsDiscovery.targets(22,5): message :       
                   C:\Program Files\dotnet\sdk\9.0.313\Sdks\Microsoft.NET.Sdk.Razor\targets\Microsoft.NET.Sdk.Razor.MvcApplicationPartsDiscovery.targets(22,5): message :       ;_ComputeNonExistentFileProperty;ResolveCodeAnalysisRuleSet;
                   C:\Program Files\dotnet\sdk\9.0.313\Sdks\Microsoft.NET.Sdk.Razor\targets\Microsoft.NET.Sdk.Razor.MvcApplicationPartsDiscovery.targets(22,5): message :       _GenerateRazorAssemblyInfo
                   C:\Program Files\dotnet\sdk\9.0.313\Sdks\Microsoft.NET.Sdk.Razor\targets\Microsoft.NET.Sdk.Razor.MvcApplicationPartsDiscovery.targets(22,5): message :     ;
                   C:\Program Files\dotnet\sdk\9.0.313\Sdks\Microsoft.NET.Sdk.Razor\targets\Microsoft.NET.Sdk.Razor.MvcApplicationPartsDiscovery.targets(22,5): message :     " (previous value: "
                   C:\Program Files\dotnet\sdk\9.0.313\Sdks\Microsoft.NET.Sdk.Razor\targets\Microsoft.NET.Sdk.Razor.MvcApplicationPartsDiscovery.targets(22,5): message :       ;_ComputeNonExistentFileProperty;ResolveCodeAnalysisRuleSet;
                   C:\Program Files\dotnet\sdk\9.0.313\Sdks\Microsoft.NET.Sdk.Razor\targets\Microsoft.NET.Sdk.Razor.MvcApplicationPartsDiscovery.targets(22,5): message :       _GenerateRazorAssemblyInfo
                   C:\Program Files\dotnet\sdk\9.0.313\Sdks\Microsoft.NET.Sdk.Razor\targets\Microsoft.NET.Sdk.Razor.MvcApplicationPartsDiscovery.targets(22,5): message :     ") at C:\Program Files\dotnet\sdk\9.0.313\Sdks\Microsoft.NET.Sdk.Razor\targets\Microsoft.NET.Sdk.Razor.MvcApplicationPartsDiscovery.targets (22,5)
                   C:\Program Files\dotnet\sdk\9.0.313\Sdks\Microsoft.NET.Sdk.Razor\targets\Sdk.Razor.CurrentVersion.targets(791,5): message : Property reassignment: $(RazorDesignTimeTargets)="C:\Program Files\dotnet\sdk\9.0.313\Sdks\Microsoft.NET.Sdk.Razor\targets\Microsoft.NET.Sdk.Razor.DesignTime.targets" (previous value: "C:\Program Files\dotnet\sdk\9.0.313\\Microsoft\VisualStudio\Razor\Microsoft.NET.Sdk.Razor.DesignTime.targets") at C:\Program Files\dotnet\sdk\9.0.313\Sdks\Microsoft.NET.Sdk.Razor\targets\Sdk.Razor.CurrentVersion.targets (791,5)
                   C:\Program Files\dotnet\sdk\9.0.313\Sdks\Microsoft.NET.Sdk.Web.ProjectSystem\targets\Microsoft.NET.Sdk.Web.ProjectSystem.targets(21,5): message : Property reassignment: $(RunWorkingDirectory)="C:\Users\frank.io\source\repos\hng-genderizeApp\hng-genderizeApp" (previous value: "") at C:\Program Files\dotnet\sdk\9.0.313\Sdks\Microsoft.NET.Sdk.Web.ProjectSystem\targets\Microsoft.NET.Sdk.Web.ProjectSystem.targets (21,5)
                   C:\Program Files\dotnet\sdk\9.0.313\Sdks\Microsoft.NET.Sdk.Publish\targets\Microsoft.NET.Sdk.Publish.targets(60,5): message : Property reassignment: $(PublishProfileImported)="true" (previous value: "false") at C:\Program Files\dotnet\sdk\9.0.313\Sdks\Microsoft.NET.Sdk.Publish\targets\Microsoft.NET.Sdk.Publish.targets (60,5)
                   C:\Program Files\dotnet\sdk\9.0.313\Sdks\Microsoft.NET.Sdk.Publish\targets\Microsoft.NET.Sdk.Publish.targets(81,5): message : Property reassignment: $(PublishConfiguration)="Debug" (previous value: "") at C:\Program Files\dotnet\sdk\9.0.313\Sdks\Microsoft.NET.Sdk.Publish\targets\Microsoft.NET.Sdk.Publish.targets (81,5)
                   C:\Program Files\dotnet\sdk\9.0.313\Sdks\Microsoft.NET.Sdk.Publish\targets\Microsoft.NET.Sdk.Publish.targets(87,5): message : Property reassignment: $(BaseIntermediateOutputPath)="C:\Users\frank.io\source\repos\hng-genderizeApp\hng-genderizeApp\obj\" (previous value: "obj\") at C:\Program Files\dotnet\sdk\9.0.313\Sdks\Microsoft.NET.Sdk.Publish\targets\Microsoft.NET.Sdk.Publish.targets (87,5)
                   Overriding target "ResolveFrameworkReferences" in project "C:\Program Files\dotnet\sdk\9.0.313\Microsoft.Common.CurrentVersion.targets" with target "ResolveFrameworkReferences" from project "C:\Program Files\dotnet\sdk\9.0.313\Sdks\Microsoft.NET.Sdk\targets\Microsoft.NET.Sdk.FrameworkReferenceResolution.targets".
                   Overriding target "Run" in project "C:\Program Files\dotnet\sdk\9.0.313\Microsoft.Common.CurrentVersion.targets" with target "Run" from project "C:\Program Files\dotnet\sdk\9.0.313\Sdks\Microsoft.NET.Sdk\targets\Microsoft.NET.Sdk.targets".
                   Overriding target "GenerateSupportedTargetFrameworkAlias" in project "C:\Program Files\dotnet\sdk\9.0.313\Microsoft.Common.CurrentVersion.targets" with target "GenerateSupportedTargetFrameworkAlias" from project "C:\Program Files\dotnet\sdk\9.0.313\Sdks\Microsoft.NET.Sdk\targets\Microsoft.NET.Sdk.targets".
                   Overriding target "GetReferenceAssemblyPaths" in project "C:\Program Files\dotnet\sdk\9.0.313\Microsoft.Common.CurrentVersion.targets" with target "GetReferenceAssemblyPaths" from project "C:\Program Files\dotnet\sdk\9.0.313\Sdks\Microsoft.NET.Sdk\targets\Microsoft.NET.DisableStandardFrameworkResolution.targets".
                   Overriding target "GetFrameworkPaths" in project "C:\Program Files\dotnet\sdk\9.0.313\Microsoft.Common.CurrentVersion.targets" with target "GetFrameworkPaths" from project "C:\Program Files\dotnet\sdk\9.0.313\Sdks\Microsoft.NET.Sdk\targets\Microsoft.NET.DisableStandardFrameworkResolution.targets".
                   Overriding target "DesignerRuntimeImplementationProjectOutputGroup" in project "C:\Program Files\dotnet\sdk\9.0.313\Microsoft.Common.CurrentVersion.targets" with target "DesignerRuntimeImplementationProjectOutputGroup" from project "C:\Program Files\dotnet\sdk\9.0.313\Sdks\Microsoft.NET.Sdk\targets\Microsoft.NET.DesignerSupport.targets".
                   Overriding target "Publish" in project "C:\Program Files\dotnet\sdk\9.0.313\Microsoft.Common.CurrentVersion.targets" with target "Publish" from project "C:\Program Files\dotnet\sdk\9.0.313\Sdks\Microsoft.NET.Sdk\targets\Microsoft.NET.Publish.targets".
                   Overriding target "ResolveReadyToRunCompilers" in project "C:\Program Files\dotnet\sdk\9.0.313\Sdks\Microsoft.NET.Sdk\targets\Microsoft.NET.CrossGen.targets" with target "ResolveReadyToRunCompilers" from project "C:\Program Files\dotnet\sdk\9.0.313\Sdks\Microsoft.NET.Sdk\targets\Microsoft.NET.Publish.targets".
                   Overriding target "GetCopyToPublishDirectoryItems" in project "C:\Program Files\dotnet\sdk\9.0.313\Microsoft.Common.CurrentVersion.targets" with target "GetCopyToPublishDirectoryItems" from project "C:\Program Files\dotnet\sdk\9.0.313\Sdks\Microsoft.NET.Sdk\targets\Microsoft.NET.Publish.targets".
                   Overriding target "BeforePublish" in project "C:\Program Files\dotnet\sdk\9.0.313\Microsoft.Common.CurrentVersion.targets" with target "BeforePublish" from project "C:\Program Files\dotnet\sdk\9.0.313\Sdks\Microsoft.NET.Sdk.Publish\targets\Microsoft.NET.Sdk.Publish.targets".
                   Overriding target "AfterPublish" in project "C:\Program Files\dotnet\sdk\9.0.313\Microsoft.Common.CurrentVersion.targets" with target "AfterPublish" from project "C:\Program Files\dotnet\sdk\9.0.313\Sdks\Microsoft.NET.Sdk.Publish\targets\Microsoft.NET.Sdk.Publish.targets".
                   The target "CollectUpToDateCheckInputDesignTime" listed in a BeforeTargets attribute at "C:\Program Files\dotnet\sdk\9.0.313\Sdks\Microsoft.NET.Sdk.StaticWebAssets\targets\Microsoft.NET.Sdk.StaticWebAssets.ScopedCss.targets (171,5)" does not exist in the project, and will be ignored.
                   The target "CollectUpToDateCheckBuiltDesignTime" listed in a BeforeTargets attribute at "C:\Program Files\dotnet\sdk\9.0.313\Sdks\Microsoft.NET.Sdk.StaticWebAssets\targets\Microsoft.NET.Sdk.StaticWebAssets.ScopedCss.targets (171,5)" does not exist in the project, and will be ignored.
                   The target "RazorGenerateComponentDeclaration" listed in an AfterTargets attribute at "C:\Program Files\dotnet\sdk\9.0.313\Sdks\Microsoft.NET.Sdk.Razor\targets\Microsoft.NET.Sdk.Razor.DesignTime.targets (55,53)" does not exist in the project, and will be ignored.
07:19:16.280     0>Initial Properties:
                   __DisableWorkloadResolverSentinelPath = C:\Program Files\dotnet\sdk\9.0.313\DisableWorkloadResolver.sentinel
                   __WindowsAppSdkDefaultImageIncludes = **/*.png;**/*.bmp;**/*.jpg;**/*.dds;**/*.tif;**/*.tga;**/*.gif
                   _AfterSdkPublishDependsOn = AfterPublish
                   _ApiCompatValidatePackageSemaphoreFile = obj\Debug\net9.0\Microsoft.NET.ApiCompat.ValidatePackage.semaphore
                   _AspNetCoreProjectSystemPostPublishDependsOn = 
                         _InitPublishIntermediateOutputPath;
                         
                         _TransformWebConfig;
                         _TransformXml;
                         _TransformAppSettings;
                         _GenerateEFSQLScripts;
                         _GenerateRunCommandFile;
                       ;
                         _PublishFiles;
                       
                   _AspNetCoreProjectSystemPrePublishDependsOn = 
                         BeforePublish;
                         
                         _DetermineProjectType;
                       ;
                       
                   _BeforePublishNoBuildTargets = 
                         BuildOnlySettings;
                         _PreventProjectReferencesFromBuilding;
                         ResolveReferences;
                         PrepareResourceNames;
                         ComputeIntermediateSatelliteAssemblies;
                         ComputeEmbeddedApphostPaths;
                       
                   _BinaryFormatterObsoleteAsError = true
                   _ComHostLibraryExtension = .dll
                   _ComputeTargetsDir = C:\Program Files\dotnet\sdk\9.0.313\Sdks\Microsoft.NET.Sdk.Publish\targets\ComputeTargets\
                   _ContainerIsSelfContained = false
                   _ContainerIsTargetingNet8TFM = true
                   _ContainersTargetsDir = C:\Program Files\dotnet\sdk\9.0.313\Sdks\Microsoft.NET.Sdk\Sdk\..\..\..\Containers\build\
                   _CopyAspNetCoreFilesToIntermediateOutputPathDependsOn = 
                         ;
                         _PrepareForAspNetCoreProjectSystemPublish;
                         Publish;
                       
                   _CopyConsoleFilesToIntermediateOutputPathDependsOn = 
                         ;
                         _PrepareForConsolePublish;
                         Publish;
                       
                   _CopyTargetsDir = C:\Program Files\dotnet\sdk\9.0.313\Sdks\Microsoft.NET.Sdk.Publish\targets\CopyTargets\
                   _CopyWebJobFilesToIntermediateOutputPathDependsOn = 
                         ;
                         _PrepareForWebJobPublish;
                         Publish;
                       
                   _CorePublishTargets = 
                         PrepareForPublish;
                         ComputeAndCopyFilesToPublishDirectory;
                         ;
                         PublishItemsOutputGroup;
                       
                   _DebugSymbolsProduced = true
                   _DefaultArtifactsPathPropsImported = true
                   _DefaultUserProfileRuntimeStorePath = C:\Users\frank.io\.dotnet\store
                   _DeploymentApplicationManifestIdentity = hng-genderizeApp.exe
                   _DeploymentBuiltUpdateInterval = 0
                   _DeploymentBuiltUpdateIntervalUnits = Days
                   _DeploymentDeployManifestIdentity = hng-genderizeApp.application
                   _DeploymentFileMappingExtension = 
                   _DeploymentLauncherBased = true
                   _DeploymentPublishableProjectDefault = true
                   _DeploymentTargetApplicationManifestFileName = hng-genderizeApp.dll.manifest
                   _DeploymentUrl = 
                   _DesignerDepsFileName = hng-genderizeApp.designer.deps.json
                   _DesignerDepsFilePath = obj\Debug\net9.0\hng-genderizeApp.designer.deps.json
                   _DesignerRuntimeConfigFileName = hng-genderizeApp.designer.runtimeconfig.json
                   _DesignerRuntimeConfigFilePath = obj\Debug\net9.0\hng-genderizeApp.designer.runtimeconfig.json
                   _DirectoryBuildPropsBasePath = 
                   _DirectoryBuildPropsFile = Directory.Build.props
                   _DirectoryBuildTargetsBasePath = 
                   _DirectoryBuildTargetsFile = Directory.Build.targets
                   _DirectoryPackagesPropsBasePath = 
                   _DirectoryPackagesPropsFile = Directory.Packages.props
                   _DocumentationFileProduced = false
                   _DotNetAppHostExecutableName = apphost.exe
                   _DotNetAppHostExecutableNameWithoutExtension = apphost
                   _DotNetCLIPostPublishDependsOn = 
                         _InitProjectCapabilityProperties;
                         _AspNetCoreProjectSystemPostPublish;
                         _OtherNetProjectPostPublish;
                         AfterPublish;
                       
                   _DotNetCLIPrePublishDependsOn = 
                         _InitProjectCapabilityProperties;
                         _AspNetCoreProjectSystemPrePublish;
                       
                   _DotNetCLIToolTargetsDir = C:\Program Files\dotnet\sdk\9.0.313\Sdks\Microsoft.NET.Sdk.Publish\targets\DotNetCLIToolTargets\
                   _DotNetComHostLibraryName = comhost.dll
                   _DotNetComHostLibraryNameWithoutExtension = comhost
                   _DotNetHostExecutableName = dotnet.exe
                   _DotNetHostFxrLibraryName = libhostfxr.so
                   _DotNetHostPolicyLibraryName = libhostpolicy.so
                   _DotNetIjwHostLibraryName = Ijwhost.dll
                   _DotNetIjwHostLibraryNameWithoutExtension = Ijwhost
                   _DotNetPublishComputeFiles = 
                         _DetermineProjectType;
                       
                   _DotNetPublishCopyFiles = 
                         _RemoveExcludeFiles;
                         _DeletePublishIntermediateOutputPath;
                         _CopyFilesToPublishIntermediateOutputPath;
                         _CopyAspNetCoreFilesToIntermediateOutputPath;
                         _CopyWebJobFilesToIntermediateOutputPath;
                         _CopyConsoleFilesToIntermediateOutputPath;
                       
                   _DotNetPublishFiles = 
                         FileSystemPublish;
                       
                   _DotNetPublishTransformFiles = 
                         _TransformWebConfig;
                         _TransformXml;
                         _TransformAppSettings;
                         _GenerateEFSQLScripts;
                         _GenerateRunCommandFile;
                       
                   _DotNetSingleFileHostExecutableNameWithoutExtension = singlefilehost
                   _EnableDefaultWindowsPlatform = false
                   _FirstTargetFrameworkToSupportAot = net7.0
                   _FirstTargetFrameworkToSupportSingleFile = net6.0
                   _FirstTargetFrameworkToSupportTrimming = net6.0
                   _FirstTargetFrameworkVersionToSupportAotAnalyzer = 7.0
                   _FirstTargetFrameworkVersionToSupportSingleFileAnalyzer = 6.0
                   _FirstTargetFrameworkVersionToSupportTrimAnalyzer = 6.0
                   _FrameworkIdentifierForImplicitDefine = NET
                   _FrameworkVersionForImplicitDefine = 9_0
                   _GenerateBindingRedirectsIntermediateAppConfig = obj\Debug\net9.0\hng-genderizeApp.dll.config
                   _GeneratePublishDependencyFilePropertyInputsCache = C:\Users\frank.io\source\repos\hng-genderizeApp\hng-genderizeApp\obj\Debug\net9.0\hng-genderizeApp.genpublishdeps.cache
                   _GenerateRazorAssemblyInfoDependsOn = 
                         _ResolveMvcAssemblyAttributes;
                         RazorGetAssemblyAttributes;PrepareForBuild;_CoreGenerateRazorAssemblyInfo;
                       
                   _GenerateRestoreGraphProjectEntryInputProperties = 
                         ExcludeRestorePackageImports=true;
                         _RestoreSolutionFileUsed=true;
                         SolutionDir=C:\Users\frank.io\source\repos\hng-genderizeApp\;
                         SolutionName=hng-genderizeApp;
                         SolutionFileName=hng-genderizeApp.sln;
                         SolutionPath=C:\Users\frank.io\source\repos\hng-genderizeApp\hng-genderizeApp.sln;
                         SolutionExt=.sln;
                       
                   _GenerateRuntimeConfigurationPropertyInputsCache = C:\Users\frank.io\source\repos\hng-genderizeApp\hng-genderizeApp\obj\Debug\net9.0\hng-genderizeApp.genruntimeconfig.cache
                   _GenerateSingleFileBundlePropertyInputsCache = C:\Users\frank.io\source\repos\hng-genderizeApp\hng-genderizeApp\obj\Debug\net9.0\hng-genderizeApp.genbundle.cache
                   _GenerateSourceLinkFileBeforeTargets = CoreCompile
                   _GenerateSourceLinkFileDependsOnTargets = 
                   _GenerateSupportedRuntimeIntermediateAppConfig = obj\Debug\net9.0\hng-genderizeApp.dll.withSupportedRuntime.config
                   _GenerateToolsSettingsFileCacheFile = C:\Users\frank.io\source\repos\hng-genderizeApp\hng-genderizeApp\obj\Debug\net9.0\hng-genderizeApp.toolssettingsinput.cache
                   _GetChildProjectCopyToOutputDirectoryItems = true
                   _GetChildProjectCopyToPublishDirectoryItems = true
                   _IjwHostLibraryExtension = .dll
                   _InitialBaseIntermediateOutputPath = obj\
                   _IsDisjointMSBuildVersion = False
                   _IsExecutable = true
                   _IsNETCoreOrNETStandard = true
                   _IsNotSetContainersTargetsDir = true
                   _IsSDKContainerAllowedVersion = true
                   _LatestAnalysisLevel = 9.0
                   _MaxAvailableLangVersion = 13.0
                   _MaxSupportedLangVersion = 13.0
                   _MicrosoftSourceLinkCommonAssemblyFile = C:\Program Files\dotnet\sdk\9.0.313\Sdks\Microsoft.SourceLink.Common\build\..\tools\core\Microsoft.SourceLink.Common.dll
                   _MinimumNonEolSupportedNetCoreTargetFramework = net8.0
                   _MSBuildVersionMajorMinor = 17.14
                   _MvcApplicationPartAttributeGeneratedFile = obj\Debug\net9.0\hng-genderizeApp.MvcApplicationPartsAssemblyInfo.cs
                   _MvcApplicationPartCacheFile = obj\Debug\net9.0\hng-genderizeApp.MvcApplicationPartsAssemblyInfo.cache
                   _NativeExecutableExtension = .exe
                   _NativeLibraryExtension = .so
                   _NativeLibraryPrefix = lib
                   _NETAnalyzersSDKAssemblyVersion = 9.0.0
                   _NETCoreSdkIsPreview = false
                   _NetFrameworkHostedCompilersVersion = 4.14.0-3.26064.1
                   _NoneAnalysisLevel = 4.0
                   _NugetFallbackFolder = C:\Program Files\dotnet\sdk\9.0.313\Sdks\Microsoft.NET.Sdk\targets\..\..\..\..\NuGetFallbackFolder
                   _NugetTargetMonikerAndRID = .NETCoreApp,Version=v9.0
                   _OriginalConfiguration = Debug
                   _OriginalPlatform = AnyCPU
                   _OtherNetProjectPostPublishDependsOn = 
                         _InitPublishIntermediateOutputPath;
                         _PublishFiles;
                       
                   _PackToolPublishDependency = _PublishBuildAlternative
                   _PlatformWithoutConfigurationInference = AnyCPU
                   _PreviewAnalysisLevel = 10.0
                   _ProjectDefaultTargets = Build
                   _PublishConfigurationPath = Debug\
                   _PublishFilesDependsOn = 
                         
                         FileSystemPublish;
                       ;
                       
                   _PublishNoBuildAlternativeDependsOn = 
                         BuildOnlySettings;
                         _PreventProjectReferencesFromBuilding;
                         ResolveReferences;
                         PrepareResourceNames;
                         ComputeIntermediateSatelliteAssemblies;
                         ComputeEmbeddedApphostPaths;
                       ;
                         PrepareForPublish;
                         ComputeAndCopyFilesToPublishDirectory;
                         ;
                         PublishItemsOutputGroup;
                       
                   _PublishProfileDesignerFolder = Properties
                   _PublishProfileRootFolder = C:\Users\frank.io\source\repos\hng-genderizeApp\hng-genderizeApp\Properties\PublishProfiles\
                   _PublishProfilesDir = C:\Program Files\dotnet\sdk\9.0.313\Sdks\Microsoft.NET.Sdk.Publish\targets\PublishProfiles\
                   _PublishTargetsDir = C:\Program Files\dotnet\sdk\9.0.313\Sdks\Microsoft.NET.Sdk.Publish\targets\PublishTargets\
                   _PublishTaskAssemblyFullPath = C:\Program Files\dotnet\sdk\9.0.313\Sdks\Microsoft.NET.Sdk.Publish\targets\..\tools\net9.0\Microsoft.NET.Sdk.Publish.Tasks.dll
                   _PublishTaskFramework = net9.0
                   _PublishTasksDir = C:\Program Files\dotnet\sdk\9.0.313\Sdks\Microsoft.NET.Sdk.Publish\targets\..\tools\net9.0\
                   _RazorAssemblyInfo = obj\Debug\net9.0\hng-genderizeApp.RazorAssemblyInfo.cs
                   _RazorAssemblyInfoInputsCacheFile = obj\Debug\net9.0\hng-genderizeApp.RazorAssemblyInfo.cache
                   _RazorComponentDeclarationOutputPath = obj\Debug\net9.0\RazorDeclaration\
                   _RazorDebugSymbolsProduced = true
                   _RazorGenerateComponentDesignTimeDependsOn = 
                         ResolveRazorComponentInputs;
                         AssignRazorComponentTargetPaths
                       
                   _RazorGenerateInputsHash = 
                   _RazorGenerateInputsHashFile = obj\Debug\net9.0\hng-genderizeApp.RazorCoreGenerate.cache
                   _RazorLangVersion = 9.0
                   _RazorSdkImportsMicrosoftNetSdkStaticWebAssets = true
                   _RazorSdkTasksTFM = net9.0
                   _RazorSdkToolAssembly = C:\Program Files\dotnet\sdk\9.0.313\Sdks\Microsoft.NET.Sdk.Razor\targets\..\tools\rzc.dll
                   _RazorTagHelperInputCache = obj\Debug\net9.0\hng-genderizeApp.TagHelpers.input.cache
                   _RazorTagHelperOutputCache = obj\Debug\net9.0\hng-genderizeApp.TagHelpers.output.cache
                   _RazorTargetAssemblyInfoInputsCacheFile = obj\Debug\net9.0\hng-genderizeApp.RazorTargetAssemblyInfo.cache
                   _RecursiveTargetForContentCopying = GetCopyToOutputDirectoryItems
                   _ResolveReferenceDependencies = false
                   _RestoreSolutionFileUsed = true
                   _RuntimeIdentifierUsesAppHost = true
                   _RuntimePackInWorkloadVersion6 = 6.0.36
                   _RuntimePackInWorkloadVersion7 = 7.0.20
                   _RuntimePackInWorkloadVersion8 = 8.0.26
                   _RuntimePackInWorkloadVersionCurrent = 9.0.15
                   _ScopedCssExtension = .rz.scp.css
                   _SGenDllCreated = false
                   _SGenDllName = hng-genderizeApp.XmlSerializers.dll
                   _SGenGenerateSerializationAssembliesConfig = Off
                   _ShimCreatedSentinelFile = C:\Users\frank.io\source\repos\hng-genderizeApp\hng-genderizeApp\obj\Debug\net9.0\hng-genderizeApp.shimcreated.sentinel
                   _ShimInputCacheFile = C:\Users\frank.io\source\repos\hng-genderizeApp\hng-genderizeApp\obj\Debug\net9.0\hng-genderizeApp.shiminput.cache
                   _SourceLinkAzureReposGitAssemblyFile = C:\Program Files\dotnet\sdk\9.0.313\Sdks\Microsoft.SourceLink.AzureRepos.Git\build\..\tools\core\Microsoft.SourceLink.AzureRepos.Git.dll
                   _SourceLinkBitbucketAssemblyFile = C:\Program Files\dotnet\sdk\9.0.313\Sdks\Microsoft.SourceLink.Bitbucket.Git\build\..\tools\core\Microsoft.SourceLink.Bitbucket.Git.dll
                   _SourceLinkGitHubAssemblyFile = C:\Program Files\dotnet\sdk\9.0.313\Sdks\Microsoft.SourceLink.GitHub\build\..\tools\core\Microsoft.SourceLink.GitHub.dll
                   _SourceLinkGitLabAssemblyFile = C:\Program Files\dotnet\sdk\9.0.313\Sdks\Microsoft.SourceLink.GitLab\build\..\tools\core\Microsoft.SourceLink.GitLab.dll
                   _SourceLinkPropsImported = true
                   _SourceLinkSdkSubDir = build
                   _StaticWebAssetsSdkTasksTFM = net9.0
                   _StaticWebAssetsSdkToolAssembly = C:\Program Files\dotnet\sdk\9.0.313\Sdks\Microsoft.NET.Sdk.StaticWebAssets\targets\..\tools\net9.0\Microsoft.NET.Sdk.StaticWebAssets.Tool.dll
                   _SupportedArchitectures = amd64 arm64
                   _SupportedPlatformList = @(SupportedPlatform, ',')
                   _TargetFrameworkDirectories = 
                   _TargetFrameworkPath = net9.0\
                   _TargetFrameworkVersionValue = 0.0
                   _TargetFrameworkVersionWithoutV = 9.0
                   _Targeting30OrNewerRazorLangVersion = true
                   _TargetingNET50OrLater = true
                   _TargetingNET60OrLater = true
                   _TargetingNET70OrLater = true
                   _TargetingNET80OrLater = true
                   _TargetingNET90OrLater = true
                   _TargetingNETCoreApp30OrLater = true
                   _TargetLatestRuntimePatchIsDefault = true
                   _TargetsThatPrepareProjectReferences = 
                         AssignProjectConfiguration;
                         _SplitProjectReferencesByFileExistence
                       
                   _ToolsSettingsFilePath = obj\Debug\net9.0\DotnetToolSettings.xml
                   _TransformTargetsDir = C:\Program Files\dotnet\sdk\9.0.313\Sdks\Microsoft.NET.Sdk.Publish\targets\TransformTargets\
                   _UseAttributeForTargetFrameworkInfoPropertyNames = true
                   _UsingDefaultForHasRuntimeOutput = true
                   _UsingDefaultPlatformTarget = true
                   _WebProjectSystemGlobsPropsDefined = true
                   _WindowsDesktopSdkTargetFrameworkVersionFloor = 3.0
                   _WorkloadLibraryPacksFolder = C:\Program Files\dotnet\library-packs
                   ActiveDebugProfile = https
                   ActualLangName = en-us
                   AddAdditionalExplicitAssemblyReferences = false
                   AddAppConfigToBuildOutputs = true
                   AddRazorSupportForMvc = true
                   AllowedOutputExtensionsInPackageBuildOutputFolder = .dll; .exe; .winmd; .json; .pri; .xml ;
                   AllowedOutputExtensionsInSymbolsPackageBuildOutputFolder = .pdb; .mdb; .dll; .exe; .winmd; .json; .pri; .xml ;; 
                   AllowedReferenceAssemblyFileExtensions = 
                         .winmd;
                         .dll;
                         .exe
                       
                   AllowedReferenceRelatedFileExtensions = 
                         .pdb;
                         .xml;
                         .pri;
                         .dll.config;
                         .exe.config
                       
                   AllowUnsafeBlocks = false
                   AlwaysIncludeCoreFrameworkInRuntimeConfig = true
                   AlwaysUseNumericalSuffixInItemNames = true
                   AnalysisLevel = latest
                   AppDesignerFolder = Properties
                   AppendPlatformToOutputPath = false
                   AppendRuntimeIdentifierToOutputPath = true
                   AppendTargetFrameworkToOutputPath = true
                   AspNetCoreHostingModel = inprocess
                   AspNetCoreModuleName = AspNetCoreModuleV2
                   AssemblyFoldersConfigFile = C:\Program Files\dotnet\sdk\9.0.313\AssemblyFolders.config
                   AssemblyFoldersSuffix = AssemblyFoldersEx
                   AssemblyName = hng-genderizeApp
                   AssemblySearchPaths = {CandidateAssemblyFiles};{HintPathFromItem};{TargetFrameworkDirectory};{RawFileName}
                   AssemblyTitle = hng-genderizeApp
                   AssetTargetFallback = ;net461;net462;net47;net471;net472;net48;net481
                   AssignTargetPathsDependsOn = 
                   Authors = hng-genderizeApp
                   AutomaticallyUseReferenceAssemblyPackages = true
                   AutoUnifyAssemblyReferences = true
                   AvailablePlatforms = Any CPU,x86,x64,ARM32,ARM64
                   BackwardsCompatFrameworkDefine = NETCOREAPP
                   BaseIntermediateOutputPath = C:\Users\frank.io\source\repos\hng-genderizeApp\hng-genderizeApp\obj\
                   BaseOutputPath = bin\
                   BaseOutputPathWasSpecified = true
                   BuildCompileAction = Build
                   BuildCompressionFormats = ;gzip
                   BuildDependsOn = 
                         BeforeBuild;
                         CoreBuild;
                         AfterBuild
                       
                   BuildGenerateSourcesAction = Build
                   BuildingProject = false
                   BuildInParallel = true
                   BuildLinkAction = Build
                   BuildOutputTargetFolder = lib
                   BuildProjectReferences = true
                   BuiltProjectOutputGroupDependenciesDependsOn = 
                         ;
                         
                         ;
                         BuildOnlySettings;
                         PrepareForBuild;
                         AssignTargetPaths;
                         ResolveReferences
                       
                       
                   BuiltProjectOutputGroupDependsOn = PrepareForBuild
                   BundledMSBuildVersion = 17.14.43
                   BundledNETCoreAppPackageVersion = 9.0.15
                   BundledNETCoreAppTargetFrameworkVersion = 9.0
                   BundledNETCorePlatformsPackageVersion = 9.0.15-servicing.26175.22
                   BundledNETStandardPackageVersion = 2.1.0
                   BundledNETStandardTargetFrameworkVersion = 2.1
                   BundledRuntimeIdentifierGraphFile = C:\Program Files\dotnet\sdk\9.0.313\RuntimeIdentifierGraph.json
                   CheckEolTargetFramework = true
                   CheckEolWorkloads = true
                   CheckForOverflowUnderflow = false
                   CleanDependsOn = 
                         BeforeClean;
                         UnmanagedUnregistration;
                         CoreClean;
                         CleanReferencedProjects;
                         CleanPublishFolder;
                         AfterClean
                       
                   CleanFile = hng-genderizeApp.csproj.FileListAbsolute.txt
                   ClickOncePublishDir = bin\Debug\net9.0\publish\
                   CodeAnalysisRuleIds = CA1000;CA1001;CA1002;CA1003;CA1005;CA1008;CA1010;CA1012;CA1014;CA1016;CA1017;CA1018;CA1019;CA1021;CA1024;CA1027;CA1028;CA1030;CA1031;CA1032;CA1033;CA1034;CA1036;CA1040;CA1041;CA1043;CA1044;CA1045;CA1046;CA1047;CA1050;CA1051;CA1052;CA1054;CA1055;CA1056;CA1058;CA1060;CA1061;CA1062;CA1063;CA1064;CA1065;CA1066;CA1067;CA1068;CA1069;CA1070;CA1200;CA1303;CA1304;CA1305;CA1307;CA1308;CA1309;CA1310;CA1311;CA1401;CA1416;CA1417;CA1418;CA1419;CA1420;CA1421;CA1422;CA1501;CA1502;CA1505;CA1506;CA1507;CA1508;CA1509;CA1510;CA1511;CA1512;CA1513;CA1514;CA1515;CA1700;CA1707;CA1708;CA1710;CA1711;CA1712;CA1713;CA1715;CA1716;CA1720;CA1721;CA1724;CA1725;CA1727;CA1802;CA1805;CA1806;CA1810;CA1812;CA1813;CA1814;CA1815;CA1816;CA1819;CA1820;CA1821;CA1822;CA1823;CA1824;CA1825;CA1826;CA1827;CA1828;CA1829;CA1830;CA1831;CA1832;CA1833;CA1834;CA1835;CA1836;CA1837;CA1838;CA1839;CA1840;CA1841;CA1842;CA1843;CA1844;CA1845;CA1846;CA1847;CA1848;CA1849;CA1850;CA1851;CA1852;CA1853;CA1854;CA1855;CA1856;CA1857;CA1858;CA1859;CA1860;CA1861;CA1862;CA1863;CA1864;CA1865;CA1866;CA1867;CA1868;CA1869;CA1870;CA1871;CA1872;CA2000;CA2002;CA2007;CA2008;CA2009;CA2011;CA2012;CA2013;CA2014;CA2015;CA2016;CA2017;CA2018;CA2019;CA2020;CA2021;CA2022;CA2100;CA2101;CA2119;CA2153;CA2200;CA2201;CA2207;CA2208;CA2211;CA2213;CA2214;CA2215;CA2216;CA2217;CA2218;CA2219;CA2224;CA2225;CA2226;CA2227;CA2231;CA2234;CA2235;CA2237;CA2241;CA2242;CA2243;CA2244;CA2245;CA2246;CA2247;CA2248;CA2249;CA2250;CA2251;CA2252;CA2253;CA2254;CA2255;CA2256;CA2257;CA2258;CA2259;CA2260;CA2261;CA2262;CA2263;CA2264;CA2265;CA2300;CA2301;CA2302;CA2305;CA2310;CA2311;CA2312;CA2315;CA2321;CA2322;CA2326;CA2327;CA2328;CA2329;CA2330;CA2350;CA2351;CA2352;CA2353;CA2354;CA2355;CA2356;CA2361;CA2362;CA3001;CA3002;CA3003;CA3004;CA3005;CA3006;CA3007;CA3008;CA3009;CA3010;CA3011;CA3012;CA3061;CA3075;CA3076;CA3077;CA3147;CA5350;CA5351;CA5358;CA5359;CA5360;CA5361;CA5362;CA5363;CA5364;CA5365;CA5366;CA5367;CA5368;CA5369;CA5370;CA5371;CA5372;CA5373;CA5374;CA5375;CA5376;CA5377;CA5378;CA5379;CA5380;CA5381;CA5382;CA5383;CA5384;CA5385;CA5386;CA5387;CA5388;CA5389;CA5390;CA5391;CA5392;CA5393;CA5394;CA5395;CA5396;CA5397;CA5398;CA5399;CA5400;CA5401;CA5402;CA5403;CA5404;CA5405
                   CodeAnalysisTargets = C:\Program Files\dotnet\sdk\9.0.313\Microsoft\VisualStudio\v17.0\CodeAnalysis\Microsoft.CodeAnalysis.targets
                   CommandLineArgsForDesignTimeEvaluation = -langversion:13.0 -define:TRACE
                   CommonOutputGroupsDependsOn = 
                         ;
                         BuildOnlySettings;
                         PrepareForBuild;
                         AssignTargetPaths;
                         ResolveReferences
                       
                   CommonTargetsPath = C:\Program Files\dotnet\sdk\9.0.313\Microsoft.Common.CurrentVersion.targets
                   CommonXamlResourcesDirectory = C:\Program Files\dotnet\sdk\9.0.313\\
                   Company = hng-genderizeApp
                   CompileDependsOn = 
                         
                         ResolveReferences;
                         ResolveKeySource;
                         SetWin32ManifestProperties;
                         _SetPreferNativeArm64Win32ManifestProperties;
                         FindReferenceAssembliesForReferences;
                         _GenerateCompileInputs;
                         BeforeCompile;
                         _TimeStampBeforeCompile;
                         _GenerateCompileDependencyCache;
                         CoreCompile;
                         _TimeStampAfterCompile;
                         AfterCompile;
                       ;
                         _CreateAppHost;
                         _CreateComHost;
                         _GetIjwHostPaths;
                       
                   CompileLicxFilesDependsOn = 
                   CompilerApiVersion = roslyn4.14
                   CompilerGeneratedFilesOutputPath = 
                   CompressionEnabled = true
                   CompressionExcludePatterns = 
                         ;
                         **/*.gz;
                         **/*.br;
                         **/*.jpeg;
                         **/*.jpg;
                         **/*.png;
                         **/*.gif;
                         **/*.webp;
                         **/*.woff;
                         **/*.woff2;
                         **/*.m4v;
                         **/*.mov;
                         **/*.movie;
                         **/*.mp2;
                         **/*.mp4;
                         **/*.mp4v;
                         **/*.mpa;
                         **/*.mpe;
                         **/*.mpeg;
                         **/*.mpg;
                         **/*.mpv2;
                         **/*.ogg;
                         **/*.ogv;
                         **/*.webm;
                         **/*.jfif;
                         **/*.svgz;
                         **/*.jpe;
                         **/*.pnz;
                         **/*.aac;
                         **/*.adt;
                         **/*.adts;
                         **/*.m4a;
                         **/*.mp3;
                         **/*.oga;
                         **/*.wax;
                         **/*.wma;
                       
                   CompressionIncludePatterns = 
                         ;
                         **/*.js;
                         **/*.css;
                         **/*.html;
                         **/*.json;
                         **/*.mjs;
                         **/*.xml;
                         **/*.htm;
                         **/*.wasm;
                         **/*.txt;
                         **/*.dll;
                         **/*.pdb;
                         **/*.dat;
                         **/*.jsx;
                         **/*.markdown;
                         **/*.md;
                         **/*.webmanifest;
                         **/*.bmp;
                         **/*.svg;
                         **/*.otf;
                         **/*.art;
                         **/*.cmx;
                         **/*.cod;
                         **/*.dib;
                         **/*.ico;
                         **/*.ief;
                         **/*.pbm;
                         **/*.pgm;
                         **/*.pnm;
                         **/*.ppm;
                         **/*.ras;
                         **/*.rf;
                         **/*.rgb;
                         **/*.tif
                         **/*.tiff;
                         **/*.wbmp;
                         **/*.xbm;
                         **/*.xpm;
                         **/*.xwd;
                         **/*.aif;
                         **/*.aifc;
                         **/*.aif;
                         **/*.au;
                         **/*.m3u;
                         **/*.mid;
                         **/*.midi;
                         **/*.ra;
                         **/*.ram;
                         **/*.smd;
                         **/*.smx;
                         **/*.smz;
                         **/*.wav;
                         **/*.323;
                         **/*.appcache;
                         **/*.asm;
                         **/*.bas;
                         **/*.c;
                         **/*.cnf;
                         **/*.cpp;
                         **/*.csv;
                         **/*.disco;
                         **/*.dlm;
                         **/*.dtd;
                         **/*.etx;
                         **/*.h;
                         **/*.hdml;
                         **/*.htc;
                         **/*.htt;
                         **/*.hxt;
                         **/*.ical;
                         **/*.icalendar;
                         **/*.ics;
                         **/*.ifb;
                         **/*.map;
                         **/*.mno;
                         **/*.odc;
                         **/*.rtx;
                         **/*.sct;
                         **/*.sgml;
                         **/*.tsv;
                         **/*.uls;
                         **/*.vbs;
                         **/*.vcf;
                         **/*.vcs;
                         **/*.vml;
                         **/*.wml;
                         **/*.wmls;
                         **/*.wsdl;
                         **/*.xdr;
                         **/*.xsd;
                         **/*.xsf;
                         **/*.xsl;
                         **/*.xslt;
                       
                   ComputeIntermediateSatelliteAssembliesDependsOn = 
                         CreateManifestResourceNames
                       
                   ComputeNETCoreBuildOutputFiles = true
                   ComputeReferencedStaticWebAssetsPublishManifestDependsOn = 
                         ;
                         StaticWebAssetsPrepareForPublish;
                       
                   ComReferenceExecuteAsTool = false
                   ComReferenceNoClassMembers = false
                   Configuration = Debug
                   ConfigurationName = Debug
                   Configurations = Debug;Release
                   ConsiderPlatformAsProcessorArchitecture = true
                   ContainerCustomTasksAssembly = C:\Program Files\dotnet\sdk\9.0.313\Containers\build\..\tasks\net9.0\Microsoft.NET.Build.Containers.dll
                   ContainerCustomTasksFolder = C:\Program Files\dotnet\sdk\9.0.313\Containers\build\..\tasks\net9.0\
                   ContainerizeFolder = C:\Program Files\dotnet\sdk\9.0.313\Containers\build\..\containerize\
                   ContainerizeFolderName = containerize
                   ContainerTaskFolderName = tasks
                   ContainerTaskFramework = net9.0
                   ContentFilesProjectOutputGroupDependsOn = PrepareForBuild;AssignTargetPaths
                   ContentPreprocessorOutputDirectory = obj\Debug\net9.0\NuGet\
                   ContentTargetFolders = content;contentFiles
                   ContinueOnError = false
                   CopyBuildOutputToPublishDirectory = true
                   CopyConflictingTransitiveContent = false
                   CopyLocalLockFileAssemblies = true
                   CopyOutputSymbolsToPublishDirectory = true
                   CopyRazorGenerateFilesToPublishDirectory = false
                   CopyRefAssembliesToPublishDirectory = 
                   CopyStaticWebAssetsToOutputDirectoryDependsOn = LoadStaticWebAssetsBuildManifest;
                   CopyStaticWebAssetsToPublishDirectoryDependsOn = StaticWebAssetsPrepareForPublish;LoadStaticWebAssetsPublishManifest;
                   CoreBuildDependsOn = 
                         _CheckForBuildWithNoBuild;
                         
                         BuildOnlySettings;
                         PrepareForBuild;
                         PreBuildEvent;
                         ResolveReferences;
                         PrepareResources;
                         ResolveKeySource;
                         Compile;
                         ExportWindowsMDFile;
                         UnmanagedUnregistration;
                         GenerateSerializationAssemblies;
                         CreateSatelliteAssemblies;
                         GenerateManifests;
                         GetTargetPath;
                         PrepareForRun;
                         UnmanagedRegistration;
                         IncrementalClean;
                         PostBuildEvent
                       ;
                         GenerateBuildDependencyFile;
                         GenerateBuildRuntimeConfigurationFiles
                       
                   CoreCleanDependsOn = 
                         _SdkBeforeClean;
                         
                       
                   CoreCompileDependsOn = 
                         _DiscoverMvcApplicationParts;
                         
                         ;_ComputeNonExistentFileProperty;ResolveCodeAnalysisRuleSet;
                         _GenerateRazorAssemblyInfo
                       ;
                       
                   CorePublishDependsOn = 
                         
                         _DetermineProjectType;
                       ;
                         
                         _RemoveExcludeFiles;
                         _DeletePublishIntermediateOutputPath;
                         _CopyFilesToPublishIntermediateOutputPath;
                         _CopyAspNetCoreFilesToIntermediateOutputPath;
                         _CopyWebJobFilesToIntermediateOutputPath;
                         _CopyConsoleFilesToIntermediateOutputPath;
                       ;
                         
                         _TransformWebConfig;
                         _TransformXml;
                         _TransformAppSettings;
                         _GenerateEFSQLScripts;
                         _GenerateRunCommandFile;
                       ;
                         
                         FileSystemPublish;
                       ;
                       
                   CoreResGenDependsOn = FindReferenceAssembliesForReferences
                   CreateCustomManifestResourceNamesDependsOn = 
                   CreateHardLinksForCopyAdditionalFilesIfPossible = false
                   CreateManifestResourceNamesDependsOn = 
                   CreateSatelliteAssembliesDependsOn = 
                         
                         ;
                         _GenerateSatelliteAssemblyInputs;
                         ComputeIntermediateSatelliteAssemblies;
                         GenerateSatelliteAssemblies
                       ;
                         CoreGenerateSatelliteAssemblies
                       
                   CreateSymbolicLinksForCopyAdditionalFilesIfPossible = false
                   CSharpCoreTargetsPath = C:\Program Files\dotnet\sdk\9.0.313\Roslyn\Microsoft.CSharp.Core.targets
                   CSharpDesignTimeTargetsPath = C:\Program Files\dotnet\sdk\9.0.313\\Microsoft\VisualStudio\Managed\Microsoft.CSharp.DesignTime.targets
                   CSharpTargetsPath = C:\Program Files\dotnet\sdk\9.0.313\Microsoft.CSharp.CurrentVersion.targets
                   CustomAfterDirectoryBuildProps = ;C:\Program Files\dotnet\sdk\9.0.313\Sdks\Microsoft.NET.Sdk\Sdk\UseArtifactsOutputPath.props
                   CustomAfterMicrosoftCommonProps = C:\Program Files\dotnet\sdk\9.0.313\\vCurrent\Custom.After.Microsoft.Common.props
                   CustomAfterMicrosoftCommonTargets = C:\Program Files\dotnet\sdk\9.0.313\\vCurrent\Custom.After.Microsoft.Common.targets
                   CustomAfterMicrosoftCSharpTargets = C:\Program Files\dotnet\sdk\9.0.313\\vCurrent\Custom.After.Microsoft.CSharp.targets
                   CustomBeforeMicrosoftCommonProps = C:\Program Files\dotnet\sdk\9.0.313\\vCurrent\Custom.Before.Microsoft.Common.props
                   CustomBeforeMicrosoftCommonTargets = C:\Program Files\dotnet\sdk\9.0.313\\vCurrent\Custom.Before.Microsoft.Common.targets
                   CustomBeforeMicrosoftCSharpTargets = C:\Program Files\dotnet\sdk\9.0.313\\vCurrent\Custom.Before.Microsoft.CSharp.targets
                   CustomCollectWatchItems = ;_RazorSdkCustomCollectWatchItems
                   DebugSymbols = true
                   DebugSymbolsProjectOutputGroupDependenciesDependsOn = 
                         ;
                         
                         ;
                         BuildOnlySettings;
                         PrepareForBuild;
                         AssignTargetPaths;
                         ResolveReferences
                       
                       
                   DebugSymbolsProjectOutputGroupDependsOn = 
                         ;
                         _RazorAddDebugSymbolsProjectOutputGroupOutput
                       
                   DebugType = portable
                   DefaultAllowedOutputExtensionsInPackageBuildOutputFolder = .dll; .exe; .winmd; .json; .pri; .xml
                   DefaultAppHostRuntimeIdentifier = win-x64
                   DefaultCopyToPublishDirectoryMetadata = true
                   DefaultExcludesInProjectFolder = ;;**/.*/**
                   DefaultImplicitPackages = Microsoft.NETCore.App;NETStandard.Library
                   DefaultItemExcludes = ;**\node_modules\**;node_modules\**;**\jspm_packages\**;jspm_packages\**;**\bower_components\**;bower_components\**;**\packages.lock.json;bin\Debug\/**;obj\Debug\/**;bin\/**;obj\/**;**/*.user;**/*.*proj;**/*.sln;**/*.slnx;**/*.vssscc;**/.DS_Store
                   DefaultLanguageSourceExtension = .cs
                   DefaultProjectTypeGuid = {FAE04EC0-301F-11D3-BF4B-00C04F79EFBC}
                   DefaultWebContentItemExcludes = ;wwwroot\**
                   DefineCommonCapabilities = true
                   DefineCommonItemSchemas = true
                   DefineCommonReferenceSchemas = true
                   DefineConstants = TRACE;DEBUG;NET;NET9_0;NETCOREAPP
                   DelaySign = 
                   DeleteExistingFiles = False
                   DeploymentComputeClickOnceManifestInfoDependsOn = 
                         CleanPublishFolder;
                         GetCopyToOutputDirectoryItems;
                         _DeploymentGenerateTrustInfo;
                         
                       
                   DesignerRuntimeImplementationProjectOutputGroupDependsOn = 
                         
                         ;
                         
                         ;
                         BuildOnlySettings;
                         PrepareForBuild;
                         AssignTargetPaths;
                         ResolveReferences
                       
                       ;
                         _GenerateDesignerDepsFile;
                         _GenerateDesignerRuntimeConfigFile;
                         GetCopyToOutputDirectoryItems;
                         _GatherDesignerShadowCopyFiles;
                       
                   DesignTimeAssemblySearchPaths = {CandidateAssemblyFiles};{HintPathFromItem};{TargetFrameworkDirectory};{RawFileName}
                   DesignTimeAutoUnify = true
                   DesignTimeResolveAssemblyReferencesDependsOn = 
                         GetFrameworkPaths;
                         GetReferenceAssemblyPaths;
                         ResolveReferences
                       
                   Deterministic = true
                   DevEnvDir = *Undefined*
                   DisableBuildCompression = false
                   DisableHandlePackageFileConflicts = true
                   DisableLogTaskParameter_ConvertToAbsolutePath_Path = true
                   DisableLogTaskParameter_FindUnderPath_OutOfPath = true
                   DisableLogTaskParameter_RemoveDuplicates_Inputs = true
                   DisableLogTaskParameterItemMetadata_ConvertToAbsolutePath_AbsolutePaths = true
                   DisableLogTaskParameterItemMetadata_Copy_CopiedFiles = true
                   DisableLogTaskParameterItemMetadata_Copy_DestinationFiles = true
                   DisableLogTaskParameterItemMetadata_Copy_SourceFiles = true
                   DisableLogTaskParameterItemMetadata_FindUnderPath_Files = true
                   DisableLogTaskParameterItemMetadata_FindUnderPath_InPath = true
                   DisableLogTaskParameterItemMetadata_GenerateResource_FilesWritten = true
                   DisableLogTaskParameterItemMetadata_Hash_ItemsToHash = true
                   DisableLogTaskParameterItemMetadata_RemoveDuplicates_Filtered = true
                   DisableLogTaskParameterItemMetadata_WriteLinesToFile_Lines = true
                   DisableStandardFrameworkResolution = true
                   DocumentationFile = 
                   DocumentationProjectOutputGroupDependenciesDependsOn = 
                         ;
                         
                         ;
                         BuildOnlySettings;
                         PrepareForBuild;
                         AssignTargetPaths;
                         ResolveReferences
                       
                       
                   DocumentationProjectOutputGroupDependsOn = 
                   DOTNET_CLI_TELEMETRY_SESSIONID = 907904c5-56e8-46a6-b934-1bfaf57f6010
                   DOTNET_HOST_PATH = C:\Program Files\dotnet\dotnet.exe
                   DotNetApiCompatTaskAssembly = C:\Program Files\dotnet\sdk\9.0.313\Sdks\Microsoft.NET.Sdk\targets\..\tools\net9.0\Microsoft.DotNet.ApiCompat.Task.dll
                   DotnetCliToolTargetFramework = netcoreapp2.2
                   DotNetPublishDependsOn = 
                         BeforePublish;
                         CorePublish;
                         AfterPublish;
                       
                   EffectiveAnalysisLevel = 9.0
                   EffectiveCodeAnalysisTreatWarningsAsErrors = 
                   EFSQLScriptsFolderName = EFSQLScripts
                   EmbeddedResourceUseDependentUponConvention = true
                   EmbeddedWin32Manifest = 
                   EmbedRazorGenerateSources = false
                   EmbedUntrackedSources = true
                   EmitAssetsLogMessages = true
                   EmitCompilerGeneratedFiles = false
                   EmitLegacyAssetsFileItems = false
                   EnableAppxPackageTargetsForUwpClassLibraries = true
                   EnableDefaultCompileItems = true
                   EnableDefaultCompressedItems = true
                   EnableDefaultContentItems = true
                   EnableDefaultEmbeddedResourceItems = true
                   EnableDefaultItems = true
                   EnableDefaultNoneItems = true
                   EnableDefaultRazorComponentItems = true
                   EnableDefaultRazorGenerateItems = true
                   EnableDefaultRazorTargetAssemblyInfoAttributes = true
                   EnableDefaultScopedCssItems = true
                   EnableFrameworkPathOverride = false
                   EnableNETAnalyzers = true
                   EnableRazorSdkContent = true
                   EnableSdkContainerSupport = true
                   EnableSourceControlManagerQueries = true
                   EnableSourceLink = true
                   EnableUnsafeBinaryFormatterSerialization = false
                   EnableWebSdkImplicitPackageVersions = false
                   EnforceCodeStyleInBuild = false
                   ErrorReport = prompt
                   ExcludeRestorePackageImports = true
                   ExpandSDKAllowedReferenceExtensions = 
                         .winmd;
                         .dll
                       
                   ExpandSDKReferencesDependsOn = 
                         ResolveSDKReferences
                       
                   FileAlignment = 512
                   FileSystemPublishDependsOn = 
                         ;
                         _DeleteDestinationFilesIfSpecified;
                         _CopyEntityFrameworkScripts;
                         _GatherFilesFromPublishIntermediateOutputPath;
                       
                   FindInvalidProjectReferencesDependsOn = 
                         GetReferenceTargetPlatformMonikers
                       
                   ForceNet8Current = false
                   Framework20Dir = @(_TargetFramework20DirectoryItem)
                   Framework30Dir = @(_TargetFramework30DirectoryItem)
                   Framework35Dir = @(_TargetFramework35DirectoryItem)
                   Framework40Dir = @(_TargetFramework40DirectoryItem)
                   FrameworkDir = @(_TargetFramework40DirectoryItem)
                   FrameworkPathOverride = 
                   FrameworkRegistryBase = Software\Microsoft\.NETCoreApp
                   FrameworkSDKDir = @(_TargetFrameworkSDKDirectoryItem)
                   FullReferenceAssemblyNames = Full
                   GenerateAssemblyCompanyAttribute = true
                   GenerateAssemblyConfigurationAttribute = true
                   GenerateAssemblyCopyrightAttribute = true
                   GenerateAssemblyDescriptionAttribute = true
                   GenerateAssemblyFileVersionAttribute = true
                   GenerateAssemblyInfo = true
                   GenerateAssemblyInformationalVersionAttribute = true
                   GenerateAssemblyMetadataAttributes = true
                   GenerateAssemblyProductAttribute = true
                   GenerateAssemblyTitleAttribute = true
                   GenerateAssemblyTrademarkAttribute = true
                   GenerateAssemblyVersionAttribute = true
                   GenerateBindingRedirectsOutputType = true
                   GenerateBuildCompressedStaticWebAssetsDependsOn = 
                         ResolveBuildCompressedStaticWebAssetsConfiguration;
                         
                       
                   GenerateClickOnceManifests = 
                   GenerateComputedBuildStaticWebAssetsDependsOn = 
                       ResolveCoreStaticWebAssets;;
                       BundleScopedCssFiles;
                     
                   GenerateComputedPublishStaticWebAssetsDependsOn = 
                   GeneratedAssemblyInfoFile = obj\Debug\net9.0\hng-genderizeApp.AssemblyInfo.cs
                   GenerateDependencyFile = true
                   GeneratedGlobalUsingsFile = obj\Debug\net9.0\hng-genderizeApp.GlobalUsings.g.cs
                   GenerateDisableRuntimeMarshallingAttribute = true
                   GenerateDocumentationFile = false
                   GenerateFullPaths = true
                   GenerateInternalsVisibleToAttributes = true
                   GenerateJSModuleManifest = true
                   GenerateJSModuleManifestBuildStaticWebAssetsDependsOn = 
                         ResolveJSModuleManifestBuildConfiguration;
                         
                       
                   GenerateJSModuleManifestPublishStaticWebAssetsDependsOn = 
                         ResolveJSModuleManifestPublishConfiguration;
                         
                       
                   GenerateManifestsDependsOn = 
                         SetWin32ManifestProperties;
                         GenerateApplicationManifest;
                         GenerateDeploymentManifest
                       
                   GenerateMvcApplicationPartsAssemblyAttributes = true
                   GenerateNeutralResourcesLanguageAttribute = true
                   GenerateNuspecDependsOn = 
                         ResolveRazorGenerateInputs;
                         
                         IncludeStaticWebAssetsPackItems;
                         Build;_LoadPackInputItems; _GetTargetFrameworksOutput; _WalkEachTargetPerFramework; _GetPackageFiles; ;
                       
                       
                   GeneratePackageOnBuild = false
                   GeneratePublishCompressedStaticWebAssetsDependsOn = 
                         ResolvePublishCompressedStaticWebAssetsConfiguration;
                         
                       
                   GenerateRazorTargetAssemblyInfo = true
                   GenerateRazorTargetAssemblyInfoDependsOn = 
                         _ResolveMvcAssemblyAttributes;
                         
                         GetRazorTargetAssemblyAttributes;
                         _CreateRazorTargetAssemblyInfoInputsCacheFile;
                         CoreGenerateRazorTargetAssemblyInfo
                       
                       
                   GenerateRepositoryUrlAttribute = true
                   GenerateRequiresPreviewFeaturesAttribute = true
                   GenerateResourceMSBuildArchitecture = CurrentArchitecture
                   GenerateResourceMSBuildRuntime = CurrentRuntime
                   GenerateResourceUsePreserializedResources = true
                   GenerateRuntimeConfigDevFile = false
                   GenerateRuntimeConfigurationFiles = true
                   GenerateSatelliteAssembliesForCore = true
                   GenerateScopedCssFilesDependsOn = 
                       ;
                       _ResolveBundlingConfiguration;
                       _ProcessScopedCssFiles;
                       BundleScopedCssFiles;
                     
                   GenerateStaticWebAssetsManifestDependsOn = ;ResolveBuildStaticWebAssets
                   GenerateStaticWebAssetsPublishManifestDependsOn = 
                         ResolveStaticWebAssetsConfiguration;
                         ResolveAllPublishStaticWebAssets;
                         ;
                       
                   GenerateSupportedOSPlatformAttribute = true
                   GenerateTargetFrameworkAttribute = true
                   GenerateTargetPlatformAttribute = true
                   GetCopyToOutputDirectoryItemsDependsOn = 
                         AssignTargetPaths;
                         
                         AssignProjectConfiguration;
                         _SplitProjectReferencesByFileExistence
                       ;
                         _GetProjectReferenceTargetFrameworkProperties;
                         _PopulateCommonStateForGetCopyToOutputDirectoryItems
                       ;AddStaticWebAssetsManifest;AddStaticWebAssetEndpointsBuildManifest
                   GetFrameworkPathsDependsOn = 
                   GetReferenceNearestTargetFrameworkTaskSupportsTargetPlatformParameter = true
                   GetTargetPathWithTargetPlatformMonikerDependsOn = 
                   HasRuntimeOutput = true
                   HideWarningsAndErrors = false
                   HighEntropyVA = true
                   ImplicitConfigurationDefine = DEBUG
                   ImplicitFrameworkDefine = NET9_0
                   ImplicitUsings = enable
                   ImportByWildcardAfterMicrosoftCommonProps = true
                   ImportByWildcardAfterMicrosoftCommonTargets = true
                   ImportByWildcardAfterMicrosoftCSharpTargets = true
                   ImportByWildcardBeforeMicrosoftCommonProps = true
                   ImportByWildcardBeforeMicrosoftCommonTargets = true
                   ImportByWildcardBeforeMicrosoftCSharpTargets = true
                   ImportDirectoryBuildProps = true
                   ImportDirectoryBuildTargets = true
                   ImportDirectoryPackagesProps = true
                   ImportFrameworkWinFXTargets = false
                   ImportNuGetBuildTasksPackTargetsFromSdk = true
                   ImportProjectExtensionProps = false
                   ImportProjectExtensionTargets = false
                   ImportUserLocationsByWildcardAfterMicrosoftCommonProps = true
                   ImportUserLocationsByWildcardAfterMicrosoftCommonTargets = true
                   ImportUserLocationsByWildcardAfterMicrosoftCSharpTargets = true
                   ImportUserLocationsByWildcardBeforeMicrosoftCommonProps = true
                   ImportUserLocationsByWildcardBeforeMicrosoftCommonTargets = true
                   ImportUserLocationsByWildcardBeforeMicrosoftCSharpTargets = true
                   IncludeBuildOutput = true
                   IncludeContentInPack = true
                   IncludeFileVersionsInDependencyFile = true
                   IncludeMainProjectInDepsFile = true
                   IncludeProjectsNotInAssetsFileInDepsFile = true
                   IncludeRazorContentInPack = false
                   IncludeSourceRevisionInInformationalVersion = true
                   IncludeStaticWebAssetsPackItemsDependsOn = 
                         Build;
                         ResolveStaticWebAssetsConfiguration;LoadStaticWebAssetsBuildManifest
                       ;
                       
                   IncludeSymbolsInSingleFile = false
                   InnerBuildProperty = TargetFramework
                   InnerBuildPropertyValues = TargetFrameworks
                   IntermediateOutputPath = obj\Debug\net9.0\
                   IsNetCoreAppTargetingLatestTFM = true
                   IsPackable = false
                   IsPublishable = true
                   IsRazorCompilerReferenced = true
                   IsRestoreTargetsFileLoaded = true
                   IsRidAgnostic = false
                   JSModulesEnabled = true
                   Language = C#
                   LanguageTargets = C:\Program Files\dotnet\sdk\9.0.313\Microsoft.CSharp.targets
                   LangVersion = 13.0
                   MarkPackageReferencesAsExternallyResolved = true
                   MaxSupportedLangVersion = 13.0
                   MaxTargetPath = 100
                   MicrosoftBuildTasksGitAssemblyFile = C:\Program Files\dotnet\sdk\9.0.313\Sdks\Microsoft.Build.Tasks.Git\build\..\tools\core\Microsoft.Build.Tasks.Git.dll
                   MicrosoftCommonPropsHasBeenImported = true
                   MicrosoftNETBuildExtensionsTargets = C:\Program Files\dotnet\sdk\9.0.313\\Microsoft\Microsoft.NET.Build.Extensions\Microsoft.NET.Build.Extensions.targets
                   MicrosoftNETBuildExtensionsTasksAssembly = C:\Program Files\dotnet\sdk\9.0.313\Microsoft\Microsoft.NET.Build.Extensions\\tools\net9.0\Microsoft.NET.Build.Extensions.Tasks.dll
                   MicrosoftNETBuildTasksAssembly = C:\Program Files\dotnet\sdk\9.0.313\Sdks\Microsoft.NET.Sdk\targets\..\tools\net9.0\Microsoft.NET.Build.Tasks.dll
                   MicrosoftNETBuildTasksDirectory = C:\Program Files\dotnet\sdk\9.0.313\Sdks\Microsoft.NET.Sdk\targets\..\tools\net9.0\
                   MicrosoftNETBuildTasksDirectoryRoot = C:\Program Files\dotnet\sdk\9.0.313\Sdks\Microsoft.NET.Sdk\targets\..\tools\
                   MicrosoftNETBuildTasksTFM = net9.0
                   MicrosoftNETCrossgenBuildTasksAssembly = C:\Program Files\dotnet\sdk\9.0.313\Sdks\Microsoft.NET.Sdk\targets\..\tasks\net7.0\Microsoft.NET.Sdk.Crossgen.dll
                   MicrosoftNETFrameworkReferenceAssembliesLatestPackageVersion = 1.0.3
                   MicrosoftNETWindowsWorkloadInstalled = true
                   MinimumMSBuildVersion = 17.12.0
                   MinimumVisualStudioVersionForUnsupportedTargetFrameworkVersion = 18.0
                   MsAppxPackageTargets = C:\Program Files\dotnet\sdk\9.0.313\Microsoft\VisualStudio\v17.0\AppxPackage\Microsoft.AppXPackage.Targets
                   MSBuildAllProjects = C:\Users\frank.io\source\repos\hng-genderizeApp\hng-genderizeApp\hng-genderizeApp.csproj;;C:\Program Files\dotnet\sdk\9.0.313\Current\Microsoft.Common.targets\ImportAfter\Microsoft.TestPlatform.ImportAfter.targets
                   MSBuildAssemblyVersion = 17.0
                   MSBuildBinPath = C:\Program Files\dotnet\sdk\9.0.313
                   MSBuildCopyContentTransitively = true
                   MSBuildCopyMarkerName = hng-gend.CAC696EB.Up2Date
                   MSBuildDisableFeaturesFromVersion = 999.999
                   MSBuildEnableWorkloadResolver = true
                   MSBuildExtensionsPath = C:\Program Files\dotnet\sdk\9.0.313\
                   MSBuildExtensionsPath32 = C:\Program Files\dotnet\sdk\9.0.313
                   MSBuildExtensionsPath64 = C:\Program Files\dotnet\sdk\9.0.313
                   MSBUILDFAILONDRIVEENUMERATINGWILDCARD = 1
                   MSBuildFileVersion = 17.14.43.7001
                   MSBuildIsRestoring = True
                   MSBuildLoadMicrosoftTargetsReadOnly = true
                   MSBuildNodeCount = 8
                   MSBuildProgramFiles32 = C:\Program Files (x86)
                   MSBuildProjectDefaultTargets = Build
                   MSBuildProjectDirectory = C:\Users\frank.io\source\repos\hng-genderizeApp\hng-genderizeApp
                   MSBuildProjectDirectoryNoRoot = Users\frank.io\source\repos\hng-genderizeApp\hng-genderizeApp
                   MSBuildProjectExtension = .csproj
                   MSBuildProjectExtensionsPath = C:\Users\frank.io\source\repos\hng-genderizeApp\hng-genderizeApp\obj\
                   MSBuildProjectFile = hng-genderizeApp.csproj
                   MSBuildProjectFullPath = C:\Users\frank.io\source\repos\hng-genderizeApp\hng-genderizeApp\hng-genderizeApp.csproj
                   MSBuildProjectName = hng-genderizeApp
                   MSBuildRestoreSessionId = 275e5113-f804-4a73-b2d9-a802e1f7394e
                   MSBuildRuntimeType = Core
                   MSBuildSDKsPath = C:\Program Files\dotnet\sdk\9.0.313\Sdks
                   MSBuildSemanticVersion = 17.14.43+2a0eb78b3
                   MSBuildStartupDirectory = C:\Users\frank.io\source\repos\hng-genderizeApp
                   MSBuildToolsPath = C:\Program Files\dotnet\sdk\9.0.313
                   MSBuildToolsVersion = Current
                   MSBuildUserExtensionsPath = C:\Users\frank.io\AppData\Local\Microsoft\MSBuild
                   MSBUILDUSESERVER = 0
                   MSBuildUseVisualStudioDirectoryLayout = False
                   MSBuildVersion = 17.14.43
                   MSBuildWarningsAsErrors = ;NU1605
                   MSBuildWarningsAsMessages = 1701;1702
                   MSBuildWarningsNotAsErrors = 
                   MSBuildWebTargetsPath = C:\Program Files\dotnet\sdk\9.0.313\\Microsoft\VisualStudio\Managed.Web\
                   MsTestToolsTargets = C:\Program Files\dotnet\sdk\9.0.313\Microsoft\VisualStudio\v17.0\TeamTest\Microsoft.TeamTest.targets
                   NETCoreAppMaximumVersion = 9.0
                   NetCoreRoot = C:\Program Files\dotnet\
                   NETCoreSdkBundledCliToolsProps = C:\Program Files\dotnet\sdk\9.0.313\Sdks\Microsoft.NET.Sdk\targets\..\..\..\Microsoft.NETCoreSdk.BundledCliTools.props
                   NETCoreSdkBundledMSBuildInformationProps = C:\Program Files\dotnet\sdk\9.0.313\Sdks\Microsoft.NET.Sdk\targets\..\..\..\Microsoft.NETCoreSdk.BundledMSBuildInformation.props
                   NETCoreSdkBundledVersionsProps = C:\Program Files\dotnet\sdk\9.0.313\Sdks\Microsoft.NET.Sdk\targets\..\..\..\Microsoft.NETCoreSdk.BundledVersions.props
                   NETCoreSdkPortableRuntimeIdentifier = win-x64
                   NETCoreSdkRuntimeIdentifier = win-x64
                   NETCoreSdkVersion = 9.0.313
                   NetCoreTargetingPackRoot = C:\Program Files\dotnet\packs
                   NoCompilerStandardLib = true
                   NoStdLib = true
                   NoWarn = 1701;1702
                   NuGetAudit = true
                   NuGetAuditLevel = low
                   NuGetAuditMode = direct
                   NuGetBuildTasksPackTargets = C:\Program Files\dotnet\sdk\9.0.313\Sdks\Microsoft.NET.Sdk\Sdk\..\..\NuGet.Build.Tasks.Pack\build\NuGet.Build.Tasks.Pack.targets
                   NuGetInteractive = 
                   NuGetPackTaskAssemblyFile = ..\CoreCLR\NuGet.Build.Tasks.Pack.dll
                   NuGetPropsFile = C:\Program Files\dotnet\sdk\9.0.313\NuGet.props
                   NuGetRestoreTargets = C:\Program Files\dotnet\sdk\9.0.313\NuGet.targets
                   NuGetTargetMoniker = .NETCoreApp,Version=v9.0
                   Nullable = enable
                   NuspecOutputPath = obj\Debug\
                   Optimize = false
                   OutDir = bin\Debug\net9.0\
                   OutputPath = bin\Debug\net9.0\
                   OutputType = Exe
                   OverwriteReadOnlyFiles = false
                   PackageDescription = Package Description
                   PackageDownloadSupported = true
                   PackagedShimOutputRootDirectory = bin\Debug\net9.0\
                   PackageId = hng-genderizeApp
                   PackageOutputPath = bin\Debug\
                   PackageRequireLicenseAcceptance = false
                   PackageVersion = 1.0.0
                   PackDependsOn = ; _IntermediatePack; GenerateNuspec; 
                   PackRelease = true
                   Platform = AnyCPU
                   PlatformName = AnyCPU
                   Platforms = AnyCPU
                   PostBuildEventDependsOn = 
                   PreBuildEventDependsOn = 
                   Prefer32Bit = false
                   PreferNativeArm64 = false
                   PrepareForBuildDependsOn = 
                         ;GetFrameworkPaths;GetReferenceAssemblyPaths;AssignLinkMetadata;
                         ResolveRazorGenerateInputs
                       
                   PrepareForRazorCompileDependsOn = 
                         RazorGenerate;
                         ResolveRazorCompileInputs;
                         GenerateRazorTargetAssemblyInfo
                       
                   PrepareForRazorComponentGenerateDependsOn = 
                         ResolveRazorConfiguration;
                         ResolveRazorComponentInputs;
                         _CheckForIncorrectComponentsConfiguration;
                         AssignRazorComponentTargetPaths;
                       
                   PrepareForRazorGenerateDependsOn = 
                         ResolveRazorConfiguration;
                         ResolveRazorGenerateInputs;
                         AssignRazorGenerateTargetPaths;
                         _ResolveGeneratedRazorCompileInputs;
                         _CheckForIncorrectMvcConfiguration;
                       
                   PrepareForRunDependsOn = 
                         _RazorPrepareForRun;
                         StaticWebAssetsPrepareForRun;
                         CopyFilesToOutputDirectory
                       
                       
                   PrepareProjectReferencesDependsOn = 
                         AssignProjectConfiguration;
                         _SplitProjectReferencesByFileExistence;
                         _GetProjectReferenceTargetFrameworkProperties;
                         _GetProjectReferencePlatformProperties
                       
                   PrepareResourceNamesDependsOn = 
                         AssignTargetPaths;
                         SplitResourcesByCulture;
                         CreateManifestResourceNames;
                         CreateCustomManifestResourceNames
                       
                   PrepareResourcesDependsOn = 
                         ResolvePackageDependenciesForBuild;
                         _HandlePackageFileConflicts;
                         
                         ;
                         PrepareResourceNames;
                         ResGen;
                         CompileLicxFiles
                       
                       
                   PreserveCompilationReferences = 
                   ProcessorArchitecture = msil
                   ProcessorArchitectureAsPlatform = AnyCPU
                   ProduceReferenceAssembly = true
                   Product = hng-genderizeApp
                   ProjectAssetsCacheFile = C:\Users\frank.io\source\repos\hng-genderizeApp\hng-genderizeApp\obj\Debug\net9.0\hng-genderizeApp.assets.cache
                   ProjectAssetsFile = C:\Users\frank.io\source\repos\hng-genderizeApp\hng-genderizeApp\obj\project.assets.json
                   ProjectDepsFileName = hng-genderizeApp.deps.json
                   ProjectDepsFilePath = C:\Users\frank.io\source\repos\hng-genderizeApp\hng-genderizeApp\bin\Debug\net9.0\hng-genderizeApp.deps.json
                   ProjectDesignTimeAssemblyResolutionSearchPaths = 
                         {CandidateAssemblyFiles};
                         ;
                         {HintPathFromItem};
                         {TargetFrameworkDirectory};
                         {Registry:Software\Microsoft\.NETCoreApp,v9.0,AssemblyFoldersEx};
                         {RawFileName};
                         C:\Users\frank.io\source\repos\hng-genderizeApp\hng-genderizeApp\bin\Debug\net9.0\
                       
                   ProjectDir = C:\Users\frank.io\source\repos\hng-genderizeApp\hng-genderizeApp\
                   ProjectExt = .csproj
                   ProjectFileName = hng-genderizeApp.csproj
                   ProjectFlavor = Client
                   ProjectName = hng-genderizeApp
                   ProjectPath = C:\Users\frank.io\source\repos\hng-genderizeApp\hng-genderizeApp\hng-genderizeApp.csproj
                   ProjectRuntimeConfigFileName = hng-genderizeApp.runtimeconfig.json
                   ProjectRuntimeConfigFilePath = C:\Users\frank.io\source\repos\hng-genderizeApp\hng-genderizeApp\bin\Debug\net9.0\hng-genderizeApp.runtimeconfig.json
                   PublishableProject = true
                   PublishBuildDependsOn = 
                         BuildOnlySettings;
                         PrepareForBuild;
                         ResolveReferences;
                         PrepareResources;
                         ResolveKeySource;
                         GenerateSerializationAssemblies;
                         CreateSatelliteAssemblies;
                       
                   PublishCompressionFormats = ;gzip;brotli
                   PublishConfiguration = Debug
                   PublishContainerDependsOn = 
                         _ContainerVerifySDKVersion;
                         ComputeContainerConfig;
                         _CheckContainersPackage
                       
                   PublishDependsOn = 
                         SetGenerateManifests;
                         Build;
                         PublishOnly
                       
                   PublishDir = bin\Debug\net9.0\publish\
                   PublishDirName = publish
                   PublishDocumentationFile = true
                   PublishDocumentationFiles = true
                   PublishIntermediateOutputPath = C:\Users\frank.io\source\repos\hng-genderizeApp\hng-genderizeApp\obj\Debug\net9.0\PubTmp\Out\
                   PublishIntermediateTempPath = C:\Users\frank.io\source\repos\hng-genderizeApp\hng-genderizeApp\obj\Debug\net9.0\PubTmp\
                   PublishItemsOutputGroupDependsOn = 
                         ;
                         ResolveReferences;
                         ComputeResolvedFilesToPublishList;
                         _ComputeFilesToBundle;
                       
                   PublishOnlyDependsOn = 
                         SetGenerateManifests;
                         PublishBuild;
                         BeforePublish;
                         GenerateManifests;
                         CopyFilesToOutputDirectory;
                         _CopyFilesToPublishFolder;
                         _DeploymentGenerateBootstrapper;
                         ResolveKeySource;
                         _DeploymentSignClickOnceDeployment;
                         AfterPublish
                       
                   PublishProfile = Default
                   PublishProfileImported = true
                   PublishProfileName = Default
                   PublishProtocol = FileSystem
                   PublishReadyToRunComposite = false
                   PublishReadyToRunPerfmapFormatVersion = 1
                   PublishReadyToRunUseCrossgen2 = true
                   PublishReadyToRunUseRuntimePackOptimizationData = true
                   PublishReferencesDocumentationFiles = true
                   PublishRelease = true
                   PublishUrl = bin\Debug\net9.0\publish\
                   RazorCompileOnBuild = true
                   RazorCompileOnPublish = true
                   RazorCompileToolset = Implicit
                   RazorComponentGenerateDependsOn = 
                         PrepareForRazorComponentGenerate
                       
                   RazorCoreGenerateDependsOn = 
                         _HashRazorGenerateInputs;
                         _ResolveRazorGenerateOutputs;
                       
                   RazorDefaultConfiguration = MVC-3.0
                   RazorDesignTimeTargets = C:\Program Files\dotnet\sdk\9.0.313\Sdks\Microsoft.NET.Sdk.Razor\targets\Microsoft.NET.Sdk.Razor.DesignTime.targets
                   RazorGenerateDependsOn = 
                         PrepareForRazorGenerate;
                       
                   RazorGenerateIntermediateOutputPath = obj\Debug\net9.0\Razor\
                   RazorGenerateOutputFileExtension = .g.cs
                   RazorLangVersion = 9.0
                   RazorSdkBuildTasksAssembly = C:\Program Files\dotnet\sdk\9.0.313\Sdks\Microsoft.NET.Sdk.Razor\targets\..\tasks\net9.0\Microsoft.NET.Sdk.Razor.Tasks.dll
                   RazorSdkBuildTasksDirectoryRoot = C:\Program Files\dotnet\sdk\9.0.313\Sdks\Microsoft.NET.Sdk.Razor\targets\..\tasks\
                   RazorSdkCurrentVersionProps = C:\Program Files\dotnet\sdk\9.0.313\Sdks\Microsoft.NET.Sdk.Razor\Sdk\..\targets\Sdk.Razor.CurrentVersion.props
                   RazorSdkCurrentVersionTargets = C:\Program Files\dotnet\sdk\9.0.313\Sdks\Microsoft.NET.Sdk.Razor\Sdk\..\targets\Sdk.Razor.CurrentVersion.targets
                   RazorSdkDirectoryRoot = C:\Program Files\dotnet\sdk\9.0.313\Sdks\Microsoft.NET.Sdk.Razor\targets\..\
                   RazorTargetAssemblyInfo = obj\Debug\net9.0\hng-genderizeApp.RazorTargetAssemblyInfo.cs
                   RazorTargetName = hng-genderizeApp.Views
                   RazorTargetNameSuffix = .Views
                   RazorUpToDateReloadFileTypes = .cs;.razor;.resx;.cshtml
                   RebuildDependsOn = 
                         _SdkBeforeRebuild;
                         
                         BeforeRebuild;
                         Clean;
                         Build;
                         AfterRebuild;
                       
                       
                   RefAssembliesFolderName = refs
                   ReferenceCopyLocalPathsOutputGroupDependsOn = 
                         ;
                         
                         ;
                         BuildOnlySettings;
                         PrepareForBuild;
                         AssignTargetPaths;
                         ResolveReferences
                       
                       
                   ReportingServicesTargets = C:\Program Files\dotnet\sdk\9.0.313\\Microsoft\VisualStudio\v17.0\ReportingServices\Microsoft.ReportingServices.targets
                   ResGenDependsOn = ResolveAssemblyReferences;SplitResourcesByCulture;BeforeResGen;CoreResGen;AfterResGen
                   ResGenExecuteAsTool = false
                   ResolveAssemblyReferenceOutputUnresolvedAssemblyConflicts = true
                   ResolveAssemblyReferencesDependsOn = 
                         
                         
                         ResolveProjectReferences;
                         FindInvalidProjectReferences;
                         GetFrameworkPaths;
                         GetReferenceAssemblyPaths;
                         PrepareForBuild;
                         ResolveSDKReferences;
                         ExpandSDKReferences;
                       ;
                         ResolvePackageDependenciesForBuild;
                         _HandlePackageFileConflicts;
                       ;
                         ResolveTargetingPackAssets;
                       
                   ResolveBuildCompressedStaticWebAssetsDependsOn = 
                         GenerateBuildCompressedStaticWebAssets;
                         
                       
                   ResolveBuildRelatedStaticWebAssetsDependsOn = 
                         ResolveBuildCompressedStaticWebAssets;
                         
                         ResolveStaticWebAssetsInputs;
                         
                       
                       
                   ResolveCorePublishStaticWebAssetsDependsOn = 
                         LoadStaticWebAssetsBuildManifest;
                         ComputeReferencedProjectsEmbeddedPublishAssets;
                         ComputeReferencedProjectsPublishAssets;
                         ;
                       
                   ResolveCoreStaticWebAssetsDependsOn = 
                         
                         
                         UpdateExistingPackageStaticWebAssets;
                         ResolveProjectStaticWebAssets;
                         ResolveEmbeddedProjectsStaticWebAssets;
                         ResolveReferencedProjectsStaticWebAssets;
                         ;
                       ;
                         ResolveJsInitializerModuleStaticWebAssets;
                       ;
                         ResolveJSModuleStaticWebAssets;
                       
                   ResolvedRazorCompileToolset = RazorSdk
                   ResolveJSModuleManifestBuildStaticWebAssetsDependsOn = 
                         GenerateJSModuleManifestBuildStaticWebAssets;
                         
                       
                   ResolveJSModuleManifestPublishStaticWebAssetsDependsOn = 
                         GenerateJSModuleManifestPublishStaticWebAssets;
                         
                       
                   ResolveNuGetPackages = false
                   ResolvePackageDependenciesForBuildDependsOn = 
                         ResolveLockFileReferences;
                         ResolveLockFileAnalyzers;
                         ResolveLockFileCopyLocalFiles;
                         ResolveRuntimePackAssets;
                         RunProduceContentAssets;
                         IncludeTransitiveProjectReferences
                       
                   ResolvePublishCompressedStaticWebAssetsDependsOn = 
                         GeneratePublishCompressedStaticWebAssets;
                         
                       
                   ResolvePublishRelatedStaticWebAssetsDependsOn = 
                         ResolvePublishCompressedStaticWebAssets;
                         
                       
                   ResolvePublishStaticWebAssetsDependsOn = 
                         ResolveJSModuleManifestPublishStaticWebAssets;
                         
                         ResolveCorePublishStaticWebAssets;
                         GenerateComputedPublishStaticWebAssets;
                         ;
                       
                       
                   ResolveRazorCompileInputsDependsOn = 
                         ResolveRazorEmbeddedResources;
                       
                   ResolveReferencesDependsOn = 
                         BeforeResolveReferences;
                         AssignProjectConfiguration;
                         ResolveProjectReferences;
                         FindInvalidProjectReferences;
                         ResolveNativeReferences;
                         ResolveAssemblyReferences;
                         GenerateBindingRedirects;
                         GenerateBindingRedirectsUpdateAppConfig;
                         ResolveComReferences;
                         AfterResolveReferences
                       
                   ResolveScopedCssAssetsDependsOn = 
                       ;
                       UpdateLegacyPackageScopedCssBundles;
                       GenerateScopedCssFiles;
                       ResolveBundledCssAssets;
                     
                   ResolveScopedCssOutputsDependsOn = 
                         ;
                         ResolveCssScopes;
                       
                   ResolveSDKReferencesDependsOn = 
                         GetInstalledSDKLocations
                       
                   ResolveStaticWebAssetsInputsDependsOn = 
                         ResolveJSModuleManifestBuildStaticWebAssets;
                         
                       
                         ResolveCoreStaticWebAssets;
                         GenerateComputedBuildStaticWebAssets;
                         
                       ;
                       ResolveScopedCssAssets;
                     
                       
                   RespectAlreadyAssignedItemCulture = true
                   RestoreBuildInParallel = true
                   RestoreContinueOnError = WarnAndContinue
                   RestoreEnablePackagePruning = false
                   RestoreOutputPath = C:\Users\frank.io\source\repos\hng-genderizeApp\hng-genderizeApp\obj\
                   RestoreProjectStyle = PackageReference
                   RestoreRecursive = true
                   RestoreTaskAssemblyFile = NuGet.Build.Tasks.dll
                   RestoreUseSkipNonexistentTargets = true
                   RootNamespace = hng_genderizeApp
                   RoslynTargetsPath = C:\Program Files\dotnet\sdk\9.0.313\Roslyn
                   RunArguments = 
                   RunCommand = C:\Users\frank.io\source\repos\hng-genderizeApp\hng-genderizeApp\bin\Debug\net9.0\hng-genderizeApp.exe
                   RunDependsOn = 
                   RunPackageValidationDependsOn = CollectApiCompatInputs;_GetReferencePathFromInnerProjects;
                   RuntimeIdentifierGraphPath = C:\Program Files\dotnet\sdk\9.0.313/PortableRuntimeIdentifierGraph.json
                   RunWorkingDirectory = C:\Users\frank.io\source\repos\hng-genderizeApp\hng-genderizeApp
                   SatelliteDllsProjectOutputGroupDependenciesDependsOn = 
                         ;
                         
                         ;
                         BuildOnlySettings;
                         PrepareForBuild;
                         AssignTargetPaths;
                         ResolveReferences
                       
                       
                   SatelliteDllsProjectOutputGroupDependsOn = ;PrepareForBuild;PrepareResourceNames
                   ScopedCssEnabled = true
                   SdkAnalysisLevel = 9.0.300
                   SDKContainerSupportEnabled = true
                   SDKRedistOutputGroupDependsOn = ResolveSDKReferences;ExpandSDKReferences
                   SDKReferenceDirectoryRoot = C:\Users\frank.io\AppData\Local\Microsoft SDKs;C:\Program Files (x86)\Microsoft SDKs
                   SDKReferenceRegistryRoot = Software\Microsoft\Microsoft SDKs
                   SelfContained = false
                   ServerGarbageCollection = true
                   SGenFilesOutputGroupDependenciesDependsOn = 
                         ;
                         
                         ;
                         BuildOnlySettings;
                         PrepareForBuild;
                         AssignTargetPaths;
                         ResolveReferences
                       
                       
                   SGenFilesOutputGroupDependsOn = 
                   SGenShouldGenerateSerializer = true
                   SGenUseKeep = false
                   SGenUseProxyTypes = true
                   ShouldMarkCertainSDKReferencesAsRuntimeOnly = true
                   SignAssembly = false
                   SkipCopyUnchangedFiles = true
                   SkipImportNuGetBuildTargets = true
                   SkipImportNuGetProps = true
                   SolutionDir = C:\Users\frank.io\source\repos\hng-genderizeApp\
                   SolutionExt = .sln
                   SolutionFileName = hng-genderizeApp.sln
                   SolutionName = hng-genderizeApp
                   SolutionPath = C:\Users\frank.io\source\repos\hng-genderizeApp\hng-genderizeApp.sln
                   SourceControlInformationFeatureSupported = true
                   SourceControlManagerUrlTranslationTargets = ;TranslateGitHubUrlsInSourceControlInformation;TranslateGitLabUrlsInSourceControlInformation;TranslateAzureReposGitUrlsInSourceControlInformation;TranslateBitbucketGitUrlsInSourceControlInformation
                   SourceFilesProjectOutputGroupDependsOn = PrepareForBuild;AssignTargetPaths
                   SourceLinkUrlInitializerTargets = ;_InitializeGitHubSourceLinkUrl;_InitializeGitLabSourceLinkUrl;_InitializeAzureReposGitSourceLinkUrl;_InitializeBitbucketGitSourceLinkUrl
                   SourceRootMappedPathsFeatureSupported = true
                   StaticWebAssetEndpointDefaultMediaCacheControlHeader = max-age=3600, must-revalidate
                   StaticWebAssetsEnabled = true
                   StaticWebAssetsPrepareForPublishDependsOn = 
                         ;
                         ResolveStaticWebAssetsConfiguration;
                         GenerateStaticWebAssetsPublishManifest;
                       
                   StaticWebAssetsPrepareForRunDependsOn = ;ResolveBuildStaticWebAssets;GenerateStaticWebAssetsManifest;CopyStaticWebAssetsToOutputDirectory;
                   StaticWebAssetsSdkBuildTasksAssembly = C:\Program Files\dotnet\sdk\9.0.313\Sdks\Microsoft.NET.Sdk.StaticWebAssets\targets\..\tasks\net9.0\Microsoft.NET.Sdk.StaticWebAssets.Tasks.dll
                   StaticWebAssetsSdkBuildTasksDirectoryRoot = C:\Program Files\dotnet\sdk\9.0.313\Sdks\Microsoft.NET.Sdk.StaticWebAssets\targets\..\tasks\
                   StaticWebAssetsSdkCurrentVersionProps = C:\Program Files\dotnet\sdk\9.0.313\Sdks\Microsoft.NET.Sdk.StaticWebAssets\Sdk\..\targets\Sdk.StaticWebAssets.CurrentVersion.props
                   StaticWebAssetsSdkCurrentVersionTargets = C:\Program Files\dotnet\sdk\9.0.313\Sdks\Microsoft.NET.Sdk.StaticWebAssets\Sdk\..\targets\Sdk.StaticWebAssets.CurrentVersion.targets
                   StaticWebAssetsSdkDirectoryRoot = C:\Program Files\dotnet\sdk\9.0.313\Sdks\Microsoft.NET.Sdk.StaticWebAssets\targets\..\
                   SupportedOSPlatformVersion = 
                   SupportsDeployOnBuild = true
                   SupportsRoslynComponentVersioning = true
                   SuppressDependenciesWhenPacking = false
                   SymbolPackageFormat = symbols.nupkg
                   TargetCulture = *
                   TargetDeployManifestFileName = hng-genderizeApp.application
                   TargetDir = C:\Users\frank.io\source\repos\hng-genderizeApp\hng-genderizeApp\bin\Debug\net9.0\
                   TargetedFrameworkDir = @(_TargetedFrameworkDirectoryItem)
                   TargetedSDKArchitecture = msil
                   TargetedSDKConfiguration = Debug
                   TargetExt = .dll
                   TargetFileName = hng-genderizeApp.dll
                   TargetFramework = net9.0
                   TargetFrameworkDirectory = 
                   TargetFrameworkIdentifier = .NETCoreApp
                   TargetFrameworkMoniker = .NETCoreApp,Version=v9.0
                   TargetFrameworkMonikerAssemblyAttributesPath = obj\Debug\net9.0\.NETCoreApp,Version=v9.0.AssemblyAttributes.cs
                   TargetFrameworkMonikerDisplayName = .NET 9.0
                   TargetFrameworkSDKToolsDirectory = 
                   TargetFrameworkVersion = v9.0
                   TargetLatestRuntimePatch = false
                   TargetName = hng-genderizeApp
                   TargetPath = C:\Users\frank.io\source\repos\hng-genderizeApp\hng-genderizeApp\bin\Debug\net9.0\hng-genderizeApp.dll
                   TargetPlatformDisplayName =  
                   TargetPlatformIdentifier = 
                   TargetPlatformRegistryBase = Software\Microsoft\Microsoft SDKs\
                   TargetPlatformSdkPath = 
                   TargetPlatformVersion = 
                   TargetRefPath = C:\Users\frank.io\source\repos\hng-genderizeApp\hng-genderizeApp\obj\Debug\net9.0\ref\hng-genderizeApp.dll
                   TargetRuntime = Managed
                   TargetsCurrent = true
                   TargetsForTfmSpecificContentInPackage = ;PackTool;_PackProjectToolValidation
                   ToolCommandName = hng-genderizeApp
                   ToolDepsJsonGeneratorProject = C:\Program Files\dotnet\sdk\9.0.313\Sdks\Microsoft.NET.Sdk\targets\GenerateDeps\GenerateDeps.proj
                   ToolEntryPoint = hng-genderizeApp.dll
                   TreatWarningsAsErrors = false
                   UnmanagedRegistrationDependsOn = 
                   UnmanagedUnregistrationDependsOn = 
                   UnsupportedTargetFrameworkVersion = 10.0
                   UpToDateReloadFileTypes = ;.cs;.razor;.resx;.cshtml
                   UseAppHost = true
                   UseCommonOutputDirectory = false
                   UseDefaultPlatformLookupTables = true
                   UseHostCompilerIfAvailable = true
                   UseMSBuildTestInfrastructure = false
                   UseOSWinMdReferences = false
                   UseRazorBuildServer = true
                   UseRazorSourceGenerator = true
                   UseRidGraph = false
                   UserProfileRuntimeStorePath = C:\Users\frank.io\.dotnet\store
                   UserRuntimeConfig = C:\Users\frank.io\source\repos\hng-genderizeApp\hng-genderizeApp/runtimeconfig.template.json
                   UseSourcePath = true
                   UseStaticWebAssetsV2 = true
                   UsingMicrosoftNETSdk = true
                   UsingMicrosoftNETSdkPublish = true
                   UsingMicrosoftNETSdkRazor = true
                   UsingMicrosoftNETSdkStaticWebAssets = true
                   UsingMicrosoftNETSdkWeb = true
                   UsingMicrosoftNETSdkWebProjectSystem = true
                   UsingNETSdkDefaults = true
                   Utf8Output = true
                   ValidateRuntimeIdentifierCompatibility = false
                   VerifyMatchingImplicitPackageVersion = true
                   Version = 1.0.0
                   VersionlessImplicitFrameworkDefine = NET
                   VersionPrefix = 1.0.0
                   VisualStudioVersion = 17.0
                   VSTestConsolePath = C:\Program Files\dotnet\sdk\9.0.313\vstest.console.dll
                   VSTestNoBuild = False
                   VSTestTargets = C:\Program Files\dotnet\sdk\9.0.313\\Microsoft.TestPlatform.targets
                   VSTestTaskAssemblyFile = Microsoft.TestPlatform.Build.dll
                   VsTestUseMSBuildOutput = False
                   WarningLevel = 9
                   WarningsAsErrors = ;NU1605;SYSLIB0011
                   WarnOnPackingNonPackableProject = true
                   WebPublishMethod = FileSystem
                   WebReference_EnableLegacyEventingModel = false
                   WebReference_EnableProperties = true
                   WebReference_EnableSQLTypes = true
                   WMSJSProject = WJProject
                   WMSJSProjectDirectory = JavaScript
                   YieldDuringToolExecution = true

07:19:16.280     0>Initial Items:
                   _AllDirectoriesAbove
                       C:\
                       C:\Users
                       C:\Users\frank.io
                       C:\Users\frank.io\source
                       C:\Users\frank.io\source\repos
                       C:\Users\frank.io\source\repos\hng-genderizeApp
                       C:\Users\frank.io\source\repos\hng-genderizeApp\hng-genderizeApp
                       C:\Users\frank.io\source\repos\hng-genderizeApp\hng-genderizeApp\Controllers
                       C:\Users\frank.io\source\repos\hng-genderizeApp\hng-genderizeApp\Extensions
                   _ApplicationManifestFinal
                       bin\Debug\net9.0\hng-genderizeApp.dll.manifest
                           TargetPath = hng-genderizeApp.dll.manifest
                   _ContentIncludedByDefault
                       appsettings.Development.json
                           CopyToOutputDirectory = PreserveNewest
                           ExcludeFromSingleFile = true
                           CopyToPublishDirectory = PreserveNewest
                       appsettings.json
                           CopyToOutputDirectory = PreserveNewest
                           ExcludeFromSingleFile = true
                           CopyToPublishDirectory = PreserveNewest
                   _DebugSymbolsIntermediatePath
                       obj\Debug\net9.0\hng-genderizeApp.pdb
                   _DebugSymbolsOutputPath
                       bin\Debug\net9.0\hng-genderizeApp.pdb
                   _DeploymentManifestEntryPoint
                       obj\Debug\net9.0\hng-genderizeApp.dll
                           TargetPath = hng-genderizeApp.dll
                   _EolNetCoreTargetFrameworkVersions
                       1.0
                       1.1
                       2.0
                       2.1
                       2.2
                       3.0
                       3.1
                       5.0
                       6.0
                       7.0
                   _ExcludedKnownRuntimeIdentiferPlatforms
                       rhel.6
                       rhel.6
                       rhel.6
                       rhel.6
                       rhel.6
                       rhel.6
                       rhel.6
                       rhel.6
                       rhel.6
                       rhel.6
                       rhel.6
                       rhel.6
                       rhel.6
                       rhel.6
                       rhel.6
                       rhel.6
                       rhel.6
                       rhel.6
                       rhel.6
                       rhel.6
                       rhel.6
                       rhel.6
                       rhel.6
                       rhel.6
                       rhel.6
                       rhel.6
                       tizen.4.0.0
                       tizen.4.0.0
                       tizen.4.0.0
                       tizen.4.0.0
                       tizen.4.0.0
                       tizen.4.0.0
                       tizen.4.0.0
                       tizen.4.0.0
                       tizen.4.0.0
                       tizen.4.0.0
                       tizen.4.0.0
                       tizen.4.0.0
                       tizen.4.0.0
                       tizen.4.0.0
                       tizen.4.0.0
                       tizen.4.0.0
                       tizen.4.0.0
                       tizen.4.0.0
                       tizen.4.0.0
                       tizen.4.0.0
                       tizen.4.0.0
                       tizen.4.0.0
                       tizen.4.0.0
                       tizen.4.0.0
                       tizen.4.0.0
                       tizen.4.0.0
                       tizen.5.0.0
                       tizen.5.0.0
                       tizen.5.0.0
                       tizen.5.0.0
                       tizen.5.0.0
                       tizen.5.0.0
                       tizen.5.0.0
                       tizen.5.0.0
                       tizen.5.0.0
                       tizen.5.0.0
                       tizen.5.0.0
                       tizen.5.0.0
                       tizen.5.0.0
                       tizen.5.0.0
                       tizen.5.0.0
                       tizen.5.0.0
                       tizen.5.0.0
                       tizen.5.0.0
                       tizen.5.0.0
                       tizen.5.0.0
                       tizen.5.0.0
                       tizen.5.0.0
                       tizen.5.0.0
                       tizen.5.0.0
                       tizen.5.0.0
                       tizen.5.0.0
                   _KnownRuntimeIdentiferPlatforms
                       any
                       any
                       any
                       any
                       any
                       any
                       any
                       any
                       any
                       any
                       any
                       any
                       any
                       any
                       any
                       any
                       any
                       any
                       any
                       any
                       any
                       any
                       any
                       any
                       any
                       aot
                       aot
                       aot
                       aot
                       aot
                       aot
                       aot
                       aot
                       aot
                       aot
                       aot
                       aot
                       aot
                       aot
                       aot
                       aot
                       aot
                       aot
                       aot
                       aot
                       aot
                       aot
                       aot
                       aot
                       aot
                       freebsd
                       freebsd
                       freebsd
                       freebsd
                       freebsd
                       freebsd
                       freebsd
                       freebsd
                       freebsd
                       freebsd
                       freebsd
                       freebsd
                       freebsd
                       freebsd
                       freebsd
                       freebsd
                       freebsd
                       freebsd
                       freebsd
                       freebsd
                       freebsd
                       freebsd
                       freebsd
                       freebsd
                       freebsd
                       illumos
                       illumos
                       illumos
                       illumos
                       illumos
                       illumos
                       illumos
                       illumos
                       illumos
                       illumos
                       illumos
                       illumos
                       illumos
                       illumos
                       illumos
                       illumos
                       illumos
                       illumos
                       illumos
                       illumos
                       illumos
                       illumos
                       illumos
                       illumos
                       illumos
                       solaris
                       solaris
                       solaris
                       solaris
                       solaris
                       solaris
                       solaris
                       solaris
                       solaris
                       solaris
                       solaris
                       solaris
                       solaris
                       solaris
                       solaris
                       solaris
                       solaris
                       solaris
                       solaris
                       solaris
                       solaris
                       solaris
                       solaris
                       solaris
                       solaris
                       unix
                       unix
                       unix
                       unix
                       unix
                       unix
                       unix
                       unix
                       unix
                       unix
                       unix
                       unix
                       unix
                       unix
                       unix
                       unix
                       unix
                       unix
                       unix
                       unix
                       unix
                       unix
                       unix
                       unix
                       unix
                   _OutputPathItem
                       bin\Debug\net9.0\
                   _RazorDebugSymbolsIntermediatePath
                       obj\Debug\net9.0\hng-genderizeApp.Views.pdb
                   _ResolveComReferenceCache
                       obj\Debug\net9.0\hng-genderizeApp.csproj.ResolveComReference.cache
                   _StaticWebAssetCanonicalMetadata
                       AssetKind
                       AssetMergeBehavior
                       AssetMergeSource
                       AssetMode
                       AssetRole
                       AssetTraitName
                       AssetTraitValue
                       BasePath
                       ContentRoot
                       CopyToOutputDirectory
                       CopyToPublishDirectory
                       Fingerprint
                       Integrity
                       OriginalItemSpec
                       RelatedAsset
                       RelativePath
                       SourceId
                       SourceType
                   _StaticWebAssetDiscoveryPatternCanonicalMetadata
                       BasePath
                       ContentRoot
                       Pattern
                       Source
                   _StaticWebAssetEmbeddedProjectConfigurationCanonicalMetadata
                       AdditionalEmbeddedBuildProperties
                       AdditionalEmbeddedBuildPropertiesToRemove
                       AdditionalEmbeddedPublishProperties
                       AdditionalEmbeddedPublishPropertiesToRemove
                       GetEmbeddedBuildAssetsTargets
                       GetEmbeddedPublishAssetsTargets
                       Source
                       TargetFramework
                       Version
                   _StaticWebAssetEndpointCanonicalMetadata
                       AssetFile
                       EndpointProperties
                       ResponseHeaders
                       Selectors
                   _StaticWebAssetProjectConfigurationCanonicalMetadata
                       AdditionalBuildProperties
                       AdditionalBuildPropertiesToRemove
                       AdditionalPublishProperties
                       AdditionalPublishPropertiesToRemove
                       GetBuildAssetsTargets
                       GetPublishAssetsTargets
                       Source
                       TargetFramework
                       Version
                   _UnmanagedRegistrationCache
                       C:\Users\frank.io\source\repos\hng-genderizeApp\hng-genderizeApp\obj\hng-genderizeApp.csproj.UnmanagedRegistration.cache
                   _ValidProjectsForRestore
                       C:\Users\frank.io\source\repos\hng-genderizeApp\hng-genderizeApp\hng-genderizeApp.csproj
                   _WebToolingArtifacts
                       Properties\launchSettings.json
                   AdditionalProbingPath
                       C:\Users\frank.io\.dotnet\store\|arch|\|tfm|
                   AdditionalTargetFrameworkInfoProperty
                       _IsExecutable
                       _SelfContainedWasSpecified
                       IsRidAgnostic
                       SelfContained
                       ShouldBeValidatedAsExecutableReference
                   Analyzer
                       C:\Program Files\dotnet\sdk\9.0.313\Sdks\Microsoft.NET.Sdk.Web\analyzers\cs\Microsoft.AspNetCore.Analyzers.dll
                           IsImplicitlyDefined = true
                       C:\Program Files\dotnet\sdk\9.0.313\Sdks\Microsoft.NET.Sdk.Web\analyzers\cs\Microsoft.AspNetCore.Mvc.Analyzers.dll
                           IsImplicitlyDefined = true
                       C:\Program Files\dotnet\sdk\9.0.313\Sdks\Microsoft.NET.Sdk\targets\..\analyzers\Microsoft.CodeAnalysis.CSharp.NetAnalyzers.dll
                           IsImplicitlyDefined = true
                       C:\Program Files\dotnet\sdk\9.0.313\Sdks\Microsoft.NET.Sdk\targets\..\analyzers\Microsoft.CodeAnalysis.NetAnalyzers.dll
                           IsImplicitlyDefined = true
                   AppConfigFileDestination
                       bin\Debug\net9.0\hng-genderizeApp.dll.config
                   ApplicationManifest
                       obj\Debug\net9.0\hng-genderizeApp.dll.manifest
                           TargetPath = hng-genderizeApp.dll.manifest
                   BuiltProjectOutputGroupKeyOutput
                       C:\Users\frank.io\source\repos\hng-genderizeApp\hng-genderizeApp\obj\Debug\net9.0\hng-genderizeApp.dll
                           IsKeyOutput = true
                           FinalOutputPath = C:\Users\frank.io\source\repos\hng-genderizeApp\hng-genderizeApp\bin\Debug\net9.0\hng-genderizeApp.dll
                           TargetPath = hng-genderizeApp.dll
                   ClsidMap
                       obj\Debug\net9.0\hng-genderizeApp.clsidmap
                   Compile
                       Controllers\ProfilesController.cs
                       Extensions\DependencyInjection.cs
                       Program.cs
                   CompilerVisibleProperty
                       _SupportedPlatformList
                       EnableComHosting
                       EnableGeneratedComInterfaceComImportInterop
                       EnforceExtendedAnalyzerRules
                       InvariantGlobalization
                       PlatformNeutralAssembly
                       ProjectDir
                       ProjectTypeGuids
                       RootNamespace
                       TargetFramework
                       TargetPlatformMinVersion
                       UsingMicrosoftNETSdkWeb
                   Content
                       appsettings.Development.json
                           CopyToOutputDirectory = PreserveNewest
                           ExcludeFromSingleFile = true
                           CopyToPublishDirectory = PreserveNewest
                       appsettings.json
                           CopyToOutputDirectory = PreserveNewest
                           ExcludeFromSingleFile = true
                           CopyToPublishDirectory = PreserveNewest
                   CopyUpToDateMarker
                       C:\Users\frank.io\source\repos\hng-genderizeApp\hng-genderizeApp\obj\Debug\net9.0\hng-gend.CAC696EB.Up2Date
                   CreateDirectory
                       C:\Users\frank.io\source\repos\hng-genderizeApp\hng-genderizeApp\obj\Debug\net9.0\refint\
                       obj\Debug\net9.0\ref
                   DebugSymbolsProjectOutputGroupOutput
                       C:\Users\frank.io\source\repos\hng-genderizeApp\hng-genderizeApp\obj\Debug\net9.0\hng-genderizeApp.pdb
                           FinalOutputPath = C:\Users\frank.io\source\repos\hng-genderizeApp\hng-genderizeApp\bin\Debug\net9.0\hng-genderizeApp.pdb
                           TargetPath = hng-genderizeApp.pdb
                   DeployManifest
                       obj\Debug\net9.0\hng-genderizeApp.application
                           TargetPath = hng-genderizeApp.application
                   EmbedInBinlog
                       C:\Users\frank.io\source\repos\hng-genderizeApp\hng-genderizeApp\obj\project.assets.json
                   FrameworkReference
                       Microsoft.AspNetCore.App
                           IsImplicitlyDefined = true
                       Microsoft.NETCore.App
                           IsImplicitlyDefined = true
                           PrivateAssets = All
                           Pack = false
                   GenerateRuntimeConfigurationFilesInputs
                       C:\Users\frank.io\source\repos\hng-genderizeApp\hng-genderizeApp\obj\Debug\net9.0\hng-genderizeApp.assets.cache
                       C:\Users\frank.io\source\repos\hng-genderizeApp\hng-genderizeApp\obj\project.assets.json
                   GlobalAnalyzerConfigFiles
                       C:\.globalconfig
                       C:\Users\.globalconfig
                       C:\Users\frank.io\.globalconfig
                       C:\Users\frank.io\source\.globalconfig
                       C:\Users\frank.io\source\repos\.globalconfig
                       C:\Users\frank.io\source\repos\hng-genderizeApp\.globalconfig
                       C:\Users\frank.io\source\repos\hng-genderizeApp\hng-genderizeApp\.globalconfig
                       C:\Users\frank.io\source\repos\hng-genderizeApp\hng-genderizeApp\Controllers\.globalconfig
                       C:\Users\frank.io\source\repos\hng-genderizeApp\hng-genderizeApp\Extensions\.globalconfig
                   ImplicitPackageReferenceVersion
                       Microsoft.AspNetCore.All
                           LatestVersion = 2.1.30
                           DefaultVersion = 2.1.1
                           TargetFrameworkVersion = 2.1
                       Microsoft.AspNetCore.All
                           LatestVersion = 2.2.8
                           DefaultVersion = 2.2.0
                           TargetFrameworkVersion = 2.2
                       Microsoft.AspNetCore.App
                           LatestVersion = 2.1.30
                           DefaultVersion = 2.1.1
                           TargetFrameworkVersion = 2.1
                       Microsoft.AspNetCore.App
                           LatestVersion = 2.2.8
                           DefaultVersion = 2.2.0
                           TargetFrameworkVersion = 2.2
                       Microsoft.NETCore.App
                           LatestVersion = 1.0.16
                           DefaultVersion = 1.0.5
                           TargetFrameworkVersion = 1.0
                       Microsoft.NETCore.App
                           LatestVersion = 1.1.13
                           DefaultVersion = 1.1.2
                           TargetFrameworkVersion = 1.1
                       Microsoft.NETCore.App
                           LatestVersion = 2.0.9
                           DefaultVersion = 2.0.0
                           TargetFrameworkVersion = 2.0
                       Microsoft.NETCore.App
                           LatestVersion = 2.1.30
                           DefaultVersion = 2.1.0
                           TargetFrameworkVersion = 2.1
                       Microsoft.NETCore.App
                           LatestVersion = 2.2.8
                           DefaultVersion = 2.2.0
                           TargetFrameworkVersion = 2.2
                   IntermediateAssembly
                       obj\Debug\net9.0\hng-genderizeApp.dll
                   IntermediateRefAssembly
                       obj\Debug\net9.0\refint\hng-genderizeApp.dll
                   KnownAppHostPack
                       Microsoft.NETCore.App
                           ExcludedRuntimeIdentifiers = android
                           AppHostRuntimeIdentifiers = linux-arm;linux-arm64;linux-musl-arm64;linux-musl-x64;linux-x64;osx-x64;rhel.6-x64;tizen.4.0.0-armel;tizen.5.0.0-armel;win-arm64;win-x64;win-x86;linux-musl-arm;osx-arm64;linux-s390x;linux-loongarch64;linux-bionic-arm;linux-bionic-arm64;linux-bionic-x64;linux-bionic-x86;linux-ppc64le;freebsd-x64;freebsd-arm64;linux-riscv64;linux-musl-riscv64;linux-musl-loongarch64
                           TargetFramework = net9.0
                           AppHostPackNamePattern = Microsoft.NETCore.App.Host.**RID**
                           AppHostPackVersion = 9.0.15
                       Microsoft.NETCore.App
                           ExcludedRuntimeIdentifiers = android
                           AppHostRuntimeIdentifiers = linux-arm;linux-arm64;linux-musl-arm64;linux-musl-x64;linux-x64;osx-x64;rhel.6-x64;tizen.4.0.0-armel;tizen.5.0.0-armel;win-arm64;win-x64;win-x86;linux-musl-arm;osx-arm64;linux-s390x;linux-loongarch64;linux-bionic-arm;linux-bionic-arm64;linux-bionic-x64;linux-bionic-x86;linux-ppc64le;freebsd-x64;freebsd-arm64
                           TargetFramework = net8.0
                           AppHostPackNamePattern = Microsoft.NETCore.App.Host.**RID**
                           AppHostPackVersion = 8.0.26
                       Microsoft.NETCore.App
                           ExcludedRuntimeIdentifiers = android
                           AppHostRuntimeIdentifiers = linux-arm;linux-arm64;linux-musl-arm64;linux-musl-x64;linux-x64;osx-x64;rhel.6-x64;tizen.4.0.0-armel;tizen.5.0.0-armel;win-arm;win-arm64;win-x64;win-x86;linux-musl-arm;osx-arm64;linux-s390x;linux-loongarch64;linux-bionic-arm;linux-bionic-arm64;linux-bionic-x64;linux-bionic-x86;linux-ppc64le
                           TargetFramework = net7.0
                           AppHostPackNamePattern = Microsoft.NETCore.App.Host.**RID**
                           AppHostPackVersion = 7.0.20
                       Microsoft.NETCore.App
                           ExcludedRuntimeIdentifiers = android
                           AppHostRuntimeIdentifiers = linux-arm;linux-arm64;linux-musl-arm64;linux-musl-x64;linux-x64;osx-x64;rhel.6-x64;tizen.4.0.0-armel;tizen.5.0.0-armel;win-arm;win-arm64;win-x64;win-x86;linux-musl-arm;osx-arm64;linux-s390x;linux-loongarch64
                           TargetFramework = net6.0
                           AppHostPackNamePattern = Microsoft.NETCore.App.Host.**RID**
                           AppHostPackVersion = 6.0.36
                       Microsoft.NETCore.App
                           AppHostRuntimeIdentifiers = linux-arm;linux-arm64;linux-musl-arm64;linux-musl-x64;linux-x64;osx-x64;rhel.6-x64;tizen.4.0.0-armel;tizen.5.0.0-armel;win-arm;win-arm64;win-x64;win-x86;linux-musl-arm
                           TargetFramework = net5.0
                           AppHostPackNamePattern = Microsoft.NETCore.App.Host.**RID**
                           AppHostPackVersion = 5.0.17
                       Microsoft.NETCore.App
                           AppHostRuntimeIdentifiers = linux-arm;linux-arm64;linux-musl-arm64;linux-musl-x64;linux-x64;osx-x64;rhel.6-x64;tizen.4.0.0-armel;tizen.5.0.0-armel;win-arm;win-arm64;win-x64;win-x86
                           TargetFramework = netcoreapp3.1
                           AppHostPackNamePattern = Microsoft.NETCore.App.Host.**RID**
                           AppHostPackVersion = 3.1.32
                       Microsoft.NETCore.App
                           AppHostRuntimeIdentifiers = linux-arm;linux-arm64;linux-musl-arm64;linux-musl-x64;linux-x64;osx-x64;rhel.6-x64;tizen.4.0.0-armel;tizen.5.0.0-armel;win-arm;win-arm64;win-x64;win-x86
                           TargetFramework = netcoreapp3.0
                           AppHostPackNamePattern = Microsoft.NETCore.App.Host.**RID**
                           AppHostPackVersion = 3.0.3
                   KnownCrossgen2Pack
                       Microsoft.NETCore.App.Crossgen2
                           Crossgen2RuntimeIdentifiers = linux-musl-x64;linux-x64;win-x64;linux-arm;linux-arm64;linux-musl-arm;linux-musl-arm64;osx-arm64;osx-x64;win-arm64;win-x86;freebsd-x64;freebsd-arm64;linux-riscv64;linux-musl-riscv64;linux-loongarch64;linux-musl-loongarch64
                           TargetFramework = net9.0
                           Crossgen2PackNamePattern = Microsoft.NETCore.App.Crossgen2.**RID**
                           Crossgen2PackVersion = 9.0.15
                       Microsoft.NETCore.App.Crossgen2
                           Crossgen2RuntimeIdentifiers = linux-musl-x64;linux-x64;win-x64;linux-arm;linux-arm64;linux-musl-arm;linux-musl-arm64;osx-arm64;osx-x64;win-arm64;win-x86;freebsd-x64;freebsd-arm64
                           TargetFramework = net8.0
                           Crossgen2PackNamePattern = Microsoft.NETCore.App.Crossgen2.**RID**
                           Crossgen2PackVersion = 8.0.26
                       Microsoft.NETCore.App.Crossgen2
                           Crossgen2RuntimeIdentifiers = linux-musl-x64;linux-x64;win-x64;linux-arm;linux-arm64;linux-musl-arm;linux-musl-arm64;osx-arm64;osx-x64;win-arm;win-arm64;win-x86
                           TargetFramework = net7.0
                           Crossgen2PackNamePattern = Microsoft.NETCore.App.Crossgen2.**RID**
                           Crossgen2PackVersion = 7.0.20
                       Microsoft.NETCore.App.Crossgen2
                           Crossgen2RuntimeIdentifiers = linux-musl-x64;linux-x64;win-x64;linux-arm;linux-arm64;linux-musl-arm;linux-musl-arm64;osx-arm64;osx-x64;win-arm;win-arm64;win-x86
                           TargetFramework = net6.0
                           Crossgen2PackNamePattern = Microsoft.NETCore.App.Crossgen2.**RID**
                           Crossgen2PackVersion = 6.0.36
                       Microsoft.NETCore.App.Crossgen2
                           Crossgen2RuntimeIdentifiers = linux-musl-x64;linux-x64;win-x64
                           TargetFramework = net5.0
                           Crossgen2PackNamePattern = Microsoft.NETCore.App.Crossgen2.**RID**
                           Crossgen2PackVersion = 5.0.17
                   KnownFrameworkReference
                       Microsoft.AspNetCore.App
                           TargetFramework = net7.0
                           DefaultRuntimeFrameworkVersion = 7.0.0
                           TargetingPackName = Microsoft.AspNetCore.App.Ref
                           LatestRuntimeFrameworkVersion = 7.0.20
                           RuntimePackExcludedRuntimeIdentifiers = android
                           RuntimePackRuntimeIdentifiers = win-x64;win-x86;win-arm;osx-x64;linux-musl-x64;linux-musl-arm64;linux-x64;linux-arm;linux-arm64;linux-musl-arm;win-arm64;osx-arm64;linux-s390x;linux-loongarch64;linux-ppc64le
                           RuntimePackNamePatterns = Microsoft.AspNetCore.App.Runtime.**RID**
                           TargetingPackVersion = 7.0.20
                           RuntimeFrameworkName = Microsoft.AspNetCore.App
                       Microsoft.AspNetCore.App
                           TargetFramework = net5.0
                           DefaultRuntimeFrameworkVersion = 5.0.0
                           TargetingPackName = Microsoft.AspNetCore.App.Ref
                           LatestRuntimeFrameworkVersion = 5.0.17
                           RuntimePackRuntimeIdentifiers = win-x64;win-x86;win-arm;osx-x64;linux-musl-x64;linux-musl-arm64;linux-x64;linux-arm;linux-arm64;linux-musl-arm;win-arm64
                           RuntimePackNamePatterns = Microsoft.AspNetCore.App.Runtime.**RID**
                           TargetingPackVersion = 5.0.0
                           RuntimeFrameworkName = Microsoft.AspNetCore.App
                       Microsoft.AspNetCore.App
                           TargetFramework = net9.0
                           DefaultRuntimeFrameworkVersion = 9.0.0
                           TargetingPackName = Microsoft.AspNetCore.App.Ref
                           LatestRuntimeFrameworkVersion = 9.0.15
                           RuntimePackExcludedRuntimeIdentifiers = android;linux-bionic
                           RuntimePackRuntimeIdentifiers = win-x64;win-x86;osx-x64;linux-musl-x64;linux-musl-arm64;linux-x64;linux-arm;linux-arm64;linux-musl-arm;win-arm64;osx-arm64;linux-s390x;linux-loongarch64;linux-ppc64le;freebsd-x64;freebsd-arm64;linux-riscv64;linux-musl-riscv64;linux-loongarch64;linux-musl-loongarch64
                           RuntimePackNamePatterns = Microsoft.AspNetCore.App.Runtime.**RID**
                           TargetingPackVersion = 9.0.15
                           RuntimeFrameworkName = Microsoft.AspNetCore.App
                       Microsoft.AspNetCore.App
                           TargetFramework = net6.0
                           DefaultRuntimeFrameworkVersion = 6.0.0
                           TargetingPackName = Microsoft.AspNetCore.App.Ref
                           LatestRuntimeFrameworkVersion = 6.0.36
                           RuntimePackRuntimeIdentifiers = win-x64;win-x86;win-arm;osx-x64;linux-musl-x64;linux-musl-arm64;linux-x64;linux-arm;linux-arm64;linux-musl-arm;win-arm64;osx-arm64;linux-s390x;linux-loongarch64
                           RuntimePackNamePatterns = Microsoft.AspNetCore.App.Runtime.**RID**
                           TargetingPackVersion = 6.0.36
                           RuntimeFrameworkName = Microsoft.AspNetCore.App
                       Microsoft.AspNetCore.App
                           TargetFramework = netcoreapp3.0
                           DefaultRuntimeFrameworkVersion = 3.0.0
                           TargetingPackName = Microsoft.AspNetCore.App.Ref
                           LatestRuntimeFrameworkVersion = 3.0.3
                           RuntimePackRuntimeIdentifiers = win-x64;win-x86;win-arm;osx-x64;linux-musl-x64;linux-musl-arm64;linux-x64;linux-arm;linux-arm64
                           RuntimePackNamePatterns = Microsoft.AspNetCore.App.Runtime.**RID**
                           TargetingPackVersion = 3.0.1
                           RuntimeFrameworkName = Microsoft.AspNetCore.App
                       Microsoft.AspNetCore.App
                           TargetFramework = net8.0
                           DefaultRuntimeFrameworkVersion = 8.0.0
                           TargetingPackName = Microsoft.AspNetCore.App.Ref
                           LatestRuntimeFrameworkVersion = 8.0.26
                           RuntimePackExcludedRuntimeIdentifiers = android;linux-bionic
                           RuntimePackRuntimeIdentifiers = win-x64;win-x86;osx-x64;linux-musl-x64;linux-musl-arm64;linux-x64;linux-arm;linux-arm64;linux-musl-arm;win-arm64;osx-arm64;linux-s390x;linux-loongarch64;linux-ppc64le;freebsd-x64;freebsd-arm64
                           RuntimePackNamePatterns = Microsoft.AspNetCore.App.Runtime.**RID**
                           TargetingPackVersion = 8.0.26
                           RuntimeFrameworkName = Microsoft.AspNetCore.App
                       Microsoft.AspNetCore.App
                           TargetFramework = netcoreapp3.1
                           DefaultRuntimeFrameworkVersion = 3.1.0
                           TargetingPackName = Microsoft.AspNetCore.App.Ref
                           LatestRuntimeFrameworkVersion = 3.1.32
                           RuntimePackRuntimeIdentifiers = win-x64;win-x86;win-arm;osx-x64;linux-musl-x64;linux-musl-arm64;linux-x64;linux-arm;linux-arm64
                           RuntimePackNamePatterns = Microsoft.AspNetCore.App.Runtime.**RID**
                           TargetingPackVersion = 3.1.10
                           RuntimeFrameworkName = Microsoft.AspNetCore.App
                       Microsoft.NETCore.App
                           TargetFramework = netcoreapp3.1
                           DefaultRuntimeFrameworkVersion = 3.1.0
                           TargetingPackName = Microsoft.NETCore.App.Ref
                           LatestRuntimeFrameworkVersion = 3.1.32
                           RuntimePackRuntimeIdentifiers = linux-arm;linux-arm64;linux-musl-arm64;linux-musl-x64;linux-x64;osx-x64;rhel.6-x64;tizen.4.0.0-armel;tizen.5.0.0-armel;win-arm;win-arm64;win-x64;win-x86
                           RuntimePackNamePatterns = Microsoft.NETCore.App.Runtime.**RID**
                           TargetingPackVersion = 3.1.0
                           IsTrimmable = true
                           RuntimeFrameworkName = Microsoft.NETCore.App
                       Microsoft.NETCore.App
                           TargetFramework = netcoreapp3.0
                           DefaultRuntimeFrameworkVersion = 3.0.0
                           TargetingPackName = Microsoft.NETCore.App.Ref
                           LatestRuntimeFrameworkVersion = 3.0.3
                           RuntimePackRuntimeIdentifiers = linux-arm;linux-arm64;linux-musl-arm64;linux-musl-x64;linux-x64;osx-x64;rhel.6-x64;tizen.4.0.0-armel;tizen.5.0.0-armel;win-arm;win-arm64;win-x64;win-x86
                           RuntimePackNamePatterns = Microsoft.NETCore.App.Runtime.**RID**
                           TargetingPackVersion = 3.0.0
                           IsTrimmable = true
                           RuntimeFrameworkName = Microsoft.NETCore.App
                       Microsoft.NETCore.App
                           TargetFramework = net5.0
                           DefaultRuntimeFrameworkVersion = 5.0.0
                           TargetingPackName = Microsoft.NETCore.App.Ref
                           LatestRuntimeFrameworkVersion = 5.0.17
                           RuntimePackRuntimeIdentifiers = linux-arm;linux-arm64;linux-musl-arm64;linux-musl-x64;linux-x64;osx-x64;rhel.6-x64;tizen.4.0.0-armel;tizen.5.0.0-armel;win-arm;win-arm64;win-x64;win-x86;linux-musl-arm;browser-wasm
                           RuntimePackNamePatterns = Microsoft.NETCore.App.Runtime.**RID**
                           TargetingPackVersion = 5.0.0
                           IsTrimmable = true
                           RuntimeFrameworkName = Microsoft.NETCore.App
                       Microsoft.NETCore.App
                           TargetFramework = net6.0
                           DefaultRuntimeFrameworkVersion = 6.0.0
                           TargetingPackName = Microsoft.NETCore.App.Ref
                           LatestRuntimeFrameworkVersion = 6.0.36
                           RuntimePackRuntimeIdentifiers = linux-arm;linux-arm64;linux-musl-arm64;linux-musl-x64;linux-x64;osx-x64;rhel.6-x64;tizen.4.0.0-armel;tizen.5.0.0-armel;win-arm;win-arm64;win-x64;win-x86;linux-musl-arm;osx-arm64;linux-s390x;linux-loongarch64
                           RuntimePackNamePatterns = Microsoft.NETCore.App.Runtime.**RID**
                           TargetingPackVersion = 6.0.36
                           RuntimeFrameworkName = Microsoft.NETCore.App
                       Microsoft.NETCore.App
                           TargetFramework = net9.0
                           DefaultRuntimeFrameworkVersion = 9.0.0
                           TargetingPackName = Microsoft.NETCore.App.Ref
                           LatestRuntimeFrameworkVersion = 9.0.15
                           RuntimePackRuntimeIdentifiers = linux-arm;linux-arm64;linux-musl-arm64;linux-musl-x64;linux-x64;osx-x64;rhel.6-x64;tizen.4.0.0-armel;tizen.5.0.0-armel;win-arm64;win-x64;win-x86;linux-musl-arm;osx-arm64;linux-s390x;linux-loongarch64;linux-bionic-arm;linux-bionic-arm64;linux-bionic-x64;linux-bionic-x86;linux-ppc64le;freebsd-x64;freebsd-arm64;linux-riscv64;linux-musl-riscv64;linux-musl-loongarch64
                           RuntimePackNamePatterns = Microsoft.NETCore.App.Runtime.**RID**
                           TargetingPackVersion = 9.0.15
                           RuntimeFrameworkName = Microsoft.NETCore.App
                       Microsoft.NETCore.App
                           TargetFramework = net8.0
                           DefaultRuntimeFrameworkVersion = 8.0.0
                           TargetingPackName = Microsoft.NETCore.App.Ref
                           LatestRuntimeFrameworkVersion = 8.0.26
                           RuntimePackRuntimeIdentifiers = linux-arm;linux-arm64;linux-musl-arm64;linux-musl-x64;linux-x64;osx-x64;rhel.6-x64;tizen.4.0.0-armel;tizen.5.0.0-armel;win-arm64;win-x64;win-x86;linux-musl-arm;osx-arm64;linux-s390x;linux-loongarch64;linux-bionic-arm;linux-bionic-arm64;linux-bionic-x64;linux-bionic-x86;linux-ppc64le;freebsd-x64;freebsd-arm64
                           RuntimePackNamePatterns = Microsoft.NETCore.App.Runtime.**RID**
                           TargetingPackVersion = 8.0.26
                           RuntimeFrameworkName = Microsoft.NETCore.App
                       Microsoft.NETCore.App
                           TargetFramework = net7.0
                           DefaultRuntimeFrameworkVersion = 7.0.0
                           TargetingPackName = Microsoft.NETCore.App.Ref
                           LatestRuntimeFrameworkVersion = 7.0.20
                           RuntimePackRuntimeIdentifiers = linux-arm;linux-arm64;linux-musl-arm64;linux-musl-x64;linux-x64;osx-x64;rhel.6-x64;tizen.4.0.0-armel;tizen.5.0.0-armel;win-arm;win-arm64;win-x64;win-x86;linux-musl-arm;osx-arm64;linux-s390x;linux-loongarch64;linux-bionic-arm;linux-bionic-arm64;linux-bionic-x64;linux-bionic-x86;linux-ppc64le
                           RuntimePackNamePatterns = Microsoft.NETCore.App.Runtime.**RID**
                           TargetingPackVersion = 7.0.20
                           RuntimeFrameworkName = Microsoft.NETCore.App
                       Microsoft.WindowsDesktop.App
                           TargetFramework = netcoreapp3.1
                           DefaultRuntimeFrameworkVersion = 3.1.0
                           TargetingPackName = Microsoft.WindowsDesktop.App.Ref
                           IsWindowsOnly = true
                           LatestRuntimeFrameworkVersion = 3.1.32
                           RuntimePackRuntimeIdentifiers = win-x64;win-x86
                           RuntimePackNamePatterns = Microsoft.WindowsDesktop.App.Runtime.**RID**
                           TargetingPackVersion = 3.1.0
                           RuntimeFrameworkName = Microsoft.WindowsDesktop.App
                       Microsoft.WindowsDesktop.App
                           TargetFramework = net9.0
                           DefaultRuntimeFrameworkVersion = 9.0.0
                           TargetingPackName = Microsoft.WindowsDesktop.App.Ref
                           IsWindowsOnly = true
                           LatestRuntimeFrameworkVersion = 9.0.15
                           RuntimePackRuntimeIdentifiers = win-x64;win-x86;win-arm64
                           RuntimePackNamePatterns = Microsoft.WindowsDesktop.App.Runtime.**RID**
                           TargetingPackVersion = 9.0.15
                           RuntimeFrameworkName = Microsoft.WindowsDesktop.App
                       Microsoft.WindowsDesktop.App
                           TargetFramework = net5.0
                           DefaultRuntimeFrameworkVersion = 5.0.0
                           TargetingPackName = Microsoft.WindowsDesktop.App.Ref
                           IsWindowsOnly = true
                           LatestRuntimeFrameworkVersion = 5.0.17
                           RuntimePackRuntimeIdentifiers = win-x64;win-x86;win-arm64
                           RuntimePackNamePatterns = Microsoft.WindowsDesktop.App.Runtime.**RID**
                           TargetingPackVersion = 5.0.0
                           RuntimeFrameworkName = Microsoft.WindowsDesktop.App
                       Microsoft.WindowsDesktop.App
                           TargetFramework = net7.0
                           DefaultRuntimeFrameworkVersion = 7.0.0
                           TargetingPackName = Microsoft.WindowsDesktop.App.Ref
                           IsWindowsOnly = true
                           LatestRuntimeFrameworkVersion = 7.0.20
                           RuntimePackRuntimeIdentifiers = win-x64;win-x86;win-arm64
                           RuntimePackNamePatterns = Microsoft.WindowsDesktop.App.Runtime.**RID**
                           TargetingPackVersion = 7.0.20
                           RuntimeFrameworkName = Microsoft.WindowsDesktop.App
                       Microsoft.WindowsDesktop.App
                           TargetFramework = net8.0
                           DefaultRuntimeFrameworkVersion = 8.0.0
                           TargetingPackName = Microsoft.WindowsDesktop.App.Ref
                           IsWindowsOnly = true
                           LatestRuntimeFrameworkVersion = 8.0.26
                           RuntimePackRuntimeIdentifiers = win-x64;win-x86;win-arm64
                           RuntimePackNamePatterns = Microsoft.WindowsDesktop.App.Runtime.**RID**
                           TargetingPackVersion = 8.0.26
                           RuntimeFrameworkName = Microsoft.WindowsDesktop.App
                       Microsoft.WindowsDesktop.App
                           TargetFramework = netcoreapp3.0
                           DefaultRuntimeFrameworkVersion = 3.0.0
                           TargetingPackName = Microsoft.WindowsDesktop.App.Ref
                           IsWindowsOnly = true
                           LatestRuntimeFrameworkVersion = 3.0.3
                           RuntimePackRuntimeIdentifiers = win-x64;win-x86
                           RuntimePackNamePatterns = Microsoft.WindowsDesktop.App.Runtime.**RID**
                           TargetingPackVersion = 3.0.0
                           RuntimeFrameworkName = Microsoft.WindowsDesktop.App
                       Microsoft.WindowsDesktop.App
                           TargetFramework = net6.0
                           DefaultRuntimeFrameworkVersion = 6.0.0
                           TargetingPackName = Microsoft.WindowsDesktop.App.Ref
                           IsWindowsOnly = true
                           LatestRuntimeFrameworkVersion = 6.0.36
                           RuntimePackRuntimeIdentifiers = win-x64;win-x86;win-arm64
                           RuntimePackNamePatterns = Microsoft.WindowsDesktop.App.Runtime.**RID**
                           TargetingPackVersion = 6.0.36
                           RuntimeFrameworkName = Microsoft.WindowsDesktop.App
                       Microsoft.WindowsDesktop.App.WindowsForms
                           TargetFramework = net9.0
                           DefaultRuntimeFrameworkVersion = 9.0.0
                           TargetingPackName = Microsoft.WindowsDesktop.App.Ref
                           IsWindowsOnly = true
                           LatestRuntimeFrameworkVersion = 9.0.15
                           RuntimePackRuntimeIdentifiers = win-x64;win-x86;win-arm64
                           RuntimePackNamePatterns = Microsoft.WindowsDesktop.App.Runtime.**RID**
                           TargetingPackVersion = 9.0.15
                           Profile = WindowsForms
                           RuntimeFrameworkName = Microsoft.WindowsDesktop.App
                       Microsoft.WindowsDesktop.App.WindowsForms
                           TargetFramework = net5.0
                           DefaultRuntimeFrameworkVersion = 5.0.0
                           TargetingPackName = Microsoft.WindowsDesktop.App.Ref
                           IsWindowsOnly = true
                           LatestRuntimeFrameworkVersion = 5.0.17
                           RuntimePackRuntimeIdentifiers = win-x64;win-x86;win-arm64
                           RuntimePackNamePatterns = Microsoft.WindowsDesktop.App.Runtime.**RID**
                           TargetingPackVersion = 5.0.0
                           Profile = WindowsForms
                           RuntimeFrameworkName = Microsoft.WindowsDesktop.App
                       Microsoft.WindowsDesktop.App.WindowsForms
                           TargetFramework = netcoreapp3.0
                           DefaultRuntimeFrameworkVersion = 3.0.0
                           TargetingPackName = Microsoft.WindowsDesktop.App.Ref
                           IsWindowsOnly = true
                           LatestRuntimeFrameworkVersion = 3.0.3
                           RuntimePackRuntimeIdentifiers = win-x64;win-x86
                           RuntimePackNamePatterns = Microsoft.WindowsDesktop.App.Runtime.**RID**
                           TargetingPackVersion = 3.0.0
                           Profile = WindowsForms
                           RuntimeFrameworkName = Microsoft.WindowsDesktop.App
                       Microsoft.WindowsDesktop.App.WindowsForms
                           TargetFramework = net8.0
                           DefaultRuntimeFrameworkVersion = 8.0.0
                           TargetingPackName = Microsoft.WindowsDesktop.App.Ref
                           IsWindowsOnly = true
                           LatestRuntimeFrameworkVersion = 8.0.26
                           RuntimePackRuntimeIdentifiers = win-x64;win-x86;win-arm64
                           RuntimePackNamePatterns = Microsoft.WindowsDesktop.App.Runtime.**RID**
                           TargetingPackVersion = 8.0.26
                           Profile = WindowsForms
                           RuntimeFrameworkName = Microsoft.WindowsDesktop.App
                       Microsoft.WindowsDesktop.App.WindowsForms
                           TargetFramework = net7.0
                           DefaultRuntimeFrameworkVersion = 7.0.0
                           TargetingPackName = Microsoft.WindowsDesktop.App.Ref
                           IsWindowsOnly = true
                           LatestRuntimeFrameworkVersion = 7.0.20
                           RuntimePackRuntimeIdentifiers = win-x64;win-x86;win-arm64
                           RuntimePackNamePatterns = Microsoft.WindowsDesktop.App.Runtime.**RID**
                           TargetingPackVersion = 7.0.20
                           Profile = WindowsForms
                           RuntimeFrameworkName = Microsoft.WindowsDesktop.App
                       Microsoft.WindowsDesktop.App.WindowsForms
                           TargetFramework = net6.0
                           DefaultRuntimeFrameworkVersion = 6.0.0
                           TargetingPackName = Microsoft.WindowsDesktop.App.Ref
                           IsWindowsOnly = true
                           LatestRuntimeFrameworkVersion = 6.0.36
                           RuntimePackRuntimeIdentifiers = win-x64;win-x86;win-arm64
                           RuntimePackNamePatterns = Microsoft.WindowsDesktop.App.Runtime.**RID**
                           TargetingPackVersion = 6.0.36
                           Profile = WindowsForms
                           RuntimeFrameworkName = Microsoft.WindowsDesktop.App
                       Microsoft.WindowsDesktop.App.WindowsForms
                           TargetFramework = netcoreapp3.1
                           DefaultRuntimeFrameworkVersion = 3.1.0
                           TargetingPackName = Microsoft.WindowsDesktop.App.Ref
                           IsWindowsOnly = true
                           LatestRuntimeFrameworkVersion = 3.1.32
                           RuntimePackRuntimeIdentifiers = win-x64;win-x86
                           RuntimePackNamePatterns = Microsoft.WindowsDesktop.App.Runtime.**RID**
                           TargetingPackVersion = 3.1.0
                           Profile = WindowsForms
                           RuntimeFrameworkName = Microsoft.WindowsDesktop.App
                       Microsoft.WindowsDesktop.App.WPF
                           TargetFramework = netcoreapp3.0
                           DefaultRuntimeFrameworkVersion = 3.0.0
                           TargetingPackName = Microsoft.WindowsDesktop.App.Ref
                           IsWindowsOnly = true
                           LatestRuntimeFrameworkVersion = 3.0.3
                           RuntimePackRuntimeIdentifiers = win-x64;win-x86
                           RuntimePackNamePatterns = Microsoft.WindowsDesktop.App.Runtime.**RID**
                           TargetingPackVersion = 3.0.0
                           Profile = WPF
                           RuntimeFrameworkName = Microsoft.WindowsDesktop.App
                       Microsoft.WindowsDesktop.App.WPF
                           TargetFramework = net6.0
                           DefaultRuntimeFrameworkVersion = 6.0.0
                           TargetingPackName = Microsoft.WindowsDesktop.App.Ref
                           IsWindowsOnly = true
                           LatestRuntimeFrameworkVersion = 6.0.36
                           RuntimePackRuntimeIdentifiers = win-x64;win-x86;win-arm64
                           RuntimePackNamePatterns = Microsoft.WindowsDesktop.App.Runtime.**RID**
                           TargetingPackVersion = 6.0.36
                           Profile = WPF
                           RuntimeFrameworkName = Microsoft.WindowsDesktop.App
                       Microsoft.WindowsDesktop.App.WPF
                           TargetFramework = net5.0
                           DefaultRuntimeFrameworkVersion = 5.0.0
                           TargetingPackName = Microsoft.WindowsDesktop.App.Ref
                           IsWindowsOnly = true
                           LatestRuntimeFrameworkVersion = 5.0.17
                           RuntimePackRuntimeIdentifiers = win-x64;win-x86;win-arm64
                           RuntimePackNamePatterns = Microsoft.WindowsDesktop.App.Runtime.**RID**
                           TargetingPackVersion = 5.0.0
                           Profile = WPF
                           RuntimeFrameworkName = Microsoft.WindowsDesktop.App
                       Microsoft.WindowsDesktop.App.WPF
                           TargetFramework = net7.0
                           DefaultRuntimeFrameworkVersion = 7.0.0
                           TargetingPackName = Microsoft.WindowsDesktop.App.Ref
                           IsWindowsOnly = true
                           LatestRuntimeFrameworkVersion = 7.0.20
                           RuntimePackRuntimeIdentifiers = win-x64;win-x86;win-arm64
                           RuntimePackNamePatterns = Microsoft.WindowsDesktop.App.Runtime.**RID**
                           TargetingPackVersion = 7.0.20
                           Profile = WPF
                           RuntimeFrameworkName = Microsoft.WindowsDesktop.App
                       Microsoft.WindowsDesktop.App.WPF
                           TargetFramework = net8.0
                           DefaultRuntimeFrameworkVersion = 8.0.0
                           TargetingPackName = Microsoft.WindowsDesktop.App.Ref
                           IsWindowsOnly = true
                           LatestRuntimeFrameworkVersion = 8.0.26
                           RuntimePackRuntimeIdentifiers = win-x64;win-x86;win-arm64
                           RuntimePackNamePatterns = Microsoft.WindowsDesktop.App.Runtime.**RID**
                           TargetingPackVersion = 8.0.26
                           Profile = WPF
                           RuntimeFrameworkName = Microsoft.WindowsDesktop.App
                       Microsoft.WindowsDesktop.App.WPF
                           TargetFramework = net9.0
                           DefaultRuntimeFrameworkVersion = 9.0.0
                           TargetingPackName = Microsoft.WindowsDesktop.App.Ref
                           IsWindowsOnly = true
                           LatestRuntimeFrameworkVersion = 9.0.15
                           RuntimePackRuntimeIdentifiers = win-x64;win-x86;win-arm64
                           RuntimePackNamePatterns = Microsoft.WindowsDesktop.App.Runtime.**RID**
                           TargetingPackVersion = 9.0.15
                           Profile = WPF
                           RuntimeFrameworkName = Microsoft.WindowsDesktop.App
                       Microsoft.WindowsDesktop.App.WPF
                           TargetFramework = netcoreapp3.1
                           DefaultRuntimeFrameworkVersion = 3.1.0
                           TargetingPackName = Microsoft.WindowsDesktop.App.Ref
                           IsWindowsOnly = true
                           LatestRuntimeFrameworkVersion = 3.1.32
                           RuntimePackRuntimeIdentifiers = win-x64;win-x86
                           RuntimePackNamePatterns = Microsoft.WindowsDesktop.App.Runtime.**RID**
                           TargetingPackVersion = 3.1.0
                           Profile = WPF
                           RuntimeFrameworkName = Microsoft.WindowsDesktop.App
                       NETStandard.Library
                           TargetFramework = netstandard2.1
                           TargetingPackName = NETStandard.Library.Ref
                           TargetingPackVersion = 2.1.0
                   KnownILCompilerPack
                       Microsoft.DotNet.ILCompiler
                           ILCompilerPackNamePattern = runtime.**RID**.Microsoft.DotNet.ILCompiler
                           TargetFramework = net9.0
                           ILCompilerPackVersion = 9.0.15
                           ILCompilerRuntimeIdentifiers = linux-arm64;linux-musl-arm64;linux-musl-x64;linux-x64;win-arm64;win-x64;osx-x64;osx-arm64;freebsd-x64;freebsd-arm64;linux-arm;linux-musl-arm;win-x86
                       Microsoft.DotNet.ILCompiler
                           ILCompilerPackNamePattern = runtime.**RID**.Microsoft.DotNet.ILCompiler
                           TargetFramework = net8.0
                           ILCompilerPackVersion = 8.0.26
                           ILCompilerRuntimeIdentifiers = linux-arm64;linux-musl-arm64;linux-musl-x64;linux-x64;win-arm64;win-x64;osx-x64;osx-arm64;freebsd-x64;freebsd-arm64
                       Microsoft.DotNet.ILCompiler
                           ILCompilerPackNamePattern = runtime.**RID**.Microsoft.DotNet.ILCompiler
                           TargetFramework = net7.0
                           ILCompilerPackVersion = 7.0.20
                           ILCompilerRuntimeIdentifiers = linux-arm64;linux-musl-arm64;linux-musl-x64;linux-x64;win-arm64;win-x64
                   KnownILLinkPack
                       Microsoft.NET.ILLink.Tasks
                           TargetFramework = net9.0
                           ILLinkPackVersion = 9.0.15
                       Microsoft.NET.ILLink.Tasks
                           TargetFramework = net8.0
                           ILLinkPackVersion = 8.0.26
                       Microsoft.NET.ILLink.Tasks
                           TargetFramework = net7.0
                           ILLinkPackVersion = 7.0.100-1.23211.1
                       Microsoft.NET.ILLink.Tasks
                           TargetFramework = net6.0
                           ILLinkPackVersion = 7.0.100-1.23211.1
                       Microsoft.NET.ILLink.Tasks
                           TargetFramework = net5.0
                           ILLinkPackVersion = 7.0.100-1.23211.1
                       Microsoft.NET.ILLink.Tasks
                           TargetFramework = netcoreapp3.1
                           ILLinkPackVersion = 7.0.100-1.23211.1
                       Microsoft.NET.ILLink.Tasks
                           TargetFramework = netcoreapp3.0
                           ILLinkPackVersion = 7.0.100-1.23211.1
                   KnownRuntimePack
                       Microsoft.NETCore.App
                           TargetFramework = net9.0
                           LatestRuntimeFrameworkVersion = 9.0.15
                           RuntimePackRuntimeIdentifiers = ios-arm64;iossimulator-arm64;iossimulator-x64;tvos-arm64;tvossimulator-arm64;tvossimulator-x64;maccatalyst-arm64;maccatalyst-x64;linux-bionic-arm64;linux-bionic-x64;osx-arm64;osx-x64;freebsd-arm64;freebsd-x64;linux-x64;linux-arm;linux-arm64;linux-bionic-arm;linux-musl-x64;linux-musl-arm;linux-musl-arm64;win-x64;win-x86;win-arm64;browser-wasm;wasi-wasm
                           RuntimePackNamePatterns = Microsoft.NETCore.App.Runtime.NativeAOT.**RID**
                           RuntimePackLabels = NativeAOT
                           RuntimeFrameworkName = Microsoft.NETCore.App
                       Microsoft.NETCore.App
                           TargetFramework = net9.0
                           LatestRuntimeFrameworkVersion = 9.0.15
                           RuntimePackRuntimeIdentifiers = linux-arm;linux-arm64;linux-musl-arm64;linux-musl-x64;linux-x64;osx-x64;rhel.6-x64;win-arm64;win-x64;win-x86;linux-musl-arm;osx-arm64;linux-s390x;linux-loongarch64;browser-wasm;ios-arm64;ios-arm;iossimulator-arm64;iossimulator-x64;iossimulator-x86;tvos-arm64;tvossimulator-arm64;tvossimulator-x64;maccatalyst-x64;maccatalyst-arm64;android-arm64;android-arm;android-x64;android-x86;freebsd-x64;freebsd-arm64;linux-riscv64;linux-musl-riscv64;linux-loongarch64;linux-musl-loongarch64
                           RuntimePackNamePatterns = Microsoft.NETCore.App.Runtime.Mono.**RID**
                           RuntimePackLabels = Mono
                           RuntimeFrameworkName = Microsoft.NETCore.App
                       Microsoft.NETCore.App
                           TargetFramework = net8.0
                           LatestRuntimeFrameworkVersion = 8.0.26
                           RuntimePackRuntimeIdentifiers = ios-arm64;iossimulator-arm64;iossimulator-x64;tvos-arm64;tvossimulator-arm64;tvossimulator-x64;maccatalyst-arm64;maccatalyst-x64;linux-bionic-arm64;linux-bionic-x64;osx-arm64;osx-x64;freebsd-arm64;freebsd-x64
                           RuntimePackNamePatterns = Microsoft.NETCore.App.Runtime.NativeAOT.**RID**
                           RuntimePackLabels = NativeAOT
                           RuntimeFrameworkName = Microsoft.NETCore.App
                       Microsoft.NETCore.App
                           TargetFramework = net8.0
                           LatestRuntimeFrameworkVersion = 8.0.26
                           RuntimePackRuntimeIdentifiers = linux-arm;linux-arm64;linux-musl-arm64;linux-musl-x64;linux-x64;osx-x64;rhel.6-x64;win-arm64;win-x64;win-x86;linux-musl-arm;osx-arm64;linux-s390x;linux-loongarch64;browser-wasm;ios-arm64;ios-arm;iossimulator-arm64;iossimulator-x64;iossimulator-x86;tvos-arm64;tvossimulator-arm64;tvossimulator-x64;maccatalyst-x64;maccatalyst-arm64;android-arm64;android-arm;android-x64;android-x86;freebsd-x64;freebsd-arm64
                           RuntimePackNamePatterns = Microsoft.NETCore.App.Runtime.Mono.**RID**
                           RuntimePackLabels = Mono
                           RuntimeFrameworkName = Microsoft.NETCore.App
                       Microsoft.NETCore.App
                           TargetFramework = net7.0
                           LatestRuntimeFrameworkVersion = 7.0.20
                           RuntimePackRuntimeIdentifiers = linux-arm;linux-arm64;linux-musl-arm64;linux-musl-x64;linux-x64;osx-x64;rhel.6-x64;win-arm;win-arm64;win-x64;win-x86;linux-musl-arm;osx-arm64;linux-s390x;linux-loongarch64;browser-wasm;ios-arm64;ios-arm;iossimulator-arm64;iossimulator-x64;iossimulator-x86;tvos-arm64;tvossimulator-arm64;tvossimulator-x64;maccatalyst-x64;maccatalyst-arm64;android-arm64;android-arm;android-x64;android-x86
                           RuntimePackNamePatterns = Microsoft.NETCore.App.Runtime.Mono.**RID**
                           RuntimePackLabels = Mono
                           RuntimeFrameworkName = Microsoft.NETCore.App
                       Microsoft.NETCore.App
                           TargetFramework = net6.0
                           LatestRuntimeFrameworkVersion = 6.0.36
                           RuntimePackRuntimeIdentifiers = linux-arm;linux-arm64;linux-musl-arm64;linux-musl-x64;linux-x64;osx-x64;rhel.6-x64;win-arm;win-arm64;win-x64;win-x86;linux-musl-arm;osx-arm64;linux-s390x;linux-loongarch64;browser-wasm;ios-arm64;ios-arm;iossimulator-arm64;iossimulator-x64;iossimulator-x86;tvos-arm64;tvossimulator-arm64;tvossimulator-x64;maccatalyst-x64;maccatalyst-arm64;android-arm64;android-arm;android-x64;android-x86
                           RuntimePackNamePatterns = Microsoft.NETCore.App.Runtime.Mono.**RID**
                           RuntimePackLabels = Mono
                           RuntimeFrameworkName = Microsoft.NETCore.App
                   KnownWebAssemblySdkPack
                       Microsoft.NET.Sdk.WebAssembly.Pack
                           TargetFramework = net9.0
                           WebAssemblySdkPackVersion = 9.0.15
                       Microsoft.NET.Sdk.WebAssembly.Pack
                           TargetFramework = net8.0
                           WebAssemblySdkPackVersion = 9.0.15
                       Microsoft.NET.Sdk.WebAssembly.Pack
                           TargetFramework = net7.0
                           WebAssemblySdkPackVersion = 9.0.15
                       Microsoft.NET.Sdk.WebAssembly.Pack
                           TargetFramework = net6.0
                           WebAssemblySdkPackVersion = 9.0.15
                   None
                       hng-genderizeApp.http
                       Properties\launchSettings.json
                           CopyToOutputDirectory = Never
                           ExcludeFromSingleFile = true
                           CopyToPublishDirectory = Never
                   PackageConflictOverrides
                       NETStandard.Library
                           OverriddenPackages = 
                           Microsoft.Win32.Primitives|4.3.0;
                           System.AppContext|4.3.0;
                           System.Collections|4.3.0;
                           System.Collections.Concurrent|4.3.0;
                           System.Collections.Immutable|1.4.0;
                           System.Collections.NonGeneric|4.3.0;
                           System.Collections.Specialized|4.3.0;
                           System.ComponentModel|4.3.0;
                           System.ComponentModel.EventBasedAsync|4.3.0;
                           System.ComponentModel.Primitives|4.3.0;
                           System.ComponentModel.TypeConverter|4.3.0;
                           System.Console|4.3.0;
                           System.Data.Common|4.3.0;
                           System.Diagnostics.Contracts|4.3.0;
                           System.Diagnostics.Debug|4.3.0;
                           System.Diagnostics.FileVersionInfo|4.3.0;
                           System.Diagnostics.Process|4.3.0;
                           System.Diagnostics.StackTrace|4.3.0;
                           System.Diagnostics.TextWriterTraceListener|4.3.0;
                           System.Diagnostics.Tools|4.3.0;
                           System.Diagnostics.TraceSource|4.3.0;
                           System.Diagnostics.Tracing|4.3.0;
                           System.Dynamic.Runtime|4.3.0;
                           System.Globalization|4.3.0;
                           System.Globalization.Calendars|4.3.0;
                           System.Globalization.Extensions|4.3.0;
                           System.IO|4.3.0;
                           System.IO.Compression|4.3.0;
                           System.IO.Compression.ZipFile|4.3.0;
                           System.IO.FileSystem|4.3.0;
                           System.IO.FileSystem.DriveInfo|4.3.0;
                           System.IO.FileSystem.Primitives|4.3.0;
                           System.IO.FileSystem.Watcher|4.3.0;
                           System.IO.IsolatedStorage|4.3.0;
                           System.IO.MemoryMappedFiles|4.3.0;
                           System.IO.Pipes|4.3.0;
                           System.IO.UnmanagedMemoryStream|4.3.0;
                           System.Linq|4.3.0;
                           System.Linq.Expressions|4.3.0;
                           System.Linq.Queryable|4.3.0;
                           System.Net.Http|4.3.0;
                           System.Net.NameResolution|4.3.0;
                           System.Net.Primitives|4.3.0;
                           System.Net.Requests|4.3.0;
                           System.Net.Security|4.3.0;
                           System.Net.Sockets|4.3.0;
                           System.Net.WebHeaderCollection|4.3.0;
                           System.ObjectModel|4.3.0;
                           System.Private.DataContractSerialization|4.3.0;
                           System.Reflection|4.3.0;
                           System.Reflection.Emit|4.3.0;
                           System.Reflection.Emit.ILGeneration|4.3.0;
                           System.Reflection.Emit.Lightweight|4.3.0;
                           System.Reflection.Extensions|4.3.0;
                           System.Reflection.Primitives|4.3.0;
                           System.Reflection.TypeExtensions|4.3.0;
                           System.Resources.ResourceManager|4.3.0;
                           System.Runtime|4.3.0;
                           System.Runtime.Extensions|4.3.0;
                           System.Runtime.Handles|4.3.0;
                           System.Runtime.InteropServices|4.3.0;
                           System.Runtime.InteropServices.RuntimeInformation|4.3.0;
                           System.Runtime.Loader|4.3.0;
                           System.Runtime.Numerics|4.3.0;
                           System.Runtime.Serialization.Formatters|4.3.0;
                           System.Runtime.Serialization.Json|4.3.0;
                           System.Runtime.Serialization.Primitives|4.3.0;
                           System.Security.AccessControl|4.4.0;
                           System.Security.Claims|4.3.0;
                           System.Security.Cryptography.Algorithms|4.3.0;
                           System.Security.Cryptography.Csp|4.3.0;
                           System.Security.Cryptography.Encoding|4.3.0;
                           System.Security.Cryptography.Primitives|4.3.0;
                           System.Security.Cryptography.X509Certificates|4.3.0;
                           System.Security.Cryptography.Xml|4.4.0;
                           System.Security.Principal|4.3.0;
                           System.Security.Principal.Windows|4.4.0;
                           System.Text.Encoding|4.3.0;
                           System.Text.Encoding.Extensions|4.3.0;
                           System.Text.RegularExpressions|4.3.0;
                           System.Threading|4.3.0;
                           System.Threading.Overlapped|4.3.0;
                           System.Threading.Tasks|4.3.0;
                           System.Threading.Tasks.Extensions|4.3.0;
                           System.Threading.Tasks.Parallel|4.3.0;
                           System.Threading.Thread|4.3.0;
                           System.Threading.ThreadPool|4.3.0;
                           System.Threading.Timer|4.3.0;
                           System.ValueTuple|4.3.0;
                           System.Xml.ReaderWriter|4.3.0;
                           System.Xml.XDocument|4.3.0;
                           System.Xml.XmlDocument|4.3.0;
                           System.Xml.XmlSerializer|4.3.0;
                           System.Xml.XPath|4.3.0;
                           System.Xml.XPath.XDocument|4.3.0;
                         
                   PackageReference
                       MediatR
                           Version = 14.1.0
                       Microsoft.AspNetCore.OpenApi
                           Version = 9.0.14
                       Scalar.AspNetCore
                           Version = 2.13.22
                   PotentialEditorConfigFiles
                       C:\.editorconfig
                       C:\Users\.editorconfig
                       C:\Users\frank.io\.editorconfig
                       C:\Users\frank.io\source\.editorconfig
                       C:\Users\frank.io\source\repos\.editorconfig
                       C:\Users\frank.io\source\repos\hng-genderizeApp\.editorconfig
                       C:\Users\frank.io\source\repos\hng-genderizeApp\hng-genderizeApp\.editorconfig
                       C:\Users\frank.io\source\repos\hng-genderizeApp\hng-genderizeApp\Controllers\.editorconfig
                       C:\Users\frank.io\source\repos\hng-genderizeApp\hng-genderizeApp\Extensions\.editorconfig
                   PreprocessorValue
                       assemblyname
                           Value = hng-genderizeApp
                       filename
                           Value = hng-genderizeApp.csproj
                       fullpath
                           Value = C:\Users\frank.io\source\repos\hng-genderizeApp\hng-genderizeApp
                       outputfilename
                           Value = hng-genderizeApp.dll
                       rootnamespace
                           Value = hng_genderizeApp
                   ProjectCapability
                       AllTargetOutputGroups
                       AppServicePublish
                       AspNetCore
                       AspNetCoreInProcessHosting
                       AssemblyReferences
                       COMReferences
                       CrossPlatformExecutable
                       CSharp
                       DeclaredSourceItems
                       DotNetCoreRazor
                       DotNetCoreRazorConfiguration
                       DotNetCoreWeb
                       DynamicDependentFile
                       DynamicFileNesting
                       GenerateDocumentationFile
                       LanguageService
                       Managed
                       NativeAOT
                       NetSdkOCIImageBuild
                       OutputGroups
                       Pack
                       ProjectReferences
                       ReferencesFolder
                       RelativePathDerivedDefaultNamespace
                       SharedProjectReferences
                       SingleFileGenerators
                       SupportHierarchyContextSvc
                       SupportsComputeRunCommand
                       SupportsHotReload
                       SupportsTypeScriptNuGet
                       UserSourceItems
                       VisualStudioWellKnownOutputGroups
                       Web
                       WebNestingDefaults
                   ProjectReference
                       ..\Application\Application.csproj
                           ReferenceSourceTarget = ProjectReference
                           OutputItemType = 
                           GlobalPropertiesToRemove = ;WebPublishProfileFile
                           Targets = 
                       ..\Infrastructure\Infrastructure.csproj
                           ReferenceSourceTarget = ProjectReference
                           OutputItemType = 
                           GlobalPropertiesToRemove = ;WebPublishProfileFile
                           Targets = 
                   PropertyPageSchema
                       C:\Program Files\dotnet\sdk\9.0.313\\assemblyreference.xaml
                           Context = ;BrowseObject
                       C:\Program Files\dotnet\sdk\9.0.313\\COMReference.xaml
                           Context = ;BrowseObject
                       C:\Program Files\dotnet\sdk\9.0.313\\Content.xaml
                           Context = File;BrowseObject
                       C:\Program Files\dotnet\sdk\9.0.313\\CSharp.BrowseObject.xaml
                           Context = BrowseObject
                       C:\Program Files\dotnet\sdk\9.0.313\\CSharp.ProjectItemsSchema.xaml
                       C:\Program Files\dotnet\sdk\9.0.313\\CSharp.xaml
                           Context = File
                       C:\Program Files\dotnet\sdk\9.0.313\\Debugger_General.xaml
                           Context = Project
                       C:\Program Files\dotnet\sdk\9.0.313\\EmbeddedResource.xaml
                           Context = File;BrowseObject
                       C:\Program Files\dotnet\sdk\9.0.313\\Folder.xaml
                           Context = File;BrowseObject
                       C:\Program Files\dotnet\sdk\9.0.313\\General_File.xaml
                           Context = File
                       C:\Program Files\dotnet\sdk\9.0.313\\General.BrowseObject.xaml
                           Context = BrowseObject
                       C:\Program Files\dotnet\sdk\9.0.313\\General.xaml
                           Context = Project
                       C:\Program Files\dotnet\sdk\9.0.313\\None.xaml
                           Context = File;BrowseObject
                       C:\Program Files\dotnet\sdk\9.0.313\\ProjectItemsSchema.xaml
                       C:\Program Files\dotnet\sdk\9.0.313\\ProjectReference.xaml
                           Context = ;BrowseObject
                       C:\Program Files\dotnet\sdk\9.0.313\\ResolvedAssemblyReference.xaml
                           Context = ProjectSubscriptionService;BrowseObject
                       C:\Program Files\dotnet\sdk\9.0.313\\ResolvedCOMReference.xaml
                           Context = ProjectSubscriptionService;BrowseObject
                       C:\Program Files\dotnet\sdk\9.0.313\\ResolvedProjectReference.xaml
                           Context = ProjectSubscriptionService;BrowseObject
                       C:\Program Files\dotnet\sdk\9.0.313\\SCC.xaml
                           Context = Invisible
                       C:\Program Files\dotnet\sdk\9.0.313\\SpecialFolder.xaml
                           Context = File;ProjectSubscriptionService
                       C:\Program Files\dotnet\sdk\9.0.313\Sdks\Microsoft.NET.Sdk.Razor\targets\Rules\RazorComponentWithTargetPath.xaml
                           Context = Project
                       C:\Program Files\dotnet\sdk\9.0.313\Sdks\Microsoft.NET.Sdk.Razor\targets\Rules\RazorConfiguration.xaml
                           Context = File
                       C:\Program Files\dotnet\sdk\9.0.313\Sdks\Microsoft.NET.Sdk.Razor\targets\Rules\RazorExtension.xaml
                           Context = File
                       C:\Program Files\dotnet\sdk\9.0.313\Sdks\Microsoft.NET.Sdk.Razor\targets\Rules\RazorGeneral.xaml
                           Context = Project
                       C:\Program Files\dotnet\sdk\9.0.313\Sdks\Microsoft.NET.Sdk.Razor\targets\Rules\RazorGenerateWithTargetPath.xaml
                           Context = Project
                   RazorConfiguration
                       Default
                       MVC-3.0
                           Extensions = MVC-3.0;
                   RazorExtension
                       MVC-3.0
                           AssemblyName = Microsoft.CodeAnalysis.Razor.Compiler
                           AssemblyFilePath = C:\Program Files\dotnet\sdk\9.0.313\Sdks\Microsoft.NET.Sdk.Razor\targets\..\tools\Microsoft.CodeAnalysis.Razor.Compiler.dll
                   RazorIntermediateAssembly
                       obj\Debug\net9.0\hng-genderizeApp.Views.dll
                   RegFreeComManifest
                       obj\Debug\net9.0\hng-genderizeApp.X.manifest
                   RuntimeHostConfigurationOption
                       System.GC.Server
                           Value = true
                       System.Runtime.Serialization.EnableUnsafeBinaryFormatterSerialization
                           Value = false
                           Trim = true
                   SdkSupportedTargetPlatformIdentifier
                       android
                           DisplayName = Android
                       ios
                           DisplayName = iOS
                       maccatalyst
                           DisplayName = MacCatalyst
                       macos
                           DisplayName = macOS
                       tvos
                           DisplayName = tvOS
                       windows
                           DisplayName = Windows
                   SourceLinkAzureReposGitHost
                       dev.azure.com
                       visualstudio.com
                       vsts.me
                   SourceLinkBitbucketGitHost
                       bitbucket.org
                           EnterpriseEdition = false
                   SourceLinkGitHubHost
                       github.com
                           ContentUrl = https://raw.githubusercontent.com
                   SourceLinkGitLabHost
                       gitlab.com
                   StaticWebAssetContentTypeMapping
                       font/otf
                           Pattern = *.otf
                           Cache = max-age=3600, must-revalidate
                           Priority = 1
                       font/woff2
                           Pattern = *.woff2
                           Cache = max-age=3600, must-revalidate
                           Priority = 1
                       image/bmp
                           Pattern = *.bmp
                           Cache = max-age=3600, must-revalidate
                           Priority = 1
                       image/bmp
                           Pattern = *.dib
                           Cache = max-age=3600, must-revalidate
                           Priority = 1
                       image/cis-cod
                           Pattern = *.cod
                           Cache = max-age=3600, must-revalidate
                           Priority = 1
                       image/gif
                           Pattern = *.gif
                           Cache = max-age=3600, must-revalidate
                           Priority = 1
                       image/ief
                           Pattern = *.ief
                           Cache = max-age=3600, must-revalidate
                           Priority = 1
                       image/jpeg
                           Pattern = *.jpeg
                           Cache = max-age=3600, must-revalidate
                           Priority = 1
                       image/jpeg
                           Pattern = *.jpg
                           Cache = max-age=3600, must-revalidate
                           Priority = 1
                       image/jpeg
                           Pattern = *.jpe
                           Cache = max-age=3600, must-revalidate
                           Priority = 1
                       image/pjpeg
                           Pattern = *.jfif
                           Cache = max-age=3600, must-revalidate
                           Priority = 1
                       image/png
                           Pattern = *.pnz
                           Cache = max-age=3600, must-revalidate
                           Priority = 1
                       image/png
                           Pattern = *.png
                           Cache = max-age=3600, must-revalidate
                           Priority = 1
                       image/svg+xml
                           Pattern = *.svgz
                           Cache = max-age=3600, must-revalidate
                           Priority = 1
                       image/svg+xml
                           Pattern = *.svg
                           Cache = max-age=3600, must-revalidate
                           Priority = 1
                       image/tiff
                           Pattern = *.tif
                           Cache = max-age=3600, must-revalidate
                           Priority = 1
                       image/tiff
                           Pattern = *.tiff
                           Cache = max-age=3600, must-revalidate
                           Priority = 1
                       image/vnd.rn-realflash
                           Pattern = *.rf
                           Cache = max-age=3600, must-revalidate
                           Priority = 1
                       image/vnd.wap.wbmp
                           Pattern = *.wbmp
                           Cache = max-age=3600, must-revalidate
                           Priority = 1
                       image/webp
                           Pattern = *.webp
                           Cache = max-age=3600, must-revalidate
                           Priority = 1
                       image/x-cmu-raster
                           Pattern = *.ras
                           Cache = max-age=3600, must-revalidate
                           Priority = 1
                       image/x-cmx
                           Pattern = *.cmx
                           Cache = max-age=3600, must-revalidate
                           Priority = 1
                       image/x-icon
                           Pattern = *.ico
                           Cache = max-age=3600, must-revalidate
                           Priority = 1
                       image/x-jg
                           Pattern = *.art
                           Cache = max-age=3600, must-revalidate
                           Priority = 1
                       image/x-portable-anymap
                           Pattern = *.pnm
                           Cache = max-age=3600, must-revalidate
                           Priority = 1
                       image/x-portable-bitmap
                           Pattern = *.pbm
                           Cache = max-age=3600, must-revalidate
                           Priority = 1
                       image/x-portable-graymap
                           Pattern = *.pgm
                           Cache = max-age=3600, must-revalidate
                           Priority = 1
                       image/x-portable-pixmap
                           Pattern = *.ppm
                           Cache = max-age=3600, must-revalidate
                           Priority = 1
                       image/x-rgb
                           Pattern = *.rgb
                           Cache = max-age=3600, must-revalidate
                           Priority = 1
                       image/x-xbitmap
                           Pattern = *.xbm
                           Cache = max-age=3600, must-revalidate
                           Priority = 1
                       image/x-xpixmap
                           Pattern = *.xpm
                           Cache = max-age=3600, must-revalidate
                           Priority = 1
                       image/x-xwindowdump
                           Pattern = *.xwd
                           Cache = max-age=3600, must-revalidate
                           Priority = 1
                       video/3gpp
                           Pattern = *.3gp
                           Cache = max-age=3600, must-revalidate
                           Priority = 1
                       video/3gpp
                           Pattern = *.3gpp
                           Cache = max-age=3600, must-revalidate
                           Priority = 1
                       video/3gpp2
                           Pattern = *.3gp2
                           Cache = max-age=3600, must-revalidate
                           Priority = 1
                       video/3gpp2
                           Pattern = *.3g2
                           Cache = max-age=3600, must-revalidate
                           Priority = 1
                       video/mp4
                           Pattern = *.m4v
                           Cache = max-age=3600, must-revalidate
                           Priority = 1
                       video/mp4
                           Pattern = *.mp4v
                           Cache = max-age=3600, must-revalidate
                           Priority = 1
                       video/mp4
                           Pattern = *.mp4
                           Cache = max-age=3600, must-revalidate
                           Priority = 1
                       video/mpeg
                           Pattern = *.m1v
                           Cache = max-age=3600, must-revalidate
                           Priority = 1
                       video/mpeg
                           Pattern = *.mp2
                           Cache = max-age=3600, must-revalidate
                           Priority = 1
                       video/mpeg
                           Pattern = *.mpeg
                           Cache = max-age=3600, must-revalidate
                           Priority = 1
                       video/mpeg
                           Pattern = *.mpa
                           Cache = max-age=3600, must-revalidate
                           Priority = 1
                       video/mpeg
                           Pattern = *.mpv2
                           Cache = max-age=3600, must-revalidate
                           Priority = 1
                       video/mpeg
                           Pattern = *.mpg
                           Cache = max-age=3600, must-revalidate
                           Priority = 1
                       video/mpeg
                           Pattern = *.mpe
                           Cache = max-age=3600, must-revalidate
                           Priority = 1
                       video/ogg
                           Pattern = *.ogv
                           Cache = max-age=3600, must-revalidate
                           Priority = 1
                       video/ogg
                           Pattern = *.ogg
                           Cache = max-age=3600, must-revalidate
                           Priority = 1
                       video/quicktime
                           Pattern = *.mov
                           Cache = max-age=3600, must-revalidate
                           Priority = 1
                       video/quicktime
                           Pattern = *.qt
                           Cache = max-age=3600, must-revalidate
                           Priority = 1
                       video/vnd.dlna.mpeg-tts
                           Pattern = *.ts
                           Cache = max-age=3600, must-revalidate
                           Priority = 1
                       video/vnd.dlna.mpeg-tts
                           Pattern = *.tts
                           Cache = max-age=3600, must-revalidate
                           Priority = 1
                       video/vnd.dlna.mpeg-tts
                           Pattern = *.m2ts
                           Cache = max-age=3600, must-revalidate
                           Priority = 1
                       video/webm
                           Pattern = *.webm
                           Cache = max-age=3600, must-revalidate
                           Priority = 1
                       video/x-flv
                           Pattern = *.flv
                           Cache = max-age=3600, must-revalidate
                           Priority = 1
                       video/x-ivf
                           Pattern = *.IVF
                           Cache = max-age=3600, must-revalidate
                           Priority = 1
                       video/x-la-asf
                           Pattern = *.lsx
                           Cache = max-age=3600, must-revalidate
                           Priority = 1
                       video/x-la-asf
                           Pattern = *.lsf
                           Cache = max-age=3600, must-revalidate
                           Priority = 1
                       video/x-ms-asf
                           Pattern = *.asr
                           Cache = max-age=3600, must-revalidate
                           Priority = 1
                       video/x-ms-asf
                           Pattern = *.asx
                           Cache = max-age=3600, must-revalidate
                           Priority = 1
                       video/x-ms-asf
                           Pattern = *.asf
                           Cache = max-age=3600, must-revalidate
                           Priority = 1
                       video/x-ms-asf
                           Pattern = *.nsc
                           Cache = max-age=3600, must-revalidate
                           Priority = 1
                       video/x-ms-dvr
                           Pattern = *.dvr
                           Cache = max-age=3600, must-revalidate
                           Priority = 1
                       video/x-ms-wm
                           Pattern = *.wm
                           Cache = max-age=3600, must-revalidate
                           Priority = 1
                       video/x-ms-wmp
                           Pattern = *.wmp
                           Cache = max-age=3600, must-revalidate
                           Priority = 1
                       video/x-ms-wmv
                           Pattern = *.wmv
                           Cache = max-age=3600, must-revalidate
                           Priority = 1
                       video/x-ms-wmx
                           Pattern = *.wmx
                           Cache = max-age=3600, must-revalidate
                           Priority = 1
                       video/x-ms-wtv
                           Pattern = *.wtv
                           Cache = max-age=3600, must-revalidate
                           Priority = 1
                       video/x-ms-wvx
                           Pattern = *.wvx
                           Cache = max-age=3600, must-revalidate
                           Priority = 1
                       video/x-msvideo
                           Pattern = *.avi
                           Cache = max-age=3600, must-revalidate
                           Priority = 1
                       video/x-sgi-movie
                           Pattern = *.movie
                           Cache = max-age=3600, must-revalidate
                           Priority = 1
                   StaticWebAssetFingerprintPattern
                       ComponentsJsModule
                           Pattern = *.razor.js
                       ComponentsScopedCss
                           Pattern = *.razor.css
                       Initializer
                           Pattern = *.lib.module.js
                           Expression = #[.{fingerprint}]!
                       JsModuleManifest
                           Pattern = *.modules.json
                       MvcJsModule
                           Pattern = *.cshtml.js
                       MvcScopedCss
                           Pattern = *.cshtml.css
                   SupportedNETCoreAppTargetFramework
                       .NETCoreApp,Version=v1.0
                           DisplayName = .NET Core 1.0
                           Alias = netcoreapp1.0
                       .NETCoreApp,Version=v1.1
                           DisplayName = .NET Core 1.1
                           Alias = netcoreapp1.1
                       .NETCoreApp,Version=v2.0
                           DisplayName = .NET Core 2.0
                           Alias = netcoreapp2.0
                       .NETCoreApp,Version=v2.1
                           DisplayName = .NET Core 2.1
                           Alias = netcoreapp2.1
                       .NETCoreApp,Version=v2.2
                           DisplayName = .NET Core 2.2
                           Alias = netcoreapp2.2
                       .NETCoreApp,Version=v3.0
                           DisplayName = .NET Core 3.0
                           Alias = netcoreapp3.0
                       .NETCoreApp,Version=v3.1
                           DisplayName = .NET Core 3.1
                           Alias = netcoreapp3.1
                       .NETCoreApp,Version=v5.0
                           DisplayName = .NET 5.0
                           Alias = net5.0
                       .NETCoreApp,Version=v6.0
                           DisplayName = .NET 6.0
                           Alias = net6.0
                       .NETCoreApp,Version=v7.0
                           DisplayName = .NET 7.0
                           Alias = net7.0
                       .NETCoreApp,Version=v8.0
                           DisplayName = .NET 8.0
                           Alias = net8.0
                       .NETCoreApp,Version=v9.0
                           DisplayName = .NET 9.0
                           Alias = net9.0
                   SupportedNETFrameworkTargetFramework
                       .NETFramework,Version=v2.0
                           DisplayName = .NET Framework 2.0
                           Alias = net20
                       .NETFramework,Version=v3.0
                           DisplayName = .NET Framework 3.0
                           Alias = net30
                       .NETFramework,Version=v3.5
                           DisplayName = .NET Framework 3.5
                           Alias = net35
                       .NETFramework,Version=v4.0
                           DisplayName = .NET Framework 4.0
                           Alias = net40
                       .NETFramework,Version=v4.5
                           DisplayName = .NET Framework 4.5
                           Alias = net45
                       .NETFramework,Version=v4.5.1
                           DisplayName = .NET Framework 4.5.1
                           Alias = net451
                       .NETFramework,Version=v4.5.2
                           DisplayName = .NET Framework 4.5.2
                           Alias = net452
                       .NETFramework,Version=v4.6
                           DisplayName = .NET Framework 4.6
                           Alias = net46
                       .NETFramework,Version=v4.6.1
                           DisplayName = .NET Framework 4.6.1
                           Alias = net461
                       .NETFramework,Version=v4.6.2
                           DisplayName = .NET Framework 4.6.2
                           Alias = net462
                       .NETFramework,Version=v4.7
                           DisplayName = .NET Framework 4.7
                           Alias = net47
                       .NETFramework,Version=v4.7.1
                           DisplayName = .NET Framework 4.7.1
                           Alias = net471
                       .NETFramework,Version=v4.7.2
                           DisplayName = .NET Framework 4.7.2
                           Alias = net472
                       .NETFramework,Version=v4.8
                           DisplayName = .NET Framework 4.8
                           Alias = net48
                       .NETFramework,Version=v4.8.1
                           DisplayName = .NET Framework 4.8.1
                           Alias = net481
                   SupportedNETStandardTargetFramework
                       .NETStandard,Version=v1.0
                           DisplayName = .NET Standard 1.0
                           Alias = netstandard1.0
                       .NETStandard,Version=v1.1
                           DisplayName = .NET Standard 1.1
                           Alias = netstandard1.1
                       .NETStandard,Version=v1.2
                           DisplayName = .NET Standard 1.2
                           Alias = netstandard1.2
                       .NETStandard,Version=v1.3
                           DisplayName = .NET Standard 1.3
                           Alias = netstandard1.3
                       .NETStandard,Version=v1.4
                           DisplayName = .NET Standard 1.4
                           Alias = netstandard1.4
                       .NETStandard,Version=v1.5
                           DisplayName = .NET Standard 1.5
                           Alias = netstandard1.5
                       .NETStandard,Version=v1.6
                           DisplayName = .NET Standard 1.6
                           Alias = netstandard1.6
                       .NETStandard,Version=v2.0
                           DisplayName = .NET Standard 2.0
                           Alias = netstandard2.0
                       .NETStandard,Version=v2.1
                           DisplayName = .NET Standard 2.1
                           Alias = netstandard2.1
                   SupportedPlatform
                       Linux
                       macOS
                       Windows
                   SupportedTargetFramework
                       .NETCoreApp,Version=v1.0
                           DisplayName = .NET Core 1.0
                           Alias = netcoreapp1.0
                       .NETCoreApp,Version=v1.1
                           DisplayName = .NET Core 1.1
                           Alias = netcoreapp1.1
                       .NETCoreApp,Version=v2.0
                           DisplayName = .NET Core 2.0
                           Alias = netcoreapp2.0
                       .NETCoreApp,Version=v2.1
                           DisplayName = .NET Core 2.1
                           Alias = netcoreapp2.1
                       .NETCoreApp,Version=v2.2
                           DisplayName = .NET Core 2.2
                           Alias = netcoreapp2.2
                       .NETCoreApp,Version=v3.0
                           DisplayName = .NET Core 3.0
                           Alias = netcoreapp3.0
                       .NETCoreApp,Version=v3.1
                           DisplayName = .NET Core 3.1
                           Alias = netcoreapp3.1
                       .NETCoreApp,Version=v5.0
                           DisplayName = .NET 5.0
                           Alias = net5.0
                       .NETCoreApp,Version=v6.0
                           DisplayName = .NET 6.0
                           Alias = net6.0
                       .NETCoreApp,Version=v7.0
                           DisplayName = .NET 7.0
                           Alias = net7.0
                       .NETCoreApp,Version=v8.0
                           DisplayName = .NET 8.0
                           Alias = net8.0
                       .NETCoreApp,Version=v9.0
                           DisplayName = .NET 9.0
                           Alias = net9.0
                       .NETFramework,Version=v2.0
                           DisplayName = .NET Framework 2.0
                           Alias = net20
                       .NETFramework,Version=v3.0
                           DisplayName = .NET Framework 3.0
                           Alias = net30
                       .NETFramework,Version=v3.5
                           DisplayName = .NET Framework 3.5
                           Alias = net35
                       .NETFramework,Version=v4.0
                           DisplayName = .NET Framework 4.0
                           Alias = net40
                       .NETFramework,Version=v4.5
                           DisplayName = .NET Framework 4.5
                           Alias = net45
                       .NETFramework,Version=v4.5.1
                           DisplayName = .NET Framework 4.5.1
                           Alias = net451
                       .NETFramework,Version=v4.5.2
                           DisplayName = .NET Framework 4.5.2
                           Alias = net452
                       .NETFramework,Version=v4.6
                           DisplayName = .NET Framework 4.6
                           Alias = net46
                       .NETFramework,Version=v4.6.1
                           DisplayName = .NET Framework 4.6.1
                           Alias = net461
                       .NETFramework,Version=v4.6.2
                           DisplayName = .NET Framework 4.6.2
                           Alias = net462
                       .NETFramework,Version=v4.7
                           DisplayName = .NET Framework 4.7
                           Alias = net47
                       .NETFramework,Version=v4.7.1
                           DisplayName = .NET Framework 4.7.1
                           Alias = net471
                       .NETFramework,Version=v4.7.2
                           DisplayName = .NET Framework 4.7.2
                           Alias = net472
                       .NETFramework,Version=v4.8
                           DisplayName = .NET Framework 4.8
                           Alias = net48
                       .NETFramework,Version=v4.8.1
                           DisplayName = .NET Framework 4.8.1
                           Alias = net481
                       .NETStandard,Version=v1.0
                           DisplayName = .NET Standard 1.0
                           Alias = netstandard1.0
                       .NETStandard,Version=v1.1
                           DisplayName = .NET Standard 1.1
                           Alias = netstandard1.1
                       .NETStandard,Version=v1.2
                           DisplayName = .NET Standard 1.2
                           Alias = netstandard1.2
                       .NETStandard,Version=v1.3
                           DisplayName = .NET Standard 1.3
                           Alias = netstandard1.3
                       .NETStandard,Version=v1.4
                           DisplayName = .NET Standard 1.4
                           Alias = netstandard1.4
                       .NETStandard,Version=v1.5
                           DisplayName = .NET Standard 1.5
                           Alias = netstandard1.5
                       .NETStandard,Version=v1.6
                           DisplayName = .NET Standard 1.6
                           Alias = netstandard1.6
                       .NETStandard,Version=v2.0
                           DisplayName = .NET Standard 2.0
                           Alias = netstandard2.0
                       .NETStandard,Version=v2.1
                           DisplayName = .NET Standard 2.1
                           Alias = netstandard2.1
                   Using
                       Microsoft.AspNetCore.Builder
                       Microsoft.AspNetCore.Hosting
                       Microsoft.AspNetCore.Http
                       Microsoft.AspNetCore.Routing
                       Microsoft.Extensions.Configuration
                       Microsoft.Extensions.DependencyInjection
                       Microsoft.Extensions.Hosting
                       Microsoft.Extensions.Logging
                       System
                       System.Collections.Generic
                       System.IO
                       System.Linq
                       System.Net.Http
                       System.Net.Http.Json
                       System.Threading
                       System.Threading.Tasks
                   WindowsSdkSupportedTargetPlatformVersion
                       10.0.17763.0
                           WindowsSdkPackageVersion = 10.0.17763.55
                           MinimumNETVersion = 6.0
                       10.0.17763.0
                           WindowsSdkPackageVersion = 10.0.17763.57
                           MinimumNETVersion = 8.0
                       10.0.17763.0
                           WindowsSdkPackageVersion = 10.0.17763.26
                           MinimumNETVersion = 5.0
                       10.0.18362.0
                           WindowsSdkPackageVersion = 10.0.18362.55
                           MinimumNETVersion = 6.0
                       10.0.18362.0
                           WindowsSdkPackageVersion = 10.0.18362.57
                           MinimumNETVersion = 8.0
                       10.0.18362.0
                           WindowsSdkPackageVersion = 10.0.18362.26
                           MinimumNETVersion = 5.0
                       10.0.19041.0
                           WindowsSdkPackageVersion = 10.0.19041.26
                           MinimumNETVersion = 5.0
                       10.0.19041.0
                           WindowsSdkPackageVersion = 10.0.19041.55
                           MinimumNETVersion = 6.0
                       10.0.19041.0
                           WindowsSdkPackageVersion = 10.0.19041.57
                           MinimumNETVersion = 8.0
                       10.0.20348.0
                           WindowsSdkPackageVersion = 10.0.20348.55
                           MinimumNETVersion = 6.0
                       10.0.20348.0
                           WindowsSdkPackageVersion = 10.0.20348.26
                           MinimumNETVersion = 5.0
                       10.0.20348.0
                           WindowsSdkPackageVersion = 10.0.20348.57
                           MinimumNETVersion = 8.0
                       10.0.22000.0
                           WindowsSdkPackageVersion = 10.0.22000.57
                           MinimumNETVersion = 8.0
                       10.0.22000.0
                           WindowsSdkPackageVersion = 10.0.22000.26
                           MinimumNETVersion = 5.0
                       10.0.22000.0
                           WindowsSdkPackageVersion = 10.0.22000.55
                           MinimumNETVersion = 6.0
                       10.0.22621.0
                           WindowsSdkPackageVersion = 10.0.22621.57
                           MinimumNETVersion = 8.0
                       10.0.22621.0
                           WindowsSdkPackageVersion = 10.0.22621.55
                           MinimumNETVersion = 6.0
                       10.0.26100.0
                           WindowsSdkPackageVersion = 10.0.26100.57
                           MinimumNETVersion = 8.0
                       10.0.26100.0
                           WindowsSdkPackageVersion = 10.0.26100.55
                           MinimumNETVersion = 6.0
                       7.0
                       8.0

07:19:15.603     1>Project "C:\Users\frank.io\source\repos\hng-genderizeApp\hng-genderizeApp.sln" (1) is building "C:\Users\frank.io\source\repos\hng-genderizeApp\hng-genderizeApp\hng-genderizeApp.csproj" (2) on node 1 (_IsProjectRestoreSupported target(s)).
07:19:16.280     2>Initial Properties:
                   __DisableWorkloadResolverSentinelPath = C:\Program Files\dotnet\sdk\9.0.313\DisableWorkloadResolver.sentinel
                   __WindowsAppSdkDefaultImageIncludes = **/*.png;**/*.bmp;**/*.jpg;**/*.dds;**/*.tif;**/*.tga;**/*.gif
                   _AfterSdkPublishDependsOn = AfterPublish
                   _ApiCompatValidatePackageSemaphoreFile = obj\Debug\net9.0\Microsoft.NET.ApiCompat.ValidatePackage.semaphore
                   _AspNetCoreProjectSystemPostPublishDependsOn = 
                         _InitPublishIntermediateOutputPath;
                         
                         _TransformWebConfig;
                         _TransformXml;
                         _TransformAppSettings;
                         _GenerateEFSQLScripts;
                         _GenerateRunCommandFile;
                       ;
                         _PublishFiles;
                       
                   _AspNetCoreProjectSystemPrePublishDependsOn = 
                         BeforePublish;
                         
                         _DetermineProjectType;
                       ;
                       
                   _BeforePublishNoBuildTargets = 
                         BuildOnlySettings;
                         _PreventProjectReferencesFromBuilding;
                         ResolveReferences;
                         PrepareResourceNames;
                         ComputeIntermediateSatelliteAssemblies;
                         ComputeEmbeddedApphostPaths;
                       
                   _BinaryFormatterObsoleteAsError = true
                   _ComHostLibraryExtension = .dll
                   _ComputeTargetsDir = C:\Program Files\dotnet\sdk\9.0.313\Sdks\Microsoft.NET.Sdk.Publish\targets\ComputeTargets\
                   _ContainerIsSelfContained = false
                   _ContainerIsTargetingNet8TFM = true
                   _ContainersTargetsDir = C:\Program Files\dotnet\sdk\9.0.313\Sdks\Microsoft.NET.Sdk\Sdk\..\..\..\Containers\build\
                   _CopyAspNetCoreFilesToIntermediateOutputPathDependsOn = 
                         ;
                         _PrepareForAspNetCoreProjectSystemPublish;
                         Publish;
                       
                   _CopyConsoleFilesToIntermediateOutputPathDependsOn = 
                         ;
                         _PrepareForConsolePublish;
                         Publish;
                       
                   _CopyTargetsDir = C:\Program Files\dotnet\sdk\9.0.313\Sdks\Microsoft.NET.Sdk.Publish\targets\CopyTargets\
                   _CopyWebJobFilesToIntermediateOutputPathDependsOn = 
                         ;
                         _PrepareForWebJobPublish;
                         Publish;
                       
                   _CorePublishTargets = 
                         PrepareForPublish;
                         ComputeAndCopyFilesToPublishDirectory;
                         ;
                         PublishItemsOutputGroup;
                       
                   _DebugSymbolsProduced = true
                   _DefaultArtifactsPathPropsImported = true
                   _DefaultUserProfileRuntimeStorePath = C:\Users\frank.io\.dotnet\store
                   _DeploymentApplicationManifestIdentity = hng-genderizeApp.exe
                   _DeploymentBuiltUpdateInterval = 0
                   _DeploymentBuiltUpdateIntervalUnits = Days
                   _DeploymentDeployManifestIdentity = hng-genderizeApp.application
                   _DeploymentFileMappingExtension = 
                   _DeploymentLauncherBased = true
                   _DeploymentPublishableProjectDefault = true
                   _DeploymentTargetApplicationManifestFileName = hng-genderizeApp.dll.manifest
                   _DeploymentUrl = 
                   _DesignerDepsFileName = hng-genderizeApp.designer.deps.json
                   _DesignerDepsFilePath = obj\Debug\net9.0\hng-genderizeApp.designer.deps.json
                   _DesignerRuntimeConfigFileName = hng-genderizeApp.designer.runtimeconfig.json
                   _DesignerRuntimeConfigFilePath = obj\Debug\net9.0\hng-genderizeApp.designer.runtimeconfig.json
                   _DirectoryBuildPropsBasePath = 
                   _DirectoryBuildPropsFile = Directory.Build.props
                   _DirectoryBuildTargetsBasePath = 
                   _DirectoryBuildTargetsFile = Directory.Build.targets
                   _DirectoryPackagesPropsBasePath = 
                   _DirectoryPackagesPropsFile = Directory.Packages.props
                   _DocumentationFileProduced = false
                   _DotNetAppHostExecutableName = apphost.exe
                   _DotNetAppHostExecutableNameWithoutExtension = apphost
                   _DotNetCLIPostPublishDependsOn = 
                         _InitProjectCapabilityProperties;
                         _AspNetCoreProjectSystemPostPublish;
                         _OtherNetProjectPostPublish;
                         AfterPublish;
                       
                   _DotNetCLIPrePublishDependsOn = 
                         _InitProjectCapabilityProperties;
                         _AspNetCoreProjectSystemPrePublish;
                       
                   _DotNetCLIToolTargetsDir = C:\Program Files\dotnet\sdk\9.0.313\Sdks\Microsoft.NET.Sdk.Publish\targets\DotNetCLIToolTargets\
                   _DotNetComHostLibraryName = comhost.dll
                   _DotNetComHostLibraryNameWithoutExtension = comhost
                   _DotNetHostExecutableName = dotnet.exe
                   _DotNetHostFxrLibraryName = libhostfxr.so
                   _DotNetHostPolicyLibraryName = libhostpolicy.so
                   _DotNetIjwHostLibraryName = Ijwhost.dll
                   _DotNetIjwHostLibraryNameWithoutExtension = Ijwhost
                   _DotNetPublishComputeFiles = 
                         _DetermineProjectType;
                       
                   _DotNetPublishCopyFiles = 
                         _RemoveExcludeFiles;
                         _DeletePublishIntermediateOutputPath;
                         _CopyFilesToPublishIntermediateOutputPath;
                         _CopyAspNetCoreFilesToIntermediateOutputPath;
                         _CopyWebJobFilesToIntermediateOutputPath;
                         _CopyConsoleFilesToIntermediateOutputPath;
                       
                   _DotNetPublishFiles = 
                         FileSystemPublish;
                       
                   _DotNetPublishTransformFiles = 
                         _TransformWebConfig;
                         _TransformXml;
                         _TransformAppSettings;
                         _GenerateEFSQLScripts;
                         _GenerateRunCommandFile;
                       
                   _DotNetSingleFileHostExecutableNameWithoutExtension = singlefilehost
                   _EnableDefaultWindowsPlatform = false
                   _FirstTargetFrameworkToSupportAot = net7.0
                   _FirstTargetFrameworkToSupportSingleFile = net6.0
                   _FirstTargetFrameworkToSupportTrimming = net6.0
                   _FirstTargetFrameworkVersionToSupportAotAnalyzer = 7.0
                   _FirstTargetFrameworkVersionToSupportSingleFileAnalyzer = 6.0
                   _FirstTargetFrameworkVersionToSupportTrimAnalyzer = 6.0
                   _FrameworkIdentifierForImplicitDefine = NET
                   _FrameworkVersionForImplicitDefine = 9_0
                   _GenerateBindingRedirectsIntermediateAppConfig = obj\Debug\net9.0\hng-genderizeApp.dll.config
                   _GeneratePublishDependencyFilePropertyInputsCache = C:\Users\frank.io\source\repos\hng-genderizeApp\hng-genderizeApp\obj\Debug\net9.0\hng-genderizeApp.genpublishdeps.cache
                   _GenerateRazorAssemblyInfoDependsOn = 
                         _ResolveMvcAssemblyAttributes;
                         RazorGetAssemblyAttributes;PrepareForBuild;_CoreGenerateRazorAssemblyInfo;
                       
                   _GenerateRestoreGraphProjectEntryInputProperties = 
                         ExcludeRestorePackageImports=true;
                         _RestoreSolutionFileUsed=true;
                         SolutionDir=C:\Users\frank.io\source\repos\hng-genderizeApp\;
                         SolutionName=hng-genderizeApp;
                         SolutionFileName=hng-genderizeApp.sln;
                         SolutionPath=C:\Users\frank.io\source\repos\hng-genderizeApp\hng-genderizeApp.sln;
                         SolutionExt=.sln;
                       
                   _GenerateRuntimeConfigurationPropertyInputsCache = C:\Users\frank.io\source\repos\hng-genderizeApp\hng-genderizeApp\obj\Debug\net9.0\hng-genderizeApp.genruntimeconfig.cache
                   _GenerateSingleFileBundlePropertyInputsCache = C:\Users\frank.io\source\repos\hng-genderizeApp\hng-genderizeApp\obj\Debug\net9.0\hng-genderizeApp.genbundle.cache
                   _GenerateSourceLinkFileBeforeTargets = CoreCompile
                   _GenerateSourceLinkFileDependsOnTargets = 
                   _GenerateSupportedRuntimeIntermediateAppConfig = obj\Debug\net9.0\hng-genderizeApp.dll.withSupportedRuntime.config
                   _GenerateToolsSettingsFileCacheFile = C:\Users\frank.io\source\repos\hng-genderizeApp\hng-genderizeApp\obj\Debug\net9.0\hng-genderizeApp.toolssettingsinput.cache
                   _GetChildProjectCopyToOutputDirectoryItems = true
                   _GetChildProjectCopyToPublishDirectoryItems = true
                   _IjwHostLibraryExtension = .dll
                   _InitialBaseIntermediateOutputPath = obj\
                   _IsDisjointMSBuildVersion = False
                   _IsExecutable = true
                   _IsNETCoreOrNETStandard = true
                   _IsNotSetContainersTargetsDir = true
                   _IsSDKContainerAllowedVersion = true
                   _LatestAnalysisLevel = 9.0
                   _MaxAvailableLangVersion = 13.0
                   _MaxSupportedLangVersion = 13.0
                   _MicrosoftSourceLinkCommonAssemblyFile = C:\Program Files\dotnet\sdk\9.0.313\Sdks\Microsoft.SourceLink.Common\build\..\tools\core\Microsoft.SourceLink.Common.dll
                   _MinimumNonEolSupportedNetCoreTargetFramework = net8.0
                   _MSBuildVersionMajorMinor = 17.14
                   _MvcApplicationPartAttributeGeneratedFile = obj\Debug\net9.0\hng-genderizeApp.MvcApplicationPartsAssemblyInfo.cs
                   _MvcApplicationPartCacheFile = obj\Debug\net9.0\hng-genderizeApp.MvcApplicationPartsAssemblyInfo.cache
                   _NativeExecutableExtension = .exe
                   _NativeLibraryExtension = .so
                   _NativeLibraryPrefix = lib
                   _NETAnalyzersSDKAssemblyVersion = 9.0.0
                   _NETCoreSdkIsPreview = false
                   _NetFrameworkHostedCompilersVersion = 4.14.0-3.26064.1
                   _NoneAnalysisLevel = 4.0
                   _NugetFallbackFolder = C:\Program Files\dotnet\sdk\9.0.313\Sdks\Microsoft.NET.Sdk\targets\..\..\..\..\NuGetFallbackFolder
                   _NugetTargetMonikerAndRID = .NETCoreApp,Version=v9.0
                   _OriginalConfiguration = Debug
                   _OriginalPlatform = AnyCPU
                   _OtherNetProjectPostPublishDependsOn = 
                         _InitPublishIntermediateOutputPath;
                         _PublishFiles;
                       
                   _PackToolPublishDependency = _PublishBuildAlternative
                   _PlatformWithoutConfigurationInference = AnyCPU
                   _PreviewAnalysisLevel = 10.0
                   _ProjectDefaultTargets = Build
                   _PublishConfigurationPath = Debug\
                   _PublishFilesDependsOn = 
                         
                         FileSystemPublish;
                       ;
                       
                   _PublishNoBuildAlternativeDependsOn = 
                         BuildOnlySettings;
                         _PreventProjectReferencesFromBuilding;
                         ResolveReferences;
                         PrepareResourceNames;
                         ComputeIntermediateSatelliteAssemblies;
                         ComputeEmbeddedApphostPaths;
                       ;
                         PrepareForPublish;
                         ComputeAndCopyFilesToPublishDirectory;
                         ;
                         PublishItemsOutputGroup;
                       
                   _PublishProfileDesignerFolder = Properties
                   _PublishProfileRootFolder = C:\Users\frank.io\source\repos\hng-genderizeApp\hng-genderizeApp\Properties\PublishProfiles\
                   _PublishProfilesDir = C:\Program Files\dotnet\sdk\9.0.313\Sdks\Microsoft.NET.Sdk.Publish\targets\PublishProfiles\
                   _PublishTargetsDir = C:\Program Files\dotnet\sdk\9.0.313\Sdks\Microsoft.NET.Sdk.Publish\targets\PublishTargets\
                   _PublishTaskAssemblyFullPath = C:\Program Files\dotnet\sdk\9.0.313\Sdks\Microsoft.NET.Sdk.Publish\targets\..\tools\net9.0\Microsoft.NET.Sdk.Publish.Tasks.dll
                   _PublishTaskFramework = net9.0
                   _PublishTasksDir = C:\Program Files\dotnet\sdk\9.0.313\Sdks\Microsoft.NET.Sdk.Publish\targets\..\tools\net9.0\
                   _RazorAssemblyInfo = obj\Debug\net9.0\hng-genderizeApp.RazorAssemblyInfo.cs
                   _RazorAssemblyInfoInputsCacheFile = obj\Debug\net9.0\hng-genderizeApp.RazorAssemblyInfo.cache
                   _RazorComponentDeclarationOutputPath = obj\Debug\net9.0\RazorDeclaration\
                   _RazorDebugSymbolsProduced = true
                   _RazorGenerateComponentDesignTimeDependsOn = 
                         ResolveRazorComponentInputs;
                         AssignRazorComponentTargetPaths
                       
                   _RazorGenerateInputsHash = 
                   _RazorGenerateInputsHashFile = obj\Debug\net9.0\hng-genderizeApp.RazorCoreGenerate.cache
                   _RazorLangVersion = 9.0
                   _RazorSdkImportsMicrosoftNetSdkStaticWebAssets = true
                   _RazorSdkTasksTFM = net9.0
                   _RazorSdkToolAssembly = C:\Program Files\dotnet\sdk\9.0.313\Sdks\Microsoft.NET.Sdk.Razor\targets\..\tools\rzc.dll
                   _RazorTagHelperInputCache = obj\Debug\net9.0\hng-genderizeApp.TagHelpers.input.cache
                   _RazorTagHelperOutputCache = obj\Debug\net9.0\hng-genderizeApp.TagHelpers.output.cache
                   _RazorTargetAssemblyInfoInputsCacheFile = obj\Debug\net9.0\hng-genderizeApp.RazorTargetAssemblyInfo.cache
                   _RecursiveTargetForContentCopying = GetCopyToOutputDirectoryItems
                   _ResolveReferenceDependencies = false
                   _RestoreSolutionFileUsed = true
                   _RuntimeIdentifierUsesAppHost = true
                   _RuntimePackInWorkloadVersion6 = 6.0.36
                   _RuntimePackInWorkloadVersion7 = 7.0.20
                   _RuntimePackInWorkloadVersion8 = 8.0.26
                   _RuntimePackInWorkloadVersionCurrent = 9.0.15
                   _ScopedCssExtension = .rz.scp.css
                   _SGenDllCreated = false
                   _SGenDllName = hng-genderizeApp.XmlSerializers.dll
                   _SGenGenerateSerializationAssembliesConfig = Off
                   _ShimCreatedSentinelFile = C:\Users\frank.io\source\repos\hng-genderizeApp\hng-genderizeApp\obj\Debug\net9.0\hng-genderizeApp.shimcreated.sentinel
                   _ShimInputCacheFile = C:\Users\frank.io\source\repos\hng-genderizeApp\hng-genderizeApp\obj\Debug\net9.0\hng-genderizeApp.shiminput.cache
                   _SourceLinkAzureReposGitAssemblyFile = C:\Program Files\dotnet\sdk\9.0.313\Sdks\Microsoft.SourceLink.AzureRepos.Git\build\..\tools\core\Microsoft.SourceLink.AzureRepos.Git.dll
                   _SourceLinkBitbucketAssemblyFile = C:\Program Files\dotnet\sdk\9.0.313\Sdks\Microsoft.SourceLink.Bitbucket.Git\build\..\tools\core\Microsoft.SourceLink.Bitbucket.Git.dll
                   _SourceLinkGitHubAssemblyFile = C:\Program Files\dotnet\sdk\9.0.313\Sdks\Microsoft.SourceLink.GitHub\build\..\tools\core\Microsoft.SourceLink.GitHub.dll
                   _SourceLinkGitLabAssemblyFile = C:\Program Files\dotnet\sdk\9.0.313\Sdks\Microsoft.SourceLink.GitLab\build\..\tools\core\Microsoft.SourceLink.GitLab.dll
                   _SourceLinkPropsImported = true
                   _SourceLinkSdkSubDir = build
                   _StaticWebAssetsSdkTasksTFM = net9.0
                   _StaticWebAssetsSdkToolAssembly = C:\Program Files\dotnet\sdk\9.0.313\Sdks\Microsoft.NET.Sdk.StaticWebAssets\targets\..\tools\net9.0\Microsoft.NET.Sdk.StaticWebAssets.Tool.dll
                   _SupportedArchitectures = amd64 arm64
                   _SupportedPlatformList = @(SupportedPlatform, ',')
                   _TargetFrameworkDirectories = 
                   _TargetFrameworkPath = net9.0\
                   _TargetFrameworkVersionValue = 0.0
                   _TargetFrameworkVersionWithoutV = 9.0
                   _Targeting30OrNewerRazorLangVersion = true
                   _TargetingNET50OrLater = true
                   _TargetingNET60OrLater = true
                   _TargetingNET70OrLater = true
                   _TargetingNET80OrLater = true
                   _TargetingNET90OrLater = true
                   _TargetingNETCoreApp30OrLater = true
                   _TargetLatestRuntimePatchIsDefault = true
                   _TargetsThatPrepareProjectReferences = 
                         AssignProjectConfiguration;
                         _SplitProjectReferencesByFileExistence
                       
                   _ToolsSettingsFilePath = obj\Debug\net9.0\DotnetToolSettings.xml
                   _TransformTargetsDir = C:\Program Files\dotnet\sdk\9.0.313\Sdks\Microsoft.NET.Sdk.Publish\targets\TransformTargets\
                   _UseAttributeForTargetFrameworkInfoPropertyNames = true
                   _UsingDefaultForHasRuntimeOutput = true
                   _UsingDefaultPlatformTarget = true
                   _WebProjectSystemGlobsPropsDefined = true
                   _WindowsDesktopSdkTargetFrameworkVersionFloor = 3.0
                   _WorkloadLibraryPacksFolder = C:\Program Files\dotnet\library-packs
                   ActiveDebugProfile = https
                   ActualLangName = en-us
                   AddAdditionalExplicitAssemblyReferences = false
                   AddAppConfigToBuildOutputs = true
                   AddRazorSupportForMvc = true
                   AllowedOutputExtensionsInPackageBuildOutputFolder = .dll; .exe; .winmd; .json; .pri; .xml ;
                   AllowedOutputExtensionsInSymbolsPackageBuildOutputFolder = .pdb; .mdb; .dll; .exe; .winmd; .json; .pri; .xml ;; 
                   AllowedReferenceAssemblyFileExtensions = 
                         .winmd;
                         .dll;
                         .exe
                       
                   AllowedReferenceRelatedFileExtensions = 
                         .pdb;
                         .xml;
                         .pri;
                         .dll.config;
                         .exe.config
                       
                   AllowUnsafeBlocks = false
                   AlwaysIncludeCoreFrameworkInRuntimeConfig = true
                   AlwaysUseNumericalSuffixInItemNames = true
                   AnalysisLevel = latest
                   AppDesignerFolder = Properties
                   AppendPlatformToOutputPath = false
                   AppendRuntimeIdentifierToOutputPath = true
                   AppendTargetFrameworkToOutputPath = true
                   AspNetCoreHostingModel = inprocess
                   AspNetCoreModuleName = AspNetCoreModuleV2
                   AssemblyFoldersConfigFile = C:\Program Files\dotnet\sdk\9.0.313\AssemblyFolders.config
                   AssemblyFoldersSuffix = AssemblyFoldersEx
                   AssemblyName = hng-genderizeApp
                   AssemblySearchPaths = {CandidateAssemblyFiles};{HintPathFromItem};{TargetFrameworkDirectory};{RawFileName}
                   AssemblyTitle = hng-genderizeApp
                   AssetTargetFallback = ;net461;net462;net47;net471;net472;net48;net481
                   AssignTargetPathsDependsOn = 
                   Authors = hng-genderizeApp
                   AutomaticallyUseReferenceAssemblyPackages = true
                   AutoUnifyAssemblyReferences = true
                   AvailablePlatforms = Any CPU,x86,x64,ARM32,ARM64
                   BackwardsCompatFrameworkDefine = NETCOREAPP
                   BaseIntermediateOutputPath = C:\Users\frank.io\source\repos\hng-genderizeApp\hng-genderizeApp\obj\
                   BaseOutputPath = bin\
                   BaseOutputPathWasSpecified = true
                   BuildCompileAction = Build
                   BuildCompressionFormats = ;gzip
                   BuildDependsOn = 
                         BeforeBuild;
                         CoreBuild;
                         AfterBuild
                       
                   BuildGenerateSourcesAction = Build
                   BuildingProject = false
                   BuildInParallel = true
                   BuildLinkAction = Build
                   BuildOutputTargetFolder = lib
                   BuildProjectReferences = true
                   BuiltProjectOutputGroupDependenciesDependsOn = 
                         ;
                         
                         ;
                         BuildOnlySettings;
                         PrepareForBuild;
                         AssignTargetPaths;
                         ResolveReferences
                       
                       
                   BuiltProjectOutputGroupDependsOn = PrepareForBuild
                   BundledMSBuildVersion = 17.14.43
                   BundledNETCoreAppPackageVersion = 9.0.15
                   BundledNETCoreAppTargetFrameworkVersion = 9.0
                   BundledNETCorePlatformsPackageVersion = 9.0.15-servicing.26175.22
                   BundledNETStandardPackageVersion = 2.1.0
                   BundledNETStandardTargetFrameworkVersion = 2.1
                   BundledRuntimeIdentifierGraphFile = C:\Program Files\dotnet\sdk\9.0.313\RuntimeIdentifierGraph.json
                   CheckEolTargetFramework = true
                   CheckEolWorkloads = true
                   CheckForOverflowUnderflow = false
                   CleanDependsOn = 
                         BeforeClean;
                         UnmanagedUnregistration;
                         CoreClean;
                         CleanReferencedProjects;
                         CleanPublishFolder;
                         AfterClean
                       
                   CleanFile = hng-genderizeApp.csproj.FileListAbsolute.txt
                   ClickOncePublishDir = bin\Debug\net9.0\publish\
                   CodeAnalysisRuleIds = CA1000;CA1001;CA1002;CA1003;CA1005;CA1008;CA1010;CA1012;CA1014;CA1016;CA1017;CA1018;CA1019;CA1021;CA1024;CA1027;CA1028;CA1030;CA1031;CA1032;CA1033;CA1034;CA1036;CA1040;CA1041;CA1043;CA1044;CA1045;CA1046;CA1047;CA1050;CA1051;CA1052;CA1054;CA1055;CA1056;CA1058;CA1060;CA1061;CA1062;CA1063;CA1064;CA1065;CA1066;CA1067;CA1068;CA1069;CA1070;CA1200;CA1303;CA1304;CA1305;CA1307;CA1308;CA1309;CA1310;CA1311;CA1401;CA1416;CA1417;CA1418;CA1419;CA1420;CA1421;CA1422;CA1501;CA1502;CA1505;CA1506;CA1507;CA1508;CA1509;CA1510;CA1511;CA1512;CA1513;CA1514;CA1515;CA1700;CA1707;CA1708;CA1710;CA1711;CA1712;CA1713;CA1715;CA1716;CA1720;CA1721;CA1724;CA1725;CA1727;CA1802;CA1805;CA1806;CA1810;CA1812;CA1813;CA1814;CA1815;CA1816;CA1819;CA1820;CA1821;CA1822;CA1823;CA1824;CA1825;CA1826;CA1827;CA1828;CA1829;CA1830;CA1831;CA1832;CA1833;CA1834;CA1835;CA1836;CA1837;CA1838;CA1839;CA1840;CA1841;CA1842;CA1843;CA1844;CA1845;CA1846;CA1847;CA1848;CA1849;CA1850;CA1851;CA1852;CA1853;CA1854;CA1855;CA1856;CA1857;CA1858;CA1859;CA1860;CA1861;CA1862;CA1863;CA1864;CA1865;CA1866;CA1867;CA1868;CA1869;CA1870;CA1871;CA1872;CA2000;CA2002;CA2007;CA2008;CA2009;CA2011;CA2012;CA2013;CA2014;CA2015;CA2016;CA2017;CA2018;CA2019;CA2020;CA2021;CA2022;CA2100;CA2101;CA2119;CA2153;CA2200;CA2201;CA2207;CA2208;CA2211;CA2213;CA2214;CA2215;CA2216;CA2217;CA2218;CA2219;CA2224;CA2225;CA2226;CA2227;CA2231;CA2234;CA2235;CA2237;CA2241;CA2242;CA2243;CA2244;CA2245;CA2246;CA2247;CA2248;CA2249;CA2250;CA2251;CA2252;CA2253;CA2254;CA2255;CA2256;CA2257;CA2258;CA2259;CA2260;CA2261;CA2262;CA2263;CA2264;CA2265;CA2300;CA2301;CA2302;CA2305;CA2310;CA2311;CA2312;CA2315;CA2321;CA2322;CA2326;CA2327;CA2328;CA2329;CA2330;CA2350;CA2351;CA2352;CA2353;CA2354;CA2355;CA2356;CA2361;CA2362;CA3001;CA3002;CA3003;CA3004;CA3005;CA3006;CA3007;CA3008;CA3009;CA3010;CA3011;CA3012;CA3061;CA3075;CA3076;CA3077;CA3147;CA5350;CA5351;CA5358;CA5359;CA5360;CA5361;CA5362;CA5363;CA5364;CA5365;CA5366;CA5367;CA5368;CA5369;CA5370;CA5371;CA5372;CA5373;CA5374;CA5375;CA5376;CA5377;CA5378;CA5379;CA5380;CA5381;CA5382;CA5383;CA5384;CA5385;CA5386;CA5387;CA5388;CA5389;CA5390;CA5391;CA5392;CA5393;CA5394;CA5395;CA5396;CA5397;CA5398;CA5399;CA5400;CA5401;CA5402;CA5403;CA5404;CA5405
                   CodeAnalysisTargets = C:\Program Files\dotnet\sdk\9.0.313\Microsoft\VisualStudio\v17.0\CodeAnalysis\Microsoft.CodeAnalysis.targets
                   CommandLineArgsForDesignTimeEvaluation = -langversion:13.0 -define:TRACE
                   CommonOutputGroupsDependsOn = 
                         ;
                         BuildOnlySettings;
                         PrepareForBuild;
                         AssignTargetPaths;
                         ResolveReferences
                       
                   CommonTargetsPath = C:\Program Files\dotnet\sdk\9.0.313\Microsoft.Common.CurrentVersion.targets
                   CommonXamlResourcesDirectory = C:\Program Files\dotnet\sdk\9.0.313\\
                   Company = hng-genderizeApp
                   CompileDependsOn = 
                         
                         ResolveReferences;
                         ResolveKeySource;
                         SetWin32ManifestProperties;
                         _SetPreferNativeArm64Win32ManifestProperties;
                         FindReferenceAssembliesForReferences;
                         _GenerateCompileInputs;
                         BeforeCompile;
                         _TimeStampBeforeCompile;
                         _GenerateCompileDependencyCache;
                         CoreCompile;
                         _TimeStampAfterCompile;
                         AfterCompile;
                       ;
                         _CreateAppHost;
                         _CreateComHost;
                         _GetIjwHostPaths;
                       
                   CompileLicxFilesDependsOn = 
                   CompilerApiVersion = roslyn4.14
                   CompilerGeneratedFilesOutputPath = 
                   CompressionEnabled = true
                   CompressionExcludePatterns = 
                         ;
                         **/*.gz;
                         **/*.br;
                         **/*.jpeg;
                         **/*.jpg;
                         **/*.png;
                         **/*.gif;
                         **/*.webp;
                         **/*.woff;
                         **/*.woff2;
                         **/*.m4v;
                         **/*.mov;
                         **/*.movie;
                         **/*.mp2;
                         **/*.mp4;
                         **/*.mp4v;
                         **/*.mpa;
                         **/*.mpe;
                         **/*.mpeg;
                         **/*.mpg;
                         **/*.mpv2;
                         **/*.ogg;
                         **/*.ogv;
                         **/*.webm;
                         **/*.jfif;
                         **/*.svgz;
                         **/*.jpe;
                         **/*.pnz;
                         **/*.aac;
                         **/*.adt;
                         **/*.adts;
                         **/*.m4a;
                         **/*.mp3;
                         **/*.oga;
                         **/*.wax;
                         **/*.wma;
                       
                   CompressionIncludePatterns = 
                         ;
                         **/*.js;
                         **/*.css;
                         **/*.html;
                         **/*.json;
                         **/*.mjs;
                         **/*.xml;
                         **/*.htm;
                         **/*.wasm;
                         **/*.txt;
                         **/*.dll;
                         **/*.pdb;
                         **/*.dat;
                         **/*.jsx;
                         **/*.markdown;
                         **/*.md;
                         **/*.webmanifest;
                         **/*.bmp;
                         **/*.svg;
                         **/*.otf;
                         **/*.art;
                         **/*.cmx;
                         **/*.cod;
                         **/*.dib;
                         **/*.ico;
                         **/*.ief;
                         **/*.pbm;
                         **/*.pgm;
                         **/*.pnm;
                         **/*.ppm;
                         **/*.ras;
                         **/*.rf;
                         **/*.rgb;
                         **/*.tif
                         **/*.tiff;
                         **/*.wbmp;
                         **/*.xbm;
                         **/*.xpm;
                         **/*.xwd;
                         **/*.aif;
                         **/*.aifc;
                         **/*.aif;
                         **/*.au;
                         **/*.m3u;
                         **/*.mid;
                         **/*.midi;
                         **/*.ra;
                         **/*.ram;
                         **/*.smd;
                         **/*.smx;
                         **/*.smz;
                         **/*.wav;
                         **/*.323;
                         **/*.appcache;
                         **/*.asm;
                         **/*.bas;
                         **/*.c;
                         **/*.cnf;
                         **/*.cpp;
                         **/*.csv;
                         **/*.disco;
                         **/*.dlm;
                         **/*.dtd;
                         **/*.etx;
                         **/*.h;
                         **/*.hdml;
                         **/*.htc;
                         **/*.htt;
                         **/*.hxt;
                         **/*.ical;
                         **/*.icalendar;
                         **/*.ics;
                         **/*.ifb;
                         **/*.map;
                         **/*.mno;
                         **/*.odc;
                         **/*.rtx;
                         **/*.sct;
                         **/*.sgml;
                         **/*.tsv;
                         **/*.uls;
                         **/*.vbs;
                         **/*.vcf;
                         **/*.vcs;
                         **/*.vml;
                         **/*.wml;
                         **/*.wmls;
                         **/*.wsdl;
                         **/*.xdr;
                         **/*.xsd;
                         **/*.xsf;
                         **/*.xsl;
                         **/*.xslt;
                       
                   ComputeIntermediateSatelliteAssembliesDependsOn = 
                         CreateManifestResourceNames
                       
                   ComputeNETCoreBuildOutputFiles = true
                   ComputeReferencedStaticWebAssetsPublishManifestDependsOn = 
                         ;
                         StaticWebAssetsPrepareForPublish;
                       
                   ComReferenceExecuteAsTool = false
                   ComReferenceNoClassMembers = false
                   Configuration = Debug
                   ConfigurationName = Debug
                   Configurations = Debug;Release
                   ConsiderPlatformAsProcessorArchitecture = true
                   ContainerCustomTasksAssembly = C:\Program Files\dotnet\sdk\9.0.313\Containers\build\..\tasks\net9.0\Microsoft.NET.Build.Containers.dll
                   ContainerCustomTasksFolder = C:\Program Files\dotnet\sdk\9.0.313\Containers\build\..\tasks\net9.0\
                   ContainerizeFolder = C:\Program Files\dotnet\sdk\9.0.313\Containers\build\..\containerize\
                   ContainerizeFolderName = containerize
                   ContainerTaskFolderName = tasks
                   ContainerTaskFramework = net9.0
                   ContentFilesProjectOutputGroupDependsOn = PrepareForBuild;AssignTargetPaths
                   ContentPreprocessorOutputDirectory = obj\Debug\net9.0\NuGet\
                   ContentTargetFolders = content;contentFiles
                   ContinueOnError = false
                   CopyBuildOutputToPublishDirectory = true
                   CopyConflictingTransitiveContent = false
                   CopyLocalLockFileAssemblies = true
                   CopyOutputSymbolsToPublishDirectory = true
                   CopyRazorGenerateFilesToPublishDirectory = false
                   CopyRefAssembliesToPublishDirectory = 
                   CopyStaticWebAssetsToOutputDirectoryDependsOn = LoadStaticWebAssetsBuildManifest;
                   CopyStaticWebAssetsToPublishDirectoryDependsOn = StaticWebAssetsPrepareForPublish;LoadStaticWebAssetsPublishManifest;
                   CoreBuildDependsOn = 
                         _CheckForBuildWithNoBuild;
                         
                         BuildOnlySettings;
                         PrepareForBuild;
                         PreBuildEvent;
                         ResolveReferences;
                         PrepareResources;
                         ResolveKeySource;
                         Compile;
                         ExportWindowsMDFile;
                         UnmanagedUnregistration;
                         GenerateSerializationAssemblies;
                         CreateSatelliteAssemblies;
                         GenerateManifests;
                         GetTargetPath;
                         PrepareForRun;
                         UnmanagedRegistration;
                         IncrementalClean;
                         PostBuildEvent
                       ;
                         GenerateBuildDependencyFile;
                         GenerateBuildRuntimeConfigurationFiles
                       
                   CoreCleanDependsOn = 
                         _SdkBeforeClean;
                         
                       
                   CoreCompileDependsOn = 
                         _DiscoverMvcApplicationParts;
                         
                         ;_ComputeNonExistentFileProperty;ResolveCodeAnalysisRuleSet;
                         _GenerateRazorAssemblyInfo
                       ;
                       
                   CorePublishDependsOn = 
                         
                         _DetermineProjectType;
                       ;
                         
                         _RemoveExcludeFiles;
                         _DeletePublishIntermediateOutputPath;
                         _CopyFilesToPublishIntermediateOutputPath;
                         _CopyAspNetCoreFilesToIntermediateOutputPath;
                         _CopyWebJobFilesToIntermediateOutputPath;
                         _CopyConsoleFilesToIntermediateOutputPath;
                       ;
                         
                         _TransformWebConfig;
                         _TransformXml;
                         _TransformAppSettings;
                         _GenerateEFSQLScripts;
                         _GenerateRunCommandFile;
                       ;
                         
                         FileSystemPublish;
                       ;
                       
                   CoreResGenDependsOn = FindReferenceAssembliesForReferences
                   CreateCustomManifestResourceNamesDependsOn = 
                   CreateHardLinksForCopyAdditionalFilesIfPossible = false
                   CreateManifestResourceNamesDependsOn = 
                   CreateSatelliteAssembliesDependsOn = 
                         
                         ;
                         _GenerateSatelliteAssemblyInputs;
                         ComputeIntermediateSatelliteAssemblies;
                         GenerateSatelliteAssemblies
                       ;
                         CoreGenerateSatelliteAssemblies
                       
                   CreateSymbolicLinksForCopyAdditionalFilesIfPossible = false
                   CSharpCoreTargetsPath = C:\Program Files\dotnet\sdk\9.0.313\Roslyn\Microsoft.CSharp.Core.targets
                   CSharpDesignTimeTargetsPath = C:\Program Files\dotnet\sdk\9.0.313\\Microsoft\VisualStudio\Managed\Microsoft.CSharp.DesignTime.targets
                   CSharpTargetsPath = C:\Program Files\dotnet\sdk\9.0.313\Microsoft.CSharp.CurrentVersion.targets
                   CustomAfterDirectoryBuildProps = ;C:\Program Files\dotnet\sdk\9.0.313\Sdks\Microsoft.NET.Sdk\Sdk\UseArtifactsOutputPath.props
                   CustomAfterMicrosoftCommonProps = C:\Program Files\dotnet\sdk\9.0.313\\vCurrent\Custom.After.Microsoft.Common.props
                   CustomAfterMicrosoftCommonTargets = C:\Program Files\dotnet\sdk\9.0.313\\vCurrent\Custom.After.Microsoft.Common.targets
                   CustomAfterMicrosoftCSharpTargets = C:\Program Files\dotnet\sdk\9.0.313\\vCurrent\Custom.After.Microsoft.CSharp.targets
                   CustomBeforeMicrosoftCommonProps = C:\Program Files\dotnet\sdk\9.0.313\\vCurrent\Custom.Before.Microsoft.Common.props
                   CustomBeforeMicrosoftCommonTargets = C:\Program Files\dotnet\sdk\9.0.313\\vCurrent\Custom.Before.Microsoft.Common.targets
                   CustomBeforeMicrosoftCSharpTargets = C:\Program Files\dotnet\sdk\9.0.313\\vCurrent\Custom.Before.Microsoft.CSharp.targets
                   CustomCollectWatchItems = ;_RazorSdkCustomCollectWatchItems
                   DebugSymbols = true
                   DebugSymbolsProjectOutputGroupDependenciesDependsOn = 
                         ;
                         
                         ;
                         BuildOnlySettings;
                         PrepareForBuild;
                         AssignTargetPaths;
                         ResolveReferences
                       
                       
                   DebugSymbolsProjectOutputGroupDependsOn = 
                         ;
                         _RazorAddDebugSymbolsProjectOutputGroupOutput
                       
                   DebugType = portable
                   DefaultAllowedOutputExtensionsInPackageBuildOutputFolder = .dll; .exe; .winmd; .json; .pri; .xml
                   DefaultAppHostRuntimeIdentifier = win-x64
                   DefaultCopyToPublishDirectoryMetadata = true
                   DefaultExcludesInProjectFolder = ;;**/.*/**
                   DefaultImplicitPackages = Microsoft.NETCore.App;NETStandard.Library
                   DefaultItemExcludes = ;**\node_modules\**;node_modules\**;**\jspm_packages\**;jspm_packages\**;**\bower_components\**;bower_components\**;**\packages.lock.json;bin\Debug\/**;obj\Debug\/**;bin\/**;obj\/**;**/*.user;**/*.*proj;**/*.sln;**/*.slnx;**/*.vssscc;**/.DS_Store
                   DefaultLanguageSourceExtension = .cs
                   DefaultProjectTypeGuid = {FAE04EC0-301F-11D3-BF4B-00C04F79EFBC}
                   DefaultWebContentItemExcludes = ;wwwroot\**
                   DefineCommonCapabilities = true
                   DefineCommonItemSchemas = true
                   DefineCommonReferenceSchemas = true
                   DefineConstants = TRACE;DEBUG;NET;NET9_0;NETCOREAPP
                   DelaySign = 
                   DeleteExistingFiles = False
                   DeploymentComputeClickOnceManifestInfoDependsOn = 
                         CleanPublishFolder;
                         GetCopyToOutputDirectoryItems;
                         _DeploymentGenerateTrustInfo;
                         
                       
                   DesignerRuntimeImplementationProjectOutputGroupDependsOn = 
                         
                         ;
                         
                         ;
                         BuildOnlySettings;
                         PrepareForBuild;
                         AssignTargetPaths;
                         ResolveReferences
                       
                       ;
                         _GenerateDesignerDepsFile;
                         _GenerateDesignerRuntimeConfigFile;
                         GetCopyToOutputDirectoryItems;
                         _GatherDesignerShadowCopyFiles;
                       
                   DesignTimeAssemblySearchPaths = {CandidateAssemblyFiles};{HintPathFromItem};{TargetFrameworkDirectory};{RawFileName}
                   DesignTimeAutoUnify = true
                   DesignTimeResolveAssemblyReferencesDependsOn = 
                         GetFrameworkPaths;
                         GetReferenceAssemblyPaths;
                         ResolveReferences
                       
                   Deterministic = true
                   DevEnvDir = *Undefined*
                   DisableBuildCompression = false
                   DisableHandlePackageFileConflicts = true
                   DisableLogTaskParameter_ConvertToAbsolutePath_Path = true
                   DisableLogTaskParameter_FindUnderPath_OutOfPath = true
                   DisableLogTaskParameter_RemoveDuplicates_Inputs = true
                   DisableLogTaskParameterItemMetadata_ConvertToAbsolutePath_AbsolutePaths = true
                   DisableLogTaskParameterItemMetadata_Copy_CopiedFiles = true
                   DisableLogTaskParameterItemMetadata_Copy_DestinationFiles = true
                   DisableLogTaskParameterItemMetadata_Copy_SourceFiles = true
                   DisableLogTaskParameterItemMetadata_FindUnderPath_Files = true
                   DisableLogTaskParameterItemMetadata_FindUnderPath_InPath = true
                   DisableLogTaskParameterItemMetadata_GenerateResource_FilesWritten = true
                   DisableLogTaskParameterItemMetadata_Hash_ItemsToHash = true
                   DisableLogTaskParameterItemMetadata_RemoveDuplicates_Filtered = true
                   DisableLogTaskParameterItemMetadata_WriteLinesToFile_Lines = true
                   DisableStandardFrameworkResolution = true
                   DocumentationFile = 
                   DocumentationProjectOutputGroupDependenciesDependsOn = 
                         ;
                         
                         ;
                         BuildOnlySettings;
                         PrepareForBuild;
                         AssignTargetPaths;
                         ResolveReferences
                       
                       
                   DocumentationProjectOutputGroupDependsOn = 
                   DOTNET_CLI_TELEMETRY_SESSIONID = 907904c5-56e8-46a6-b934-1bfaf57f6010
                   DOTNET_HOST_PATH = C:\Program Files\dotnet\dotnet.exe
                   DotNetApiCompatTaskAssembly = C:\Program Files\dotnet\sdk\9.0.313\Sdks\Microsoft.NET.Sdk\targets\..\tools\net9.0\Microsoft.DotNet.ApiCompat.Task.dll
                   DotnetCliToolTargetFramework = netcoreapp2.2
                   DotNetPublishDependsOn = 
                         BeforePublish;
                         CorePublish;
                         AfterPublish;
                       
                   EffectiveAnalysisLevel = 9.0
                   EffectiveCodeAnalysisTreatWarningsAsErrors = 
                   EFSQLScriptsFolderName = EFSQLScripts
                   EmbeddedResourceUseDependentUponConvention = true
                   EmbeddedWin32Manifest = 
                   EmbedRazorGenerateSources = false
                   EmbedUntrackedSources = true
                   EmitAssetsLogMessages = true
                   EmitCompilerGeneratedFiles = false
                   EmitLegacyAssetsFileItems = false
                   EnableAppxPackageTargetsForUwpClassLibraries = true
                   EnableDefaultCompileItems = true
                   EnableDefaultCompressedItems = true
                   EnableDefaultContentItems = true
                   EnableDefaultEmbeddedResourceItems = true
                   EnableDefaultItems = true
                   EnableDefaultNoneItems = true
                   EnableDefaultRazorComponentItems = true
                   EnableDefaultRazorGenerateItems = true
                   EnableDefaultRazorTargetAssemblyInfoAttributes = true
                   EnableDefaultScopedCssItems = true
                   EnableFrameworkPathOverride = false
                   EnableNETAnalyzers = true
                   EnableRazorSdkContent = true
                   EnableSdkContainerSupport = true
                   EnableSourceControlManagerQueries = true
                   EnableSourceLink = true
                   EnableUnsafeBinaryFormatterSerialization = false
                   EnableWebSdkImplicitPackageVersions = false
                   EnforceCodeStyleInBuild = false
                   ErrorReport = prompt
                   ExcludeRestorePackageImports = true
                   ExpandSDKAllowedReferenceExtensions = 
                         .winmd;
                         .dll
                       
                   ExpandSDKReferencesDependsOn = 
                         ResolveSDKReferences
                       
                   FileAlignment = 512
                   FileSystemPublishDependsOn = 
                         ;
                         _DeleteDestinationFilesIfSpecified;
                         _CopyEntityFrameworkScripts;
                         _GatherFilesFromPublishIntermediateOutputPath;
                       
                   FindInvalidProjectReferencesDependsOn = 
                         GetReferenceTargetPlatformMonikers
                       
                   ForceNet8Current = false
                   Framework20Dir = @(_TargetFramework20DirectoryItem)
                   Framework30Dir = @(_TargetFramework30DirectoryItem)
                   Framework35Dir = @(_TargetFramework35DirectoryItem)
                   Framework40Dir = @(_TargetFramework40DirectoryItem)
                   FrameworkDir = @(_TargetFramework40DirectoryItem)
                   FrameworkPathOverride = 
                   FrameworkRegistryBase = Software\Microsoft\.NETCoreApp
                   FrameworkSDKDir = @(_TargetFrameworkSDKDirectoryItem)
                   FullReferenceAssemblyNames = Full
                   GenerateAssemblyCompanyAttribute = true
                   GenerateAssemblyConfigurationAttribute = true
                   GenerateAssemblyCopyrightAttribute = true
                   GenerateAssemblyDescriptionAttribute = true
                   GenerateAssemblyFileVersionAttribute = true
                   GenerateAssemblyInfo = true
                   GenerateAssemblyInformationalVersionAttribute = true
                   GenerateAssemblyMetadataAttributes = true
                   GenerateAssemblyProductAttribute = true
                   GenerateAssemblyTitleAttribute = true
                   GenerateAssemblyTrademarkAttribute = true
                   GenerateAssemblyVersionAttribute = true
                   GenerateBindingRedirectsOutputType = true
                   GenerateBuildCompressedStaticWebAssetsDependsOn = 
                         ResolveBuildCompressedStaticWebAssetsConfiguration;
                         
                       
                   GenerateClickOnceManifests = 
                   GenerateComputedBuildStaticWebAssetsDependsOn = 
                       ResolveCoreStaticWebAssets;;
                       BundleScopedCssFiles;
                     
                   GenerateComputedPublishStaticWebAssetsDependsOn = 
                   GeneratedAssemblyInfoFile = obj\Debug\net9.0\hng-genderizeApp.AssemblyInfo.cs
                   GenerateDependencyFile = true
                   GeneratedGlobalUsingsFile = obj\Debug\net9.0\hng-genderizeApp.GlobalUsings.g.cs
                   GenerateDisableRuntimeMarshallingAttribute = true
                   GenerateDocumentationFile = false
                   GenerateFullPaths = true
                   GenerateInternalsVisibleToAttributes = true
                   GenerateJSModuleManifest = true
                   GenerateJSModuleManifestBuildStaticWebAssetsDependsOn = 
                         ResolveJSModuleManifestBuildConfiguration;
                         
                       
                   GenerateJSModuleManifestPublishStaticWebAssetsDependsOn = 
                         ResolveJSModuleManifestPublishConfiguration;
                         
                       
                   GenerateManifestsDependsOn = 
                         SetWin32ManifestProperties;
                         GenerateApplicationManifest;
                         GenerateDeploymentManifest
                       
                   GenerateMvcApplicationPartsAssemblyAttributes = true
                   GenerateNeutralResourcesLanguageAttribute = true
                   GenerateNuspecDependsOn = 
                         ResolveRazorGenerateInputs;
                         
                         IncludeStaticWebAssetsPackItems;
                         Build;_LoadPackInputItems; _GetTargetFrameworksOutput; _WalkEachTargetPerFramework; _GetPackageFiles; ;
                       
                       
                   GeneratePackageOnBuild = false
                   GeneratePublishCompressedStaticWebAssetsDependsOn = 
                         ResolvePublishCompressedStaticWebAssetsConfiguration;
                         
                       
                   GenerateRazorTargetAssemblyInfo = true
                   GenerateRazorTargetAssemblyInfoDependsOn = 
                         _ResolveMvcAssemblyAttributes;
                         
                         GetRazorTargetAssemblyAttributes;
                         _CreateRazorTargetAssemblyInfoInputsCacheFile;
                         CoreGenerateRazorTargetAssemblyInfo
                       
                       
                   GenerateRepositoryUrlAttribute = true
                   GenerateRequiresPreviewFeaturesAttribute = true
                   GenerateResourceMSBuildArchitecture = CurrentArchitecture
                   GenerateResourceMSBuildRuntime = CurrentRuntime
                   GenerateResourceUsePreserializedResources = true
                   GenerateRuntimeConfigDevFile = false
                   GenerateRuntimeConfigurationFiles = true
                   GenerateSatelliteAssembliesForCore = true
                   GenerateScopedCssFilesDependsOn = 
                       ;
                       _ResolveBundlingConfiguration;
                       _ProcessScopedCssFiles;
                       BundleScopedCssFiles;
                     
                   GenerateStaticWebAssetsManifestDependsOn = ;ResolveBuildStaticWebAssets
                   GenerateStaticWebAssetsPublishManifestDependsOn = 
                         ResolveStaticWebAssetsConfiguration;
                         ResolveAllPublishStaticWebAssets;
                         ;
                       
                   GenerateSupportedOSPlatformAttribute = true
                   GenerateTargetFrameworkAttribute = true
                   GenerateTargetPlatformAttribute = true
                   GetCopyToOutputDirectoryItemsDependsOn = 
                         AssignTargetPaths;
                         
                         AssignProjectConfiguration;
                         _SplitProjectReferencesByFileExistence
                       ;
                         _GetProjectReferenceTargetFrameworkProperties;
                         _PopulateCommonStateForGetCopyToOutputDirectoryItems
                       ;AddStaticWebAssetsManifest;AddStaticWebAssetEndpointsBuildManifest
                   GetFrameworkPathsDependsOn = 
                   GetReferenceNearestTargetFrameworkTaskSupportsTargetPlatformParameter = true
                   GetTargetPathWithTargetPlatformMonikerDependsOn = 
                   HasRuntimeOutput = true
                   HideWarningsAndErrors = false
                   HighEntropyVA = true
                   ImplicitConfigurationDefine = DEBUG
                   ImplicitFrameworkDefine = NET9_0
                   ImplicitUsings = enable
                   ImportByWildcardAfterMicrosoftCommonProps = true
                   ImportByWildcardAfterMicrosoftCommonTargets = true
                   ImportByWildcardAfterMicrosoftCSharpTargets = true
                   ImportByWildcardBeforeMicrosoftCommonProps = true
                   ImportByWildcardBeforeMicrosoftCommonTargets = true
                   ImportByWildcardBeforeMicrosoftCSharpTargets = true
                   ImportDirectoryBuildProps = true
                   ImportDirectoryBuildTargets = true
                   ImportDirectoryPackagesProps = true
                   ImportFrameworkWinFXTargets = false
                   ImportNuGetBuildTasksPackTargetsFromSdk = true
                   ImportProjectExtensionProps = false
                   ImportProjectExtensionTargets = false
                   ImportUserLocationsByWildcardAfterMicrosoftCommonProps = true
                   ImportUserLocationsByWildcardAfterMicrosoftCommonTargets = true
                   ImportUserLocationsByWildcardAfterMicrosoftCSharpTargets = true
                   ImportUserLocationsByWildcardBeforeMicrosoftCommonProps = true
                   ImportUserLocationsByWildcardBeforeMicrosoftCommonTargets = true
                   ImportUserLocationsByWildcardBeforeMicrosoftCSharpTargets = true
                   IncludeBuildOutput = true
                   IncludeContentInPack = true
                   IncludeFileVersionsInDependencyFile = true
                   IncludeMainProjectInDepsFile = true
                   IncludeProjectsNotInAssetsFileInDepsFile = true
                   IncludeRazorContentInPack = false
                   IncludeSourceRevisionInInformationalVersion = true
                   IncludeStaticWebAssetsPackItemsDependsOn = 
                         Build;
                         ResolveStaticWebAssetsConfiguration;LoadStaticWebAssetsBuildManifest
                       ;
                       
                   IncludeSymbolsInSingleFile = false
                   InnerBuildProperty = TargetFramework
                   InnerBuildPropertyValues = TargetFrameworks
                   IntermediateOutputPath = obj\Debug\net9.0\
                   IsNetCoreAppTargetingLatestTFM = true
                   IsPackable = false
                   IsPublishable = true
                   IsRazorCompilerReferenced = true
                   IsRestoreTargetsFileLoaded = true
                   IsRidAgnostic = false
                   JSModulesEnabled = true
                   Language = C#
                   LanguageTargets = C:\Program Files\dotnet\sdk\9.0.313\Microsoft.CSharp.targets
                   LangVersion = 13.0
                   MarkPackageReferencesAsExternallyResolved = true
                   MaxSupportedLangVersion = 13.0
                   MaxTargetPath = 100
                   MicrosoftBuildTasksGitAssemblyFile = C:\Program Files\dotnet\sdk\9.0.313\Sdks\Microsoft.Build.Tasks.Git\build\..\tools\core\Microsoft.Build.Tasks.Git.dll
                   MicrosoftCommonPropsHasBeenImported = true
                   MicrosoftNETBuildExtensionsTargets = C:\Program Files\dotnet\sdk\9.0.313\\Microsoft\Microsoft.NET.Build.Extensions\Microsoft.NET.Build.Extensions.targets
                   MicrosoftNETBuildExtensionsTasksAssembly = C:\Program Files\dotnet\sdk\9.0.313\Microsoft\Microsoft.NET.Build.Extensions\\tools\net9.0\Microsoft.NET.Build.Extensions.Tasks.dll
                   MicrosoftNETBuildTasksAssembly = C:\Program Files\dotnet\sdk\9.0.313\Sdks\Microsoft.NET.Sdk\targets\..\tools\net9.0\Microsoft.NET.Build.Tasks.dll
                   MicrosoftNETBuildTasksDirectory = C:\Program Files\dotnet\sdk\9.0.313\Sdks\Microsoft.NET.Sdk\targets\..\tools\net9.0\
                   MicrosoftNETBuildTasksDirectoryRoot = C:\Program Files\dotnet\sdk\9.0.313\Sdks\Microsoft.NET.Sdk\targets\..\tools\
                   MicrosoftNETBuildTasksTFM = net9.0
                   MicrosoftNETCrossgenBuildTasksAssembly = C:\Program Files\dotnet\sdk\9.0.313\Sdks\Microsoft.NET.Sdk\targets\..\tasks\net7.0\Microsoft.NET.Sdk.Crossgen.dll
                   MicrosoftNETFrameworkReferenceAssembliesLatestPackageVersion = 1.0.3
                   MicrosoftNETWindowsWorkloadInstalled = true
                   MinimumMSBuildVersion = 17.12.0
                   MinimumVisualStudioVersionForUnsupportedTargetFrameworkVersion = 18.0
                   MsAppxPackageTargets = C:\Program Files\dotnet\sdk\9.0.313\Microsoft\VisualStudio\v17.0\AppxPackage\Microsoft.AppXPackage.Targets
                   MSBuildAllProjects = C:\Users\frank.io\source\repos\hng-genderizeApp\hng-genderizeApp\hng-genderizeApp.csproj;;C:\Program Files\dotnet\sdk\9.0.313\Current\Microsoft.Common.targets\ImportAfter\Microsoft.TestPlatform.ImportAfter.targets
                   MSBuildAssemblyVersion = 17.0
                   MSBuildBinPath = C:\Program Files\dotnet\sdk\9.0.313
                   MSBuildCopyContentTransitively = true
                   MSBuildCopyMarkerName = hng-gend.CAC696EB.Up2Date
                   MSBuildDisableFeaturesFromVersion = 999.999
                   MSBuildEnableWorkloadResolver = true
                   MSBuildExtensionsPath = C:\Program Files\dotnet\sdk\9.0.313\
                   MSBuildExtensionsPath32 = C:\Program Files\dotnet\sdk\9.0.313
                   MSBuildExtensionsPath64 = C:\Program Files\dotnet\sdk\9.0.313
                   MSBUILDFAILONDRIVEENUMERATINGWILDCARD = 1
                   MSBuildFileVersion = 17.14.43.7001
                   MSBuildIsRestoring = True
                   MSBuildLoadMicrosoftTargetsReadOnly = true
                   MSBuildNodeCount = 8
                   MSBuildProgramFiles32 = C:\Program Files (x86)
                   MSBuildProjectDefaultTargets = Build
                   MSBuildProjectDirectory = C:\Users\frank.io\source\repos\hng-genderizeApp\hng-genderizeApp
                   MSBuildProjectDirectoryNoRoot = Users\frank.io\source\repos\hng-genderizeApp\hng-genderizeApp
                   MSBuildProjectExtension = .csproj
                   MSBuildProjectExtensionsPath = C:\Users\frank.io\source\repos\hng-genderizeApp\hng-genderizeApp\obj\
                   MSBuildProjectFile = hng-genderizeApp.csproj
                   MSBuildProjectFullPath = C:\Users\frank.io\source\repos\hng-genderizeApp\hng-genderizeApp\hng-genderizeApp.csproj
                   MSBuildProjectName = hng-genderizeApp
                   MSBuildRestoreSessionId = 275e5113-f804-4a73-b2d9-a802e1f7394e
                   MSBuildRuntimeType = Core
                   MSBuildSDKsPath = C:\Program Files\dotnet\sdk\9.0.313\Sdks
                   MSBuildSemanticVersion = 17.14.43+2a0eb78b3
                   MSBuildStartupDirectory = C:\Users\frank.io\source\repos\hng-genderizeApp
                   MSBuildToolsPath = C:\Program Files\dotnet\sdk\9.0.313
                   MSBuildToolsVersion = Current
                   MSBuildUserExtensionsPath = C:\Users\frank.io\AppData\Local\Microsoft\MSBuild
                   MSBUILDUSESERVER = 0
                   MSBuildUseVisualStudioDirectoryLayout = False
                   MSBuildVersion = 17.14.43
                   MSBuildWarningsAsErrors = ;NU1605
                   MSBuildWarningsAsMessages = 1701;1702
                   MSBuildWarningsNotAsErrors = 
                   MSBuildWebTargetsPath = C:\Program Files\dotnet\sdk\9.0.313\\Microsoft\VisualStudio\Managed.Web\
                   MsTestToolsTargets = C:\Program Files\dotnet\sdk\9.0.313\Microsoft\VisualStudio\v17.0\TeamTest\Microsoft.TeamTest.targets
                   NETCoreAppMaximumVersion = 9.0
                   NetCoreRoot = C:\Program Files\dotnet\
                   NETCoreSdkBundledCliToolsProps = C:\Program Files\dotnet\sdk\9.0.313\Sdks\Microsoft.NET.Sdk\targets\..\..\..\Microsoft.NETCoreSdk.BundledCliTools.props
                   NETCoreSdkBundledMSBuildInformationProps = C:\Program Files\dotnet\sdk\9.0.313\Sdks\Microsoft.NET.Sdk\targets\..\..\..\Microsoft.NETCoreSdk.BundledMSBuildInformation.props
                   NETCoreSdkBundledVersionsProps = C:\Program Files\dotnet\sdk\9.0.313\Sdks\Microsoft.NET.Sdk\targets\..\..\..\Microsoft.NETCoreSdk.BundledVersions.props
                   NETCoreSdkPortableRuntimeIdentifier = win-x64
                   NETCoreSdkRuntimeIdentifier = win-x64
                   NETCoreSdkVersion = 9.0.313
                   NetCoreTargetingPackRoot = C:\Program Files\dotnet\packs
                   NoCompilerStandardLib = true
                   NoStdLib = true
                   NoWarn = 1701;1702
                   NuGetAudit = true
                   NuGetAuditLevel = low
                   NuGetAuditMode = direct
                   NuGetBuildTasksPackTargets = C:\Program Files\dotnet\sdk\9.0.313\Sdks\Microsoft.NET.Sdk\Sdk\..\..\NuGet.Build.Tasks.Pack\build\NuGet.Build.Tasks.Pack.targets
                   NuGetInteractive = 
                   NuGetPackTaskAssemblyFile = ..\CoreCLR\NuGet.Build.Tasks.Pack.dll
                   NuGetPropsFile = C:\Program Files\dotnet\sdk\9.0.313\NuGet.props
                   NuGetRestoreTargets = C:\Program Files\dotnet\sdk\9.0.313\NuGet.targets
                   NuGetTargetMoniker = .NETCoreApp,Version=v9.0
                   Nullable = enable
                   NuspecOutputPath = obj\Debug\
                   Optimize = false
                   OutDir = bin\Debug\net9.0\
                   OutputPath = bin\Debug\net9.0\
                   OutputType = Exe
                   OverwriteReadOnlyFiles = false
                   PackageDescription = Package Description
                   PackageDownloadSupported = true
                   PackagedShimOutputRootDirectory = bin\Debug\net9.0\
                   PackageId = hng-genderizeApp
                   PackageOutputPath = bin\Debug\
                   PackageRequireLicenseAcceptance = false
                   PackageVersion = 1.0.0
                   PackDependsOn = ; _IntermediatePack; GenerateNuspec; 
                   PackRelease = true
                   Platform = AnyCPU
                   PlatformName = AnyCPU
                   Platforms = AnyCPU
                   PostBuildEventDependsOn = 
                   PreBuildEventDependsOn = 
                   Prefer32Bit = false
                   PreferNativeArm64 = false
                   PrepareForBuildDependsOn = 
                         ;GetFrameworkPaths;GetReferenceAssemblyPaths;AssignLinkMetadata;
                         ResolveRazorGenerateInputs
                       
                   PrepareForRazorCompileDependsOn = 
                         RazorGenerate;
                         ResolveRazorCompileInputs;
                         GenerateRazorTargetAssemblyInfo
                       
                   PrepareForRazorComponentGenerateDependsOn = 
                         ResolveRazorConfiguration;
                         ResolveRazorComponentInputs;
                         _CheckForIncorrectComponentsConfiguration;
                         AssignRazorComponentTargetPaths;
                       
                   PrepareForRazorGenerateDependsOn = 
                         ResolveRazorConfiguration;
                         ResolveRazorGenerateInputs;
                         AssignRazorGenerateTargetPaths;
                         _ResolveGeneratedRazorCompileInputs;
                         _CheckForIncorrectMvcConfiguration;
                       
                   PrepareForRunDependsOn = 
                         _RazorPrepareForRun;
                         StaticWebAssetsPrepareForRun;
                         CopyFilesToOutputDirectory
                       
                       
                   PrepareProjectReferencesDependsOn = 
                         AssignProjectConfiguration;
                         _SplitProjectReferencesByFileExistence;
                         _GetProjectReferenceTargetFrameworkProperties;
                         _GetProjectReferencePlatformProperties
                       
                   PrepareResourceNamesDependsOn = 
                         AssignTargetPaths;
                         SplitResourcesByCulture;
                         CreateManifestResourceNames;
                         CreateCustomManifestResourceNames
                       
                   PrepareResourcesDependsOn = 
                         ResolvePackageDependenciesForBuild;
                         _HandlePackageFileConflicts;
                         
                         ;
                         PrepareResourceNames;
                         ResGen;
                         CompileLicxFiles
                       
                       
                   PreserveCompilationReferences = 
                   ProcessorArchitecture = msil
                   ProcessorArchitectureAsPlatform = AnyCPU
                   ProduceReferenceAssembly = true
                   Product = hng-genderizeApp
                   ProjectAssetsCacheFile = C:\Users\frank.io\source\repos\hng-genderizeApp\hng-genderizeApp\obj\Debug\net9.0\hng-genderizeApp.assets.cache
                   ProjectAssetsFile = C:\Users\frank.io\source\repos\hng-genderizeApp\hng-genderizeApp\obj\project.assets.json
                   ProjectDepsFileName = hng-genderizeApp.deps.json
                   ProjectDepsFilePath = C:\Users\frank.io\source\repos\hng-genderizeApp\hng-genderizeApp\bin\Debug\net9.0\hng-genderizeApp.deps.json
                   ProjectDesignTimeAssemblyResolutionSearchPaths = 
                         {CandidateAssemblyFiles};
                         ;
                         {HintPathFromItem};
                         {TargetFrameworkDirectory};
                         {Registry:Software\Microsoft\.NETCoreApp,v9.0,AssemblyFoldersEx};
                         {RawFileName};
                         C:\Users\frank.io\source\repos\hng-genderizeApp\hng-genderizeApp\bin\Debug\net9.0\
                       
                   ProjectDir = C:\Users\frank.io\source\repos\hng-genderizeApp\hng-genderizeApp\
                   ProjectExt = .csproj
                   ProjectFileName = hng-genderizeApp.csproj
                   ProjectFlavor = Client
                   ProjectName = hng-genderizeApp
                   ProjectPath = C:\Users\frank.io\source\repos\hng-genderizeApp\hng-genderizeApp\hng-genderizeApp.csproj
                   ProjectRuntimeConfigFileName = hng-genderizeApp.runtimeconfig.json
                   ProjectRuntimeConfigFilePath = C:\Users\frank.io\source\repos\hng-genderizeApp\hng-genderizeApp\bin\Debug\net9.0\hng-genderizeApp.runtimeconfig.json
                   PublishableProject = true
                   PublishBuildDependsOn = 
                         BuildOnlySettings;
                         PrepareForBuild;
                         ResolveReferences;
                         PrepareResources;
                         ResolveKeySource;
                         GenerateSerializationAssemblies;
                         CreateSatelliteAssemblies;
                       
                   PublishCompressionFormats = ;gzip;brotli
                   PublishConfiguration = Debug
                   PublishContainerDependsOn = 
                         _ContainerVerifySDKVersion;
                         ComputeContainerConfig;
                         _CheckContainersPackage
                       
                   PublishDependsOn = 
                         SetGenerateManifests;
                         Build;
                         PublishOnly
                       
                   PublishDir = bin\Debug\net9.0\publish\
                   PublishDirName = publish
                   PublishDocumentationFile = true
                   PublishDocumentationFiles = true
                   PublishIntermediateOutputPath = C:\Users\frank.io\source\repos\hng-genderizeApp\hng-genderizeApp\obj\Debug\net9.0\PubTmp\Out\
                   PublishIntermediateTempPath = C:\Users\frank.io\source\repos\hng-genderizeApp\hng-genderizeApp\obj\Debug\net9.0\PubTmp\
                   PublishItemsOutputGroupDependsOn = 
                         ;
                         ResolveReferences;
                         ComputeResolvedFilesToPublishList;
                         _ComputeFilesToBundle;
                       
                   PublishOnlyDependsOn = 
                         SetGenerateManifests;
                         PublishBuild;
                         BeforePublish;
                         GenerateManifests;
                         CopyFilesToOutputDirectory;
                         _CopyFilesToPublishFolder;
                         _DeploymentGenerateBootstrapper;
                         ResolveKeySource;
                         _DeploymentSignClickOnceDeployment;
                         AfterPublish
                       
                   PublishProfile = Default
                   PublishProfileImported = true
                   PublishProfileName = Default
                   PublishProtocol = FileSystem
                   PublishReadyToRunComposite = false
                   PublishReadyToRunPerfmapFormatVersion = 1
                   PublishReadyToRunUseCrossgen2 = true
                   PublishReadyToRunUseRuntimePackOptimizationData = true
                   PublishReferencesDocumentationFiles = true
                   PublishRelease = true
                   PublishUrl = bin\Debug\net9.0\publish\
                   RazorCompileOnBuild = true
                   RazorCompileOnPublish = true
                   RazorCompileToolset = Implicit
                   RazorComponentGenerateDependsOn = 
                         PrepareForRazorComponentGenerate
                       
                   RazorCoreGenerateDependsOn = 
                         _HashRazorGenerateInputs;
                         _ResolveRazorGenerateOutputs;
                       
                   RazorDefaultConfiguration = MVC-3.0
                   RazorDesignTimeTargets = C:\Program Files\dotnet\sdk\9.0.313\Sdks\Microsoft.NET.Sdk.Razor\targets\Microsoft.NET.Sdk.Razor.DesignTime.targets
                   RazorGenerateDependsOn = 
                         PrepareForRazorGenerate;
                       
                   RazorGenerateIntermediateOutputPath = obj\Debug\net9.0\Razor\
                   RazorGenerateOutputFileExtension = .g.cs
                   RazorLangVersion = 9.0
                   RazorSdkBuildTasksAssembly = C:\Program Files\dotnet\sdk\9.0.313\Sdks\Microsoft.NET.Sdk.Razor\targets\..\tasks\net9.0\Microsoft.NET.Sdk.Razor.Tasks.dll
                   RazorSdkBuildTasksDirectoryRoot = C:\Program Files\dotnet\sdk\9.0.313\Sdks\Microsoft.NET.Sdk.Razor\targets\..\tasks\
                   RazorSdkCurrentVersionProps = C:\Program Files\dotnet\sdk\9.0.313\Sdks\Microsoft.NET.Sdk.Razor\Sdk\..\targets\Sdk.Razor.CurrentVersion.props
                   RazorSdkCurrentVersionTargets = C:\Program Files\dotnet\sdk\9.0.313\Sdks\Microsoft.NET.Sdk.Razor\Sdk\..\targets\Sdk.Razor.CurrentVersion.targets
                   RazorSdkDirectoryRoot = C:\Program Files\dotnet\sdk\9.0.313\Sdks\Microsoft.NET.Sdk.Razor\targets\..\
                   RazorTargetAssemblyInfo = obj\Debug\net9.0\hng-genderizeApp.RazorTargetAssemblyInfo.cs
                   RazorTargetName = hng-genderizeApp.Views
                   RazorTargetNameSuffix = .Views
                   RazorUpToDateReloadFileTypes = .cs;.razor;.resx;.cshtml
                   RebuildDependsOn = 
                         _SdkBeforeRebuild;
                         
                         BeforeRebuild;
                         Clean;
                         Build;
                         AfterRebuild;
                       
                       
                   RefAssembliesFolderName = refs
                   ReferenceCopyLocalPathsOutputGroupDependsOn = 
                         ;
                         
                         ;
                         BuildOnlySettings;
                         PrepareForBuild;
                         AssignTargetPaths;
                         ResolveReferences
                       
                       
                   ReportingServicesTargets = C:\Program Files\dotnet\sdk\9.0.313\\Microsoft\VisualStudio\v17.0\ReportingServices\Microsoft.ReportingServices.targets
                   ResGenDependsOn = ResolveAssemblyReferences;SplitResourcesByCulture;BeforeResGen;CoreResGen;AfterResGen
                   ResGenExecuteAsTool = false
                   ResolveAssemblyReferenceOutputUnresolvedAssemblyConflicts = true
                   ResolveAssemblyReferencesDependsOn = 
                         
                         
                         ResolveProjectReferences;
                         FindInvalidProjectReferences;
                         GetFrameworkPaths;
                         GetReferenceAssemblyPaths;
                         PrepareForBuild;
                         ResolveSDKReferences;
                         ExpandSDKReferences;
                       ;
                         ResolvePackageDependenciesForBuild;
                         _HandlePackageFileConflicts;
                       ;
                         ResolveTargetingPackAssets;
                       
                   ResolveBuildCompressedStaticWebAssetsDependsOn = 
                         GenerateBuildCompressedStaticWebAssets;
                         
                       
                   ResolveBuildRelatedStaticWebAssetsDependsOn = 
                         ResolveBuildCompressedStaticWebAssets;
                         
                         ResolveStaticWebAssetsInputs;
                         
                       
                       
                   ResolveCorePublishStaticWebAssetsDependsOn = 
                         LoadStaticWebAssetsBuildManifest;
                         ComputeReferencedProjectsEmbeddedPublishAssets;
                         ComputeReferencedProjectsPublishAssets;
                         ;
                       
                   ResolveCoreStaticWebAssetsDependsOn = 
                         
                         
                         UpdateExistingPackageStaticWebAssets;
                         ResolveProjectStaticWebAssets;
                         ResolveEmbeddedProjectsStaticWebAssets;
                         ResolveReferencedProjectsStaticWebAssets;
                         ;
                       ;
                         ResolveJsInitializerModuleStaticWebAssets;
                       ;
                         ResolveJSModuleStaticWebAssets;
                       
                   ResolvedRazorCompileToolset = RazorSdk
                   ResolveJSModuleManifestBuildStaticWebAssetsDependsOn = 
                         GenerateJSModuleManifestBuildStaticWebAssets;
                         
                       
                   ResolveJSModuleManifestPublishStaticWebAssetsDependsOn = 
                         GenerateJSModuleManifestPublishStaticWebAssets;
                         
                       
                   ResolveNuGetPackages = false
                   ResolvePackageDependenciesForBuildDependsOn = 
                         ResolveLockFileReferences;
                         ResolveLockFileAnalyzers;
                         ResolveLockFileCopyLocalFiles;
                         ResolveRuntimePackAssets;
                         RunProduceContentAssets;
                         IncludeTransitiveProjectReferences
                       
                   ResolvePublishCompressedStaticWebAssetsDependsOn = 
                         GeneratePublishCompressedStaticWebAssets;
                         
                       
                   ResolvePublishRelatedStaticWebAssetsDependsOn = 
                         ResolvePublishCompressedStaticWebAssets;
                         
                       
                   ResolvePublishStaticWebAssetsDependsOn = 
                         ResolveJSModuleManifestPublishStaticWebAssets;
                         
                         ResolveCorePublishStaticWebAssets;
                         GenerateComputedPublishStaticWebAssets;
                         ;
                       
                       
                   ResolveRazorCompileInputsDependsOn = 
                         ResolveRazorEmbeddedResources;
                       
                   ResolveReferencesDependsOn = 
                         BeforeResolveReferences;
                         AssignProjectConfiguration;
                         ResolveProjectReferences;
                         FindInvalidProjectReferences;
                         ResolveNativeReferences;
                         ResolveAssemblyReferences;
                         GenerateBindingRedirects;
                         GenerateBindingRedirectsUpdateAppConfig;
                         ResolveComReferences;
                         AfterResolveReferences
                       
                   ResolveScopedCssAssetsDependsOn = 
                       ;
                       UpdateLegacyPackageScopedCssBundles;
                       GenerateScopedCssFiles;
                       ResolveBundledCssAssets;
                     
                   ResolveScopedCssOutputsDependsOn = 
                         ;
                         ResolveCssScopes;
                       
                   ResolveSDKReferencesDependsOn = 
                         GetInstalledSDKLocations
                       
                   ResolveStaticWebAssetsInputsDependsOn = 
                         ResolveJSModuleManifestBuildStaticWebAssets;
                         
                       
                         ResolveCoreStaticWebAssets;
                         GenerateComputedBuildStaticWebAssets;
                         
                       ;
                       ResolveScopedCssAssets;
                     
                       
                   RespectAlreadyAssignedItemCulture = true
                   RestoreBuildInParallel = true
                   RestoreContinueOnError = WarnAndContinue
                   RestoreEnablePackagePruning = false
                   RestoreOutputPath = C:\Users\frank.io\source\repos\hng-genderizeApp\hng-genderizeApp\obj\
                   RestoreProjectStyle = PackageReference
                   RestoreRecursive = true
                   RestoreTaskAssemblyFile = NuGet.Build.Tasks.dll
                   RestoreUseSkipNonexistentTargets = true
                   RootNamespace = hng_genderizeApp
                   RoslynTargetsPath = C:\Program Files\dotnet\sdk\9.0.313\Roslyn
                   RunArguments = 
                   RunCommand = C:\Users\frank.io\source\repos\hng-genderizeApp\hng-genderizeApp\bin\Debug\net9.0\hng-genderizeApp.exe
                   RunDependsOn = 
                   RunPackageValidationDependsOn = CollectApiCompatInputs;_GetReferencePathFromInnerProjects;
                   RuntimeIdentifierGraphPath = C:\Program Files\dotnet\sdk\9.0.313/PortableRuntimeIdentifierGraph.json
                   RunWorkingDirectory = C:\Users\frank.io\source\repos\hng-genderizeApp\hng-genderizeApp
                   SatelliteDllsProjectOutputGroupDependenciesDependsOn = 
                         ;
                         
                         ;
                         BuildOnlySettings;
                         PrepareForBuild;
                         AssignTargetPaths;
                         ResolveReferences
                       
                       
                   SatelliteDllsProjectOutputGroupDependsOn = ;PrepareForBuild;PrepareResourceNames
                   ScopedCssEnabled = true
                   SdkAnalysisLevel = 9.0.300
                   SDKContainerSupportEnabled = true
                   SDKRedistOutputGroupDependsOn = ResolveSDKReferences;ExpandSDKReferences
                   SDKReferenceDirectoryRoot = C:\Users\frank.io\AppData\Local\Microsoft SDKs;C:\Program Files (x86)\Microsoft SDKs
                   SDKReferenceRegistryRoot = Software\Microsoft\Microsoft SDKs
                   SelfContained = false
                   ServerGarbageCollection = true
                   SGenFilesOutputGroupDependenciesDependsOn = 
                         ;
                         
                         ;
                         BuildOnlySettings;
                         PrepareForBuild;
                         AssignTargetPaths;
                         ResolveReferences
                       
                       
                   SGenFilesOutputGroupDependsOn = 
                   SGenShouldGenerateSerializer = true
                   SGenUseKeep = false
                   SGenUseProxyTypes = true
                   ShouldMarkCertainSDKReferencesAsRuntimeOnly = true
                   SignAssembly = false
                   SkipCopyUnchangedFiles = true
                   SkipImportNuGetBuildTargets = true
                   SkipImportNuGetProps = true
                   SolutionDir = C:\Users\frank.io\source\repos\hng-genderizeApp\
                   SolutionExt = .sln
                   SolutionFileName = hng-genderizeApp.sln
                   SolutionName = hng-genderizeApp
                   SolutionPath = C:\Users\frank.io\source\repos\hng-genderizeApp\hng-genderizeApp.sln
                   SourceControlInformationFeatureSupported = true
                   SourceControlManagerUrlTranslationTargets = ;TranslateGitHubUrlsInSourceControlInformation;TranslateGitLabUrlsInSourceControlInformation;TranslateAzureReposGitUrlsInSourceControlInformation;TranslateBitbucketGitUrlsInSourceControlInformation
                   SourceFilesProjectOutputGroupDependsOn = PrepareForBuild;AssignTargetPaths
                   SourceLinkUrlInitializerTargets = ;_InitializeGitHubSourceLinkUrl;_InitializeGitLabSourceLinkUrl;_InitializeAzureReposGitSourceLinkUrl;_InitializeBitbucketGitSourceLinkUrl
                   SourceRootMappedPathsFeatureSupported = true
                   StaticWebAssetEndpointDefaultMediaCacheControlHeader = max-age=3600, must-revalidate
                   StaticWebAssetsEnabled = true
                   StaticWebAssetsPrepareForPublishDependsOn = 
                         ;
                         ResolveStaticWebAssetsConfiguration;
                         GenerateStaticWebAssetsPublishManifest;
                       
                   StaticWebAssetsPrepareForRunDependsOn = ;ResolveBuildStaticWebAssets;GenerateStaticWebAssetsManifest;CopyStaticWebAssetsToOutputDirectory;
                   StaticWebAssetsSdkBuildTasksAssembly = C:\Program Files\dotnet\sdk\9.0.313\Sdks\Microsoft.NET.Sdk.StaticWebAssets\targets\..\tasks\net9.0\Microsoft.NET.Sdk.StaticWebAssets.Tasks.dll
                   StaticWebAssetsSdkBuildTasksDirectoryRoot = C:\Program Files\dotnet\sdk\9.0.313\Sdks\Microsoft.NET.Sdk.StaticWebAssets\targets\..\tasks\
                   StaticWebAssetsSdkCurrentVersionProps = C:\Program Files\dotnet\sdk\9.0.313\Sdks\Microsoft.NET.Sdk.StaticWebAssets\Sdk\..\targets\Sdk.StaticWebAssets.CurrentVersion.props
                   StaticWebAssetsSdkCurrentVersionTargets = C:\Program Files\dotnet\sdk\9.0.313\Sdks\Microsoft.NET.Sdk.StaticWebAssets\Sdk\..\targets\Sdk.StaticWebAssets.CurrentVersion.targets
                   StaticWebAssetsSdkDirectoryRoot = C:\Program Files\dotnet\sdk\9.0.313\Sdks\Microsoft.NET.Sdk.StaticWebAssets\targets\..\
                   SupportedOSPlatformVersion = 
                   SupportsDeployOnBuild = true
                   SupportsRoslynComponentVersioning = true
                   SuppressDependenciesWhenPacking = false
                   SymbolPackageFormat = symbols.nupkg
                   TargetCulture = *
                   TargetDeployManifestFileName = hng-genderizeApp.application
                   TargetDir = C:\Users\frank.io\source\repos\hng-genderizeApp\hng-genderizeApp\bin\Debug\net9.0\
                   TargetedFrameworkDir = @(_TargetedFrameworkDirectoryItem)
                   TargetedSDKArchitecture = msil
                   TargetedSDKConfiguration = Debug
                   TargetExt = .dll
                   TargetFileName = hng-genderizeApp.dll
                   TargetFramework = net9.0
                   TargetFrameworkDirectory = 
                   TargetFrameworkIdentifier = .NETCoreApp
                   TargetFrameworkMoniker = .NETCoreApp,Version=v9.0
                   TargetFrameworkMonikerAssemblyAttributesPath = obj\Debug\net9.0\.NETCoreApp,Version=v9.0.AssemblyAttributes.cs
                   TargetFrameworkMonikerDisplayName = .NET 9.0
                   TargetFrameworkSDKToolsDirectory = 
                   TargetFrameworkVersion = v9.0
                   TargetLatestRuntimePatch = false
                   TargetName = hng-genderizeApp
                   TargetPath = C:\Users\frank.io\source\repos\hng-genderizeApp\hng-genderizeApp\bin\Debug\net9.0\hng-genderizeApp.dll
                   TargetPlatformDisplayName =  
                   TargetPlatformIdentifier = 
                   TargetPlatformRegistryBase = Software\Microsoft\Microsoft SDKs\
                   TargetPlatformSdkPath = 
                   TargetPlatformVersion = 
                   TargetRefPath = C:\Users\frank.io\source\repos\hng-genderizeApp\hng-genderizeApp\obj\Debug\net9.0\ref\hng-genderizeApp.dll
                   TargetRuntime = Managed
                   TargetsCurrent = true
                   TargetsForTfmSpecificContentInPackage = ;PackTool;_PackProjectToolValidation
                   ToolCommandName = hng-genderizeApp
                   ToolDepsJsonGeneratorProject = C:\Program Files\dotnet\sdk\9.0.313\Sdks\Microsoft.NET.Sdk\targets\GenerateDeps\GenerateDeps.proj
                   ToolEntryPoint = hng-genderizeApp.dll
                   TreatWarningsAsErrors = false
                   UnmanagedRegistrationDependsOn = 
                   UnmanagedUnregistrationDependsOn = 
                   UnsupportedTargetFrameworkVersion = 10.0
                   UpToDateReloadFileTypes = ;.cs;.razor;.resx;.cshtml
                   UseAppHost = true
                   UseCommonOutputDirectory = false
                   UseDefaultPlatformLookupTables = true
                   UseHostCompilerIfAvailable = true
                   UseMSBuildTestInfrastructure = false
                   UseOSWinMdReferences = false
                   UseRazorBuildServer = true
                   UseRazorSourceGenerator = true
                   UseRidGraph = false
                   UserProfileRuntimeStorePath = C:\Users\frank.io\.dotnet\store
                   UserRuntimeConfig = C:\Users\frank.io\source\repos\hng-genderizeApp\hng-genderizeApp/runtimeconfig.template.json
                   UseSourcePath = true
                   UseStaticWebAssetsV2 = true
                   UsingMicrosoftNETSdk = true
                   UsingMicrosoftNETSdkPublish = true
                   UsingMicrosoftNETSdkRazor = true
                   UsingMicrosoftNETSdkStaticWebAssets = true
                   UsingMicrosoftNETSdkWeb = true
                   UsingMicrosoftNETSdkWebProjectSystem = true
                   UsingNETSdkDefaults = true
                   Utf8Output = true
                   ValidateRuntimeIdentifierCompatibility = false
                   VerifyMatchingImplicitPackageVersion = true
                   Version = 1.0.0
                   VersionlessImplicitFrameworkDefine = NET
                   VersionPrefix = 1.0.0
                   VisualStudioVersion = 17.0
                   VSTestConsolePath = C:\Program Files\dotnet\sdk\9.0.313\vstest.console.dll
                   VSTestNoBuild = False
                   VSTestTargets = C:\Program Files\dotnet\sdk\9.0.313\\Microsoft.TestPlatform.targets
                   VSTestTaskAssemblyFile = Microsoft.TestPlatform.Build.dll
                   VsTestUseMSBuildOutput = False
                   WarningLevel = 9
                   WarningsAsErrors = ;NU1605;SYSLIB0011
                   WarnOnPackingNonPackableProject = true
                   WebPublishMethod = FileSystem
                   WebReference_EnableLegacyEventingModel = false
                   WebReference_EnableProperties = true
                   WebReference_EnableSQLTypes = true
                   WMSJSProject = WJProject
                   WMSJSProjectDirectory = JavaScript
                   YieldDuringToolExecution = true

07:19:16.280     2>Initial Items:
                   _AllDirectoriesAbove
                       C:\
                       C:\Users
                       C:\Users\frank.io
                       C:\Users\frank.io\source
                       C:\Users\frank.io\source\repos
                       C:\Users\frank.io\source\repos\hng-genderizeApp
                       C:\Users\frank.io\source\repos\hng-genderizeApp\hng-genderizeApp
                       C:\Users\frank.io\source\repos\hng-genderizeApp\hng-genderizeApp\Controllers
                       C:\Users\frank.io\source\repos\hng-genderizeApp\hng-genderizeApp\Extensions
                   _ApplicationManifestFinal
                       bin\Debug\net9.0\hng-genderizeApp.dll.manifest
                           TargetPath = hng-genderizeApp.dll.manifest
                   _ContentIncludedByDefault
                       appsettings.Development.json
                           CopyToOutputDirectory = PreserveNewest
                           ExcludeFromSingleFile = true
                           CopyToPublishDirectory = PreserveNewest
                       appsettings.json
                           CopyToOutputDirectory = PreserveNewest
                           ExcludeFromSingleFile = true
                           CopyToPublishDirectory = PreserveNewest
                   _DebugSymbolsIntermediatePath
                       obj\Debug\net9.0\hng-genderizeApp.pdb
                   _DebugSymbolsOutputPath
                       bin\Debug\net9.0\hng-genderizeApp.pdb
                   _DeploymentManifestEntryPoint
                       obj\Debug\net9.0\hng-genderizeApp.dll
                           TargetPath = hng-genderizeApp.dll
                   _EolNetCoreTargetFrameworkVersions
                       1.0
                       1.1
                       2.0
                       2.1
                       2.2
                       3.0
                       3.1
                       5.0
                       6.0
                       7.0
                   _ExcludedKnownRuntimeIdentiferPlatforms
                       rhel.6
                       rhel.6
                       rhel.6
                       rhel.6
                       rhel.6
                       rhel.6
                       rhel.6
                       rhel.6
                       rhel.6
                       rhel.6
                       rhel.6
                       rhel.6
                       rhel.6
                       rhel.6
                       rhel.6
                       rhel.6
                       rhel.6
                       rhel.6
                       rhel.6
                       rhel.6
                       rhel.6
                       rhel.6
                       rhel.6
                       rhel.6
                       rhel.6
                       rhel.6
                       tizen.4.0.0
                       tizen.4.0.0
                       tizen.4.0.0
                       tizen.4.0.0
                       tizen.4.0.0
                       tizen.4.0.0
                       tizen.4.0.0
                       tizen.4.0.0
                       tizen.4.0.0
                       tizen.4.0.0
                       tizen.4.0.0
                       tizen.4.0.0
                       tizen.4.0.0
                       tizen.4.0.0
                       tizen.4.0.0
                       tizen.4.0.0
                       tizen.4.0.0
                       tizen.4.0.0
                       tizen.4.0.0
                       tizen.4.0.0
                       tizen.4.0.0
                       tizen.4.0.0
                       tizen.4.0.0
                       tizen.4.0.0
                       tizen.4.0.0
                       tizen.4.0.0
                       tizen.5.0.0
                       tizen.5.0.0
                       tizen.5.0.0
                       tizen.5.0.0
                       tizen.5.0.0
                       tizen.5.0.0
                       tizen.5.0.0
                       tizen.5.0.0
                       tizen.5.0.0
                       tizen.5.0.0
                       tizen.5.0.0
                       tizen.5.0.0
                       tizen.5.0.0
                       tizen.5.0.0
                       tizen.5.0.0
                       tizen.5.0.0
                       tizen.5.0.0
                       tizen.5.0.0
                       tizen.5.0.0
                       tizen.5.0.0
                       tizen.5.0.0
                       tizen.5.0.0
                       tizen.5.0.0
                       tizen.5.0.0
                       tizen.5.0.0
                       tizen.5.0.0
                   _KnownRuntimeIdentiferPlatforms
                       any
                       any
                       any
                       any
                       any
                       any
                       any
                       any
                       any
                       any
                       any
                       any
                       any
                       any
                       any
                       any
                       any
                       any
                       any
                       any
                       any
                       any
                       any
                       any
                       any
                       aot
                       aot
                       aot
                       aot
                       aot
                       aot
                       aot
                       aot
                       aot
                       aot
                       aot
                       aot
                       aot
                       aot
                       aot
                       aot
                       aot
                       aot
                       aot
                       aot
                       aot
                       aot
                       aot
                       aot
                       aot
                       freebsd
                       freebsd
                       freebsd
                       freebsd
                       freebsd
                       freebsd
                       freebsd
                       freebsd
                       freebsd
                       freebsd
                       freebsd
                       freebsd
                       freebsd
                       freebsd
                       freebsd
                       freebsd
                       freebsd
                       freebsd
                       freebsd
                       freebsd
                       freebsd
                       freebsd
                       freebsd
                       freebsd
                       freebsd
                       illumos
                       illumos
                       illumos
                       illumos
                       illumos
                       illumos
                       illumos
                       illumos
                       illumos
                       illumos
                       illumos
                       illumos
                       illumos
                       illumos
                       illumos
                       illumos
                       illumos
                       illumos
                       illumos
                       illumos
                       illumos
                       illumos
                       illumos
                       illumos
                       illumos
                       solaris
                       solaris
                       solaris
                       solaris
                       solaris
                       solaris
                       solaris
                       solaris
                       solaris
                       solaris
                       solaris
                       solaris
                       solaris
                       solaris
                       solaris
                       solaris
                       solaris
                       solaris
                       solaris
                       solaris
                       solaris
                       solaris
                       solaris
                       solaris
                       solaris
                       unix
                       unix
                       unix
                       unix
                       unix
                       unix
                       unix
                       unix
                       unix
                       unix
                       unix
                       unix
                       unix
                       unix
                       unix
                       unix
                       unix
                       unix
                       unix
                       unix
                       unix
                       unix
                       unix
                       unix
                       unix
                   _OutputPathItem
                       bin\Debug\net9.0\
                   _RazorDebugSymbolsIntermediatePath
                       obj\Debug\net9.0\hng-genderizeApp.Views.pdb
                   _ResolveComReferenceCache
                       obj\Debug\net9.0\hng-genderizeApp.csproj.ResolveComReference.cache
                   _StaticWebAssetCanonicalMetadata
                       AssetKind
                       AssetMergeBehavior
                       AssetMergeSource
                       AssetMode
                       AssetRole
                       AssetTraitName
                       AssetTraitValue
                       BasePath
                       ContentRoot
                       CopyToOutputDirectory
                       CopyToPublishDirectory
                       Fingerprint
                       Integrity
                       OriginalItemSpec
                       RelatedAsset
                       RelativePath
                       SourceId
                       SourceType
                   _StaticWebAssetDiscoveryPatternCanonicalMetadata
                       BasePath
                       ContentRoot
                       Pattern
                       Source
                   _StaticWebAssetEmbeddedProjectConfigurationCanonicalMetadata
                       AdditionalEmbeddedBuildProperties
                       AdditionalEmbeddedBuildPropertiesToRemove
                       AdditionalEmbeddedPublishProperties
                       AdditionalEmbeddedPublishPropertiesToRemove
                       GetEmbeddedBuildAssetsTargets
                       GetEmbeddedPublishAssetsTargets
                       Source
                       TargetFramework
                       Version
                   _StaticWebAssetEndpointCanonicalMetadata
                       AssetFile
                       EndpointProperties
                       ResponseHeaders
                       Selectors
                   _StaticWebAssetProjectConfigurationCanonicalMetadata
                       AdditionalBuildProperties
                       AdditionalBuildPropertiesToRemove
                       AdditionalPublishProperties
                       AdditionalPublishPropertiesToRemove
                       GetBuildAssetsTargets
                       GetPublishAssetsTargets
                       Source
                       TargetFramework
                       Version
                   _UnmanagedRegistrationCache
                       C:\Users\frank.io\source\repos\hng-genderizeApp\hng-genderizeApp\obj\hng-genderizeApp.csproj.UnmanagedRegistration.cache
                   _ValidProjectsForRestore
                       C:\Users\frank.io\source\repos\hng-genderizeApp\hng-genderizeApp\hng-genderizeApp.csproj
                   _WebToolingArtifacts
                       Properties\launchSettings.json
                   AdditionalProbingPath
                       C:\Users\frank.io\.dotnet\store\|arch|\|tfm|
                   AdditionalTargetFrameworkInfoProperty
                       _IsExecutable
                       _SelfContainedWasSpecified
                       IsRidAgnostic
                       SelfContained
                       ShouldBeValidatedAsExecutableReference
                   Analyzer
                       C:\Program Files\dotnet\sdk\9.0.313\Sdks\Microsoft.NET.Sdk.Web\analyzers\cs\Microsoft.AspNetCore.Analyzers.dll
                           IsImplicitlyDefined = true
                       C:\Program Files\dotnet\sdk\9.0.313\Sdks\Microsoft.NET.Sdk.Web\analyzers\cs\Microsoft.AspNetCore.Mvc.Analyzers.dll
                           IsImplicitlyDefined = true
                       C:\Program Files\dotnet\sdk\9.0.313\Sdks\Microsoft.NET.Sdk\targets\..\analyzers\Microsoft.CodeAnalysis.CSharp.NetAnalyzers.dll
                           IsImplicitlyDefined = true
                       C:\Program Files\dotnet\sdk\9.0.313\Sdks\Microsoft.NET.Sdk\targets\..\analyzers\Microsoft.CodeAnalysis.NetAnalyzers.dll
                           IsImplicitlyDefined = true
                   AppConfigFileDestination
                       bin\Debug\net9.0\hng-genderizeApp.dll.config
                   ApplicationManifest
                       obj\Debug\net9.0\hng-genderizeApp.dll.manifest
                           TargetPath = hng-genderizeApp.dll.manifest
                   BuiltProjectOutputGroupKeyOutput
                       C:\Users\frank.io\source\repos\hng-genderizeApp\hng-genderizeApp\obj\Debug\net9.0\hng-genderizeApp.dll
                           IsKeyOutput = true
                           FinalOutputPath = C:\Users\frank.io\source\repos\hng-genderizeApp\hng-genderizeApp\bin\Debug\net9.0\hng-genderizeApp.dll
                           TargetPath = hng-genderizeApp.dll
                   ClsidMap
                       obj\Debug\net9.0\hng-genderizeApp.clsidmap
                   Compile
                       Controllers\ProfilesController.cs
                       Extensions\DependencyInjection.cs
                       Program.cs
                   CompilerVisibleProperty
                       _SupportedPlatformList
                       EnableComHosting
                       EnableGeneratedComInterfaceComImportInterop
                       EnforceExtendedAnalyzerRules
                       InvariantGlobalization
                       PlatformNeutralAssembly
                       ProjectDir
                       ProjectTypeGuids
                       RootNamespace
                       TargetFramework
                       TargetPlatformMinVersion
                       UsingMicrosoftNETSdkWeb
                   Content
                       appsettings.Development.json
                           CopyToOutputDirectory = PreserveNewest
                           ExcludeFromSingleFile = true
                           CopyToPublishDirectory = PreserveNewest
                       appsettings.json
                           CopyToOutputDirectory = PreserveNewest
                           ExcludeFromSingleFile = true
                           CopyToPublishDirectory = PreserveNewest
                   CopyUpToDateMarker
                       C:\Users\frank.io\source\repos\hng-genderizeApp\hng-genderizeApp\obj\Debug\net9.0\hng-gend.CAC696EB.Up2Date
                   CreateDirectory
                       C:\Users\frank.io\source\repos\hng-genderizeApp\hng-genderizeApp\obj\Debug\net9.0\refint\
                       obj\Debug\net9.0\ref
                   DebugSymbolsProjectOutputGroupOutput
                       C:\Users\frank.io\source\repos\hng-genderizeApp\hng-genderizeApp\obj\Debug\net9.0\hng-genderizeApp.pdb
                           FinalOutputPath = C:\Users\frank.io\source\repos\hng-genderizeApp\hng-genderizeApp\bin\Debug\net9.0\hng-genderizeApp.pdb
                           TargetPath = hng-genderizeApp.pdb
                   DeployManifest
                       obj\Debug\net9.0\hng-genderizeApp.application
                           TargetPath = hng-genderizeApp.application
                   EmbedInBinlog
                       C:\Users\frank.io\source\repos\hng-genderizeApp\hng-genderizeApp\obj\project.assets.json
                   FrameworkReference
                       Microsoft.AspNetCore.App
                           IsImplicitlyDefined = true
                       Microsoft.NETCore.App
                           IsImplicitlyDefined = true
                           PrivateAssets = All
                           Pack = false
                   GenerateRuntimeConfigurationFilesInputs
                       C:\Users\frank.io\source\repos\hng-genderizeApp\hng-genderizeApp\obj\Debug\net9.0\hng-genderizeApp.assets.cache
                       C:\Users\frank.io\source\repos\hng-genderizeApp\hng-genderizeApp\obj\project.assets.json
                   GlobalAnalyzerConfigFiles
                       C:\.globalconfig
                       C:\Users\.globalconfig
                       C:\Users\frank.io\.globalconfig
                       C:\Users\frank.io\source\.globalconfig
                       C:\Users\frank.io\source\repos\.globalconfig
                       C:\Users\frank.io\source\repos\hng-genderizeApp\.globalconfig
                       C:\Users\frank.io\source\repos\hng-genderizeApp\hng-genderizeApp\.globalconfig
                       C:\Users\frank.io\source\repos\hng-genderizeApp\hng-genderizeApp\Controllers\.globalconfig
                       C:\Users\frank.io\source\repos\hng-genderizeApp\hng-genderizeApp\Extensions\.globalconfig
                   ImplicitPackageReferenceVersion
                       Microsoft.AspNetCore.All
                           LatestVersion = 2.1.30
                           DefaultVersion = 2.1.1
                           TargetFrameworkVersion = 2.1
                       Microsoft.AspNetCore.All
                           LatestVersion = 2.2.8
                           DefaultVersion = 2.2.0
                           TargetFrameworkVersion = 2.2
                       Microsoft.AspNetCore.App
                           LatestVersion = 2.1.30
                           DefaultVersion = 2.1.1
                           TargetFrameworkVersion = 2.1
                       Microsoft.AspNetCore.App
                           LatestVersion = 2.2.8
                           DefaultVersion = 2.2.0
                           TargetFrameworkVersion = 2.2
                       Microsoft.NETCore.App
                           LatestVersion = 1.0.16
                           DefaultVersion = 1.0.5
                           TargetFrameworkVersion = 1.0
                       Microsoft.NETCore.App
                           LatestVersion = 1.1.13
                           DefaultVersion = 1.1.2
                           TargetFrameworkVersion = 1.1
                       Microsoft.NETCore.App
                           LatestVersion = 2.0.9
                           DefaultVersion = 2.0.0
                           TargetFrameworkVersion = 2.0
                       Microsoft.NETCore.App
                           LatestVersion = 2.1.30
                           DefaultVersion = 2.1.0
                           TargetFrameworkVersion = 2.1
                       Microsoft.NETCore.App
                           LatestVersion = 2.2.8
                           DefaultVersion = 2.2.0
                           TargetFrameworkVersion = 2.2
                   IntermediateAssembly
                       obj\Debug\net9.0\hng-genderizeApp.dll
                   IntermediateRefAssembly
                       obj\Debug\net9.0\refint\hng-genderizeApp.dll
                   KnownAppHostPack
                       Microsoft.NETCore.App
                           ExcludedRuntimeIdentifiers = android
                           AppHostRuntimeIdentifiers = linux-arm;linux-arm64;linux-musl-arm64;linux-musl-x64;linux-x64;osx-x64;rhel.6-x64;tizen.4.0.0-armel;tizen.5.0.0-armel;win-arm64;win-x64;win-x86;linux-musl-arm;osx-arm64;linux-s390x;linux-loongarch64;linux-bionic-arm;linux-bionic-arm64;linux-bionic-x64;linux-bionic-x86;linux-ppc64le;freebsd-x64;freebsd-arm64;linux-riscv64;linux-musl-riscv64;linux-musl-loongarch64
                           TargetFramework = net9.0
                           AppHostPackNamePattern = Microsoft.NETCore.App.Host.**RID**
                           AppHostPackVersion = 9.0.15
                       Microsoft.NETCore.App
                           ExcludedRuntimeIdentifiers = android
                           AppHostRuntimeIdentifiers = linux-arm;linux-arm64;linux-musl-arm64;linux-musl-x64;linux-x64;osx-x64;rhel.6-x64;tizen.4.0.0-armel;tizen.5.0.0-armel;win-arm64;win-x64;win-x86;linux-musl-arm;osx-arm64;linux-s390x;linux-loongarch64;linux-bionic-arm;linux-bionic-arm64;linux-bionic-x64;linux-bionic-x86;linux-ppc64le;freebsd-x64;freebsd-arm64
                           TargetFramework = net8.0
                           AppHostPackNamePattern = Microsoft.NETCore.App.Host.**RID**
                           AppHostPackVersion = 8.0.26
                       Microsoft.NETCore.App
                           ExcludedRuntimeIdentifiers = android
                           AppHostRuntimeIdentifiers = linux-arm;linux-arm64;linux-musl-arm64;linux-musl-x64;linux-x64;osx-x64;rhel.6-x64;tizen.4.0.0-armel;tizen.5.0.0-armel;win-arm;win-arm64;win-x64;win-x86;linux-musl-arm;osx-arm64;linux-s390x;linux-loongarch64;linux-bionic-arm;linux-bionic-arm64;linux-bionic-x64;linux-bionic-x86;linux-ppc64le
                           TargetFramework = net7.0
                           AppHostPackNamePattern = Microsoft.NETCore.App.Host.**RID**
                           AppHostPackVersion = 7.0.20
                       Microsoft.NETCore.App
                           ExcludedRuntimeIdentifiers = android
                           AppHostRuntimeIdentifiers = linux-arm;linux-arm64;linux-musl-arm64;linux-musl-x64;linux-x64;osx-x64;rhel.6-x64;tizen.4.0.0-armel;tizen.5.0.0-armel;win-arm;win-arm64;win-x64;win-x86;linux-musl-arm;osx-arm64;linux-s390x;linux-loongarch64
                           TargetFramework = net6.0
                           AppHostPackNamePattern = Microsoft.NETCore.App.Host.**RID**
                           AppHostPackVersion = 6.0.36
                       Microsoft.NETCore.App
                           AppHostRuntimeIdentifiers = linux-arm;linux-arm64;linux-musl-arm64;linux-musl-x64;linux-x64;osx-x64;rhel.6-x64;tizen.4.0.0-armel;tizen.5.0.0-armel;win-arm;win-arm64;win-x64;win-x86;linux-musl-arm
                           TargetFramework = net5.0
                           AppHostPackNamePattern = Microsoft.NETCore.App.Host.**RID**
                           AppHostPackVersion = 5.0.17
                       Microsoft.NETCore.App
                           AppHostRuntimeIdentifiers = linux-arm;linux-arm64;linux-musl-arm64;linux-musl-x64;linux-x64;osx-x64;rhel.6-x64;tizen.4.0.0-armel;tizen.5.0.0-armel;win-arm;win-arm64;win-x64;win-x86
                           TargetFramework = netcoreapp3.1
                           AppHostPackNamePattern = Microsoft.NETCore.App.Host.**RID**
                           AppHostPackVersion = 3.1.32
                       Microsoft.NETCore.App
                           AppHostRuntimeIdentifiers = linux-arm;linux-arm64;linux-musl-arm64;linux-musl-x64;linux-x64;osx-x64;rhel.6-x64;tizen.4.0.0-armel;tizen.5.0.0-armel;win-arm;win-arm64;win-x64;win-x86
                           TargetFramework = netcoreapp3.0
                           AppHostPackNamePattern = Microsoft.NETCore.App.Host.**RID**
                           AppHostPackVersion = 3.0.3
                   KnownCrossgen2Pack
                       Microsoft.NETCore.App.Crossgen2
                           Crossgen2RuntimeIdentifiers = linux-musl-x64;linux-x64;win-x64;linux-arm;linux-arm64;linux-musl-arm;linux-musl-arm64;osx-arm64;osx-x64;win-arm64;win-x86;freebsd-x64;freebsd-arm64;linux-riscv64;linux-musl-riscv64;linux-loongarch64;linux-musl-loongarch64
                           TargetFramework = net9.0
                           Crossgen2PackNamePattern = Microsoft.NETCore.App.Crossgen2.**RID**
                           Crossgen2PackVersion = 9.0.15
                       Microsoft.NETCore.App.Crossgen2
                           Crossgen2RuntimeIdentifiers = linux-musl-x64;linux-x64;win-x64;linux-arm;linux-arm64;linux-musl-arm;linux-musl-arm64;osx-arm64;osx-x64;win-arm64;win-x86;freebsd-x64;freebsd-arm64
                           TargetFramework = net8.0
                           Crossgen2PackNamePattern = Microsoft.NETCore.App.Crossgen2.**RID**
                           Crossgen2PackVersion = 8.0.26
                       Microsoft.NETCore.App.Crossgen2
                           Crossgen2RuntimeIdentifiers = linux-musl-x64;linux-x64;win-x64;linux-arm;linux-arm64;linux-musl-arm;linux-musl-arm64;osx-arm64;osx-x64;win-arm;win-arm64;win-x86
                           TargetFramework = net7.0
                           Crossgen2PackNamePattern = Microsoft.NETCore.App.Crossgen2.**RID**
                           Crossgen2PackVersion = 7.0.20
                       Microsoft.NETCore.App.Crossgen2
                           Crossgen2RuntimeIdentifiers = linux-musl-x64;linux-x64;win-x64;linux-arm;linux-arm64;linux-musl-arm;linux-musl-arm64;osx-arm64;osx-x64;win-arm;win-arm64;win-x86
                           TargetFramework = net6.0
                           Crossgen2PackNamePattern = Microsoft.NETCore.App.Crossgen2.**RID**
                           Crossgen2PackVersion = 6.0.36
                       Microsoft.NETCore.App.Crossgen2
                           Crossgen2RuntimeIdentifiers = linux-musl-x64;linux-x64;win-x64
                           TargetFramework = net5.0
                           Crossgen2PackNamePattern = Microsoft.NETCore.App.Crossgen2.**RID**
                           Crossgen2PackVersion = 5.0.17
                   KnownFrameworkReference
                       Microsoft.AspNetCore.App
                           TargetFramework = net7.0
                           DefaultRuntimeFrameworkVersion = 7.0.0
                           TargetingPackName = Microsoft.AspNetCore.App.Ref
                           LatestRuntimeFrameworkVersion = 7.0.20
                           RuntimePackExcludedRuntimeIdentifiers = android
                           RuntimePackRuntimeIdentifiers = win-x64;win-x86;win-arm;osx-x64;linux-musl-x64;linux-musl-arm64;linux-x64;linux-arm;linux-arm64;linux-musl-arm;win-arm64;osx-arm64;linux-s390x;linux-loongarch64;linux-ppc64le
                           RuntimePackNamePatterns = Microsoft.AspNetCore.App.Runtime.**RID**
                           TargetingPackVersion = 7.0.20
                           RuntimeFrameworkName = Microsoft.AspNetCore.App
                       Microsoft.AspNetCore.App
                           TargetFramework = net5.0
                           DefaultRuntimeFrameworkVersion = 5.0.0
                           TargetingPackName = Microsoft.AspNetCore.App.Ref
                           LatestRuntimeFrameworkVersion = 5.0.17
                           RuntimePackRuntimeIdentifiers = win-x64;win-x86;win-arm;osx-x64;linux-musl-x64;linux-musl-arm64;linux-x64;linux-arm;linux-arm64;linux-musl-arm;win-arm64
                           RuntimePackNamePatterns = Microsoft.AspNetCore.App.Runtime.**RID**
                           TargetingPackVersion = 5.0.0
                           RuntimeFrameworkName = Microsoft.AspNetCore.App
                       Microsoft.AspNetCore.App
                           TargetFramework = net9.0
                           DefaultRuntimeFrameworkVersion = 9.0.0
                           TargetingPackName = Microsoft.AspNetCore.App.Ref
                           LatestRuntimeFrameworkVersion = 9.0.15
                           RuntimePackExcludedRuntimeIdentifiers = android;linux-bionic
                           RuntimePackRuntimeIdentifiers = win-x64;win-x86;osx-x64;linux-musl-x64;linux-musl-arm64;linux-x64;linux-arm;linux-arm64;linux-musl-arm;win-arm64;osx-arm64;linux-s390x;linux-loongarch64;linux-ppc64le;freebsd-x64;freebsd-arm64;linux-riscv64;linux-musl-riscv64;linux-loongarch64;linux-musl-loongarch64
                           RuntimePackNamePatterns = Microsoft.AspNetCore.App.Runtime.**RID**
                           TargetingPackVersion = 9.0.15
                           RuntimeFrameworkName = Microsoft.AspNetCore.App
                       Microsoft.AspNetCore.App
                           TargetFramework = net6.0
                           DefaultRuntimeFrameworkVersion = 6.0.0
                           TargetingPackName = Microsoft.AspNetCore.App.Ref
                           LatestRuntimeFrameworkVersion = 6.0.36
                           RuntimePackRuntimeIdentifiers = win-x64;win-x86;win-arm;osx-x64;linux-musl-x64;linux-musl-arm64;linux-x64;linux-arm;linux-arm64;linux-musl-arm;win-arm64;osx-arm64;linux-s390x;linux-loongarch64
                           RuntimePackNamePatterns = Microsoft.AspNetCore.App.Runtime.**RID**
                           TargetingPackVersion = 6.0.36
                           RuntimeFrameworkName = Microsoft.AspNetCore.App
                       Microsoft.AspNetCore.App
                           TargetFramework = netcoreapp3.0
                           DefaultRuntimeFrameworkVersion = 3.0.0
                           TargetingPackName = Microsoft.AspNetCore.App.Ref
                           LatestRuntimeFrameworkVersion = 3.0.3
                           RuntimePackRuntimeIdentifiers = win-x64;win-x86;win-arm;osx-x64;linux-musl-x64;linux-musl-arm64;linux-x64;linux-arm;linux-arm64
                           RuntimePackNamePatterns = Microsoft.AspNetCore.App.Runtime.**RID**
                           TargetingPackVersion = 3.0.1
                           RuntimeFrameworkName = Microsoft.AspNetCore.App
                       Microsoft.AspNetCore.App
                           TargetFramework = net8.0
                           DefaultRuntimeFrameworkVersion = 8.0.0
                           TargetingPackName = Microsoft.AspNetCore.App.Ref
                           LatestRuntimeFrameworkVersion = 8.0.26
                           RuntimePackExcludedRuntimeIdentifiers = android;linux-bionic
                           RuntimePackRuntimeIdentifiers = win-x64;win-x86;osx-x64;linux-musl-x64;linux-musl-arm64;linux-x64;linux-arm;linux-arm64;linux-musl-arm;win-arm64;osx-arm64;linux-s390x;linux-loongarch64;linux-ppc64le;freebsd-x64;freebsd-arm64
                           RuntimePackNamePatterns = Microsoft.AspNetCore.App.Runtime.**RID**
                           TargetingPackVersion = 8.0.26
                           RuntimeFrameworkName = Microsoft.AspNetCore.App
                       Microsoft.AspNetCore.App
                           TargetFramework = netcoreapp3.1
                           DefaultRuntimeFrameworkVersion = 3.1.0
                           TargetingPackName = Microsoft.AspNetCore.App.Ref
                           LatestRuntimeFrameworkVersion = 3.1.32
                           RuntimePackRuntimeIdentifiers = win-x64;win-x86;win-arm;osx-x64;linux-musl-x64;linux-musl-arm64;linux-x64;linux-arm;linux-arm64
                           RuntimePackNamePatterns = Microsoft.AspNetCore.App.Runtime.**RID**
                           TargetingPackVersion = 3.1.10
                           RuntimeFrameworkName = Microsoft.AspNetCore.App
                       Microsoft.NETCore.App
                           TargetFramework = netcoreapp3.1
                           DefaultRuntimeFrameworkVersion = 3.1.0
                           TargetingPackName = Microsoft.NETCore.App.Ref
                           LatestRuntimeFrameworkVersion = 3.1.32
                           RuntimePackRuntimeIdentifiers = linux-arm;linux-arm64;linux-musl-arm64;linux-musl-x64;linux-x64;osx-x64;rhel.6-x64;tizen.4.0.0-armel;tizen.5.0.0-armel;win-arm;win-arm64;win-x64;win-x86
                           RuntimePackNamePatterns = Microsoft.NETCore.App.Runtime.**RID**
                           TargetingPackVersion = 3.1.0
                           IsTrimmable = true
                           RuntimeFrameworkName = Microsoft.NETCore.App
                       Microsoft.NETCore.App
                           TargetFramework = netcoreapp3.0
                           DefaultRuntimeFrameworkVersion = 3.0.0
                           TargetingPackName = Microsoft.NETCore.App.Ref
                           LatestRuntimeFrameworkVersion = 3.0.3
                           RuntimePackRuntimeIdentifiers = linux-arm;linux-arm64;linux-musl-arm64;linux-musl-x64;linux-x64;osx-x64;rhel.6-x64;tizen.4.0.0-armel;tizen.5.0.0-armel;win-arm;win-arm64;win-x64;win-x86
                           RuntimePackNamePatterns = Microsoft.NETCore.App.Runtime.**RID**
                           TargetingPackVersion = 3.0.0
                           IsTrimmable = true
                           RuntimeFrameworkName = Microsoft.NETCore.App
                       Microsoft.NETCore.App
                           TargetFramework = net5.0
                           DefaultRuntimeFrameworkVersion = 5.0.0
                           TargetingPackName = Microsoft.NETCore.App.Ref
                           LatestRuntimeFrameworkVersion = 5.0.17
                           RuntimePackRuntimeIdentifiers = linux-arm;linux-arm64;linux-musl-arm64;linux-musl-x64;linux-x64;osx-x64;rhel.6-x64;tizen.4.0.0-armel;tizen.5.0.0-armel;win-arm;win-arm64;win-x64;win-x86;linux-musl-arm;browser-wasm
                           RuntimePackNamePatterns = Microsoft.NETCore.App.Runtime.**RID**
                           TargetingPackVersion = 5.0.0
                           IsTrimmable = true
                           RuntimeFrameworkName = Microsoft.NETCore.App
                       Microsoft.NETCore.App
                           TargetFramework = net6.0
                           DefaultRuntimeFrameworkVersion = 6.0.0
                           TargetingPackName = Microsoft.NETCore.App.Ref
                           LatestRuntimeFrameworkVersion = 6.0.36
                           RuntimePackRuntimeIdentifiers = linux-arm;linux-arm64;linux-musl-arm64;linux-musl-x64;linux-x64;osx-x64;rhel.6-x64;tizen.4.0.0-armel;tizen.5.0.0-armel;win-arm;win-arm64;win-x64;win-x86;linux-musl-arm;osx-arm64;linux-s390x;linux-loongarch64
                           RuntimePackNamePatterns = Microsoft.NETCore.App.Runtime.**RID**
                           TargetingPackVersion = 6.0.36
                           RuntimeFrameworkName = Microsoft.NETCore.App
                       Microsoft.NETCore.App
                           TargetFramework = net9.0
                           DefaultRuntimeFrameworkVersion = 9.0.0
                           TargetingPackName = Microsoft.NETCore.App.Ref
                           LatestRuntimeFrameworkVersion = 9.0.15
                           RuntimePackRuntimeIdentifiers = linux-arm;linux-arm64;linux-musl-arm64;linux-musl-x64;linux-x64;osx-x64;rhel.6-x64;tizen.4.0.0-armel;tizen.5.0.0-armel;win-arm64;win-x64;win-x86;linux-musl-arm;osx-arm64;linux-s390x;linux-loongarch64;linux-bionic-arm;linux-bionic-arm64;linux-bionic-x64;linux-bionic-x86;linux-ppc64le;freebsd-x64;freebsd-arm64;linux-riscv64;linux-musl-riscv64;linux-musl-loongarch64
                           RuntimePackNamePatterns = Microsoft.NETCore.App.Runtime.**RID**
                           TargetingPackVersion = 9.0.15
                           RuntimeFrameworkName = Microsoft.NETCore.App
                       Microsoft.NETCore.App
                           TargetFramework = net8.0
                           DefaultRuntimeFrameworkVersion = 8.0.0
                           TargetingPackName = Microsoft.NETCore.App.Ref
                           LatestRuntimeFrameworkVersion = 8.0.26
                           RuntimePackRuntimeIdentifiers = linux-arm;linux-arm64;linux-musl-arm64;linux-musl-x64;linux-x64;osx-x64;rhel.6-x64;tizen.4.0.0-armel;tizen.5.0.0-armel;win-arm64;win-x64;win-x86;linux-musl-arm;osx-arm64;linux-s390x;linux-loongarch64;linux-bionic-arm;linux-bionic-arm64;linux-bionic-x64;linux-bionic-x86;linux-ppc64le;freebsd-x64;freebsd-arm64
                           RuntimePackNamePatterns = Microsoft.NETCore.App.Runtime.**RID**
                           TargetingPackVersion = 8.0.26
                           RuntimeFrameworkName = Microsoft.NETCore.App
                       Microsoft.NETCore.App
                           TargetFramework = net7.0
                           DefaultRuntimeFrameworkVersion = 7.0.0
                           TargetingPackName = Microsoft.NETCore.App.Ref
                           LatestRuntimeFrameworkVersion = 7.0.20
                           RuntimePackRuntimeIdentifiers = linux-arm;linux-arm64;linux-musl-arm64;linux-musl-x64;linux-x64;osx-x64;rhel.6-x64;tizen.4.0.0-armel;tizen.5.0.0-armel;win-arm;win-arm64;win-x64;win-x86;linux-musl-arm;osx-arm64;linux-s390x;linux-loongarch64;linux-bionic-arm;linux-bionic-arm64;linux-bionic-x64;linux-bionic-x86;linux-ppc64le
                           RuntimePackNamePatterns = Microsoft.NETCore.App.Runtime.**RID**
                           TargetingPackVersion = 7.0.20
                           RuntimeFrameworkName = Microsoft.NETCore.App
                       Microsoft.WindowsDesktop.App
                           TargetFramework = netcoreapp3.1
                           DefaultRuntimeFrameworkVersion = 3.1.0
                           TargetingPackName = Microsoft.WindowsDesktop.App.Ref
                           IsWindowsOnly = true
                           LatestRuntimeFrameworkVersion = 3.1.32
                           RuntimePackRuntimeIdentifiers = win-x64;win-x86
                           RuntimePackNamePatterns = Microsoft.WindowsDesktop.App.Runtime.**RID**
                           TargetingPackVersion = 3.1.0
                           RuntimeFrameworkName = Microsoft.WindowsDesktop.App
                       Microsoft.WindowsDesktop.App
                           TargetFramework = net9.0
                           DefaultRuntimeFrameworkVersion = 9.0.0
                           TargetingPackName = Microsoft.WindowsDesktop.App.Ref
                           IsWindowsOnly = true
                           LatestRuntimeFrameworkVersion = 9.0.15
                           RuntimePackRuntimeIdentifiers = win-x64;win-x86;win-arm64
                           RuntimePackNamePatterns = Microsoft.WindowsDesktop.App.Runtime.**RID**
                           TargetingPackVersion = 9.0.15
                           RuntimeFrameworkName = Microsoft.WindowsDesktop.App
                       Microsoft.WindowsDesktop.App
                           TargetFramework = net5.0
                           DefaultRuntimeFrameworkVersion = 5.0.0
                           TargetingPackName = Microsoft.WindowsDesktop.App.Ref
                           IsWindowsOnly = true
                           LatestRuntimeFrameworkVersion = 5.0.17
                           RuntimePackRuntimeIdentifiers = win-x64;win-x86;win-arm64
                           RuntimePackNamePatterns = Microsoft.WindowsDesktop.App.Runtime.**RID**
                           TargetingPackVersion = 5.0.0
                           RuntimeFrameworkName = Microsoft.WindowsDesktop.App
                       Microsoft.WindowsDesktop.App
                           TargetFramework = net7.0
                           DefaultRuntimeFrameworkVersion = 7.0.0
                           TargetingPackName = Microsoft.WindowsDesktop.App.Ref
                           IsWindowsOnly = true
                           LatestRuntimeFrameworkVersion = 7.0.20
                           RuntimePackRuntimeIdentifiers = win-x64;win-x86;win-arm64
                           RuntimePackNamePatterns = Microsoft.WindowsDesktop.App.Runtime.**RID**
                           TargetingPackVersion = 7.0.20
                           RuntimeFrameworkName = Microsoft.WindowsDesktop.App
                       Microsoft.WindowsDesktop.App
                           TargetFramework = net8.0
                           DefaultRuntimeFrameworkVersion = 8.0.0
                           TargetingPackName = Microsoft.WindowsDesktop.App.Ref
                           IsWindowsOnly = true
                           LatestRuntimeFrameworkVersion = 8.0.26
                           RuntimePackRuntimeIdentifiers = win-x64;win-x86;win-arm64
                           RuntimePackNamePatterns = Microsoft.WindowsDesktop.App.Runtime.**RID**
                           TargetingPackVersion = 8.0.26
                           RuntimeFrameworkName = Microsoft.WindowsDesktop.App
                       Microsoft.WindowsDesktop.App
                           TargetFramework = netcoreapp3.0
                           DefaultRuntimeFrameworkVersion = 3.0.0
                           TargetingPackName = Microsoft.WindowsDesktop.App.Ref
                           IsWindowsOnly = true
                           LatestRuntimeFrameworkVersion = 3.0.3
                           RuntimePackRuntimeIdentifiers = win-x64;win-x86
                           RuntimePackNamePatterns = Microsoft.WindowsDesktop.App.Runtime.**RID**
                           TargetingPackVersion = 3.0.0
                           RuntimeFrameworkName = Microsoft.WindowsDesktop.App
                       Microsoft.WindowsDesktop.App
                           TargetFramework = net6.0
                           DefaultRuntimeFrameworkVersion = 6.0.0
                           TargetingPackName = Microsoft.WindowsDesktop.App.Ref
                           IsWindowsOnly = true
                           LatestRuntimeFrameworkVersion = 6.0.36
                           RuntimePackRuntimeIdentifiers = win-x64;win-x86;win-arm64
                           RuntimePackNamePatterns = Microsoft.WindowsDesktop.App.Runtime.**RID**
                           TargetingPackVersion = 6.0.36
                           RuntimeFrameworkName = Microsoft.WindowsDesktop.App
                       Microsoft.WindowsDesktop.App.WindowsForms
                           TargetFramework = net9.0
                           DefaultRuntimeFrameworkVersion = 9.0.0
                           TargetingPackName = Microsoft.WindowsDesktop.App.Ref
                           IsWindowsOnly = true
                           LatestRuntimeFrameworkVersion = 9.0.15
                           RuntimePackRuntimeIdentifiers = win-x64;win-x86;win-arm64
                           RuntimePackNamePatterns = Microsoft.WindowsDesktop.App.Runtime.**RID**
                           TargetingPackVersion = 9.0.15
                           Profile = WindowsForms
                           RuntimeFrameworkName = Microsoft.WindowsDesktop.App
                       Microsoft.WindowsDesktop.App.WindowsForms
                           TargetFramework = net5.0
                           DefaultRuntimeFrameworkVersion = 5.0.0
                           TargetingPackName = Microsoft.WindowsDesktop.App.Ref
                           IsWindowsOnly = true
                           LatestRuntimeFrameworkVersion = 5.0.17
                           RuntimePackRuntimeIdentifiers = win-x64;win-x86;win-arm64
                           RuntimePackNamePatterns = Microsoft.WindowsDesktop.App.Runtime.**RID**
                           TargetingPackVersion = 5.0.0
                           Profile = WindowsForms
                           RuntimeFrameworkName = Microsoft.WindowsDesktop.App
                       Microsoft.WindowsDesktop.App.WindowsForms
                           TargetFramework = netcoreapp3.0
                           DefaultRuntimeFrameworkVersion = 3.0.0
                           TargetingPackName = Microsoft.WindowsDesktop.App.Ref
                           IsWindowsOnly = true
                           LatestRuntimeFrameworkVersion = 3.0.3
                           RuntimePackRuntimeIdentifiers = win-x64;win-x86
                           RuntimePackNamePatterns = Microsoft.WindowsDesktop.App.Runtime.**RID**
                           TargetingPackVersion = 3.0.0
                           Profile = WindowsForms
                           RuntimeFrameworkName = Microsoft.WindowsDesktop.App
                       Microsoft.WindowsDesktop.App.WindowsForms
                           TargetFramework = net8.0
                           DefaultRuntimeFrameworkVersion = 8.0.0
                           TargetingPackName = Microsoft.WindowsDesktop.App.Ref
                           IsWindowsOnly = true
                           LatestRuntimeFrameworkVersion = 8.0.26
                           RuntimePackRuntimeIdentifiers = win-x64;win-x86;win-arm64
                           RuntimePackNamePatterns = Microsoft.WindowsDesktop.App.Runtime.**RID**
                           TargetingPackVersion = 8.0.26
                           Profile = WindowsForms
                           RuntimeFrameworkName = Microsoft.WindowsDesktop.App
                       Microsoft.WindowsDesktop.App.WindowsForms
                           TargetFramework = net7.0
                           DefaultRuntimeFrameworkVersion = 7.0.0
                           TargetingPackName = Microsoft.WindowsDesktop.App.Ref
                           IsWindowsOnly = true
                           LatestRuntimeFrameworkVersion = 7.0.20
                           RuntimePackRuntimeIdentifiers = win-x64;win-x86;win-arm64
                           RuntimePackNamePatterns = Microsoft.WindowsDesktop.App.Runtime.**RID**
                           TargetingPackVersion = 7.0.20
                           Profile = WindowsForms
                           RuntimeFrameworkName = Microsoft.WindowsDesktop.App
                       Microsoft.WindowsDesktop.App.WindowsForms
                           TargetFramework = net6.0
                           DefaultRuntimeFrameworkVersion = 6.0.0
                           TargetingPackName = Microsoft.WindowsDesktop.App.Ref
                           IsWindowsOnly = true
                           LatestRuntimeFrameworkVersion = 6.0.36
                           RuntimePackRuntimeIdentifiers = win-x64;win-x86;win-arm64
                           RuntimePackNamePatterns = Microsoft.WindowsDesktop.App.Runtime.**RID**
                           TargetingPackVersion = 6.0.36
                           Profile = WindowsForms
                           RuntimeFrameworkName = Microsoft.WindowsDesktop.App
                       Microsoft.WindowsDesktop.App.WindowsForms
                           TargetFramework = netcoreapp3.1
                           DefaultRuntimeFrameworkVersion = 3.1.0
                           TargetingPackName = Microsoft.WindowsDesktop.App.Ref
                           IsWindowsOnly = true
                           LatestRuntimeFrameworkVersion = 3.1.32
                           RuntimePackRuntimeIdentifiers = win-x64;win-x86
                           RuntimePackNamePatterns = Microsoft.WindowsDesktop.App.Runtime.**RID**
                           TargetingPackVersion = 3.1.0
                           Profile = WindowsForms
                           RuntimeFrameworkName = Microsoft.WindowsDesktop.App
                       Microsoft.WindowsDesktop.App.WPF
                           TargetFramework = netcoreapp3.0
                           DefaultRuntimeFrameworkVersion = 3.0.0
                           TargetingPackName = Microsoft.WindowsDesktop.App.Ref
                           IsWindowsOnly = true
                           LatestRuntimeFrameworkVersion = 3.0.3
                           RuntimePackRuntimeIdentifiers = win-x64;win-x86
                           RuntimePackNamePatterns = Microsoft.WindowsDesktop.App.Runtime.**RID**
                           TargetingPackVersion = 3.0.0
                           Profile = WPF
                           RuntimeFrameworkName = Microsoft.WindowsDesktop.App
                       Microsoft.WindowsDesktop.App.WPF
                           TargetFramework = net6.0
                           DefaultRuntimeFrameworkVersion = 6.0.0
                           TargetingPackName = Microsoft.WindowsDesktop.App.Ref
                           IsWindowsOnly = true
                           LatestRuntimeFrameworkVersion = 6.0.36
                           RuntimePackRuntimeIdentifiers = win-x64;win-x86;win-arm64
                           RuntimePackNamePatterns = Microsoft.WindowsDesktop.App.Runtime.**RID**
                           TargetingPackVersion = 6.0.36
                           Profile = WPF
                           RuntimeFrameworkName = Microsoft.WindowsDesktop.App
                       Microsoft.WindowsDesktop.App.WPF
                           TargetFramework = net5.0
                           DefaultRuntimeFrameworkVersion = 5.0.0
                           TargetingPackName = Microsoft.WindowsDesktop.App.Ref
                           IsWindowsOnly = true
                           LatestRuntimeFrameworkVersion = 5.0.17
                           RuntimePackRuntimeIdentifiers = win-x64;win-x86;win-arm64
                           RuntimePackNamePatterns = Microsoft.WindowsDesktop.App.Runtime.**RID**
                           TargetingPackVersion = 5.0.0
                           Profile = WPF
                           RuntimeFrameworkName = Microsoft.WindowsDesktop.App
                       Microsoft.WindowsDesktop.App.WPF
                           TargetFramework = net7.0
                           DefaultRuntimeFrameworkVersion = 7.0.0
                           TargetingPackName = Microsoft.WindowsDesktop.App.Ref
                           IsWindowsOnly = true
                           LatestRuntimeFrameworkVersion = 7.0.20
                           RuntimePackRuntimeIdentifiers = win-x64;win-x86;win-arm64
                           RuntimePackNamePatterns = Microsoft.WindowsDesktop.App.Runtime.**RID**
                           TargetingPackVersion = 7.0.20
                           Profile = WPF
                           RuntimeFrameworkName = Microsoft.WindowsDesktop.App
                       Microsoft.WindowsDesktop.App.WPF
                           TargetFramework = net8.0
                           DefaultRuntimeFrameworkVersion = 8.0.0
                           TargetingPackName = Microsoft.WindowsDesktop.App.Ref
                           IsWindowsOnly = true
                           LatestRuntimeFrameworkVersion = 8.0.26
                           RuntimePackRuntimeIdentifiers = win-x64;win-x86;win-arm64
                           RuntimePackNamePatterns = Microsoft.WindowsDesktop.App.Runtime.**RID**
                           TargetingPackVersion = 8.0.26
                           Profile = WPF
                           RuntimeFrameworkName = Microsoft.WindowsDesktop.App
                       Microsoft.WindowsDesktop.App.WPF
                           TargetFramework = net9.0
                           DefaultRuntimeFrameworkVersion = 9.0.0
                           TargetingPackName = Microsoft.WindowsDesktop.App.Ref
                           IsWindowsOnly = true
                           LatestRuntimeFrameworkVersion = 9.0.15
                           RuntimePackRuntimeIdentifiers = win-x64;win-x86;win-arm64
                           RuntimePackNamePatterns = Microsoft.WindowsDesktop.App.Runtime.**RID**
                           TargetingPackVersion = 9.0.15
                           Profile = WPF
                           RuntimeFrameworkName = Microsoft.WindowsDesktop.App
                       Microsoft.WindowsDesktop.App.WPF
                           TargetFramework = netcoreapp3.1
                           DefaultRuntimeFrameworkVersion = 3.1.0
                           TargetingPackName = Microsoft.WindowsDesktop.App.Ref
                           IsWindowsOnly = true
                           LatestRuntimeFrameworkVersion = 3.1.32
                           RuntimePackRuntimeIdentifiers = win-x64;win-x86
                           RuntimePackNamePatterns = Microsoft.WindowsDesktop.App.Runtime.**RID**
                           TargetingPackVersion = 3.1.0
                           Profile = WPF
                           RuntimeFrameworkName = Microsoft.WindowsDesktop.App
                       NETStandard.Library
                           TargetFramework = netstandard2.1
                           TargetingPackName = NETStandard.Library.Ref
                           TargetingPackVersion = 2.1.0
                   KnownILCompilerPack
                       Microsoft.DotNet.ILCompiler
                           ILCompilerPackNamePattern = runtime.**RID**.Microsoft.DotNet.ILCompiler
                           TargetFramework = net9.0
                           ILCompilerPackVersion = 9.0.15
                           ILCompilerRuntimeIdentifiers = linux-arm64;linux-musl-arm64;linux-musl-x64;linux-x64;win-arm64;win-x64;osx-x64;osx-arm64;freebsd-x64;freebsd-arm64;linux-arm;linux-musl-arm;win-x86
                       Microsoft.DotNet.ILCompiler
                           ILCompilerPackNamePattern = runtime.**RID**.Microsoft.DotNet.ILCompiler
                           TargetFramework = net8.0
                           ILCompilerPackVersion = 8.0.26
                           ILCompilerRuntimeIdentifiers = linux-arm64;linux-musl-arm64;linux-musl-x64;linux-x64;win-arm64;win-x64;osx-x64;osx-arm64;freebsd-x64;freebsd-arm64
                       Microsoft.DotNet.ILCompiler
                           ILCompilerPackNamePattern = runtime.**RID**.Microsoft.DotNet.ILCompiler
                           TargetFramework = net7.0
                           ILCompilerPackVersion = 7.0.20
                           ILCompilerRuntimeIdentifiers = linux-arm64;linux-musl-arm64;linux-musl-x64;linux-x64;win-arm64;win-x64
                   KnownILLinkPack
                       Microsoft.NET.ILLink.Tasks
                           TargetFramework = net9.0
                           ILLinkPackVersion = 9.0.15
                       Microsoft.NET.ILLink.Tasks
                           TargetFramework = net8.0
                           ILLinkPackVersion = 8.0.26
                       Microsoft.NET.ILLink.Tasks
                           TargetFramework = net7.0
                           ILLinkPackVersion = 7.0.100-1.23211.1
                       Microsoft.NET.ILLink.Tasks
                           TargetFramework = net6.0
                           ILLinkPackVersion = 7.0.100-1.23211.1
                       Microsoft.NET.ILLink.Tasks
                           TargetFramework = net5.0
                           ILLinkPackVersion = 7.0.100-1.23211.1
                       Microsoft.NET.ILLink.Tasks
                           TargetFramework = netcoreapp3.1
                           ILLinkPackVersion = 7.0.100-1.23211.1
                       Microsoft.NET.ILLink.Tasks
                           TargetFramework = netcoreapp3.0
                           ILLinkPackVersion = 7.0.100-1.23211.1
                   KnownRuntimePack
                       Microsoft.NETCore.App
                           TargetFramework = net9.0
                           LatestRuntimeFrameworkVersion = 9.0.15
                           RuntimePackRuntimeIdentifiers = ios-arm64;iossimulator-arm64;iossimulator-x64;tvos-arm64;tvossimulator-arm64;tvossimulator-x64;maccatalyst-arm64;maccatalyst-x64;linux-bionic-arm64;linux-bionic-x64;osx-arm64;osx-x64;freebsd-arm64;freebsd-x64;linux-x64;linux-arm;linux-arm64;linux-bionic-arm;linux-musl-x64;linux-musl-arm;linux-musl-arm64;win-x64;win-x86;win-arm64;browser-wasm;wasi-wasm
                           RuntimePackNamePatterns = Microsoft.NETCore.App.Runtime.NativeAOT.**RID**
                           RuntimePackLabels = NativeAOT
                           RuntimeFrameworkName = Microsoft.NETCore.App
                       Microsoft.NETCore.App
                           TargetFramework = net9.0
                           LatestRuntimeFrameworkVersion = 9.0.15
                           RuntimePackRuntimeIdentifiers = linux-arm;linux-arm64;linux-musl-arm64;linux-musl-x64;linux-x64;osx-x64;rhel.6-x64;win-arm64;win-x64;win-x86;linux-musl-arm;osx-arm64;linux-s390x;linux-loongarch64;browser-wasm;ios-arm64;ios-arm;iossimulator-arm64;iossimulator-x64;iossimulator-x86;tvos-arm64;tvossimulator-arm64;tvossimulator-x64;maccatalyst-x64;maccatalyst-arm64;android-arm64;android-arm;android-x64;android-x86;freebsd-x64;freebsd-arm64;linux-riscv64;linux-musl-riscv64;linux-loongarch64;linux-musl-loongarch64
                           RuntimePackNamePatterns = Microsoft.NETCore.App.Runtime.Mono.**RID**
                           RuntimePackLabels = Mono
                           RuntimeFrameworkName = Microsoft.NETCore.App
                       Microsoft.NETCore.App
                           TargetFramework = net8.0
                           LatestRuntimeFrameworkVersion = 8.0.26
                           RuntimePackRuntimeIdentifiers = ios-arm64;iossimulator-arm64;iossimulator-x64;tvos-arm64;tvossimulator-arm64;tvossimulator-x64;maccatalyst-arm64;maccatalyst-x64;linux-bionic-arm64;linux-bionic-x64;osx-arm64;osx-x64;freebsd-arm64;freebsd-x64
                           RuntimePackNamePatterns = Microsoft.NETCore.App.Runtime.NativeAOT.**RID**
                           RuntimePackLabels = NativeAOT
                           RuntimeFrameworkName = Microsoft.NETCore.App
                       Microsoft.NETCore.App
                           TargetFramework = net8.0
                           LatestRuntimeFrameworkVersion = 8.0.26
                           RuntimePackRuntimeIdentifiers = linux-arm;linux-arm64;linux-musl-arm64;linux-musl-x64;linux-x64;osx-x64;rhel.6-x64;win-arm64;win-x64;win-x86;linux-musl-arm;osx-arm64;linux-s390x;linux-loongarch64;browser-wasm;ios-arm64;ios-arm;iossimulator-arm64;iossimulator-x64;iossimulator-x86;tvos-arm64;tvossimulator-arm64;tvossimulator-x64;maccatalyst-x64;maccatalyst-arm64;android-arm64;android-arm;android-x64;android-x86;freebsd-x64;freebsd-arm64
                           RuntimePackNamePatterns = Microsoft.NETCore.App.Runtime.Mono.**RID**
                           RuntimePackLabels = Mono
                           RuntimeFrameworkName = Microsoft.NETCore.App
                       Microsoft.NETCore.App
                           TargetFramework = net7.0
                           LatestRuntimeFrameworkVersion = 7.0.20
                           RuntimePackRuntimeIdentifiers = linux-arm;linux-arm64;linux-musl-arm64;linux-musl-x64;linux-x64;osx-x64;rhel.6-x64;win-arm;win-arm64;win-x64;win-x86;linux-musl-arm;osx-arm64;linux-s390x;linux-loongarch64;browser-wasm;ios-arm64;ios-arm;iossimulator-arm64;iossimulator-x64;iossimulator-x86;tvos-arm64;tvossimulator-arm64;tvossimulator-x64;maccatalyst-x64;maccatalyst-arm64;android-arm64;android-arm;android-x64;android-x86
                           RuntimePackNamePatterns = Microsoft.NETCore.App.Runtime.Mono.**RID**
                           RuntimePackLabels = Mono
                           RuntimeFrameworkName = Microsoft.NETCore.App
                       Microsoft.NETCore.App
                           TargetFramework = net6.0
                           LatestRuntimeFrameworkVersion = 6.0.36
                           RuntimePackRuntimeIdentifiers = linux-arm;linux-arm64;linux-musl-arm64;linux-musl-x64;linux-x64;osx-x64;rhel.6-x64;win-arm;win-arm64;win-x64;win-x86;linux-musl-arm;osx-arm64;linux-s390x;linux-loongarch64;browser-wasm;ios-arm64;ios-arm;iossimulator-arm64;iossimulator-x64;iossimulator-x86;tvos-arm64;tvossimulator-arm64;tvossimulator-x64;maccatalyst-x64;maccatalyst-arm64;android-arm64;android-arm;android-x64;android-x86
                           RuntimePackNamePatterns = Microsoft.NETCore.App.Runtime.Mono.**RID**
                           RuntimePackLabels = Mono
                           RuntimeFrameworkName = Microsoft.NETCore.App
                   KnownWebAssemblySdkPack
                       Microsoft.NET.Sdk.WebAssembly.Pack
                           TargetFramework = net9.0
                           WebAssemblySdkPackVersion = 9.0.15
                       Microsoft.NET.Sdk.WebAssembly.Pack
                           TargetFramework = net8.0
                           WebAssemblySdkPackVersion = 9.0.15
                       Microsoft.NET.Sdk.WebAssembly.Pack
                           TargetFramework = net7.0
                           WebAssemblySdkPackVersion = 9.0.15
                       Microsoft.NET.Sdk.WebAssembly.Pack
                           TargetFramework = net6.0
                           WebAssemblySdkPackVersion = 9.0.15
                   None
                       hng-genderizeApp.http
                       Properties\launchSettings.json
                           CopyToOutputDirectory = Never
                           ExcludeFromSingleFile = true
                           CopyToPublishDirectory = Never
                   PackageConflictOverrides
                       NETStandard.Library
                           OverriddenPackages = 
                           Microsoft.Win32.Primitives|4.3.0;
                           System.AppContext|4.3.0;
                           System.Collections|4.3.0;
                           System.Collections.Concurrent|4.3.0;
                           System.Collections.Immutable|1.4.0;
                           System.Collections.NonGeneric|4.3.0;
                           System.Collections.Specialized|4.3.0;
                           System.ComponentModel|4.3.0;
                           System.ComponentModel.EventBasedAsync|4.3.0;
                           System.ComponentModel.Primitives|4.3.0;
                           System.ComponentModel.TypeConverter|4.3.0;
                           System.Console|4.3.0;
                           System.Data.Common|4.3.0;
                           System.Diagnostics.Contracts|4.3.0;
                           System.Diagnostics.Debug|4.3.0;
                           System.Diagnostics.FileVersionInfo|4.3.0;
                           System.Diagnostics.Process|4.3.0;
                           System.Diagnostics.StackTrace|4.3.0;
                           System.Diagnostics.TextWriterTraceListener|4.3.0;
                           System.Diagnostics.Tools|4.3.0;
                           System.Diagnostics.TraceSource|4.3.0;
                           System.Diagnostics.Tracing|4.3.0;
                           System.Dynamic.Runtime|4.3.0;
                           System.Globalization|4.3.0;
                           System.Globalization.Calendars|4.3.0;
                           System.Globalization.Extensions|4.3.0;
                           System.IO|4.3.0;
                           System.IO.Compression|4.3.0;
                           System.IO.Compression.ZipFile|4.3.0;
                           System.IO.FileSystem|4.3.0;
                           System.IO.FileSystem.DriveInfo|4.3.0;
                           System.IO.FileSystem.Primitives|4.3.0;
                           System.IO.FileSystem.Watcher|4.3.0;
                           System.IO.IsolatedStorage|4.3.0;
                           System.IO.MemoryMappedFiles|4.3.0;
                           System.IO.Pipes|4.3.0;
                           System.IO.UnmanagedMemoryStream|4.3.0;
                           System.Linq|4.3.0;
                           System.Linq.Expressions|4.3.0;
                           System.Linq.Queryable|4.3.0;
                           System.Net.Http|4.3.0;
                           System.Net.NameResolution|4.3.0;
                           System.Net.Primitives|4.3.0;
                           System.Net.Requests|4.3.0;
                           System.Net.Security|4.3.0;
                           System.Net.Sockets|4.3.0;
                           System.Net.WebHeaderCollection|4.3.0;
                           System.ObjectModel|4.3.0;
                           System.Private.DataContractSerialization|4.3.0;
                           System.Reflection|4.3.0;
                           System.Reflection.Emit|4.3.0;
                           System.Reflection.Emit.ILGeneration|4.3.0;
                           System.Reflection.Emit.Lightweight|4.3.0;
                           System.Reflection.Extensions|4.3.0;
                           System.Reflection.Primitives|4.3.0;
                           System.Reflection.TypeExtensions|4.3.0;
                           System.Resources.ResourceManager|4.3.0;
                           System.Runtime|4.3.0;
                           System.Runtime.Extensions|4.3.0;
                           System.Runtime.Handles|4.3.0;
                           System.Runtime.InteropServices|4.3.0;
                           System.Runtime.InteropServices.RuntimeInformation|4.3.0;
                           System.Runtime.Loader|4.3.0;
                           System.Runtime.Numerics|4.3.0;
                           System.Runtime.Serialization.Formatters|4.3.0;
                           System.Runtime.Serialization.Json|4.3.0;
                           System.Runtime.Serialization.Primitives|4.3.0;
                           System.Security.AccessControl|4.4.0;
                           System.Security.Claims|4.3.0;
                           System.Security.Cryptography.Algorithms|4.3.0;
                           System.Security.Cryptography.Csp|4.3.0;
                           System.Security.Cryptography.Encoding|4.3.0;
                           System.Security.Cryptography.Primitives|4.3.0;
                           System.Security.Cryptography.X509Certificates|4.3.0;
                           System.Security.Cryptography.Xml|4.4.0;
                           System.Security.Principal|4.3.0;
                           System.Security.Principal.Windows|4.4.0;
                           System.Text.Encoding|4.3.0;
                           System.Text.Encoding.Extensions|4.3.0;
                           System.Text.RegularExpressions|4.3.0;
                           System.Threading|4.3.0;
                           System.Threading.Overlapped|4.3.0;
                           System.Threading.Tasks|4.3.0;
                           System.Threading.Tasks.Extensions|4.3.0;
                           System.Threading.Tasks.Parallel|4.3.0;
                           System.Threading.Thread|4.3.0;
                           System.Threading.ThreadPool|4.3.0;
                           System.Threading.Timer|4.3.0;
                           System.ValueTuple|4.3.0;
                           System.Xml.ReaderWriter|4.3.0;
                           System.Xml.XDocument|4.3.0;
                           System.Xml.XmlDocument|4.3.0;
                           System.Xml.XmlSerializer|4.3.0;
                           System.Xml.XPath|4.3.0;
                           System.Xml.XPath.XDocument|4.3.0;
                         
                   PackageReference
                       MediatR
                           Version = 14.1.0
                       Microsoft.AspNetCore.OpenApi
                           Version = 9.0.14
                       Scalar.AspNetCore
                           Version = 2.13.22
                   PotentialEditorConfigFiles
                       C:\.editorconfig
                       C:\Users\.editorconfig
                       C:\Users\frank.io\.editorconfig
                       C:\Users\frank.io\source\.editorconfig
                       C:\Users\frank.io\source\repos\.editorconfig
                       C:\Users\frank.io\source\repos\hng-genderizeApp\.editorconfig
                       C:\Users\frank.io\source\repos\hng-genderizeApp\hng-genderizeApp\.editorconfig
                       C:\Users\frank.io\source\repos\hng-genderizeApp\hng-genderizeApp\Controllers\.editorconfig
                       C:\Users\frank.io\source\repos\hng-genderizeApp\hng-genderizeApp\Extensions\.editorconfig
                   PreprocessorValue
                       assemblyname
                           Value = hng-genderizeApp
                       filename
                           Value = hng-genderizeApp.csproj
                       fullpath
                           Value = C:\Users\frank.io\source\repos\hng-genderizeApp\hng-genderizeApp
                       outputfilename
                           Value = hng-genderizeApp.dll
                       rootnamespace
                           Value = hng_genderizeApp
                   ProjectCapability
                       AllTargetOutputGroups
                       AppServicePublish
                       AspNetCore
                       AspNetCoreInProcessHosting
                       AssemblyReferences
                       COMReferences
                       CrossPlatformExecutable
                       CSharp
                       DeclaredSourceItems
                       DotNetCoreRazor
                       DotNetCoreRazorConfiguration
                       DotNetCoreWeb
                       DynamicDependentFile
                       DynamicFileNesting
                       GenerateDocumentationFile
                       LanguageService
                       Managed
                       NativeAOT
                       NetSdkOCIImageBuild
                       OutputGroups
                       Pack
                       ProjectReferences
                       ReferencesFolder
                       RelativePathDerivedDefaultNamespace
                       SharedProjectReferences
                       SingleFileGenerators
                       SupportHierarchyContextSvc
                       SupportsComputeRunCommand
                       SupportsHotReload
                       SupportsTypeScriptNuGet
                       UserSourceItems
                       VisualStudioWellKnownOutputGroups
                       Web
                       WebNestingDefaults
                   ProjectReference
                       ..\Application\Application.csproj
                           ReferenceSourceTarget = ProjectReference
                           OutputItemType = 
                           GlobalPropertiesToRemove = ;WebPublishProfileFile
                           Targets = 
                       ..\Infrastructure\Infrastructure.csproj
                           ReferenceSourceTarget = ProjectReference
                           OutputItemType = 
                           GlobalPropertiesToRemove = ;WebPublishProfileFile
                           Targets = 
                   PropertyPageSchema
                       C:\Program Files\dotnet\sdk\9.0.313\\assemblyreference.xaml
                           Context = ;BrowseObject
                       C:\Program Files\dotnet\sdk\9.0.313\\COMReference.xaml
                           Context = ;BrowseObject
                       C:\Program Files\dotnet\sdk\9.0.313\\Content.xaml
                           Context = File;BrowseObject
                       C:\Program Files\dotnet\sdk\9.0.313\\CSharp.BrowseObject.xaml
                           Context = BrowseObject
                       C:\Program Files\dotnet\sdk\9.0.313\\CSharp.ProjectItemsSchema.xaml
                       C:\Program Files\dotnet\sdk\9.0.313\\CSharp.xaml
                           Context = File
                       C:\Program Files\dotnet\sdk\9.0.313\\Debugger_General.xaml
                           Context = Project
                       C:\Program Files\dotnet\sdk\9.0.313\\EmbeddedResource.xaml
                           Context = File;BrowseObject
                       C:\Program Files\dotnet\sdk\9.0.313\\Folder.xaml
                           Context = File;BrowseObject
                       C:\Program Files\dotnet\sdk\9.0.313\\General_File.xaml
                           Context = File
                       C:\Program Files\dotnet\sdk\9.0.313\\General.BrowseObject.xaml
                           Context = BrowseObject
                       C:\Program Files\dotnet\sdk\9.0.313\\General.xaml
                           Context = Project
                       C:\Program Files\dotnet\sdk\9.0.313\\None.xaml
                           Context = File;BrowseObject
                       C:\Program Files\dotnet\sdk\9.0.313\\ProjectItemsSchema.xaml
                       C:\Program Files\dotnet\sdk\9.0.313\\ProjectReference.xaml
                           Context = ;BrowseObject
                       C:\Program Files\dotnet\sdk\9.0.313\\ResolvedAssemblyReference.xaml
                           Context = ProjectSubscriptionService;BrowseObject
                       C:\Program Files\dotnet\sdk\9.0.313\\ResolvedCOMReference.xaml
                           Context = ProjectSubscriptionService;BrowseObject
                       C:\Program Files\dotnet\sdk\9.0.313\\ResolvedProjectReference.xaml
                           Context = ProjectSubscriptionService;BrowseObject
                       C:\Program Files\dotnet\sdk\9.0.313\\SCC.xaml
                           Context = Invisible
                       C:\Program Files\dotnet\sdk\9.0.313\\SpecialFolder.xaml
                           Context = File;ProjectSubscriptionService
                       C:\Program Files\dotnet\sdk\9.0.313\Sdks\Microsoft.NET.Sdk.Razor\targets\Rules\RazorComponentWithTargetPath.xaml
                           Context = Project
                       C:\Program Files\dotnet\sdk\9.0.313\Sdks\Microsoft.NET.Sdk.Razor\targets\Rules\RazorConfiguration.xaml
                           Context = File
                       C:\Program Files\dotnet\sdk\9.0.313\Sdks\Microsoft.NET.Sdk.Razor\targets\Rules\RazorExtension.xaml
                           Context = File
                       C:\Program Files\dotnet\sdk\9.0.313\Sdks\Microsoft.NET.Sdk.Razor\targets\Rules\RazorGeneral.xaml
                           Context = Project
                       C:\Program Files\dotnet\sdk\9.0.313\Sdks\Microsoft.NET.Sdk.Razor\targets\Rules\RazorGenerateWithTargetPath.xaml
                           Context = Project
                   RazorConfiguration
                       Default
                       MVC-3.0
                           Extensions = MVC-3.0;
                   RazorExtension
                       MVC-3.0
                           AssemblyName = Microsoft.CodeAnalysis.Razor.Compiler
                           AssemblyFilePath = C:\Program Files\dotnet\sdk\9.0.313\Sdks\Microsoft.NET.Sdk.Razor\targets\..\tools\Microsoft.CodeAnalysis.Razor.Compiler.dll
                   RazorIntermediateAssembly
                       obj\Debug\net9.0\hng-genderizeApp.Views.dll
                   RegFreeComManifest
                       obj\Debug\net9.0\hng-genderizeApp.X.manifest
                   RuntimeHostConfigurationOption
                       System.GC.Server
                           Value = true
                       System.Runtime.Serialization.EnableUnsafeBinaryFormatterSerialization
                           Value = false
                           Trim = true
                   SdkSupportedTargetPlatformIdentifier
                       android
                           DisplayName = Android
                       ios
                           DisplayName = iOS
                       maccatalyst
                           DisplayName = MacCatalyst
                       macos
                           DisplayName = macOS
                       tvos
                           DisplayName = tvOS
                       windows
                           DisplayName = Windows
                   SourceLinkAzureReposGitHost
                       dev.azure.com
                       visualstudio.com
                       vsts.me
                   SourceLinkBitbucketGitHost
                       bitbucket.org
                           EnterpriseEdition = false
                   SourceLinkGitHubHost
                       github.com
                           ContentUrl = https://raw.githubusercontent.com
                   SourceLinkGitLabHost
                       gitlab.com
                   StaticWebAssetContentTypeMapping
                       font/otf
                           Pattern = *.otf
                           Cache = max-age=3600, must-revalidate
                           Priority = 1
                       font/woff2
                           Pattern = *.woff2
                           Cache = max-age=3600, must-revalidate
                           Priority = 1
                       image/bmp
                           Pattern = *.bmp
                           Cache = max-age=3600, must-revalidate
                           Priority = 1
                       image/bmp
                           Pattern = *.dib
                           Cache = max-age=3600, must-revalidate
                           Priority = 1
                       image/cis-cod
                           Pattern = *.cod
                           Cache = max-age=3600, must-revalidate
                           Priority = 1
                       image/gif
                           Pattern = *.gif
                           Cache = max-age=3600, must-revalidate
                           Priority = 1
                       image/ief
                           Pattern = *.ief
                           Cache = max-age=3600, must-revalidate
                           Priority = 1
                       image/jpeg
                           Pattern = *.jpeg
                           Cache = max-age=3600, must-revalidate
                           Priority = 1
                       image/jpeg
                           Pattern = *.jpg
                           Cache = max-age=3600, must-revalidate
                           Priority = 1
                       image/jpeg
                           Pattern = *.jpe
                           Cache = max-age=3600, must-revalidate
                           Priority = 1
                       image/pjpeg
                           Pattern = *.jfif
                           Cache = max-age=3600, must-revalidate
                           Priority = 1
                       image/png
                           Pattern = *.pnz
                           Cache = max-age=3600, must-revalidate
                           Priority = 1
                       image/png
                           Pattern = *.png
                           Cache = max-age=3600, must-revalidate
                           Priority = 1
                       image/svg+xml
                           Pattern = *.svgz
                           Cache = max-age=3600, must-revalidate
                           Priority = 1
                       image/svg+xml
                           Pattern = *.svg
                           Cache = max-age=3600, must-revalidate
                           Priority = 1
                       image/tiff
                           Pattern = *.tif
                           Cache = max-age=3600, must-revalidate
                           Priority = 1
                       image/tiff
                           Pattern = *.tiff
                           Cache = max-age=3600, must-revalidate
                           Priority = 1
                       image/vnd.rn-realflash
                           Pattern = *.rf
                           Cache = max-age=3600, must-revalidate
                           Priority = 1
                       image/vnd.wap.wbmp
                           Pattern = *.wbmp
                           Cache = max-age=3600, must-revalidate
                           Priority = 1
                       image/webp
                           Pattern = *.webp
                           Cache = max-age=3600, must-revalidate
                           Priority = 1
                       image/x-cmu-raster
                           Pattern = *.ras
                           Cache = max-age=3600, must-revalidate
                           Priority = 1
                       image/x-cmx
                           Pattern = *.cmx
                           Cache = max-age=3600, must-revalidate
                           Priority = 1
                       image/x-icon
                           Pattern = *.ico
                           Cache = max-age=3600, must-revalidate
                           Priority = 1
                       image/x-jg
                           Pattern = *.art
                           Cache = max-age=3600, must-revalidate
                           Priority = 1
                       image/x-portable-anymap
                           Pattern = *.pnm
                           Cache = max-age=3600, must-revalidate
                           Priority = 1
                       image/x-portable-bitmap
                           Pattern = *.pbm
                           Cache = max-age=3600, must-revalidate
                           Priority = 1
                       image/x-portable-graymap
                           Pattern = *.pgm
                           Cache = max-age=3600, must-revalidate
                           Priority = 1
                       image/x-portable-pixmap
                           Pattern = *.ppm
                           Cache = max-age=3600, must-revalidate
                           Priority = 1
                       image/x-rgb
                           Pattern = *.rgb
                           Cache = max-age=3600, must-revalidate
                           Priority = 1
                       image/x-xbitmap
                           Pattern = *.xbm
                           Cache = max-age=3600, must-revalidate
                           Priority = 1
                       image/x-xpixmap
                           Pattern = *.xpm
                           Cache = max-age=3600, must-revalidate
                           Priority = 1
                       image/x-xwindowdump
                           Pattern = *.xwd
                           Cache = max-age=3600, must-revalidate
                           Priority = 1
                       video/3gpp
                           Pattern = *.3gp
                           Cache = max-age=3600, must-revalidate
                           Priority = 1
                       video/3gpp
                           Pattern = *.3gpp
                           Cache = max-age=3600, must-revalidate
                           Priority = 1
                       video/3gpp2
                           Pattern = *.3gp2
                           Cache = max-age=3600, must-revalidate
                           Priority = 1
                       video/3gpp2
                           Pattern = *.3g2
                           Cache = max-age=3600, must-revalidate
                           Priority = 1
                       video/mp4
                           Pattern = *.m4v
                           Cache = max-age=3600, must-revalidate
                           Priority = 1
                       video/mp4
                           Pattern = *.mp4v
                           Cache = max-age=3600, must-revalidate
                           Priority = 1
                       video/mp4
                           Pattern = *.mp4
                           Cache = max-age=3600, must-revalidate
                           Priority = 1
                       video/mpeg
                           Pattern = *.m1v
                           Cache = max-age=3600, must-revalidate
                           Priority = 1
                       video/mpeg
                           Pattern = *.mp2
                           Cache = max-age=3600, must-revalidate
                           Priority = 1
                       video/mpeg
                           Pattern = *.mpeg
                           Cache = max-age=3600, must-revalidate
                           Priority = 1
                       video/mpeg
                           Pattern = *.mpa
                           Cache = max-age=3600, must-revalidate
                           Priority = 1
                       video/mpeg
                           Pattern = *.mpv2
                           Cache = max-age=3600, must-revalidate
                           Priority = 1
                       video/mpeg
                           Pattern = *.mpg
                           Cache = max-age=3600, must-revalidate
                           Priority = 1
                       video/mpeg
                           Pattern = *.mpe
                           Cache = max-age=3600, must-revalidate
                           Priority = 1
                       video/ogg
                           Pattern = *.ogv
                           Cache = max-age=3600, must-revalidate
                           Priority = 1
                       video/ogg
                           Pattern = *.ogg
                           Cache = max-age=3600, must-revalidate
                           Priority = 1
                       video/quicktime
                           Pattern = *.mov
                           Cache = max-age=3600, must-revalidate
                           Priority = 1
                       video/quicktime
                           Pattern = *.qt
                           Cache = max-age=3600, must-revalidate
                           Priority = 1
                       video/vnd.dlna.mpeg-tts
                           Pattern = *.ts
                           Cache = max-age=3600, must-revalidate
                           Priority = 1
                       video/vnd.dlna.mpeg-tts
                           Pattern = *.tts
                           Cache = max-age=3600, must-revalidate
                           Priority = 1
                       video/vnd.dlna.mpeg-tts
                           Pattern = *.m2ts
                           Cache = max-age=3600, must-revalidate
                           Priority = 1
                       video/webm
                           Pattern = *.webm
                           Cache = max-age=3600, must-revalidate
                           Priority = 1
                       video/x-flv
                           Pattern = *.flv
                           Cache = max-age=3600, must-revalidate
                           Priority = 1
                       video/x-ivf
                           Pattern = *.IVF
                           Cache = max-age=3600, must-revalidate
                           Priority = 1
                       video/x-la-asf
                           Pattern = *.lsx
                           Cache = max-age=3600, must-revalidate
                           Priority = 1
                       video/x-la-asf
                           Pattern = *.lsf
                           Cache = max-age=3600, must-revalidate
                           Priority = 1
                       video/x-ms-asf
                           Pattern = *.asr
                           Cache = max-age=3600, must-revalidate
                           Priority = 1
                       video/x-ms-asf
                           Pattern = *.asx
                           Cache = max-age=3600, must-revalidate
                           Priority = 1
                       video/x-ms-asf
                           Pattern = *.asf
                           Cache = max-age=3600, must-revalidate
                           Priority = 1
                       video/x-ms-asf
                           Pattern = *.nsc
                           Cache = max-age=3600, must-revalidate
                           Priority = 1
                       video/x-ms-dvr
                           Pattern = *.dvr
                           Cache = max-age=3600, must-revalidate
                           Priority = 1
                       video/x-ms-wm
                           Pattern = *.wm
                           Cache = max-age=3600, must-revalidate
                           Priority = 1
                       video/x-ms-wmp
                           Pattern = *.wmp
                           Cache = max-age=3600, must-revalidate
                           Priority = 1
                       video/x-ms-wmv
                           Pattern = *.wmv
                           Cache = max-age=3600, must-revalidate
                           Priority = 1
                       video/x-ms-wmx
                           Pattern = *.wmx
                           Cache = max-age=3600, must-revalidate
                           Priority = 1
                       video/x-ms-wtv
                           Pattern = *.wtv
                           Cache = max-age=3600, must-revalidate
                           Priority = 1
                       video/x-ms-wvx
                           Pattern = *.wvx
                           Cache = max-age=3600, must-revalidate
                           Priority = 1
                       video/x-msvideo
                           Pattern = *.avi
                           Cache = max-age=3600, must-revalidate
                           Priority = 1
                       video/x-sgi-movie
                           Pattern = *.movie
                           Cache = max-age=3600, must-revalidate
                           Priority = 1
                   StaticWebAssetFingerprintPattern
                       ComponentsJsModule
                           Pattern = *.razor.js
                       ComponentsScopedCss
                           Pattern = *.razor.css
                       Initializer
                           Pattern = *.lib.module.js
                           Expression = #[.{fingerprint}]!
                       JsModuleManifest
                           Pattern = *.modules.json
                       MvcJsModule
                           Pattern = *.cshtml.js
                       MvcScopedCss
                           Pattern = *.cshtml.css
                   SupportedNETCoreAppTargetFramework
                       .NETCoreApp,Version=v1.0
                           DisplayName = .NET Core 1.0
                           Alias = netcoreapp1.0
                       .NETCoreApp,Version=v1.1
                           DisplayName = .NET Core 1.1
                           Alias = netcoreapp1.1
                       .NETCoreApp,Version=v2.0
                           DisplayName = .NET Core 2.0
                           Alias = netcoreapp2.0
                       .NETCoreApp,Version=v2.1
                           DisplayName = .NET Core 2.1
                           Alias = netcoreapp2.1
                       .NETCoreApp,Version=v2.2
                           DisplayName = .NET Core 2.2
                           Alias = netcoreapp2.2
                       .NETCoreApp,Version=v3.0
                           DisplayName = .NET Core 3.0
                           Alias = netcoreapp3.0
                       .NETCoreApp,Version=v3.1
                           DisplayName = .NET Core 3.1
                           Alias = netcoreapp3.1
                       .NETCoreApp,Version=v5.0
                           DisplayName = .NET 5.0
                           Alias = net5.0
                       .NETCoreApp,Version=v6.0
                           DisplayName = .NET 6.0
                           Alias = net6.0
                       .NETCoreApp,Version=v7.0
                           DisplayName = .NET 7.0
                           Alias = net7.0
                       .NETCoreApp,Version=v8.0
                           DisplayName = .NET 8.0
                           Alias = net8.0
                       .NETCoreApp,Version=v9.0
                           DisplayName = .NET 9.0
                           Alias = net9.0
                   SupportedNETFrameworkTargetFramework
                       .NETFramework,Version=v2.0
                           DisplayName = .NET Framework 2.0
                           Alias = net20
                       .NETFramework,Version=v3.0
                           DisplayName = .NET Framework 3.0
                           Alias = net30
                       .NETFramework,Version=v3.5
                           DisplayName = .NET Framework 3.5
                           Alias = net35
                       .NETFramework,Version=v4.0
                           DisplayName = .NET Framework 4.0
                           Alias = net40
                       .NETFramework,Version=v4.5
                           DisplayName = .NET Framework 4.5
                           Alias = net45
                       .NETFramework,Version=v4.5.1
                           DisplayName = .NET Framework 4.5.1
                           Alias = net451
                       .NETFramework,Version=v4.5.2
                           DisplayName = .NET Framework 4.5.2
                           Alias = net452
                       .NETFramework,Version=v4.6
                           DisplayName = .NET Framework 4.6
                           Alias = net46
                       .NETFramework,Version=v4.6.1
                           DisplayName = .NET Framework 4.6.1
                           Alias = net461
                       .NETFramework,Version=v4.6.2
                           DisplayName = .NET Framework 4.6.2
                           Alias = net462
                       .NETFramework,Version=v4.7
                           DisplayName = .NET Framework 4.7
                           Alias = net47
                       .NETFramework,Version=v4.7.1
                           DisplayName = .NET Framework 4.7.1
                           Alias = net471
                       .NETFramework,Version=v4.7.2
                           DisplayName = .NET Framework 4.7.2
                           Alias = net472
                       .NETFramework,Version=v4.8
                           DisplayName = .NET Framework 4.8
                           Alias = net48
                       .NETFramework,Version=v4.8.1
                           DisplayName = .NET Framework 4.8.1
                           Alias = net481
                   SupportedNETStandardTargetFramework
                       .NETStandard,Version=v1.0
                           DisplayName = .NET Standard 1.0
                           Alias = netstandard1.0
                       .NETStandard,Version=v1.1
                           DisplayName = .NET Standard 1.1
                           Alias = netstandard1.1
                       .NETStandard,Version=v1.2
                           DisplayName = .NET Standard 1.2
                           Alias = netstandard1.2
                       .NETStandard,Version=v1.3
                           DisplayName = .NET Standard 1.3
                           Alias = netstandard1.3
                       .NETStandard,Version=v1.4
                           DisplayName = .NET Standard 1.4
                           Alias = netstandard1.4
                       .NETStandard,Version=v1.5
                           DisplayName = .NET Standard 1.5
                           Alias = netstandard1.5
                       .NETStandard,Version=v1.6
                           DisplayName = .NET Standard 1.6
                           Alias = netstandard1.6
                       .NETStandard,Version=v2.0
                           DisplayName = .NET Standard 2.0
                           Alias = netstandard2.0
                       .NETStandard,Version=v2.1
                           DisplayName = .NET Standard 2.1
                           Alias = netstandard2.1
                   SupportedPlatform
                       Linux
                       macOS
                       Windows
                   SupportedTargetFramework
                       .NETCoreApp,Version=v1.0
                           DisplayName = .NET Core 1.0
                           Alias = netcoreapp1.0
                       .NETCoreApp,Version=v1.1
                           DisplayName = .NET Core 1.1
                           Alias = netcoreapp1.1
                       .NETCoreApp,Version=v2.0
                           DisplayName = .NET Core 2.0
                           Alias = netcoreapp2.0
                       .NETCoreApp,Version=v2.1
                           DisplayName = .NET Core 2.1
                           Alias = netcoreapp2.1
                       .NETCoreApp,Version=v2.2
                           DisplayName = .NET Core 2.2
                           Alias = netcoreapp2.2
                       .NETCoreApp,Version=v3.0
                           DisplayName = .NET Core 3.0
                           Alias = netcoreapp3.0
                       .NETCoreApp,Version=v3.1
                           DisplayName = .NET Core 3.1
                           Alias = netcoreapp3.1
                       .NETCoreApp,Version=v5.0
                           DisplayName = .NET 5.0
                           Alias = net5.0
                       .NETCoreApp,Version=v6.0
                           DisplayName = .NET 6.0
                           Alias = net6.0
                       .NETCoreApp,Version=v7.0
                           DisplayName = .NET 7.0
                           Alias = net7.0
                       .NETCoreApp,Version=v8.0
                           DisplayName = .NET 8.0
                           Alias = net8.0
                       .NETCoreApp,Version=v9.0
                           DisplayName = .NET 9.0
                           Alias = net9.0
                       .NETFramework,Version=v2.0
                           DisplayName = .NET Framework 2.0
                           Alias = net20
                       .NETFramework,Version=v3.0
                           DisplayName = .NET Framework 3.0
                           Alias = net30
                       .NETFramework,Version=v3.5
                           DisplayName = .NET Framework 3.5
                           Alias = net35
                       .NETFramework,Version=v4.0
                           DisplayName = .NET Framework 4.0
                           Alias = net40
                       .NETFramework,Version=v4.5
                           DisplayName = .NET Framework 4.5
                           Alias = net45
                       .NETFramework,Version=v4.5.1
                           DisplayName = .NET Framework 4.5.1
                           Alias = net451
                       .NETFramework,Version=v4.5.2
                           DisplayName = .NET Framework 4.5.2
                           Alias = net452
                       .NETFramework,Version=v4.6
                           DisplayName = .NET Framework 4.6
                           Alias = net46
                       .NETFramework,Version=v4.6.1
                           DisplayName = .NET Framework 4.6.1
                           Alias = net461
                       .NETFramework,Version=v4.6.2
                           DisplayName = .NET Framework 4.6.2
                           Alias = net462
                       .NETFramework,Version=v4.7
                           DisplayName = .NET Framework 4.7
                           Alias = net47
                       .NETFramework,Version=v4.7.1
                           DisplayName = .NET Framework 4.7.1
                           Alias = net471
                       .NETFramework,Version=v4.7.2
                           DisplayName = .NET Framework 4.7.2
                           Alias = net472
                       .NETFramework,Version=v4.8
                           DisplayName = .NET Framework 4.8
                           Alias = net48
                       .NETFramework,Version=v4.8.1
                           DisplayName = .NET Framework 4.8.1
                           Alias = net481
                       .NETStandard,Version=v1.0
                           DisplayName = .NET Standard 1.0
                           Alias = netstandard1.0
                       .NETStandard,Version=v1.1
                           DisplayName = .NET Standard 1.1
                           Alias = netstandard1.1
                       .NETStandard,Version=v1.2
                           DisplayName = .NET Standard 1.2
                           Alias = netstandard1.2
                       .NETStandard,Version=v1.3
                           DisplayName = .NET Standard 1.3
                           Alias = netstandard1.3
                       .NETStandard,Version=v1.4
                           DisplayName = .NET Standard 1.4
                           Alias = netstandard1.4
                       .NETStandard,Version=v1.5
                           DisplayName = .NET Standard 1.5
                           Alias = netstandard1.5
                       .NETStandard,Version=v1.6
                           DisplayName = .NET Standard 1.6
                           Alias = netstandard1.6
                       .NETStandard,Version=v2.0
                           DisplayName = .NET Standard 2.0
                           Alias = netstandard2.0
                       .NETStandard,Version=v2.1
                           DisplayName = .NET Standard 2.1
                           Alias = netstandard2.1
                   Using
                       Microsoft.AspNetCore.Builder
                       Microsoft.AspNetCore.Hosting
                       Microsoft.AspNetCore.Http
                       Microsoft.AspNetCore.Routing
                       Microsoft.Extensions.Configuration
                       Microsoft.Extensions.DependencyInjection
                       Microsoft.Extensions.Hosting
                       Microsoft.Extensions.Logging
                       System
                       System.Collections.Generic
                       System.IO
                       System.Linq
                       System.Net.Http
                       System.Net.Http.Json
                       System.Threading
                       System.Threading.Tasks
                   WindowsSdkSupportedTargetPlatformVersion
                       10.0.17763.0
                           WindowsSdkPackageVersion = 10.0.17763.55
                           MinimumNETVersion = 6.0
                       10.0.17763.0
                           WindowsSdkPackageVersion = 10.0.17763.57
                           MinimumNETVersion = 8.0
                       10.0.17763.0
                           WindowsSdkPackageVersion = 10.0.17763.26
                           MinimumNETVersion = 5.0
                       10.0.18362.0
                           WindowsSdkPackageVersion = 10.0.18362.55
                           MinimumNETVersion = 6.0
                       10.0.18362.0
                           WindowsSdkPackageVersion = 10.0.18362.57
                           MinimumNETVersion = 8.0
                       10.0.18362.0
                           WindowsSdkPackageVersion = 10.0.18362.26
                           MinimumNETVersion = 5.0
                       10.0.19041.0
                           WindowsSdkPackageVersion = 10.0.19041.26
                           MinimumNETVersion = 5.0
                       10.0.19041.0
                           WindowsSdkPackageVersion = 10.0.19041.55
                           MinimumNETVersion = 6.0
                       10.0.19041.0
                           WindowsSdkPackageVersion = 10.0.19041.57
                           MinimumNETVersion = 8.0
                       10.0.20348.0
                           WindowsSdkPackageVersion = 10.0.20348.55
                           MinimumNETVersion = 6.0
                       10.0.20348.0
                           WindowsSdkPackageVersion = 10.0.20348.26
                           MinimumNETVersion = 5.0
                       10.0.20348.0
                           WindowsSdkPackageVersion = 10.0.20348.57
                           MinimumNETVersion = 8.0
                       10.0.22000.0
                           WindowsSdkPackageVersion = 10.0.22000.57
                           MinimumNETVersion = 8.0
                       10.0.22000.0
                           WindowsSdkPackageVersion = 10.0.22000.26
                           MinimumNETVersion = 5.0
                       10.0.22000.0
                           WindowsSdkPackageVersion = 10.0.22000.55
                           MinimumNETVersion = 6.0
                       10.0.22621.0
                           WindowsSdkPackageVersion = 10.0.22621.57
                           MinimumNETVersion = 8.0
                       10.0.22621.0
                           WindowsSdkPackageVersion = 10.0.22621.55
                           MinimumNETVersion = 6.0
                       10.0.26100.0
                           WindowsSdkPackageVersion = 10.0.26100.57
                           MinimumNETVersion = 8.0
                       10.0.26100.0
                           WindowsSdkPackageVersion = 10.0.26100.55
                           MinimumNETVersion = 6.0
                       7.0
                       8.0

07:19:16.286     2>Target "_IsProjectRestoreSupported: (TargetId:7)" in file "C:\Program Files\dotnet\sdk\9.0.313\NuGet.targets" from project "C:\Users\frank.io\source\repos\hng-genderizeApp\hng-genderizeApp\hng-genderizeApp.csproj" (entry point):
07:19:16.286     2>Added Item(s): _ValidProjectsForRestore=C:\Users\frank.io\source\repos\hng-genderizeApp\hng-genderizeApp\hng-genderizeApp.csproj
07:19:16.286     2>Done building target "_IsProjectRestoreSupported" in project "hng-genderizeApp.csproj".: (TargetId:7)
07:19:16.292     2>Done Building Project "C:\Users\frank.io\source\repos\hng-genderizeApp\hng-genderizeApp\hng-genderizeApp.csproj" (_IsProjectRestoreSupported target(s)).
07:19:18.645     1>Done executing task "MSBuild" -- FAILED. (TaskId:5)
07:19:18.647     1>Done building target "_FilterRestoreGraphProjectInputItems" in project "hng-genderizeApp.sln" -- FAILED.: (TargetId:6)
07:19:18.649     1>Done Building Project "C:\Users\frank.io\source\repos\hng-genderizeApp\hng-genderizeApp.sln" (Restore target(s)) -- FAILED.

Project Evaluation Performance Summary:
       97 ms  C:\Users\frank.io\source\repos\hng-genderizeApp\hng-genderizeApp.sln.metaproj   1 calls
      602 ms  C:\Users\frank.io\source\repos\hng-genderizeApp\hng-genderizeApp\hng-genderizeApp.csproj   1 calls

Project Performance Summary:
       12 ms  C:\Users\frank.io\source\repos\hng-genderizeApp\hng-genderizeApp\hng-genderizeApp.csproj   1 calls
                 12 ms  _IsProjectRestoreSupported                 1 calls
     3045 ms  C:\Users\frank.io\source\repos\hng-genderizeApp\hng-genderizeApp.sln   1 calls
               3045 ms  Restore                                    1 calls

Target Performance Summary:
        0 ms  ValidateProjects                           1 calls
        0 ms  ValidateToolsVersions                      1 calls
        0 ms  _IsProjectRestoreSupported                 1 calls
       18 ms  _LoadRestoreGraphEntryPoints               1 calls
       18 ms  ValidateSolutionConfiguration              1 calls
     2997 ms  _FilterRestoreGraphProjectInputItems       1 calls

Task Performance Summary:
        1 ms  RemoveDuplicates                           1 calls
        3 ms  Message                                    1 calls
        5 ms  GetRestoreSolutionProjectsTask             1 calls
     2982 ms  MSBuild                                    1 calls

Build FAILED.
    0 Warning(s)
    0 Error(s)

Time Elapsed 00:00:03.25
